[32m[2025-10-30 23:30:25] [INFO    ] [kai.logging_config] Logging-System initialisiert[0m
[32m[2025-10-30 23:30:25] [INFO    ] [kai_config] Konfiguration geladen | file=C:\Users\gehri\desktop\kai-claude\kai_config.json[0m
============================= test session starts =============================
platform win32 -- Python 3.13.2, pytest-8.3.4, pluggy-1.5.0 -- C:\Users\gehri\AppData\Local\Programs\Python\Python313\python.exe
cachedir: .pytest_cache
hypothesis profile 'default'
rootdir: C:\Users\gehri\desktop\kai-claude
configfile: pytest.ini
plugins: anyio-4.8.0, hypothesis-6.142.3, cov-7.0.0
collecting ... collected 1179 items

tests/test_abductive_reasoning.py::TestHypothesisCreation::test_create_hypothesis_object PASSED
tests/test_abductive_reasoning.py::TestTemplateBasedStrategy::test_template_strategy_with_capable_of [32m[2025-10-30 23:30:28] [INFO    ] [component_1_netzwerk_core] Initialisiere Neo4j-Verbindung | uri=bolt://127.0.0.1:7687 | user=neo4j[0m
[32m[2025-10-30 23:30:28] [INFO    ] [component_1_netzwerk_core] Neo4j-Verbindung erfolgreich hergestellt | uri=bolt://127.0.0.1:7687[0m
[32m[2025-10-30 23:30:28] [INFO    ] [neo4j.notifications] Received notification from DBMS server: {severity: INFORMATION} {code: Neo.ClientNotification.Schema.IndexOrConstraintAlreadyExists} {category: SCHEMA} {title: `CREATE CONSTRAINT WortLemma IF NOT EXISTS FOR (e:Wort) REQUIRE (e.lemma) IS UNIQUE` has no effect.} {description: `CONSTRAINT WortLemma FOR (e:Wort) REQUIRE (e.lemma) IS UNIQUE` already exists.} {position: None} for query: 'CREATE CONSTRAINT WortLemma IF NOT EXISTS FOR (w:Wort) REQUIRE w.lemma IS UNIQUE'[0m
[32m[2025-10-30 23:30:28] [INFO    ] [neo4j.notifications] Received notification from DBMS server: {severity: INFORMATION} {code: Neo.ClientNotification.Schema.IndexOrConstraintAlreadyExists} {category: SCHEMA} {title: `CREATE CONSTRAINT KonzeptName IF NOT EXISTS FOR (e:Konzept) REQUIRE (e.name) IS UNIQUE` has no effect.} {description: `CONSTRAINT KonzeptName FOR (e:Konzept) REQUIRE (e.name) IS UNIQUE` already exists.} {position: None} for query: 'CREATE CONSTRAINT KonzeptName IF NOT EXISTS FOR (k:Konzept) REQUIRE k.name IS UNIQUE'[0m
[32m[2025-10-30 23:30:28] [INFO    ] [neo4j.notifications] Received notification from DBMS server: {severity: INFORMATION} {code: Neo.ClientNotification.Schema.IndexOrConstraintAlreadyExists} {category: SCHEMA} {title: `CREATE CONSTRAINT ExtractionRuleType IF NOT EXISTS FOR (e:ExtractionRule) REQUIRE (e.relation_type) IS UNIQUE` has no effect.} {description: `CONSTRAINT ExtractionRuleType FOR (e:ExtractionRule) REQUIRE (e.relation_type) IS UNIQUE` already exists.} {position: None} for query: 'CREATE CONSTRAINT ExtractionRuleType IF NOT EXISTS FOR (r:ExtractionRule) REQUIRE r.relation_type IS UNIQUE'[0m
[32m[2025-10-30 23:30:28] [INFO    ] [neo4j.notifications] Received notification from DBMS server: {severity: INFORMATION} {code: Neo.ClientNotification.Schema.IndexOrConstraintAlreadyExists} {category: SCHEMA} {title: `CREATE CONSTRAINT PatternPrototypeId IF NOT EXISTS FOR (e:PatternPrototype) REQUIRE (e.id) IS UNIQUE` has no effect.} {description: `CONSTRAINT PatternPrototypeId FOR (e:PatternPrototype) REQUIRE (e.id) IS UNIQUE` already exists.} {position: None} for query: 'CREATE CONSTRAINT PatternPrototypeId IF NOT EXISTS FOR (p:PatternPrototype) REQUIRE p.id IS UNIQUE'[0m
[32m[2025-10-30 23:30:28] [INFO    ] [neo4j.notifications] Received notification from DBMS server: {severity: INFORMATION} {code: Neo.ClientNotification.Schema.IndexOrConstraintAlreadyExists} {category: SCHEMA} {title: `CREATE CONSTRAINT LexiconName IF NOT EXISTS FOR (e:Lexicon) REQUIRE (e.name) IS UNIQUE` has no effect.} {description: `CONSTRAINT LexiconName FOR (e:Lexicon) REQUIRE (e.name) IS UNIQUE` already exists.} {position: None} for query: 'CREATE CONSTRAINT LexiconName IF NOT EXISTS FOR (l:Lexicon) REQUIRE l.name IS UNIQUE'[0m
[32m[2025-10-30 23:30:28] [INFO    ] [neo4j.notifications] Received notification from DBMS server: {severity: INFORMATION} {code: Neo.ClientNotification.Schema.IndexOrConstraintAlreadyExists} {category: SCHEMA} {title: `CREATE CONSTRAINT EpisodeId IF NOT EXISTS FOR (e:Episode) REQUIRE (e.id) IS UNIQUE` has no effect.} {description: `CONSTRAINT EpisodeId FOR (e:Episode) REQUIRE (e.id) IS UNIQUE` already exists.} {position: None} for query: 'CREATE CONSTRAINT EpisodeId IF NOT EXISTS FOR (e:Episode) REQUIRE e.id IS UNIQUE'[0m
[32m[2025-10-30 23:30:28] [INFO    ] [neo4j.notifications] Received notification from DBMS server: {severity: INFORMATION} {code: Neo.ClientNotification.Schema.IndexOrConstraintAlreadyExists} {category: SCHEMA} {title: `CREATE CONSTRAINT InferenceEpisodeId IF NOT EXISTS FOR (e:InferenceEpisode) REQUIRE (e.id) IS UNIQUE` has no effect.} {description: `CONSTRAINT InferenceEpisodeId FOR (e:InferenceEpisode) REQUIRE (e.id) IS UNIQUE` already exists.} {position: None} for query: 'CREATE CONSTRAINT InferenceEpisodeId IF NOT EXISTS FOR (ie:InferenceEpisode) REQUIRE ie.id IS UNIQUE'[0m
[32m[2025-10-30 23:30:28] [INFO    ] [neo4j.notifications] Received notification from DBMS server: {severity: INFORMATION} {code: Neo.ClientNotification.Schema.IndexOrConstraintAlreadyExists} {category: SCHEMA} {title: `CREATE CONSTRAINT ProofStepId IF NOT EXISTS FOR (e:ProofStep) REQUIRE (e.id) IS UNIQUE` has no effect.} {description: `CONSTRAINT ProofStepId FOR (e:ProofStep) REQUIRE (e.id) IS UNIQUE` already exists.} {position: None} for query: 'CREATE CONSTRAINT ProofStepId IF NOT EXISTS FOR (ps:ProofStep) REQUIRE ps.id IS UNIQUE'[0m
[32m[2025-10-30 23:30:28] [INFO    ] [neo4j.notifications] Received notification from DBMS server: {severity: INFORMATION} {code: Neo.ClientNotification.Schema.IndexOrConstraintAlreadyExists} {category: SCHEMA} {title: `CREATE CONSTRAINT HypothesisId IF NOT EXISTS FOR (e:Hypothesis) REQUIRE (e.id) IS UNIQUE` has no effect.} {description: `CONSTRAINT HypothesisId FOR (e:Hypothesis) REQUIRE (e.id) IS UNIQUE` already exists.} {position: None} for query: 'CREATE CONSTRAINT HypothesisId IF NOT EXISTS FOR (h:Hypothesis) REQUIRE h.id IS UNIQUE'[0m
[32m[2025-10-30 23:30:28] [INFO    ] [component_1_netzwerk_core] Neo4j Constraints erfolgreich konfiguriert[0m
[32m[2025-10-30 23:30:28] [INFO    ] [neo4j.notifications] Received notification from DBMS server: {severity: INFORMATION} {code: Neo.ClientNotification.Schema.IndexOrConstraintAlreadyExists} {category: SCHEMA} {title: `CREATE CONSTRAINT UsageContextId IF NOT EXISTS FOR (e:UsageContext) REQUIRE (e.id) IS UNIQUE` has no effect.} {description: `CONSTRAINT UsageContextId FOR (e:UsageContext) REQUIRE (e.id) IS UNIQUE` already exists.} {position: None} for query: '\n                CREATE CONSTRAINT UsageContextId IF NOT EXISTS\n                FOR (uc:UsageContext) REQUIRE uc.id IS UNIQUE\n                '[0m
[32m[2025-10-30 23:30:28] [INFO    ] [neo4j.notifications] Received notification from DBMS server: {severity: INFORMATION} {code: Neo.ClientNotification.Schema.IndexOrConstraintAlreadyExists} {category: SCHEMA} {title: `CREATE CONSTRAINT TypoFeedbackId IF NOT EXISTS FOR (e:TypoFeedback) REQUIRE (e.id) IS UNIQUE` has no effect.} {description: `CONSTRAINT TypoFeedbackId FOR (e:TypoFeedback) REQUIRE (e.id) IS UNIQUE` already exists.} {position: None} for query: '\n                CREATE CONSTRAINT TypoFeedbackId IF NOT EXISTS\n                FOR (tf:TypoFeedback) REQUIRE tf.id IS UNIQUE\n                '[0m
[32m[2025-10-30 23:30:28] [INFO    ] [component_16_probabilistic_engine] ProbabilisticEngine initialisiert.[0m
[32m[2025-10-30 23:30:28] [INFO    ] [component_9_logik_engine] Logik-Engine initialisiert mit probabilistischer Unterst�tzung.[0m
[32m[2025-10-30 23:30:28] [INFO    ] [component_9_logik_engine] Logik-Engine initialisiert mit SAT-Solver f�r Boolean Reasoning.[0m
[32m[2025-10-30 23:30:28] [INFO    ] [component_1_netzwerk_core] Neue Relation erstellt | subject=test_vogel | relation=CAPABLE_OF | object=test_fliegen | source=None[0m
[32m[2025-10-30 23:30:28] [INFO    ] [component_1_netzwerk_core] Neue Relation erstellt | subject=test_vogel | relation=HAS_PROPERTY | object=test_fl�gel | source=None[0m
[32m[2025-10-30 23:30:28] [INFO    ] [component_1_netzwerk_core] Neue Relation erstellt | subject=test_vogel | relation=HAS_PROPERTY | object=test_federkleid | source=None[0m
[32m[2025-10-30 23:30:28] [INFO    ] [component_1_netzwerk_core] Neue Relation erstellt | subject=test_vogel | relation=IS_A | object=test_tier | source=None[0m
PASSED
tests/test_abductive_reasoning.py::TestTemplateBasedStrategy::test_template_strategy_scoring [32m[2025-10-30 23:30:28] [INFO    ] [component_1_netzwerk_core] Initialisiere Neo4j-Verbindung | uri=bolt://127.0.0.1:7687 | user=neo4j[0m
[32m[2025-10-30 23:30:28] [INFO    ] [component_1_netzwerk_core] Neo4j-Verbindung erfolgreich hergestellt | uri=bolt://127.0.0.1:7687[0m
[32m[2025-10-30 23:30:28] [INFO    ] [neo4j.notifications] Received notification from DBMS server: {severity: INFORMATION} {code: Neo.ClientNotification.Schema.IndexOrConstraintAlreadyExists} {category: SCHEMA} {title: `CREATE CONSTRAINT WortLemma IF NOT EXISTS FOR (e:Wort) REQUIRE (e.lemma) IS UNIQUE` has no effect.} {description: `CONSTRAINT WortLemma FOR (e:Wort) REQUIRE (e.lemma) IS UNIQUE` already exists.} {position: None} for query: 'CREATE CONSTRAINT WortLemma IF NOT EXISTS FOR (w:Wort) REQUIRE w.lemma IS UNIQUE'[0m
[32m[2025-10-30 23:30:28] [INFO    ] [neo4j.notifications] Received notification from DBMS server: {severity: INFORMATION} {code: Neo.ClientNotification.Schema.IndexOrConstraintAlreadyExists} {category: SCHEMA} {title: `CREATE CONSTRAINT KonzeptName IF NOT EXISTS FOR (e:Konzept) REQUIRE (e.name) IS UNIQUE` has no effect.} {description: `CONSTRAINT KonzeptName FOR (e:Konzept) REQUIRE (e.name) IS UNIQUE` already exists.} {position: None} for query: 'CREATE CONSTRAINT KonzeptName IF NOT EXISTS FOR (k:Konzept) REQUIRE k.name IS UNIQUE'[0m
[32m[2025-10-30 23:30:28] [INFO    ] [neo4j.notifications] Received notification from DBMS server: {severity: INFORMATION} {code: Neo.ClientNotification.Schema.IndexOrConstraintAlreadyExists} {category: SCHEMA} {title: `CREATE CONSTRAINT ExtractionRuleType IF NOT EXISTS FOR (e:ExtractionRule) REQUIRE (e.relation_type) IS UNIQUE` has no effect.} {description: `CONSTRAINT ExtractionRuleType FOR (e:ExtractionRule) REQUIRE (e.relation_type) IS UNIQUE` already exists.} {position: None} for query: 'CREATE CONSTRAINT ExtractionRuleType IF NOT EXISTS FOR (r:ExtractionRule) REQUIRE r.relation_type IS UNIQUE'[0m
[32m[2025-10-30 23:30:28] [INFO    ] [neo4j.notifications] Received notification from DBMS server: {severity: INFORMATION} {code: Neo.ClientNotification.Schema.IndexOrConstraintAlreadyExists} {category: SCHEMA} {title: `CREATE CONSTRAINT PatternPrototypeId IF NOT EXISTS FOR (e:PatternPrototype) REQUIRE (e.id) IS UNIQUE` has no effect.} {description: `CONSTRAINT PatternPrototypeId FOR (e:PatternPrototype) REQUIRE (e.id) IS UNIQUE` already exists.} {position: None} for query: 'CREATE CONSTRAINT PatternPrototypeId IF NOT EXISTS FOR (p:PatternPrototype) REQUIRE p.id IS UNIQUE'[0m
[32m[2025-10-30 23:30:28] [INFO    ] [neo4j.notifications] Received notification from DBMS server: {severity: INFORMATION} {code: Neo.ClientNotification.Schema.IndexOrConstraintAlreadyExists} {category: SCHEMA} {title: `CREATE CONSTRAINT LexiconName IF NOT EXISTS FOR (e:Lexicon) REQUIRE (e.name) IS UNIQUE` has no effect.} {description: `CONSTRAINT LexiconName FOR (e:Lexicon) REQUIRE (e.name) IS UNIQUE` already exists.} {position: None} for query: 'CREATE CONSTRAINT LexiconName IF NOT EXISTS FOR (l:Lexicon) REQUIRE l.name IS UNIQUE'[0m
[32m[2025-10-30 23:30:28] [INFO    ] [neo4j.notifications] Received notification from DBMS server: {severity: INFORMATION} {code: Neo.ClientNotification.Schema.IndexOrConstraintAlreadyExists} {category: SCHEMA} {title: `CREATE CONSTRAINT EpisodeId IF NOT EXISTS FOR (e:Episode) REQUIRE (e.id) IS UNIQUE` has no effect.} {description: `CONSTRAINT EpisodeId FOR (e:Episode) REQUIRE (e.id) IS UNIQUE` already exists.} {position: None} for query: 'CREATE CONSTRAINT EpisodeId IF NOT EXISTS FOR (e:Episode) REQUIRE e.id IS UNIQUE'[0m
[32m[2025-10-30 23:30:28] [INFO    ] [neo4j.notifications] Received notification from DBMS server: {severity: INFORMATION} {code: Neo.ClientNotification.Schema.IndexOrConstraintAlreadyExists} {category: SCHEMA} {title: `CREATE CONSTRAINT InferenceEpisodeId IF NOT EXISTS FOR (e:InferenceEpisode) REQUIRE (e.id) IS UNIQUE` has no effect.} {description: `CONSTRAINT InferenceEpisodeId FOR (e:InferenceEpisode) REQUIRE (e.id) IS UNIQUE` already exists.} {position: None} for query: 'CREATE CONSTRAINT InferenceEpisodeId IF NOT EXISTS FOR (ie:InferenceEpisode) REQUIRE ie.id IS UNIQUE'[0m
[32m[2025-10-30 23:30:28] [INFO    ] [neo4j.notifications] Received notification from DBMS server: {severity: INFORMATION} {code: Neo.ClientNotification.Schema.IndexOrConstraintAlreadyExists} {category: SCHEMA} {title: `CREATE CONSTRAINT ProofStepId IF NOT EXISTS FOR (e:ProofStep) REQUIRE (e.id) IS UNIQUE` has no effect.} {description: `CONSTRAINT ProofStepId FOR (e:ProofStep) REQUIRE (e.id) IS UNIQUE` already exists.} {position: None} for query: 'CREATE CONSTRAINT ProofStepId IF NOT EXISTS FOR (ps:ProofStep) REQUIRE ps.id IS UNIQUE'[0m
[32m[2025-10-30 23:30:28] [INFO    ] [neo4j.notifications] Received notification from DBMS server: {severity: INFORMATION} {code: Neo.ClientNotification.Schema.IndexOrConstraintAlreadyExists} {category: SCHEMA} {title: `CREATE CONSTRAINT HypothesisId IF NOT EXISTS FOR (e:Hypothesis) REQUIRE (e.id) IS UNIQUE` has no effect.} {description: `CONSTRAINT HypothesisId FOR (e:Hypothesis) REQUIRE (e.id) IS UNIQUE` already exists.} {position: None} for query: 'CREATE CONSTRAINT HypothesisId IF NOT EXISTS FOR (h:Hypothesis) REQUIRE h.id IS UNIQUE'[0m
[32m[2025-10-30 23:30:28] [INFO    ] [component_1_netzwerk_core] Neo4j Constraints erfolgreich konfiguriert[0m
[32m[2025-10-30 23:30:28] [INFO    ] [neo4j.notifications] Received notification from DBMS server: {severity: INFORMATION} {code: Neo.ClientNotification.Schema.IndexOrConstraintAlreadyExists} {category: SCHEMA} {title: `CREATE CONSTRAINT UsageContextId IF NOT EXISTS FOR (e:UsageContext) REQUIRE (e.id) IS UNIQUE` has no effect.} {description: `CONSTRAINT UsageContextId FOR (e:UsageContext) REQUIRE (e.id) IS UNIQUE` already exists.} {position: None} for query: '\n                CREATE CONSTRAINT UsageContextId IF NOT EXISTS\n                FOR (uc:UsageContext) REQUIRE uc.id IS UNIQUE\n                '[0m
[32m[2025-10-30 23:30:28] [INFO    ] [neo4j.notifications] Received notification from DBMS server: {severity: INFORMATION} {code: Neo.ClientNotification.Schema.IndexOrConstraintAlreadyExists} {category: SCHEMA} {title: `CREATE CONSTRAINT TypoFeedbackId IF NOT EXISTS FOR (e:TypoFeedback) REQUIRE (e.id) IS UNIQUE` has no effect.} {description: `CONSTRAINT TypoFeedbackId FOR (e:TypoFeedback) REQUIRE (e.id) IS UNIQUE` already exists.} {position: None} for query: '\n                CREATE CONSTRAINT TypoFeedbackId IF NOT EXISTS\n                FOR (tf:TypoFeedback) REQUIRE tf.id IS UNIQUE\n                '[0m
[32m[2025-10-30 23:30:28] [INFO    ] [component_16_probabilistic_engine] ProbabilisticEngine initialisiert.[0m
[32m[2025-10-30 23:30:28] [INFO    ] [component_9_logik_engine] Logik-Engine initialisiert mit probabilistischer Unterst�tzung.[0m
[32m[2025-10-30 23:30:28] [INFO    ] [component_9_logik_engine] Logik-Engine initialisiert mit SAT-Solver f�r Boolean Reasoning.[0m
[32m[2025-10-30 23:30:28] [INFO    ] [component_1_netzwerk_core] Neue Relation erstellt | subject=test_vogel | relation=CAPABLE_OF | object=test_fliegen | source=None[0m
[32m[2025-10-30 23:30:28] [INFO    ] [component_1_netzwerk_core] Neue Relation erstellt | subject=test_vogel | relation=HAS_PROPERTY | object=test_fl�gel | source=None[0m
[32m[2025-10-30 23:30:28] [INFO    ] [component_1_netzwerk_core] Neue Relation erstellt | subject=test_vogel | relation=HAS_PROPERTY | object=test_federkleid | source=None[0m
[32m[2025-10-30 23:30:28] [INFO    ] [component_1_netzwerk_core] Neue Relation erstellt | subject=test_vogel | relation=IS_A | object=test_tier | source=None[0m
PASSED
tests/test_abductive_reasoning.py::TestAnalogyBasedStrategy::test_analogy_strategy_with_similar_concepts [32m[2025-10-30 23:30:28] [INFO    ] [component_1_netzwerk_core] Initialisiere Neo4j-Verbindung | uri=bolt://127.0.0.1:7687 | user=neo4j[0m
[32m[2025-10-30 23:30:28] [INFO    ] [component_1_netzwerk_core] Neo4j-Verbindung erfolgreich hergestellt | uri=bolt://127.0.0.1:7687[0m
[32m[2025-10-30 23:30:28] [INFO    ] [neo4j.notifications] Received notification from DBMS server: {severity: INFORMATION} {code: Neo.ClientNotification.Schema.IndexOrConstraintAlreadyExists} {category: SCHEMA} {title: `CREATE CONSTRAINT WortLemma IF NOT EXISTS FOR (e:Wort) REQUIRE (e.lemma) IS UNIQUE` has no effect.} {description: `CONSTRAINT WortLemma FOR (e:Wort) REQUIRE (e.lemma) IS UNIQUE` already exists.} {position: None} for query: 'CREATE CONSTRAINT WortLemma IF NOT EXISTS FOR (w:Wort) REQUIRE w.lemma IS UNIQUE'[0m
[32m[2025-10-30 23:30:28] [INFO    ] [neo4j.notifications] Received notification from DBMS server: {severity: INFORMATION} {code: Neo.ClientNotification.Schema.IndexOrConstraintAlreadyExists} {category: SCHEMA} {title: `CREATE CONSTRAINT KonzeptName IF NOT EXISTS FOR (e:Konzept) REQUIRE (e.name) IS UNIQUE` has no effect.} {description: `CONSTRAINT KonzeptName FOR (e:Konzept) REQUIRE (e.name) IS UNIQUE` already exists.} {position: None} for query: 'CREATE CONSTRAINT KonzeptName IF NOT EXISTS FOR (k:Konzept) REQUIRE k.name IS UNIQUE'[0m
[32m[2025-10-30 23:30:28] [INFO    ] [neo4j.notifications] Received notification from DBMS server: {severity: INFORMATION} {code: Neo.ClientNotification.Schema.IndexOrConstraintAlreadyExists} {category: SCHEMA} {title: `CREATE CONSTRAINT ExtractionRuleType IF NOT EXISTS FOR (e:ExtractionRule) REQUIRE (e.relation_type) IS UNIQUE` has no effect.} {description: `CONSTRAINT ExtractionRuleType FOR (e:ExtractionRule) REQUIRE (e.relation_type) IS UNIQUE` already exists.} {position: None} for query: 'CREATE CONSTRAINT ExtractionRuleType IF NOT EXISTS FOR (r:ExtractionRule) REQUIRE r.relation_type IS UNIQUE'[0m
[32m[2025-10-30 23:30:28] [INFO    ] [neo4j.notifications] Received notification from DBMS server: {severity: INFORMATION} {code: Neo.ClientNotification.Schema.IndexOrConstraintAlreadyExists} {category: SCHEMA} {title: `CREATE CONSTRAINT PatternPrototypeId IF NOT EXISTS FOR (e:PatternPrototype) REQUIRE (e.id) IS UNIQUE` has no effect.} {description: `CONSTRAINT PatternPrototypeId FOR (e:PatternPrototype) REQUIRE (e.id) IS UNIQUE` already exists.} {position: None} for query: 'CREATE CONSTRAINT PatternPrototypeId IF NOT EXISTS FOR (p:PatternPrototype) REQUIRE p.id IS UNIQUE'[0m
[32m[2025-10-30 23:30:28] [INFO    ] [neo4j.notifications] Received notification from DBMS server: {severity: INFORMATION} {code: Neo.ClientNotification.Schema.IndexOrConstraintAlreadyExists} {category: SCHEMA} {title: `CREATE CONSTRAINT LexiconName IF NOT EXISTS FOR (e:Lexicon) REQUIRE (e.name) IS UNIQUE` has no effect.} {description: `CONSTRAINT LexiconName FOR (e:Lexicon) REQUIRE (e.name) IS UNIQUE` already exists.} {position: None} for query: 'CREATE CONSTRAINT LexiconName IF NOT EXISTS FOR (l:Lexicon) REQUIRE l.name IS UNIQUE'[0m
[32m[2025-10-30 23:30:28] [INFO    ] [neo4j.notifications] Received notification from DBMS server: {severity: INFORMATION} {code: Neo.ClientNotification.Schema.IndexOrConstraintAlreadyExists} {category: SCHEMA} {title: `CREATE CONSTRAINT EpisodeId IF NOT EXISTS FOR (e:Episode) REQUIRE (e.id) IS UNIQUE` has no effect.} {description: `CONSTRAINT EpisodeId FOR (e:Episode) REQUIRE (e.id) IS UNIQUE` already exists.} {position: None} for query: 'CREATE CONSTRAINT EpisodeId IF NOT EXISTS FOR (e:Episode) REQUIRE e.id IS UNIQUE'[0m
[32m[2025-10-30 23:30:28] [INFO    ] [neo4j.notifications] Received notification from DBMS server: {severity: INFORMATION} {code: Neo.ClientNotification.Schema.IndexOrConstraintAlreadyExists} {category: SCHEMA} {title: `CREATE CONSTRAINT InferenceEpisodeId IF NOT EXISTS FOR (e:InferenceEpisode) REQUIRE (e.id) IS UNIQUE` has no effect.} {description: `CONSTRAINT InferenceEpisodeId FOR (e:InferenceEpisode) REQUIRE (e.id) IS UNIQUE` already exists.} {position: None} for query: 'CREATE CONSTRAINT InferenceEpisodeId IF NOT EXISTS FOR (ie:InferenceEpisode) REQUIRE ie.id IS UNIQUE'[0m
[32m[2025-10-30 23:30:28] [INFO    ] [neo4j.notifications] Received notification from DBMS server: {severity: INFORMATION} {code: Neo.ClientNotification.Schema.IndexOrConstraintAlreadyExists} {category: SCHEMA} {title: `CREATE CONSTRAINT ProofStepId IF NOT EXISTS FOR (e:ProofStep) REQUIRE (e.id) IS UNIQUE` has no effect.} {description: `CONSTRAINT ProofStepId FOR (e:ProofStep) REQUIRE (e.id) IS UNIQUE` already exists.} {position: None} for query: 'CREATE CONSTRAINT ProofStepId IF NOT EXISTS FOR (ps:ProofStep) REQUIRE ps.id IS UNIQUE'[0m
[32m[2025-10-30 23:30:28] [INFO    ] [neo4j.notifications] Received notification from DBMS server: {severity: INFORMATION} {code: Neo.ClientNotification.Schema.IndexOrConstraintAlreadyExists} {category: SCHEMA} {title: `CREATE CONSTRAINT HypothesisId IF NOT EXISTS FOR (e:Hypothesis) REQUIRE (e.id) IS UNIQUE` has no effect.} {description: `CONSTRAINT HypothesisId FOR (e:Hypothesis) REQUIRE (e.id) IS UNIQUE` already exists.} {position: None} for query: 'CREATE CONSTRAINT HypothesisId IF NOT EXISTS FOR (h:Hypothesis) REQUIRE h.id IS UNIQUE'[0m
[32m[2025-10-30 23:30:28] [INFO    ] [component_1_netzwerk_core] Neo4j Constraints erfolgreich konfiguriert[0m
[32m[2025-10-30 23:30:28] [INFO    ] [neo4j.notifications] Received notification from DBMS server: {severity: INFORMATION} {code: Neo.ClientNotification.Schema.IndexOrConstraintAlreadyExists} {category: SCHEMA} {title: `CREATE CONSTRAINT UsageContextId IF NOT EXISTS FOR (e:UsageContext) REQUIRE (e.id) IS UNIQUE` has no effect.} {description: `CONSTRAINT UsageContextId FOR (e:UsageContext) REQUIRE (e.id) IS UNIQUE` already exists.} {position: None} for query: '\n                CREATE CONSTRAINT UsageContextId IF NOT EXISTS\n                FOR (uc:UsageContext) REQUIRE uc.id IS UNIQUE\n                '[0m
[32m[2025-10-30 23:30:28] [INFO    ] [neo4j.notifications] Received notification from DBMS server: {severity: INFORMATION} {code: Neo.ClientNotification.Schema.IndexOrConstraintAlreadyExists} {category: SCHEMA} {title: `CREATE CONSTRAINT TypoFeedbackId IF NOT EXISTS FOR (e:TypoFeedback) REQUIRE (e.id) IS UNIQUE` has no effect.} {description: `CONSTRAINT TypoFeedbackId FOR (e:TypoFeedback) REQUIRE (e.id) IS UNIQUE` already exists.} {position: None} for query: '\n                CREATE CONSTRAINT TypoFeedbackId IF NOT EXISTS\n                FOR (tf:TypoFeedback) REQUIRE tf.id IS UNIQUE\n                '[0m
[32m[2025-10-30 23:30:28] [INFO    ] [component_16_probabilistic_engine] ProbabilisticEngine initialisiert.[0m
[32m[2025-10-30 23:30:28] [INFO    ] [component_9_logik_engine] Logik-Engine initialisiert mit probabilistischer Unterst�tzung.[0m
[32m[2025-10-30 23:30:28] [INFO    ] [component_9_logik_engine] Logik-Engine initialisiert mit SAT-Solver f�r Boolean Reasoning.[0m
[32m[2025-10-30 23:30:28] [INFO    ] [component_1_netzwerk_core] Neue Relation erstellt | subject=test_vogel | relation=CAPABLE_OF | object=test_fliegen | source=None[0m
[32m[2025-10-30 23:30:28] [INFO    ] [component_1_netzwerk_core] Neue Relation erstellt | subject=test_vogel | relation=HAS_PROPERTY | object=test_fl�gel | source=None[0m
[32m[2025-10-30 23:30:28] [INFO    ] [component_1_netzwerk_core] Neue Relation erstellt | subject=test_vogel | relation=HAS_PROPERTY | object=test_federkleid | source=None[0m
[32m[2025-10-30 23:30:28] [INFO    ] [component_1_netzwerk_core] Neue Relation erstellt | subject=test_vogel | relation=IS_A | object=test_tier | source=None[0m
[32m[2025-10-30 23:30:28] [INFO    ] [component_1_netzwerk_core] Neue Relation erstellt | subject=test_schwalbe | relation=IS_A | object=test_tier | source=None[0m
[32m[2025-10-30 23:30:28] [INFO    ] [component_1_netzwerk_core] Neue Relation erstellt | subject=test_schwalbe | relation=CAPABLE_OF | object=test_fliegen | source=None[0m
PASSED
tests/test_abductive_reasoning.py::TestAnalogyBasedStrategy::test_analogy_strategy_with_embeddings [32m[2025-10-30 23:30:28] [INFO    ] [component_1_netzwerk_core] Initialisiere Neo4j-Verbindung | uri=bolt://127.0.0.1:7687 | user=neo4j[0m
[32m[2025-10-30 23:30:28] [INFO    ] [component_1_netzwerk_core] Neo4j-Verbindung erfolgreich hergestellt | uri=bolt://127.0.0.1:7687[0m
[32m[2025-10-30 23:30:28] [INFO    ] [neo4j.notifications] Received notification from DBMS server: {severity: INFORMATION} {code: Neo.ClientNotification.Schema.IndexOrConstraintAlreadyExists} {category: SCHEMA} {title: `CREATE CONSTRAINT WortLemma IF NOT EXISTS FOR (e:Wort) REQUIRE (e.lemma) IS UNIQUE` has no effect.} {description: `CONSTRAINT WortLemma FOR (e:Wort) REQUIRE (e.lemma) IS UNIQUE` already exists.} {position: None} for query: 'CREATE CONSTRAINT WortLemma IF NOT EXISTS FOR (w:Wort) REQUIRE w.lemma IS UNIQUE'[0m
[32m[2025-10-30 23:30:28] [INFO    ] [neo4j.notifications] Received notification from DBMS server: {severity: INFORMATION} {code: Neo.ClientNotification.Schema.IndexOrConstraintAlreadyExists} {category: SCHEMA} {title: `CREATE CONSTRAINT KonzeptName IF NOT EXISTS FOR (e:Konzept) REQUIRE (e.name) IS UNIQUE` has no effect.} {description: `CONSTRAINT KonzeptName FOR (e:Konzept) REQUIRE (e.name) IS UNIQUE` already exists.} {position: None} for query: 'CREATE CONSTRAINT KonzeptName IF NOT EXISTS FOR (k:Konzept) REQUIRE k.name IS UNIQUE'[0m
[32m[2025-10-30 23:30:28] [INFO    ] [neo4j.notifications] Received notification from DBMS server: {severity: INFORMATION} {code: Neo.ClientNotification.Schema.IndexOrConstraintAlreadyExists} {category: SCHEMA} {title: `CREATE CONSTRAINT ExtractionRuleType IF NOT EXISTS FOR (e:ExtractionRule) REQUIRE (e.relation_type) IS UNIQUE` has no effect.} {description: `CONSTRAINT ExtractionRuleType FOR (e:ExtractionRule) REQUIRE (e.relation_type) IS UNIQUE` already exists.} {position: None} for query: 'CREATE CONSTRAINT ExtractionRuleType IF NOT EXISTS FOR (r:ExtractionRule) REQUIRE r.relation_type IS UNIQUE'[0m
[32m[2025-10-30 23:30:28] [INFO    ] [neo4j.notifications] Received notification from DBMS server: {severity: INFORMATION} {code: Neo.ClientNotification.Schema.IndexOrConstraintAlreadyExists} {category: SCHEMA} {title: `CREATE CONSTRAINT PatternPrototypeId IF NOT EXISTS FOR (e:PatternPrototype) REQUIRE (e.id) IS UNIQUE` has no effect.} {description: `CONSTRAINT PatternPrototypeId FOR (e:PatternPrototype) REQUIRE (e.id) IS UNIQUE` already exists.} {position: None} for query: 'CREATE CONSTRAINT PatternPrototypeId IF NOT EXISTS FOR (p:PatternPrototype) REQUIRE p.id IS UNIQUE'[0m
[32m[2025-10-30 23:30:28] [INFO    ] [neo4j.notifications] Received notification from DBMS server: {severity: INFORMATION} {code: Neo.ClientNotification.Schema.IndexOrConstraintAlreadyExists} {category: SCHEMA} {title: `CREATE CONSTRAINT LexiconName IF NOT EXISTS FOR (e:Lexicon) REQUIRE (e.name) IS UNIQUE` has no effect.} {description: `CONSTRAINT LexiconName FOR (e:Lexicon) REQUIRE (e.name) IS UNIQUE` already exists.} {position: None} for query: 'CREATE CONSTRAINT LexiconName IF NOT EXISTS FOR (l:Lexicon) REQUIRE l.name IS UNIQUE'[0m
[32m[2025-10-30 23:30:28] [INFO    ] [neo4j.notifications] Received notification from DBMS server: {severity: INFORMATION} {code: Neo.ClientNotification.Schema.IndexOrConstraintAlreadyExists} {category: SCHEMA} {title: `CREATE CONSTRAINT EpisodeId IF NOT EXISTS FOR (e:Episode) REQUIRE (e.id) IS UNIQUE` has no effect.} {description: `CONSTRAINT EpisodeId FOR (e:Episode) REQUIRE (e.id) IS UNIQUE` already exists.} {position: None} for query: 'CREATE CONSTRAINT EpisodeId IF NOT EXISTS FOR (e:Episode) REQUIRE e.id IS UNIQUE'[0m
[32m[2025-10-30 23:30:28] [INFO    ] [neo4j.notifications] Received notification from DBMS server: {severity: INFORMATION} {code: Neo.ClientNotification.Schema.IndexOrConstraintAlreadyExists} {category: SCHEMA} {title: `CREATE CONSTRAINT InferenceEpisodeId IF NOT EXISTS FOR (e:InferenceEpisode) REQUIRE (e.id) IS UNIQUE` has no effect.} {description: `CONSTRAINT InferenceEpisodeId FOR (e:InferenceEpisode) REQUIRE (e.id) IS UNIQUE` already exists.} {position: None} for query: 'CREATE CONSTRAINT InferenceEpisodeId IF NOT EXISTS FOR (ie:InferenceEpisode) REQUIRE ie.id IS UNIQUE'[0m
[32m[2025-10-30 23:30:28] [INFO    ] [neo4j.notifications] Received notification from DBMS server: {severity: INFORMATION} {code: Neo.ClientNotification.Schema.IndexOrConstraintAlreadyExists} {category: SCHEMA} {title: `CREATE CONSTRAINT ProofStepId IF NOT EXISTS FOR (e:ProofStep) REQUIRE (e.id) IS UNIQUE` has no effect.} {description: `CONSTRAINT ProofStepId FOR (e:ProofStep) REQUIRE (e.id) IS UNIQUE` already exists.} {position: None} for query: 'CREATE CONSTRAINT ProofStepId IF NOT EXISTS FOR (ps:ProofStep) REQUIRE ps.id IS UNIQUE'[0m
[32m[2025-10-30 23:30:28] [INFO    ] [neo4j.notifications] Received notification from DBMS server: {severity: INFORMATION} {code: Neo.ClientNotification.Schema.IndexOrConstraintAlreadyExists} {category: SCHEMA} {title: `CREATE CONSTRAINT HypothesisId IF NOT EXISTS FOR (e:Hypothesis) REQUIRE (e.id) IS UNIQUE` has no effect.} {description: `CONSTRAINT HypothesisId FOR (e:Hypothesis) REQUIRE (e.id) IS UNIQUE` already exists.} {position: None} for query: 'CREATE CONSTRAINT HypothesisId IF NOT EXISTS FOR (h:Hypothesis) REQUIRE h.id IS UNIQUE'[0m
[32m[2025-10-30 23:30:28] [INFO    ] [component_1_netzwerk_core] Neo4j Constraints erfolgreich konfiguriert[0m
[32m[2025-10-30 23:30:28] [INFO    ] [neo4j.notifications] Received notification from DBMS server: {severity: INFORMATION} {code: Neo.ClientNotification.Schema.IndexOrConstraintAlreadyExists} {category: SCHEMA} {title: `CREATE CONSTRAINT UsageContextId IF NOT EXISTS FOR (e:UsageContext) REQUIRE (e.id) IS UNIQUE` has no effect.} {description: `CONSTRAINT UsageContextId FOR (e:UsageContext) REQUIRE (e.id) IS UNIQUE` already exists.} {position: None} for query: '\n                CREATE CONSTRAINT UsageContextId IF NOT EXISTS\n                FOR (uc:UsageContext) REQUIRE uc.id IS UNIQUE\n                '[0m
[32m[2025-10-30 23:30:28] [INFO    ] [neo4j.notifications] Received notification from DBMS server: {severity: INFORMATION} {code: Neo.ClientNotification.Schema.IndexOrConstraintAlreadyExists} {category: SCHEMA} {title: `CREATE CONSTRAINT TypoFeedbackId IF NOT EXISTS FOR (e:TypoFeedback) REQUIRE (e.id) IS UNIQUE` has no effect.} {description: `CONSTRAINT TypoFeedbackId FOR (e:TypoFeedback) REQUIRE (e.id) IS UNIQUE` already exists.} {position: None} for query: '\n                CREATE CONSTRAINT TypoFeedbackId IF NOT EXISTS\n                FOR (tf:TypoFeedback) REQUIRE tf.id IS UNIQUE\n                '[0m
[32m[2025-10-30 23:30:28] [INFO    ] [component_16_probabilistic_engine] ProbabilisticEngine initialisiert.[0m
[32m[2025-10-30 23:30:28] [INFO    ] [component_9_logik_engine] Logik-Engine initialisiert mit probabilistischer Unterst�tzung.[0m
[32m[2025-10-30 23:30:28] [INFO    ] [component_9_logik_engine] Logik-Engine initialisiert mit SAT-Solver f�r Boolean Reasoning.[0m
[32m[2025-10-30 23:30:28] [INFO    ] [component_1_netzwerk_core] Neue Relation erstellt | subject=test_vogel | relation=CAPABLE_OF | object=test_fliegen | source=None[0m
[32m[2025-10-30 23:30:28] [INFO    ] [component_1_netzwerk_core] Neue Relation erstellt | subject=test_vogel | relation=HAS_PROPERTY | object=test_fl�gel | source=None[0m
[32m[2025-10-30 23:30:28] [INFO    ] [component_1_netzwerk_core] Neue Relation erstellt | subject=test_vogel | relation=HAS_PROPERTY | object=test_federkleid | source=None[0m
[32m[2025-10-30 23:30:28] [INFO    ] [component_1_netzwerk_core] Neue Relation erstellt | subject=test_vogel | relation=IS_A | object=test_tier | source=None[0m
PASSED
tests/test_abductive_reasoning.py::TestCausalChainStrategy::test_causal_chain_backward_reasoning [32m[2025-10-30 23:30:28] [INFO    ] [component_1_netzwerk_core] Initialisiere Neo4j-Verbindung | uri=bolt://127.0.0.1:7687 | user=neo4j[0m
[32m[2025-10-30 23:30:28] [INFO    ] [component_1_netzwerk_core] Neo4j-Verbindung erfolgreich hergestellt | uri=bolt://127.0.0.1:7687[0m
[32m[2025-10-30 23:30:28] [INFO    ] [neo4j.notifications] Received notification from DBMS server: {severity: INFORMATION} {code: Neo.ClientNotification.Schema.IndexOrConstraintAlreadyExists} {category: SCHEMA} {title: `CREATE CONSTRAINT WortLemma IF NOT EXISTS FOR (e:Wort) REQUIRE (e.lemma) IS UNIQUE` has no effect.} {description: `CONSTRAINT WortLemma FOR (e:Wort) REQUIRE (e.lemma) IS UNIQUE` already exists.} {position: None} for query: 'CREATE CONSTRAINT WortLemma IF NOT EXISTS FOR (w:Wort) REQUIRE w.lemma IS UNIQUE'[0m
[32m[2025-10-30 23:30:28] [INFO    ] [neo4j.notifications] Received notification from DBMS server: {severity: INFORMATION} {code: Neo.ClientNotification.Schema.IndexOrConstraintAlreadyExists} {category: SCHEMA} {title: `CREATE CONSTRAINT KonzeptName IF NOT EXISTS FOR (e:Konzept) REQUIRE (e.name) IS UNIQUE` has no effect.} {description: `CONSTRAINT KonzeptName FOR (e:Konzept) REQUIRE (e.name) IS UNIQUE` already exists.} {position: None} for query: 'CREATE CONSTRAINT KonzeptName IF NOT EXISTS FOR (k:Konzept) REQUIRE k.name IS UNIQUE'[0m
[32m[2025-10-30 23:30:28] [INFO    ] [neo4j.notifications] Received notification from DBMS server: {severity: INFORMATION} {code: Neo.ClientNotification.Schema.IndexOrConstraintAlreadyExists} {category: SCHEMA} {title: `CREATE CONSTRAINT ExtractionRuleType IF NOT EXISTS FOR (e:ExtractionRule) REQUIRE (e.relation_type) IS UNIQUE` has no effect.} {description: `CONSTRAINT ExtractionRuleType FOR (e:ExtractionRule) REQUIRE (e.relation_type) IS UNIQUE` already exists.} {position: None} for query: 'CREATE CONSTRAINT ExtractionRuleType IF NOT EXISTS FOR (r:ExtractionRule) REQUIRE r.relation_type IS UNIQUE'[0m
[32m[2025-10-30 23:30:28] [INFO    ] [neo4j.notifications] Received notification from DBMS server: {severity: INFORMATION} {code: Neo.ClientNotification.Schema.IndexOrConstraintAlreadyExists} {category: SCHEMA} {title: `CREATE CONSTRAINT PatternPrototypeId IF NOT EXISTS FOR (e:PatternPrototype) REQUIRE (e.id) IS UNIQUE` has no effect.} {description: `CONSTRAINT PatternPrototypeId FOR (e:PatternPrototype) REQUIRE (e.id) IS UNIQUE` already exists.} {position: None} for query: 'CREATE CONSTRAINT PatternPrototypeId IF NOT EXISTS FOR (p:PatternPrototype) REQUIRE p.id IS UNIQUE'[0m
[32m[2025-10-30 23:30:28] [INFO    ] [neo4j.notifications] Received notification from DBMS server: {severity: INFORMATION} {code: Neo.ClientNotification.Schema.IndexOrConstraintAlreadyExists} {category: SCHEMA} {title: `CREATE CONSTRAINT LexiconName IF NOT EXISTS FOR (e:Lexicon) REQUIRE (e.name) IS UNIQUE` has no effect.} {description: `CONSTRAINT LexiconName FOR (e:Lexicon) REQUIRE (e.name) IS UNIQUE` already exists.} {position: None} for query: 'CREATE CONSTRAINT LexiconName IF NOT EXISTS FOR (l:Lexicon) REQUIRE l.name IS UNIQUE'[0m
[32m[2025-10-30 23:30:28] [INFO    ] [neo4j.notifications] Received notification from DBMS server: {severity: INFORMATION} {code: Neo.ClientNotification.Schema.IndexOrConstraintAlreadyExists} {category: SCHEMA} {title: `CREATE CONSTRAINT EpisodeId IF NOT EXISTS FOR (e:Episode) REQUIRE (e.id) IS UNIQUE` has no effect.} {description: `CONSTRAINT EpisodeId FOR (e:Episode) REQUIRE (e.id) IS UNIQUE` already exists.} {position: None} for query: 'CREATE CONSTRAINT EpisodeId IF NOT EXISTS FOR (e:Episode) REQUIRE e.id IS UNIQUE'[0m
[32m[2025-10-30 23:30:28] [INFO    ] [neo4j.notifications] Received notification from DBMS server: {severity: INFORMATION} {code: Neo.ClientNotification.Schema.IndexOrConstraintAlreadyExists} {category: SCHEMA} {title: `CREATE CONSTRAINT InferenceEpisodeId IF NOT EXISTS FOR (e:InferenceEpisode) REQUIRE (e.id) IS UNIQUE` has no effect.} {description: `CONSTRAINT InferenceEpisodeId FOR (e:InferenceEpisode) REQUIRE (e.id) IS UNIQUE` already exists.} {position: None} for query: 'CREATE CONSTRAINT InferenceEpisodeId IF NOT EXISTS FOR (ie:InferenceEpisode) REQUIRE ie.id IS UNIQUE'[0m
[32m[2025-10-30 23:30:28] [INFO    ] [neo4j.notifications] Received notification from DBMS server: {severity: INFORMATION} {code: Neo.ClientNotification.Schema.IndexOrConstraintAlreadyExists} {category: SCHEMA} {title: `CREATE CONSTRAINT ProofStepId IF NOT EXISTS FOR (e:ProofStep) REQUIRE (e.id) IS UNIQUE` has no effect.} {description: `CONSTRAINT ProofStepId FOR (e:ProofStep) REQUIRE (e.id) IS UNIQUE` already exists.} {position: None} for query: 'CREATE CONSTRAINT ProofStepId IF NOT EXISTS FOR (ps:ProofStep) REQUIRE ps.id IS UNIQUE'[0m
[32m[2025-10-30 23:30:28] [INFO    ] [neo4j.notifications] Received notification from DBMS server: {severity: INFORMATION} {code: Neo.ClientNotification.Schema.IndexOrConstraintAlreadyExists} {category: SCHEMA} {title: `CREATE CONSTRAINT HypothesisId IF NOT EXISTS FOR (e:Hypothesis) REQUIRE (e.id) IS UNIQUE` has no effect.} {description: `CONSTRAINT HypothesisId FOR (e:Hypothesis) REQUIRE (e.id) IS UNIQUE` already exists.} {position: None} for query: 'CREATE CONSTRAINT HypothesisId IF NOT EXISTS FOR (h:Hypothesis) REQUIRE h.id IS UNIQUE'[0m
[32m[2025-10-30 23:30:28] [INFO    ] [component_1_netzwerk_core] Neo4j Constraints erfolgreich konfiguriert[0m
[32m[2025-10-30 23:30:28] [INFO    ] [neo4j.notifications] Received notification from DBMS server: {severity: INFORMATION} {code: Neo.ClientNotification.Schema.IndexOrConstraintAlreadyExists} {category: SCHEMA} {title: `CREATE CONSTRAINT UsageContextId IF NOT EXISTS FOR (e:UsageContext) REQUIRE (e.id) IS UNIQUE` has no effect.} {description: `CONSTRAINT UsageContextId FOR (e:UsageContext) REQUIRE (e.id) IS UNIQUE` already exists.} {position: None} for query: '\n                CREATE CONSTRAINT UsageContextId IF NOT EXISTS\n                FOR (uc:UsageContext) REQUIRE uc.id IS UNIQUE\n                '[0m
[32m[2025-10-30 23:30:28] [INFO    ] [neo4j.notifications] Received notification from DBMS server: {severity: INFORMATION} {code: Neo.ClientNotification.Schema.IndexOrConstraintAlreadyExists} {category: SCHEMA} {title: `CREATE CONSTRAINT TypoFeedbackId IF NOT EXISTS FOR (e:TypoFeedback) REQUIRE (e.id) IS UNIQUE` has no effect.} {description: `CONSTRAINT TypoFeedbackId FOR (e:TypoFeedback) REQUIRE (e.id) IS UNIQUE` already exists.} {position: None} for query: '\n                CREATE CONSTRAINT TypoFeedbackId IF NOT EXISTS\n                FOR (tf:TypoFeedback) REQUIRE tf.id IS UNIQUE\n                '[0m
[32m[2025-10-30 23:30:28] [INFO    ] [component_16_probabilistic_engine] ProbabilisticEngine initialisiert.[0m
[32m[2025-10-30 23:30:28] [INFO    ] [component_9_logik_engine] Logik-Engine initialisiert mit probabilistischer Unterst�tzung.[0m
[32m[2025-10-30 23:30:28] [INFO    ] [component_9_logik_engine] Logik-Engine initialisiert mit SAT-Solver f�r Boolean Reasoning.[0m
[32m[2025-10-30 23:30:28] [INFO    ] [component_1_netzwerk_core] Neue Relation erstellt | subject=test_vogel | relation=CAPABLE_OF | object=test_fliegen | source=None[0m
[32m[2025-10-30 23:30:28] [INFO    ] [component_1_netzwerk_core] Neue Relation erstellt | subject=test_vogel | relation=HAS_PROPERTY | object=test_fl�gel | source=None[0m
[32m[2025-10-30 23:30:28] [INFO    ] [component_1_netzwerk_core] Neue Relation erstellt | subject=test_vogel | relation=HAS_PROPERTY | object=test_federkleid | source=None[0m
[32m[2025-10-30 23:30:28] [INFO    ] [component_1_netzwerk_core] Neue Relation erstellt | subject=test_vogel | relation=IS_A | object=test_tier | source=None[0m
[32m[2025-10-30 23:30:28] [INFO    ] [component_1_netzwerk_core] Neue Relation erstellt | subject=test_sonnenlicht | relation=CAUSES | object=test_w�rme | source=None[0m
PASSED
tests/test_abductive_reasoning.py::TestCausalChainStrategy::test_causal_chain_multi_hop [32m[2025-10-30 23:30:28] [INFO    ] [component_1_netzwerk_core] Initialisiere Neo4j-Verbindung | uri=bolt://127.0.0.1:7687 | user=neo4j[0m
[32m[2025-10-30 23:30:28] [INFO    ] [component_1_netzwerk_core] Neo4j-Verbindung erfolgreich hergestellt | uri=bolt://127.0.0.1:7687[0m
[32m[2025-10-30 23:30:28] [INFO    ] [neo4j.notifications] Received notification from DBMS server: {severity: INFORMATION} {code: Neo.ClientNotification.Schema.IndexOrConstraintAlreadyExists} {category: SCHEMA} {title: `CREATE CONSTRAINT WortLemma IF NOT EXISTS FOR (e:Wort) REQUIRE (e.lemma) IS UNIQUE` has no effect.} {description: `CONSTRAINT WortLemma FOR (e:Wort) REQUIRE (e.lemma) IS UNIQUE` already exists.} {position: None} for query: 'CREATE CONSTRAINT WortLemma IF NOT EXISTS FOR (w:Wort) REQUIRE w.lemma IS UNIQUE'[0m
[32m[2025-10-30 23:30:28] [INFO    ] [neo4j.notifications] Received notification from DBMS server: {severity: INFORMATION} {code: Neo.ClientNotification.Schema.IndexOrConstraintAlreadyExists} {category: SCHEMA} {title: `CREATE CONSTRAINT KonzeptName IF NOT EXISTS FOR (e:Konzept) REQUIRE (e.name) IS UNIQUE` has no effect.} {description: `CONSTRAINT KonzeptName FOR (e:Konzept) REQUIRE (e.name) IS UNIQUE` already exists.} {position: None} for query: 'CREATE CONSTRAINT KonzeptName IF NOT EXISTS FOR (k:Konzept) REQUIRE k.name IS UNIQUE'[0m
[32m[2025-10-30 23:30:28] [INFO    ] [neo4j.notifications] Received notification from DBMS server: {severity: INFORMATION} {code: Neo.ClientNotification.Schema.IndexOrConstraintAlreadyExists} {category: SCHEMA} {title: `CREATE CONSTRAINT ExtractionRuleType IF NOT EXISTS FOR (e:ExtractionRule) REQUIRE (e.relation_type) IS UNIQUE` has no effect.} {description: `CONSTRAINT ExtractionRuleType FOR (e:ExtractionRule) REQUIRE (e.relation_type) IS UNIQUE` already exists.} {position: None} for query: 'CREATE CONSTRAINT ExtractionRuleType IF NOT EXISTS FOR (r:ExtractionRule) REQUIRE r.relation_type IS UNIQUE'[0m
[32m[2025-10-30 23:30:28] [INFO    ] [neo4j.notifications] Received notification from DBMS server: {severity: INFORMATION} {code: Neo.ClientNotification.Schema.IndexOrConstraintAlreadyExists} {category: SCHEMA} {title: `CREATE CONSTRAINT PatternPrototypeId IF NOT EXISTS FOR (e:PatternPrototype) REQUIRE (e.id) IS UNIQUE` has no effect.} {description: `CONSTRAINT PatternPrototypeId FOR (e:PatternPrototype) REQUIRE (e.id) IS UNIQUE` already exists.} {position: None} for query: 'CREATE CONSTRAINT PatternPrototypeId IF NOT EXISTS FOR (p:PatternPrototype) REQUIRE p.id IS UNIQUE'[0m
[32m[2025-10-30 23:30:28] [INFO    ] [neo4j.notifications] Received notification from DBMS server: {severity: INFORMATION} {code: Neo.ClientNotification.Schema.IndexOrConstraintAlreadyExists} {category: SCHEMA} {title: `CREATE CONSTRAINT LexiconName IF NOT EXISTS FOR (e:Lexicon) REQUIRE (e.name) IS UNIQUE` has no effect.} {description: `CONSTRAINT LexiconName FOR (e:Lexicon) REQUIRE (e.name) IS UNIQUE` already exists.} {position: None} for query: 'CREATE CONSTRAINT LexiconName IF NOT EXISTS FOR (l:Lexicon) REQUIRE l.name IS UNIQUE'[0m
[32m[2025-10-30 23:30:28] [INFO    ] [neo4j.notifications] Received notification from DBMS server: {severity: INFORMATION} {code: Neo.ClientNotification.Schema.IndexOrConstraintAlreadyExists} {category: SCHEMA} {title: `CREATE CONSTRAINT EpisodeId IF NOT EXISTS FOR (e:Episode) REQUIRE (e.id) IS UNIQUE` has no effect.} {description: `CONSTRAINT EpisodeId FOR (e:Episode) REQUIRE (e.id) IS UNIQUE` already exists.} {position: None} for query: 'CREATE CONSTRAINT EpisodeId IF NOT EXISTS FOR (e:Episode) REQUIRE e.id IS UNIQUE'[0m
[32m[2025-10-30 23:30:28] [INFO    ] [neo4j.notifications] Received notification from DBMS server: {severity: INFORMATION} {code: Neo.ClientNotification.Schema.IndexOrConstraintAlreadyExists} {category: SCHEMA} {title: `CREATE CONSTRAINT InferenceEpisodeId IF NOT EXISTS FOR (e:InferenceEpisode) REQUIRE (e.id) IS UNIQUE` has no effect.} {description: `CONSTRAINT InferenceEpisodeId FOR (e:InferenceEpisode) REQUIRE (e.id) IS UNIQUE` already exists.} {position: None} for query: 'CREATE CONSTRAINT InferenceEpisodeId IF NOT EXISTS FOR (ie:InferenceEpisode) REQUIRE ie.id IS UNIQUE'[0m
[32m[2025-10-30 23:30:28] [INFO    ] [neo4j.notifications] Received notification from DBMS server: {severity: INFORMATION} {code: Neo.ClientNotification.Schema.IndexOrConstraintAlreadyExists} {category: SCHEMA} {title: `CREATE CONSTRAINT ProofStepId IF NOT EXISTS FOR (e:ProofStep) REQUIRE (e.id) IS UNIQUE` has no effect.} {description: `CONSTRAINT ProofStepId FOR (e:ProofStep) REQUIRE (e.id) IS UNIQUE` already exists.} {position: None} for query: 'CREATE CONSTRAINT ProofStepId IF NOT EXISTS FOR (ps:ProofStep) REQUIRE ps.id IS UNIQUE'[0m
[32m[2025-10-30 23:30:28] [INFO    ] [neo4j.notifications] Received notification from DBMS server: {severity: INFORMATION} {code: Neo.ClientNotification.Schema.IndexOrConstraintAlreadyExists} {category: SCHEMA} {title: `CREATE CONSTRAINT HypothesisId IF NOT EXISTS FOR (e:Hypothesis) REQUIRE (e.id) IS UNIQUE` has no effect.} {description: `CONSTRAINT HypothesisId FOR (e:Hypothesis) REQUIRE (e.id) IS UNIQUE` already exists.} {position: None} for query: 'CREATE CONSTRAINT HypothesisId IF NOT EXISTS FOR (h:Hypothesis) REQUIRE h.id IS UNIQUE'[0m
[32m[2025-10-30 23:30:28] [INFO    ] [component_1_netzwerk_core] Neo4j Constraints erfolgreich konfiguriert[0m
[32m[2025-10-30 23:30:28] [INFO    ] [neo4j.notifications] Received notification from DBMS server: {severity: INFORMATION} {code: Neo.ClientNotification.Schema.IndexOrConstraintAlreadyExists} {category: SCHEMA} {title: `CREATE CONSTRAINT UsageContextId IF NOT EXISTS FOR (e:UsageContext) REQUIRE (e.id) IS UNIQUE` has no effect.} {description: `CONSTRAINT UsageContextId FOR (e:UsageContext) REQUIRE (e.id) IS UNIQUE` already exists.} {position: None} for query: '\n                CREATE CONSTRAINT UsageContextId IF NOT EXISTS\n                FOR (uc:UsageContext) REQUIRE uc.id IS UNIQUE\n                '[0m
[32m[2025-10-30 23:30:28] [INFO    ] [neo4j.notifications] Received notification from DBMS server: {severity: INFORMATION} {code: Neo.ClientNotification.Schema.IndexOrConstraintAlreadyExists} {category: SCHEMA} {title: `CREATE CONSTRAINT TypoFeedbackId IF NOT EXISTS FOR (e:TypoFeedback) REQUIRE (e.id) IS UNIQUE` has no effect.} {description: `CONSTRAINT TypoFeedbackId FOR (e:TypoFeedback) REQUIRE (e.id) IS UNIQUE` already exists.} {position: None} for query: '\n                CREATE CONSTRAINT TypoFeedbackId IF NOT EXISTS\n                FOR (tf:TypoFeedback) REQUIRE tf.id IS UNIQUE\n                '[0m
[32m[2025-10-30 23:30:28] [INFO    ] [component_16_probabilistic_engine] ProbabilisticEngine initialisiert.[0m
[32m[2025-10-30 23:30:28] [INFO    ] [component_9_logik_engine] Logik-Engine initialisiert mit probabilistischer Unterst�tzung.[0m
[32m[2025-10-30 23:30:28] [INFO    ] [component_9_logik_engine] Logik-Engine initialisiert mit SAT-Solver f�r Boolean Reasoning.[0m
[32m[2025-10-30 23:30:28] [INFO    ] [component_1_netzwerk_core] Neue Relation erstellt | subject=test_vogel | relation=CAPABLE_OF | object=test_fliegen | source=None[0m
[32m[2025-10-30 23:30:28] [INFO    ] [component_1_netzwerk_core] Neue Relation erstellt | subject=test_vogel | relation=HAS_PROPERTY | object=test_fl�gel | source=None[0m
[32m[2025-10-30 23:30:28] [INFO    ] [component_1_netzwerk_core] Neue Relation erstellt | subject=test_vogel | relation=HAS_PROPERTY | object=test_federkleid | source=None[0m
[32m[2025-10-30 23:30:28] [INFO    ] [component_1_netzwerk_core] Neue Relation erstellt | subject=test_vogel | relation=IS_A | object=test_tier | source=None[0m
[32m[2025-10-30 23:30:28] [INFO    ] [component_1_netzwerk_core] Neue Relation erstellt | subject=test_verdunstung | relation=CAUSES | object=test_wolken | source=None[0m
[32m[2025-10-30 23:30:28] [INFO    ] [component_1_netzwerk_core] Neue Relation erstellt | subject=test_wolken | relation=CAUSES | object=test_regen | source=None[0m
PASSED
tests/test_abductive_reasoning.py::TestMultiCriteriaScoring::test_coverage_score [32m[2025-10-30 23:30:28] [INFO    ] [component_1_netzwerk_core] Initialisiere Neo4j-Verbindung | uri=bolt://127.0.0.1:7687 | user=neo4j[0m
[32m[2025-10-30 23:30:28] [INFO    ] [component_1_netzwerk_core] Neo4j-Verbindung erfolgreich hergestellt | uri=bolt://127.0.0.1:7687[0m
[32m[2025-10-30 23:30:28] [INFO    ] [neo4j.notifications] Received notification from DBMS server: {severity: INFORMATION} {code: Neo.ClientNotification.Schema.IndexOrConstraintAlreadyExists} {category: SCHEMA} {title: `CREATE CONSTRAINT WortLemma IF NOT EXISTS FOR (e:Wort) REQUIRE (e.lemma) IS UNIQUE` has no effect.} {description: `CONSTRAINT WortLemma FOR (e:Wort) REQUIRE (e.lemma) IS UNIQUE` already exists.} {position: None} for query: 'CREATE CONSTRAINT WortLemma IF NOT EXISTS FOR (w:Wort) REQUIRE w.lemma IS UNIQUE'[0m
[32m[2025-10-30 23:30:28] [INFO    ] [neo4j.notifications] Received notification from DBMS server: {severity: INFORMATION} {code: Neo.ClientNotification.Schema.IndexOrConstraintAlreadyExists} {category: SCHEMA} {title: `CREATE CONSTRAINT KonzeptName IF NOT EXISTS FOR (e:Konzept) REQUIRE (e.name) IS UNIQUE` has no effect.} {description: `CONSTRAINT KonzeptName FOR (e:Konzept) REQUIRE (e.name) IS UNIQUE` already exists.} {position: None} for query: 'CREATE CONSTRAINT KonzeptName IF NOT EXISTS FOR (k:Konzept) REQUIRE k.name IS UNIQUE'[0m
[32m[2025-10-30 23:30:28] [INFO    ] [neo4j.notifications] Received notification from DBMS server: {severity: INFORMATION} {code: Neo.ClientNotification.Schema.IndexOrConstraintAlreadyExists} {category: SCHEMA} {title: `CREATE CONSTRAINT ExtractionRuleType IF NOT EXISTS FOR (e:ExtractionRule) REQUIRE (e.relation_type) IS UNIQUE` has no effect.} {description: `CONSTRAINT ExtractionRuleType FOR (e:ExtractionRule) REQUIRE (e.relation_type) IS UNIQUE` already exists.} {position: None} for query: 'CREATE CONSTRAINT ExtractionRuleType IF NOT EXISTS FOR (r:ExtractionRule) REQUIRE r.relation_type IS UNIQUE'[0m
[32m[2025-10-30 23:30:28] [INFO    ] [neo4j.notifications] Received notification from DBMS server: {severity: INFORMATION} {code: Neo.ClientNotification.Schema.IndexOrConstraintAlreadyExists} {category: SCHEMA} {title: `CREATE CONSTRAINT PatternPrototypeId IF NOT EXISTS FOR (e:PatternPrototype) REQUIRE (e.id) IS UNIQUE` has no effect.} {description: `CONSTRAINT PatternPrototypeId FOR (e:PatternPrototype) REQUIRE (e.id) IS UNIQUE` already exists.} {position: None} for query: 'CREATE CONSTRAINT PatternPrototypeId IF NOT EXISTS FOR (p:PatternPrototype) REQUIRE p.id IS UNIQUE'[0m
[32m[2025-10-30 23:30:28] [INFO    ] [neo4j.notifications] Received notification from DBMS server: {severity: INFORMATION} {code: Neo.ClientNotification.Schema.IndexOrConstraintAlreadyExists} {category: SCHEMA} {title: `CREATE CONSTRAINT LexiconName IF NOT EXISTS FOR (e:Lexicon) REQUIRE (e.name) IS UNIQUE` has no effect.} {description: `CONSTRAINT LexiconName FOR (e:Lexicon) REQUIRE (e.name) IS UNIQUE` already exists.} {position: None} for query: 'CREATE CONSTRAINT LexiconName IF NOT EXISTS FOR (l:Lexicon) REQUIRE l.name IS UNIQUE'[0m
[32m[2025-10-30 23:30:28] [INFO    ] [neo4j.notifications] Received notification from DBMS server: {severity: INFORMATION} {code: Neo.ClientNotification.Schema.IndexOrConstraintAlreadyExists} {category: SCHEMA} {title: `CREATE CONSTRAINT EpisodeId IF NOT EXISTS FOR (e:Episode) REQUIRE (e.id) IS UNIQUE` has no effect.} {description: `CONSTRAINT EpisodeId FOR (e:Episode) REQUIRE (e.id) IS UNIQUE` already exists.} {position: None} for query: 'CREATE CONSTRAINT EpisodeId IF NOT EXISTS FOR (e:Episode) REQUIRE e.id IS UNIQUE'[0m
[32m[2025-10-30 23:30:28] [INFO    ] [neo4j.notifications] Received notification from DBMS server: {severity: INFORMATION} {code: Neo.ClientNotification.Schema.IndexOrConstraintAlreadyExists} {category: SCHEMA} {title: `CREATE CONSTRAINT InferenceEpisodeId IF NOT EXISTS FOR (e:InferenceEpisode) REQUIRE (e.id) IS UNIQUE` has no effect.} {description: `CONSTRAINT InferenceEpisodeId FOR (e:InferenceEpisode) REQUIRE (e.id) IS UNIQUE` already exists.} {position: None} for query: 'CREATE CONSTRAINT InferenceEpisodeId IF NOT EXISTS FOR (ie:InferenceEpisode) REQUIRE ie.id IS UNIQUE'[0m
[32m[2025-10-30 23:30:28] [INFO    ] [neo4j.notifications] Received notification from DBMS server: {severity: INFORMATION} {code: Neo.ClientNotification.Schema.IndexOrConstraintAlreadyExists} {category: SCHEMA} {title: `CREATE CONSTRAINT ProofStepId IF NOT EXISTS FOR (e:ProofStep) REQUIRE (e.id) IS UNIQUE` has no effect.} {description: `CONSTRAINT ProofStepId FOR (e:ProofStep) REQUIRE (e.id) IS UNIQUE` already exists.} {position: None} for query: 'CREATE CONSTRAINT ProofStepId IF NOT EXISTS FOR (ps:ProofStep) REQUIRE ps.id IS UNIQUE'[0m
[32m[2025-10-30 23:30:28] [INFO    ] [neo4j.notifications] Received notification from DBMS server: {severity: INFORMATION} {code: Neo.ClientNotification.Schema.IndexOrConstraintAlreadyExists} {category: SCHEMA} {title: `CREATE CONSTRAINT HypothesisId IF NOT EXISTS FOR (e:Hypothesis) REQUIRE (e.id) IS UNIQUE` has no effect.} {description: `CONSTRAINT HypothesisId FOR (e:Hypothesis) REQUIRE (e.id) IS UNIQUE` already exists.} {position: None} for query: 'CREATE CONSTRAINT HypothesisId IF NOT EXISTS FOR (h:Hypothesis) REQUIRE h.id IS UNIQUE'[0m
[32m[2025-10-30 23:30:28] [INFO    ] [component_1_netzwerk_core] Neo4j Constraints erfolgreich konfiguriert[0m
[32m[2025-10-30 23:30:28] [INFO    ] [neo4j.notifications] Received notification from DBMS server: {severity: INFORMATION} {code: Neo.ClientNotification.Schema.IndexOrConstraintAlreadyExists} {category: SCHEMA} {title: `CREATE CONSTRAINT UsageContextId IF NOT EXISTS FOR (e:UsageContext) REQUIRE (e.id) IS UNIQUE` has no effect.} {description: `CONSTRAINT UsageContextId FOR (e:UsageContext) REQUIRE (e.id) IS UNIQUE` already exists.} {position: None} for query: '\n                CREATE CONSTRAINT UsageContextId IF NOT EXISTS\n                FOR (uc:UsageContext) REQUIRE uc.id IS UNIQUE\n                '[0m
[32m[2025-10-30 23:30:28] [INFO    ] [neo4j.notifications] Received notification from DBMS server: {severity: INFORMATION} {code: Neo.ClientNotification.Schema.IndexOrConstraintAlreadyExists} {category: SCHEMA} {title: `CREATE CONSTRAINT TypoFeedbackId IF NOT EXISTS FOR (e:TypoFeedback) REQUIRE (e.id) IS UNIQUE` has no effect.} {description: `CONSTRAINT TypoFeedbackId FOR (e:TypoFeedback) REQUIRE (e.id) IS UNIQUE` already exists.} {position: None} for query: '\n                CREATE CONSTRAINT TypoFeedbackId IF NOT EXISTS\n                FOR (tf:TypoFeedback) REQUIRE tf.id IS UNIQUE\n                '[0m
[32m[2025-10-30 23:30:28] [INFO    ] [component_16_probabilistic_engine] ProbabilisticEngine initialisiert.[0m
[32m[2025-10-30 23:30:28] [INFO    ] [component_9_logik_engine] Logik-Engine initialisiert mit probabilistischer Unterst�tzung.[0m
[32m[2025-10-30 23:30:28] [INFO    ] [component_9_logik_engine] Logik-Engine initialisiert mit SAT-Solver f�r Boolean Reasoning.[0m
PASSED
tests/test_abductive_reasoning.py::TestMultiCriteriaScoring::test_simplicity_score [32m[2025-10-30 23:30:28] [INFO    ] [component_1_netzwerk_core] Initialisiere Neo4j-Verbindung | uri=bolt://127.0.0.1:7687 | user=neo4j[0m
[32m[2025-10-30 23:30:28] [INFO    ] [component_1_netzwerk_core] Neo4j-Verbindung erfolgreich hergestellt | uri=bolt://127.0.0.1:7687[0m
[32m[2025-10-30 23:30:28] [INFO    ] [neo4j.notifications] Received notification from DBMS server: {severity: INFORMATION} {code: Neo.ClientNotification.Schema.IndexOrConstraintAlreadyExists} {category: SCHEMA} {title: `CREATE CONSTRAINT WortLemma IF NOT EXISTS FOR (e:Wort) REQUIRE (e.lemma) IS UNIQUE` has no effect.} {description: `CONSTRAINT WortLemma FOR (e:Wort) REQUIRE (e.lemma) IS UNIQUE` already exists.} {position: None} for query: 'CREATE CONSTRAINT WortLemma IF NOT EXISTS FOR (w:Wort) REQUIRE w.lemma IS UNIQUE'[0m
[32m[2025-10-30 23:30:28] [INFO    ] [neo4j.notifications] Received notification from DBMS server: {severity: INFORMATION} {code: Neo.ClientNotification.Schema.IndexOrConstraintAlreadyExists} {category: SCHEMA} {title: `CREATE CONSTRAINT KonzeptName IF NOT EXISTS FOR (e:Konzept) REQUIRE (e.name) IS UNIQUE` has no effect.} {description: `CONSTRAINT KonzeptName FOR (e:Konzept) REQUIRE (e.name) IS UNIQUE` already exists.} {position: None} for query: 'CREATE CONSTRAINT KonzeptName IF NOT EXISTS FOR (k:Konzept) REQUIRE k.name IS UNIQUE'[0m
[32m[2025-10-30 23:30:28] [INFO    ] [neo4j.notifications] Received notification from DBMS server: {severity: INFORMATION} {code: Neo.ClientNotification.Schema.IndexOrConstraintAlreadyExists} {category: SCHEMA} {title: `CREATE CONSTRAINT ExtractionRuleType IF NOT EXISTS FOR (e:ExtractionRule) REQUIRE (e.relation_type) IS UNIQUE` has no effect.} {description: `CONSTRAINT ExtractionRuleType FOR (e:ExtractionRule) REQUIRE (e.relation_type) IS UNIQUE` already exists.} {position: None} for query: 'CREATE CONSTRAINT ExtractionRuleType IF NOT EXISTS FOR (r:ExtractionRule) REQUIRE r.relation_type IS UNIQUE'[0m
[32m[2025-10-30 23:30:28] [INFO    ] [neo4j.notifications] Received notification from DBMS server: {severity: INFORMATION} {code: Neo.ClientNotification.Schema.IndexOrConstraintAlreadyExists} {category: SCHEMA} {title: `CREATE CONSTRAINT PatternPrototypeId IF NOT EXISTS FOR (e:PatternPrototype) REQUIRE (e.id) IS UNIQUE` has no effect.} {description: `CONSTRAINT PatternPrototypeId FOR (e:PatternPrototype) REQUIRE (e.id) IS UNIQUE` already exists.} {position: None} for query: 'CREATE CONSTRAINT PatternPrototypeId IF NOT EXISTS FOR (p:PatternPrototype) REQUIRE p.id IS UNIQUE'[0m
[32m[2025-10-30 23:30:28] [INFO    ] [neo4j.notifications] Received notification from DBMS server: {severity: INFORMATION} {code: Neo.ClientNotification.Schema.IndexOrConstraintAlreadyExists} {category: SCHEMA} {title: `CREATE CONSTRAINT LexiconName IF NOT EXISTS FOR (e:Lexicon) REQUIRE (e.name) IS UNIQUE` has no effect.} {description: `CONSTRAINT LexiconName FOR (e:Lexicon) REQUIRE (e.name) IS UNIQUE` already exists.} {position: None} for query: 'CREATE CONSTRAINT LexiconName IF NOT EXISTS FOR (l:Lexicon) REQUIRE l.name IS UNIQUE'[0m
[32m[2025-10-30 23:30:28] [INFO    ] [neo4j.notifications] Received notification from DBMS server: {severity: INFORMATION} {code: Neo.ClientNotification.Schema.IndexOrConstraintAlreadyExists} {category: SCHEMA} {title: `CREATE CONSTRAINT EpisodeId IF NOT EXISTS FOR (e:Episode) REQUIRE (e.id) IS UNIQUE` has no effect.} {description: `CONSTRAINT EpisodeId FOR (e:Episode) REQUIRE (e.id) IS UNIQUE` already exists.} {position: None} for query: 'CREATE CONSTRAINT EpisodeId IF NOT EXISTS FOR (e:Episode) REQUIRE e.id IS UNIQUE'[0m
[32m[2025-10-30 23:30:28] [INFO    ] [neo4j.notifications] Received notification from DBMS server: {severity: INFORMATION} {code: Neo.ClientNotification.Schema.IndexOrConstraintAlreadyExists} {category: SCHEMA} {title: `CREATE CONSTRAINT InferenceEpisodeId IF NOT EXISTS FOR (e:InferenceEpisode) REQUIRE (e.id) IS UNIQUE` has no effect.} {description: `CONSTRAINT InferenceEpisodeId FOR (e:InferenceEpisode) REQUIRE (e.id) IS UNIQUE` already exists.} {position: None} for query: 'CREATE CONSTRAINT InferenceEpisodeId IF NOT EXISTS FOR (ie:InferenceEpisode) REQUIRE ie.id IS UNIQUE'[0m
[32m[2025-10-30 23:30:28] [INFO    ] [neo4j.notifications] Received notification from DBMS server: {severity: INFORMATION} {code: Neo.ClientNotification.Schema.IndexOrConstraintAlreadyExists} {category: SCHEMA} {title: `CREATE CONSTRAINT ProofStepId IF NOT EXISTS FOR (e:ProofStep) REQUIRE (e.id) IS UNIQUE` has no effect.} {description: `CONSTRAINT ProofStepId FOR (e:ProofStep) REQUIRE (e.id) IS UNIQUE` already exists.} {position: None} for query: 'CREATE CONSTRAINT ProofStepId IF NOT EXISTS FOR (ps:ProofStep) REQUIRE ps.id IS UNIQUE'[0m
[32m[2025-10-30 23:30:28] [INFO    ] [neo4j.notifications] Received notification from DBMS server: {severity: INFORMATION} {code: Neo.ClientNotification.Schema.IndexOrConstraintAlreadyExists} {category: SCHEMA} {title: `CREATE CONSTRAINT HypothesisId IF NOT EXISTS FOR (e:Hypothesis) REQUIRE (e.id) IS UNIQUE` has no effect.} {description: `CONSTRAINT HypothesisId FOR (e:Hypothesis) REQUIRE (e.id) IS UNIQUE` already exists.} {position: None} for query: 'CREATE CONSTRAINT HypothesisId IF NOT EXISTS FOR (h:Hypothesis) REQUIRE h.id IS UNIQUE'[0m
[32m[2025-10-30 23:30:28] [INFO    ] [component_1_netzwerk_core] Neo4j Constraints erfolgreich konfiguriert[0m
[32m[2025-10-30 23:30:28] [INFO    ] [neo4j.notifications] Received notification from DBMS server: {severity: INFORMATION} {code: Neo.ClientNotification.Schema.IndexOrConstraintAlreadyExists} {category: SCHEMA} {title: `CREATE CONSTRAINT UsageContextId IF NOT EXISTS FOR (e:UsageContext) REQUIRE (e.id) IS UNIQUE` has no effect.} {description: `CONSTRAINT UsageContextId FOR (e:UsageContext) REQUIRE (e.id) IS UNIQUE` already exists.} {position: None} for query: '\n                CREATE CONSTRAINT UsageContextId IF NOT EXISTS\n                FOR (uc:UsageContext) REQUIRE uc.id IS UNIQUE\n                '[0m
[32m[2025-10-30 23:30:28] [INFO    ] [neo4j.notifications] Received notification from DBMS server: {severity: INFORMATION} {code: Neo.ClientNotification.Schema.IndexOrConstraintAlreadyExists} {category: SCHEMA} {title: `CREATE CONSTRAINT TypoFeedbackId IF NOT EXISTS FOR (e:TypoFeedback) REQUIRE (e.id) IS UNIQUE` has no effect.} {description: `CONSTRAINT TypoFeedbackId FOR (e:TypoFeedback) REQUIRE (e.id) IS UNIQUE` already exists.} {position: None} for query: '\n                CREATE CONSTRAINT TypoFeedbackId IF NOT EXISTS\n                FOR (tf:TypoFeedback) REQUIRE tf.id IS UNIQUE\n                '[0m
[32m[2025-10-30 23:30:28] [INFO    ] [component_16_probabilistic_engine] ProbabilisticEngine initialisiert.[0m
[32m[2025-10-30 23:30:28] [INFO    ] [component_9_logik_engine] Logik-Engine initialisiert mit probabilistischer Unterst�tzung.[0m
[32m[2025-10-30 23:30:28] [INFO    ] [component_9_logik_engine] Logik-Engine initialisiert mit SAT-Solver f�r Boolean Reasoning.[0m
PASSED
tests/test_abductive_reasoning.py::TestMultiCriteriaScoring::test_coherence_score [32m[2025-10-30 23:30:28] [INFO    ] [component_1_netzwerk_core] Initialisiere Neo4j-Verbindung | uri=bolt://127.0.0.1:7687 | user=neo4j[0m
[32m[2025-10-30 23:30:28] [INFO    ] [component_1_netzwerk_core] Neo4j-Verbindung erfolgreich hergestellt | uri=bolt://127.0.0.1:7687[0m
[32m[2025-10-30 23:30:28] [INFO    ] [neo4j.notifications] Received notification from DBMS server: {severity: INFORMATION} {code: Neo.ClientNotification.Schema.IndexOrConstraintAlreadyExists} {category: SCHEMA} {title: `CREATE CONSTRAINT WortLemma IF NOT EXISTS FOR (e:Wort) REQUIRE (e.lemma) IS UNIQUE` has no effect.} {description: `CONSTRAINT WortLemma FOR (e:Wort) REQUIRE (e.lemma) IS UNIQUE` already exists.} {position: None} for query: 'CREATE CONSTRAINT WortLemma IF NOT EXISTS FOR (w:Wort) REQUIRE w.lemma IS UNIQUE'[0m
[32m[2025-10-30 23:30:28] [INFO    ] [neo4j.notifications] Received notification from DBMS server: {severity: INFORMATION} {code: Neo.ClientNotification.Schema.IndexOrConstraintAlreadyExists} {category: SCHEMA} {title: `CREATE CONSTRAINT KonzeptName IF NOT EXISTS FOR (e:Konzept) REQUIRE (e.name) IS UNIQUE` has no effect.} {description: `CONSTRAINT KonzeptName FOR (e:Konzept) REQUIRE (e.name) IS UNIQUE` already exists.} {position: None} for query: 'CREATE CONSTRAINT KonzeptName IF NOT EXISTS FOR (k:Konzept) REQUIRE k.name IS UNIQUE'[0m
[32m[2025-10-30 23:30:28] [INFO    ] [neo4j.notifications] Received notification from DBMS server: {severity: INFORMATION} {code: Neo.ClientNotification.Schema.IndexOrConstraintAlreadyExists} {category: SCHEMA} {title: `CREATE CONSTRAINT ExtractionRuleType IF NOT EXISTS FOR (e:ExtractionRule) REQUIRE (e.relation_type) IS UNIQUE` has no effect.} {description: `CONSTRAINT ExtractionRuleType FOR (e:ExtractionRule) REQUIRE (e.relation_type) IS UNIQUE` already exists.} {position: None} for query: 'CREATE CONSTRAINT ExtractionRuleType IF NOT EXISTS FOR (r:ExtractionRule) REQUIRE r.relation_type IS UNIQUE'[0m
[32m[2025-10-30 23:30:28] [INFO    ] [neo4j.notifications] Received notification from DBMS server: {severity: INFORMATION} {code: Neo.ClientNotification.Schema.IndexOrConstraintAlreadyExists} {category: SCHEMA} {title: `CREATE CONSTRAINT PatternPrototypeId IF NOT EXISTS FOR (e:PatternPrototype) REQUIRE (e.id) IS UNIQUE` has no effect.} {description: `CONSTRAINT PatternPrototypeId FOR (e:PatternPrototype) REQUIRE (e.id) IS UNIQUE` already exists.} {position: None} for query: 'CREATE CONSTRAINT PatternPrototypeId IF NOT EXISTS FOR (p:PatternPrototype) REQUIRE p.id IS UNIQUE'[0m
[32m[2025-10-30 23:30:28] [INFO    ] [neo4j.notifications] Received notification from DBMS server: {severity: INFORMATION} {code: Neo.ClientNotification.Schema.IndexOrConstraintAlreadyExists} {category: SCHEMA} {title: `CREATE CONSTRAINT LexiconName IF NOT EXISTS FOR (e:Lexicon) REQUIRE (e.name) IS UNIQUE` has no effect.} {description: `CONSTRAINT LexiconName FOR (e:Lexicon) REQUIRE (e.name) IS UNIQUE` already exists.} {position: None} for query: 'CREATE CONSTRAINT LexiconName IF NOT EXISTS FOR (l:Lexicon) REQUIRE l.name IS UNIQUE'[0m
[32m[2025-10-30 23:30:28] [INFO    ] [neo4j.notifications] Received notification from DBMS server: {severity: INFORMATION} {code: Neo.ClientNotification.Schema.IndexOrConstraintAlreadyExists} {category: SCHEMA} {title: `CREATE CONSTRAINT EpisodeId IF NOT EXISTS FOR (e:Episode) REQUIRE (e.id) IS UNIQUE` has no effect.} {description: `CONSTRAINT EpisodeId FOR (e:Episode) REQUIRE (e.id) IS UNIQUE` already exists.} {position: None} for query: 'CREATE CONSTRAINT EpisodeId IF NOT EXISTS FOR (e:Episode) REQUIRE e.id IS UNIQUE'[0m
[32m[2025-10-30 23:30:28] [INFO    ] [neo4j.notifications] Received notification from DBMS server: {severity: INFORMATION} {code: Neo.ClientNotification.Schema.IndexOrConstraintAlreadyExists} {category: SCHEMA} {title: `CREATE CONSTRAINT InferenceEpisodeId IF NOT EXISTS FOR (e:InferenceEpisode) REQUIRE (e.id) IS UNIQUE` has no effect.} {description: `CONSTRAINT InferenceEpisodeId FOR (e:InferenceEpisode) REQUIRE (e.id) IS UNIQUE` already exists.} {position: None} for query: 'CREATE CONSTRAINT InferenceEpisodeId IF NOT EXISTS FOR (ie:InferenceEpisode) REQUIRE ie.id IS UNIQUE'[0m
[32m[2025-10-30 23:30:28] [INFO    ] [neo4j.notifications] Received notification from DBMS server: {severity: INFORMATION} {code: Neo.ClientNotification.Schema.IndexOrConstraintAlreadyExists} {category: SCHEMA} {title: `CREATE CONSTRAINT ProofStepId IF NOT EXISTS FOR (e:ProofStep) REQUIRE (e.id) IS UNIQUE` has no effect.} {description: `CONSTRAINT ProofStepId FOR (e:ProofStep) REQUIRE (e.id) IS UNIQUE` already exists.} {position: None} for query: 'CREATE CONSTRAINT ProofStepId IF NOT EXISTS FOR (ps:ProofStep) REQUIRE ps.id IS UNIQUE'[0m
[32m[2025-10-30 23:30:28] [INFO    ] [neo4j.notifications] Received notification from DBMS server: {severity: INFORMATION} {code: Neo.ClientNotification.Schema.IndexOrConstraintAlreadyExists} {category: SCHEMA} {title: `CREATE CONSTRAINT HypothesisId IF NOT EXISTS FOR (e:Hypothesis) REQUIRE (e.id) IS UNIQUE` has no effect.} {description: `CONSTRAINT HypothesisId FOR (e:Hypothesis) REQUIRE (e.id) IS UNIQUE` already exists.} {position: None} for query: 'CREATE CONSTRAINT HypothesisId IF NOT EXISTS FOR (h:Hypothesis) REQUIRE h.id IS UNIQUE'[0m
[32m[2025-10-30 23:30:28] [INFO    ] [component_1_netzwerk_core] Neo4j Constraints erfolgreich konfiguriert[0m
[32m[2025-10-30 23:30:28] [INFO    ] [neo4j.notifications] Received notification from DBMS server: {severity: INFORMATION} {code: Neo.ClientNotification.Schema.IndexOrConstraintAlreadyExists} {category: SCHEMA} {title: `CREATE CONSTRAINT UsageContextId IF NOT EXISTS FOR (e:UsageContext) REQUIRE (e.id) IS UNIQUE` has no effect.} {description: `CONSTRAINT UsageContextId FOR (e:UsageContext) REQUIRE (e.id) IS UNIQUE` already exists.} {position: None} for query: '\n                CREATE CONSTRAINT UsageContextId IF NOT EXISTS\n                FOR (uc:UsageContext) REQUIRE uc.id IS UNIQUE\n                '[0m
[32m[2025-10-30 23:30:28] [INFO    ] [neo4j.notifications] Received notification from DBMS server: {severity: INFORMATION} {code: Neo.ClientNotification.Schema.IndexOrConstraintAlreadyExists} {category: SCHEMA} {title: `CREATE CONSTRAINT TypoFeedbackId IF NOT EXISTS FOR (e:TypoFeedback) REQUIRE (e.id) IS UNIQUE` has no effect.} {description: `CONSTRAINT TypoFeedbackId FOR (e:TypoFeedback) REQUIRE (e.id) IS UNIQUE` already exists.} {position: None} for query: '\n                CREATE CONSTRAINT TypoFeedbackId IF NOT EXISTS\n                FOR (tf:TypoFeedback) REQUIRE tf.id IS UNIQUE\n                '[0m
[32m[2025-10-30 23:30:28] [INFO    ] [component_16_probabilistic_engine] ProbabilisticEngine initialisiert.[0m
[32m[2025-10-30 23:30:28] [INFO    ] [component_9_logik_engine] Logik-Engine initialisiert mit probabilistischer Unterst�tzung.[0m
[32m[2025-10-30 23:30:28] [INFO    ] [component_9_logik_engine] Logik-Engine initialisiert mit SAT-Solver f�r Boolean Reasoning.[0m
[32m[2025-10-30 23:30:29] [INFO    ] [component_1_netzwerk_core] Neue Relation erstellt | subject=test_vogel | relation=CAPABLE_OF | object=test_fliegen | source=None[0m
[32m[2025-10-30 23:30:29] [INFO    ] [component_1_netzwerk_core] Neue Relation erstellt | subject=test_vogel | relation=HAS_PROPERTY | object=test_fl�gel | source=None[0m
[32m[2025-10-30 23:30:29] [INFO    ] [component_1_netzwerk_core] Neue Relation erstellt | subject=test_vogel | relation=HAS_PROPERTY | object=test_federkleid | source=None[0m
[32m[2025-10-30 23:30:29] [INFO    ] [component_1_netzwerk_core] Neue Relation erstellt | subject=test_vogel | relation=IS_A | object=test_tier | source=None[0m
PASSED
tests/test_abductive_reasoning.py::TestMultiCriteriaScoring::test_specificity_score [32m[2025-10-30 23:30:29] [INFO    ] [component_1_netzwerk_core] Initialisiere Neo4j-Verbindung | uri=bolt://127.0.0.1:7687 | user=neo4j[0m
[32m[2025-10-30 23:30:29] [INFO    ] [component_1_netzwerk_core] Neo4j-Verbindung erfolgreich hergestellt | uri=bolt://127.0.0.1:7687[0m
[32m[2025-10-30 23:30:29] [INFO    ] [neo4j.notifications] Received notification from DBMS server: {severity: INFORMATION} {code: Neo.ClientNotification.Schema.IndexOrConstraintAlreadyExists} {category: SCHEMA} {title: `CREATE CONSTRAINT WortLemma IF NOT EXISTS FOR (e:Wort) REQUIRE (e.lemma) IS UNIQUE` has no effect.} {description: `CONSTRAINT WortLemma FOR (e:Wort) REQUIRE (e.lemma) IS UNIQUE` already exists.} {position: None} for query: 'CREATE CONSTRAINT WortLemma IF NOT EXISTS FOR (w:Wort) REQUIRE w.lemma IS UNIQUE'[0m
[32m[2025-10-30 23:30:29] [INFO    ] [neo4j.notifications] Received notification from DBMS server: {severity: INFORMATION} {code: Neo.ClientNotification.Schema.IndexOrConstraintAlreadyExists} {category: SCHEMA} {title: `CREATE CONSTRAINT KonzeptName IF NOT EXISTS FOR (e:Konzept) REQUIRE (e.name) IS UNIQUE` has no effect.} {description: `CONSTRAINT KonzeptName FOR (e:Konzept) REQUIRE (e.name) IS UNIQUE` already exists.} {position: None} for query: 'CREATE CONSTRAINT KonzeptName IF NOT EXISTS FOR (k:Konzept) REQUIRE k.name IS UNIQUE'[0m
[32m[2025-10-30 23:30:29] [INFO    ] [neo4j.notifications] Received notification from DBMS server: {severity: INFORMATION} {code: Neo.ClientNotification.Schema.IndexOrConstraintAlreadyExists} {category: SCHEMA} {title: `CREATE CONSTRAINT ExtractionRuleType IF NOT EXISTS FOR (e:ExtractionRule) REQUIRE (e.relation_type) IS UNIQUE` has no effect.} {description: `CONSTRAINT ExtractionRuleType FOR (e:ExtractionRule) REQUIRE (e.relation_type) IS UNIQUE` already exists.} {position: None} for query: 'CREATE CONSTRAINT ExtractionRuleType IF NOT EXISTS FOR (r:ExtractionRule) REQUIRE r.relation_type IS UNIQUE'[0m
[32m[2025-10-30 23:30:29] [INFO    ] [neo4j.notifications] Received notification from DBMS server: {severity: INFORMATION} {code: Neo.ClientNotification.Schema.IndexOrConstraintAlreadyExists} {category: SCHEMA} {title: `CREATE CONSTRAINT PatternPrototypeId IF NOT EXISTS FOR (e:PatternPrototype) REQUIRE (e.id) IS UNIQUE` has no effect.} {description: `CONSTRAINT PatternPrototypeId FOR (e:PatternPrototype) REQUIRE (e.id) IS UNIQUE` already exists.} {position: None} for query: 'CREATE CONSTRAINT PatternPrototypeId IF NOT EXISTS FOR (p:PatternPrototype) REQUIRE p.id IS UNIQUE'[0m
[32m[2025-10-30 23:30:29] [INFO    ] [neo4j.notifications] Received notification from DBMS server: {severity: INFORMATION} {code: Neo.ClientNotification.Schema.IndexOrConstraintAlreadyExists} {category: SCHEMA} {title: `CREATE CONSTRAINT LexiconName IF NOT EXISTS FOR (e:Lexicon) REQUIRE (e.name) IS UNIQUE` has no effect.} {description: `CONSTRAINT LexiconName FOR (e:Lexicon) REQUIRE (e.name) IS UNIQUE` already exists.} {position: None} for query: 'CREATE CONSTRAINT LexiconName IF NOT EXISTS FOR (l:Lexicon) REQUIRE l.name IS UNIQUE'[0m
[32m[2025-10-30 23:30:29] [INFO    ] [neo4j.notifications] Received notification from DBMS server: {severity: INFORMATION} {code: Neo.ClientNotification.Schema.IndexOrConstraintAlreadyExists} {category: SCHEMA} {title: `CREATE CONSTRAINT EpisodeId IF NOT EXISTS FOR (e:Episode) REQUIRE (e.id) IS UNIQUE` has no effect.} {description: `CONSTRAINT EpisodeId FOR (e:Episode) REQUIRE (e.id) IS UNIQUE` already exists.} {position: None} for query: 'CREATE CONSTRAINT EpisodeId IF NOT EXISTS FOR (e:Episode) REQUIRE e.id IS UNIQUE'[0m
[32m[2025-10-30 23:30:29] [INFO    ] [neo4j.notifications] Received notification from DBMS server: {severity: INFORMATION} {code: Neo.ClientNotification.Schema.IndexOrConstraintAlreadyExists} {category: SCHEMA} {title: `CREATE CONSTRAINT InferenceEpisodeId IF NOT EXISTS FOR (e:InferenceEpisode) REQUIRE (e.id) IS UNIQUE` has no effect.} {description: `CONSTRAINT InferenceEpisodeId FOR (e:InferenceEpisode) REQUIRE (e.id) IS UNIQUE` already exists.} {position: None} for query: 'CREATE CONSTRAINT InferenceEpisodeId IF NOT EXISTS FOR (ie:InferenceEpisode) REQUIRE ie.id IS UNIQUE'[0m
[32m[2025-10-30 23:30:29] [INFO    ] [neo4j.notifications] Received notification from DBMS server: {severity: INFORMATION} {code: Neo.ClientNotification.Schema.IndexOrConstraintAlreadyExists} {category: SCHEMA} {title: `CREATE CONSTRAINT ProofStepId IF NOT EXISTS FOR (e:ProofStep) REQUIRE (e.id) IS UNIQUE` has no effect.} {description: `CONSTRAINT ProofStepId FOR (e:ProofStep) REQUIRE (e.id) IS UNIQUE` already exists.} {position: None} for query: 'CREATE CONSTRAINT ProofStepId IF NOT EXISTS FOR (ps:ProofStep) REQUIRE ps.id IS UNIQUE'[0m
[32m[2025-10-30 23:30:29] [INFO    ] [neo4j.notifications] Received notification from DBMS server: {severity: INFORMATION} {code: Neo.ClientNotification.Schema.IndexOrConstraintAlreadyExists} {category: SCHEMA} {title: `CREATE CONSTRAINT HypothesisId IF NOT EXISTS FOR (e:Hypothesis) REQUIRE (e.id) IS UNIQUE` has no effect.} {description: `CONSTRAINT HypothesisId FOR (e:Hypothesis) REQUIRE (e.id) IS UNIQUE` already exists.} {position: None} for query: 'CREATE CONSTRAINT HypothesisId IF NOT EXISTS FOR (h:Hypothesis) REQUIRE h.id IS UNIQUE'[0m
[32m[2025-10-30 23:30:29] [INFO    ] [component_1_netzwerk_core] Neo4j Constraints erfolgreich konfiguriert[0m
[32m[2025-10-30 23:30:29] [INFO    ] [neo4j.notifications] Received notification from DBMS server: {severity: INFORMATION} {code: Neo.ClientNotification.Schema.IndexOrConstraintAlreadyExists} {category: SCHEMA} {title: `CREATE CONSTRAINT UsageContextId IF NOT EXISTS FOR (e:UsageContext) REQUIRE (e.id) IS UNIQUE` has no effect.} {description: `CONSTRAINT UsageContextId FOR (e:UsageContext) REQUIRE (e.id) IS UNIQUE` already exists.} {position: None} for query: '\n                CREATE CONSTRAINT UsageContextId IF NOT EXISTS\n                FOR (uc:UsageContext) REQUIRE uc.id IS UNIQUE\n                '[0m
[32m[2025-10-30 23:30:29] [INFO    ] [neo4j.notifications] Received notification from DBMS server: {severity: INFORMATION} {code: Neo.ClientNotification.Schema.IndexOrConstraintAlreadyExists} {category: SCHEMA} {title: `CREATE CONSTRAINT TypoFeedbackId IF NOT EXISTS FOR (e:TypoFeedback) REQUIRE (e.id) IS UNIQUE` has no effect.} {description: `CONSTRAINT TypoFeedbackId FOR (e:TypoFeedback) REQUIRE (e.id) IS UNIQUE` already exists.} {position: None} for query: '\n                CREATE CONSTRAINT TypoFeedbackId IF NOT EXISTS\n                FOR (tf:TypoFeedback) REQUIRE tf.id IS UNIQUE\n                '[0m
[32m[2025-10-30 23:30:29] [INFO    ] [component_16_probabilistic_engine] ProbabilisticEngine initialisiert.[0m
[32m[2025-10-30 23:30:29] [INFO    ] [component_9_logik_engine] Logik-Engine initialisiert mit probabilistischer Unterst�tzung.[0m
[32m[2025-10-30 23:30:29] [INFO    ] [component_9_logik_engine] Logik-Engine initialisiert mit SAT-Solver f�r Boolean Reasoning.[0m
PASSED
tests/test_abductive_reasoning.py::TestMultiCriteriaScoring::test_weighted_scoring [32m[2025-10-30 23:30:29] [INFO    ] [component_1_netzwerk_core] Initialisiere Neo4j-Verbindung | uri=bolt://127.0.0.1:7687 | user=neo4j[0m
[32m[2025-10-30 23:30:29] [INFO    ] [component_1_netzwerk_core] Neo4j-Verbindung erfolgreich hergestellt | uri=bolt://127.0.0.1:7687[0m
[32m[2025-10-30 23:30:29] [INFO    ] [neo4j.notifications] Received notification from DBMS server: {severity: INFORMATION} {code: Neo.ClientNotification.Schema.IndexOrConstraintAlreadyExists} {category: SCHEMA} {title: `CREATE CONSTRAINT WortLemma IF NOT EXISTS FOR (e:Wort) REQUIRE (e.lemma) IS UNIQUE` has no effect.} {description: `CONSTRAINT WortLemma FOR (e:Wort) REQUIRE (e.lemma) IS UNIQUE` already exists.} {position: None} for query: 'CREATE CONSTRAINT WortLemma IF NOT EXISTS FOR (w:Wort) REQUIRE w.lemma IS UNIQUE'[0m
[32m[2025-10-30 23:30:29] [INFO    ] [neo4j.notifications] Received notification from DBMS server: {severity: INFORMATION} {code: Neo.ClientNotification.Schema.IndexOrConstraintAlreadyExists} {category: SCHEMA} {title: `CREATE CONSTRAINT KonzeptName IF NOT EXISTS FOR (e:Konzept) REQUIRE (e.name) IS UNIQUE` has no effect.} {description: `CONSTRAINT KonzeptName FOR (e:Konzept) REQUIRE (e.name) IS UNIQUE` already exists.} {position: None} for query: 'CREATE CONSTRAINT KonzeptName IF NOT EXISTS FOR (k:Konzept) REQUIRE k.name IS UNIQUE'[0m
[32m[2025-10-30 23:30:29] [INFO    ] [neo4j.notifications] Received notification from DBMS server: {severity: INFORMATION} {code: Neo.ClientNotification.Schema.IndexOrConstraintAlreadyExists} {category: SCHEMA} {title: `CREATE CONSTRAINT ExtractionRuleType IF NOT EXISTS FOR (e:ExtractionRule) REQUIRE (e.relation_type) IS UNIQUE` has no effect.} {description: `CONSTRAINT ExtractionRuleType FOR (e:ExtractionRule) REQUIRE (e.relation_type) IS UNIQUE` already exists.} {position: None} for query: 'CREATE CONSTRAINT ExtractionRuleType IF NOT EXISTS FOR (r:ExtractionRule) REQUIRE r.relation_type IS UNIQUE'[0m
[32m[2025-10-30 23:30:29] [INFO    ] [neo4j.notifications] Received notification from DBMS server: {severity: INFORMATION} {code: Neo.ClientNotification.Schema.IndexOrConstraintAlreadyExists} {category: SCHEMA} {title: `CREATE CONSTRAINT PatternPrototypeId IF NOT EXISTS FOR (e:PatternPrototype) REQUIRE (e.id) IS UNIQUE` has no effect.} {description: `CONSTRAINT PatternPrototypeId FOR (e:PatternPrototype) REQUIRE (e.id) IS UNIQUE` already exists.} {position: None} for query: 'CREATE CONSTRAINT PatternPrototypeId IF NOT EXISTS FOR (p:PatternPrototype) REQUIRE p.id IS UNIQUE'[0m
[32m[2025-10-30 23:30:29] [INFO    ] [neo4j.notifications] Received notification from DBMS server: {severity: INFORMATION} {code: Neo.ClientNotification.Schema.IndexOrConstraintAlreadyExists} {category: SCHEMA} {title: `CREATE CONSTRAINT LexiconName IF NOT EXISTS FOR (e:Lexicon) REQUIRE (e.name) IS UNIQUE` has no effect.} {description: `CONSTRAINT LexiconName FOR (e:Lexicon) REQUIRE (e.name) IS UNIQUE` already exists.} {position: None} for query: 'CREATE CONSTRAINT LexiconName IF NOT EXISTS FOR (l:Lexicon) REQUIRE l.name IS UNIQUE'[0m
[32m[2025-10-30 23:30:29] [INFO    ] [neo4j.notifications] Received notification from DBMS server: {severity: INFORMATION} {code: Neo.ClientNotification.Schema.IndexOrConstraintAlreadyExists} {category: SCHEMA} {title: `CREATE CONSTRAINT EpisodeId IF NOT EXISTS FOR (e:Episode) REQUIRE (e.id) IS UNIQUE` has no effect.} {description: `CONSTRAINT EpisodeId FOR (e:Episode) REQUIRE (e.id) IS UNIQUE` already exists.} {position: None} for query: 'CREATE CONSTRAINT EpisodeId IF NOT EXISTS FOR (e:Episode) REQUIRE e.id IS UNIQUE'[0m
[32m[2025-10-30 23:30:29] [INFO    ] [neo4j.notifications] Received notification from DBMS server: {severity: INFORMATION} {code: Neo.ClientNotification.Schema.IndexOrConstraintAlreadyExists} {category: SCHEMA} {title: `CREATE CONSTRAINT InferenceEpisodeId IF NOT EXISTS FOR (e:InferenceEpisode) REQUIRE (e.id) IS UNIQUE` has no effect.} {description: `CONSTRAINT InferenceEpisodeId FOR (e:InferenceEpisode) REQUIRE (e.id) IS UNIQUE` already exists.} {position: None} for query: 'CREATE CONSTRAINT InferenceEpisodeId IF NOT EXISTS FOR (ie:InferenceEpisode) REQUIRE ie.id IS UNIQUE'[0m
[32m[2025-10-30 23:30:29] [INFO    ] [neo4j.notifications] Received notification from DBMS server: {severity: INFORMATION} {code: Neo.ClientNotification.Schema.IndexOrConstraintAlreadyExists} {category: SCHEMA} {title: `CREATE CONSTRAINT ProofStepId IF NOT EXISTS FOR (e:ProofStep) REQUIRE (e.id) IS UNIQUE` has no effect.} {description: `CONSTRAINT ProofStepId FOR (e:ProofStep) REQUIRE (e.id) IS UNIQUE` already exists.} {position: None} for query: 'CREATE CONSTRAINT ProofStepId IF NOT EXISTS FOR (ps:ProofStep) REQUIRE ps.id IS UNIQUE'[0m
[32m[2025-10-30 23:30:29] [INFO    ] [neo4j.notifications] Received notification from DBMS server: {severity: INFORMATION} {code: Neo.ClientNotification.Schema.IndexOrConstraintAlreadyExists} {category: SCHEMA} {title: `CREATE CONSTRAINT HypothesisId IF NOT EXISTS FOR (e:Hypothesis) REQUIRE (e.id) IS UNIQUE` has no effect.} {description: `CONSTRAINT HypothesisId FOR (e:Hypothesis) REQUIRE (e.id) IS UNIQUE` already exists.} {position: None} for query: 'CREATE CONSTRAINT HypothesisId IF NOT EXISTS FOR (h:Hypothesis) REQUIRE h.id IS UNIQUE'[0m
[32m[2025-10-30 23:30:29] [INFO    ] [component_1_netzwerk_core] Neo4j Constraints erfolgreich konfiguriert[0m
[32m[2025-10-30 23:30:29] [INFO    ] [neo4j.notifications] Received notification from DBMS server: {severity: INFORMATION} {code: Neo.ClientNotification.Schema.IndexOrConstraintAlreadyExists} {category: SCHEMA} {title: `CREATE CONSTRAINT UsageContextId IF NOT EXISTS FOR (e:UsageContext) REQUIRE (e.id) IS UNIQUE` has no effect.} {description: `CONSTRAINT UsageContextId FOR (e:UsageContext) REQUIRE (e.id) IS UNIQUE` already exists.} {position: None} for query: '\n                CREATE CONSTRAINT UsageContextId IF NOT EXISTS\n                FOR (uc:UsageContext) REQUIRE uc.id IS UNIQUE\n                '[0m
[32m[2025-10-30 23:30:29] [INFO    ] [neo4j.notifications] Received notification from DBMS server: {severity: INFORMATION} {code: Neo.ClientNotification.Schema.IndexOrConstraintAlreadyExists} {category: SCHEMA} {title: `CREATE CONSTRAINT TypoFeedbackId IF NOT EXISTS FOR (e:TypoFeedback) REQUIRE (e.id) IS UNIQUE` has no effect.} {description: `CONSTRAINT TypoFeedbackId FOR (e:TypoFeedback) REQUIRE (e.id) IS UNIQUE` already exists.} {position: None} for query: '\n                CREATE CONSTRAINT TypoFeedbackId IF NOT EXISTS\n                FOR (tf:TypoFeedback) REQUIRE tf.id IS UNIQUE\n                '[0m
[32m[2025-10-30 23:30:29] [INFO    ] [component_16_probabilistic_engine] ProbabilisticEngine initialisiert.[0m
[32m[2025-10-30 23:30:29] [INFO    ] [component_9_logik_engine] Logik-Engine initialisiert mit probabilistischer Unterst�tzung.[0m
[32m[2025-10-30 23:30:29] [INFO    ] [component_9_logik_engine] Logik-Engine initialisiert mit SAT-Solver f�r Boolean Reasoning.[0m
PASSED
tests/test_abductive_reasoning.py::TestHypothesisPersistence::test_store_hypothesis [32m[2025-10-30 23:30:29] [INFO    ] [component_1_netzwerk_core] Initialisiere Neo4j-Verbindung | uri=bolt://127.0.0.1:7687 | user=neo4j[0m
[32m[2025-10-30 23:30:29] [INFO    ] [component_1_netzwerk_core] Neo4j-Verbindung erfolgreich hergestellt | uri=bolt://127.0.0.1:7687[0m
[32m[2025-10-30 23:30:29] [INFO    ] [neo4j.notifications] Received notification from DBMS server: {severity: INFORMATION} {code: Neo.ClientNotification.Schema.IndexOrConstraintAlreadyExists} {category: SCHEMA} {title: `CREATE CONSTRAINT WortLemma IF NOT EXISTS FOR (e:Wort) REQUIRE (e.lemma) IS UNIQUE` has no effect.} {description: `CONSTRAINT WortLemma FOR (e:Wort) REQUIRE (e.lemma) IS UNIQUE` already exists.} {position: None} for query: 'CREATE CONSTRAINT WortLemma IF NOT EXISTS FOR (w:Wort) REQUIRE w.lemma IS UNIQUE'[0m
[32m[2025-10-30 23:30:29] [INFO    ] [neo4j.notifications] Received notification from DBMS server: {severity: INFORMATION} {code: Neo.ClientNotification.Schema.IndexOrConstraintAlreadyExists} {category: SCHEMA} {title: `CREATE CONSTRAINT KonzeptName IF NOT EXISTS FOR (e:Konzept) REQUIRE (e.name) IS UNIQUE` has no effect.} {description: `CONSTRAINT KonzeptName FOR (e:Konzept) REQUIRE (e.name) IS UNIQUE` already exists.} {position: None} for query: 'CREATE CONSTRAINT KonzeptName IF NOT EXISTS FOR (k:Konzept) REQUIRE k.name IS UNIQUE'[0m
[32m[2025-10-30 23:30:29] [INFO    ] [neo4j.notifications] Received notification from DBMS server: {severity: INFORMATION} {code: Neo.ClientNotification.Schema.IndexOrConstraintAlreadyExists} {category: SCHEMA} {title: `CREATE CONSTRAINT ExtractionRuleType IF NOT EXISTS FOR (e:ExtractionRule) REQUIRE (e.relation_type) IS UNIQUE` has no effect.} {description: `CONSTRAINT ExtractionRuleType FOR (e:ExtractionRule) REQUIRE (e.relation_type) IS UNIQUE` already exists.} {position: None} for query: 'CREATE CONSTRAINT ExtractionRuleType IF NOT EXISTS FOR (r:ExtractionRule) REQUIRE r.relation_type IS UNIQUE'[0m
[32m[2025-10-30 23:30:29] [INFO    ] [neo4j.notifications] Received notification from DBMS server: {severity: INFORMATION} {code: Neo.ClientNotification.Schema.IndexOrConstraintAlreadyExists} {category: SCHEMA} {title: `CREATE CONSTRAINT PatternPrototypeId IF NOT EXISTS FOR (e:PatternPrototype) REQUIRE (e.id) IS UNIQUE` has no effect.} {description: `CONSTRAINT PatternPrototypeId FOR (e:PatternPrototype) REQUIRE (e.id) IS UNIQUE` already exists.} {position: None} for query: 'CREATE CONSTRAINT PatternPrototypeId IF NOT EXISTS FOR (p:PatternPrototype) REQUIRE p.id IS UNIQUE'[0m
[32m[2025-10-30 23:30:29] [INFO    ] [neo4j.notifications] Received notification from DBMS server: {severity: INFORMATION} {code: Neo.ClientNotification.Schema.IndexOrConstraintAlreadyExists} {category: SCHEMA} {title: `CREATE CONSTRAINT LexiconName IF NOT EXISTS FOR (e:Lexicon) REQUIRE (e.name) IS UNIQUE` has no effect.} {description: `CONSTRAINT LexiconName FOR (e:Lexicon) REQUIRE (e.name) IS UNIQUE` already exists.} {position: None} for query: 'CREATE CONSTRAINT LexiconName IF NOT EXISTS FOR (l:Lexicon) REQUIRE l.name IS UNIQUE'[0m
[32m[2025-10-30 23:30:29] [INFO    ] [neo4j.notifications] Received notification from DBMS server: {severity: INFORMATION} {code: Neo.ClientNotification.Schema.IndexOrConstraintAlreadyExists} {category: SCHEMA} {title: `CREATE CONSTRAINT EpisodeId IF NOT EXISTS FOR (e:Episode) REQUIRE (e.id) IS UNIQUE` has no effect.} {description: `CONSTRAINT EpisodeId FOR (e:Episode) REQUIRE (e.id) IS UNIQUE` already exists.} {position: None} for query: 'CREATE CONSTRAINT EpisodeId IF NOT EXISTS FOR (e:Episode) REQUIRE e.id IS UNIQUE'[0m
[32m[2025-10-30 23:30:29] [INFO    ] [neo4j.notifications] Received notification from DBMS server: {severity: INFORMATION} {code: Neo.ClientNotification.Schema.IndexOrConstraintAlreadyExists} {category: SCHEMA} {title: `CREATE CONSTRAINT InferenceEpisodeId IF NOT EXISTS FOR (e:InferenceEpisode) REQUIRE (e.id) IS UNIQUE` has no effect.} {description: `CONSTRAINT InferenceEpisodeId FOR (e:InferenceEpisode) REQUIRE (e.id) IS UNIQUE` already exists.} {position: None} for query: 'CREATE CONSTRAINT InferenceEpisodeId IF NOT EXISTS FOR (ie:InferenceEpisode) REQUIRE ie.id IS UNIQUE'[0m
[32m[2025-10-30 23:30:29] [INFO    ] [neo4j.notifications] Received notification from DBMS server: {severity: INFORMATION} {code: Neo.ClientNotification.Schema.IndexOrConstraintAlreadyExists} {category: SCHEMA} {title: `CREATE CONSTRAINT ProofStepId IF NOT EXISTS FOR (e:ProofStep) REQUIRE (e.id) IS UNIQUE` has no effect.} {description: `CONSTRAINT ProofStepId FOR (e:ProofStep) REQUIRE (e.id) IS UNIQUE` already exists.} {position: None} for query: 'CREATE CONSTRAINT ProofStepId IF NOT EXISTS FOR (ps:ProofStep) REQUIRE ps.id IS UNIQUE'[0m
[32m[2025-10-30 23:30:29] [INFO    ] [neo4j.notifications] Received notification from DBMS server: {severity: INFORMATION} {code: Neo.ClientNotification.Schema.IndexOrConstraintAlreadyExists} {category: SCHEMA} {title: `CREATE CONSTRAINT HypothesisId IF NOT EXISTS FOR (e:Hypothesis) REQUIRE (e.id) IS UNIQUE` has no effect.} {description: `CONSTRAINT HypothesisId FOR (e:Hypothesis) REQUIRE (e.id) IS UNIQUE` already exists.} {position: None} for query: 'CREATE CONSTRAINT HypothesisId IF NOT EXISTS FOR (h:Hypothesis) REQUIRE h.id IS UNIQUE'[0m
[32m[2025-10-30 23:30:29] [INFO    ] [component_1_netzwerk_core] Neo4j Constraints erfolgreich konfiguriert[0m
[32m[2025-10-30 23:30:29] [INFO    ] [neo4j.notifications] Received notification from DBMS server: {severity: INFORMATION} {code: Neo.ClientNotification.Schema.IndexOrConstraintAlreadyExists} {category: SCHEMA} {title: `CREATE CONSTRAINT UsageContextId IF NOT EXISTS FOR (e:UsageContext) REQUIRE (e.id) IS UNIQUE` has no effect.} {description: `CONSTRAINT UsageContextId FOR (e:UsageContext) REQUIRE (e.id) IS UNIQUE` already exists.} {position: None} for query: '\n                CREATE CONSTRAINT UsageContextId IF NOT EXISTS\n                FOR (uc:UsageContext) REQUIRE uc.id IS UNIQUE\n                '[0m
[32m[2025-10-30 23:30:29] [INFO    ] [neo4j.notifications] Received notification from DBMS server: {severity: INFORMATION} {code: Neo.ClientNotification.Schema.IndexOrConstraintAlreadyExists} {category: SCHEMA} {title: `CREATE CONSTRAINT TypoFeedbackId IF NOT EXISTS FOR (e:TypoFeedback) REQUIRE (e.id) IS UNIQUE` has no effect.} {description: `CONSTRAINT TypoFeedbackId FOR (e:TypoFeedback) REQUIRE (e.id) IS UNIQUE` already exists.} {position: None} for query: '\n                CREATE CONSTRAINT TypoFeedbackId IF NOT EXISTS\n                FOR (tf:TypoFeedback) REQUIRE tf.id IS UNIQUE\n                '[0m
[32m[2025-10-30 23:30:29] [INFO    ] [component_1_netzwerk_memory] Hypothese gespeichert: template | hypothesis_id=test_hyp_persist_1 | confidence=0.85[0m
PASSED
tests/test_abductive_reasoning.py::TestHypothesisPersistence::test_link_hypothesis_to_observations [32m[2025-10-30 23:30:29] [INFO    ] [component_1_netzwerk_core] Initialisiere Neo4j-Verbindung | uri=bolt://127.0.0.1:7687 | user=neo4j[0m
[32m[2025-10-30 23:30:29] [INFO    ] [component_1_netzwerk_core] Neo4j-Verbindung erfolgreich hergestellt | uri=bolt://127.0.0.1:7687[0m
[32m[2025-10-30 23:30:29] [INFO    ] [neo4j.notifications] Received notification from DBMS server: {severity: INFORMATION} {code: Neo.ClientNotification.Schema.IndexOrConstraintAlreadyExists} {category: SCHEMA} {title: `CREATE CONSTRAINT WortLemma IF NOT EXISTS FOR (e:Wort) REQUIRE (e.lemma) IS UNIQUE` has no effect.} {description: `CONSTRAINT WortLemma FOR (e:Wort) REQUIRE (e.lemma) IS UNIQUE` already exists.} {position: None} for query: 'CREATE CONSTRAINT WortLemma IF NOT EXISTS FOR (w:Wort) REQUIRE w.lemma IS UNIQUE'[0m
[32m[2025-10-30 23:30:29] [INFO    ] [neo4j.notifications] Received notification from DBMS server: {severity: INFORMATION} {code: Neo.ClientNotification.Schema.IndexOrConstraintAlreadyExists} {category: SCHEMA} {title: `CREATE CONSTRAINT KonzeptName IF NOT EXISTS FOR (e:Konzept) REQUIRE (e.name) IS UNIQUE` has no effect.} {description: `CONSTRAINT KonzeptName FOR (e:Konzept) REQUIRE (e.name) IS UNIQUE` already exists.} {position: None} for query: 'CREATE CONSTRAINT KonzeptName IF NOT EXISTS FOR (k:Konzept) REQUIRE k.name IS UNIQUE'[0m
[32m[2025-10-30 23:30:29] [INFO    ] [neo4j.notifications] Received notification from DBMS server: {severity: INFORMATION} {code: Neo.ClientNotification.Schema.IndexOrConstraintAlreadyExists} {category: SCHEMA} {title: `CREATE CONSTRAINT ExtractionRuleType IF NOT EXISTS FOR (e:ExtractionRule) REQUIRE (e.relation_type) IS UNIQUE` has no effect.} {description: `CONSTRAINT ExtractionRuleType FOR (e:ExtractionRule) REQUIRE (e.relation_type) IS UNIQUE` already exists.} {position: None} for query: 'CREATE CONSTRAINT ExtractionRuleType IF NOT EXISTS FOR (r:ExtractionRule) REQUIRE r.relation_type IS UNIQUE'[0m
[32m[2025-10-30 23:30:29] [INFO    ] [neo4j.notifications] Received notification from DBMS server: {severity: INFORMATION} {code: Neo.ClientNotification.Schema.IndexOrConstraintAlreadyExists} {category: SCHEMA} {title: `CREATE CONSTRAINT PatternPrototypeId IF NOT EXISTS FOR (e:PatternPrototype) REQUIRE (e.id) IS UNIQUE` has no effect.} {description: `CONSTRAINT PatternPrototypeId FOR (e:PatternPrototype) REQUIRE (e.id) IS UNIQUE` already exists.} {position: None} for query: 'CREATE CONSTRAINT PatternPrototypeId IF NOT EXISTS FOR (p:PatternPrototype) REQUIRE p.id IS UNIQUE'[0m
[32m[2025-10-30 23:30:29] [INFO    ] [neo4j.notifications] Received notification from DBMS server: {severity: INFORMATION} {code: Neo.ClientNotification.Schema.IndexOrConstraintAlreadyExists} {category: SCHEMA} {title: `CREATE CONSTRAINT LexiconName IF NOT EXISTS FOR (e:Lexicon) REQUIRE (e.name) IS UNIQUE` has no effect.} {description: `CONSTRAINT LexiconName FOR (e:Lexicon) REQUIRE (e.name) IS UNIQUE` already exists.} {position: None} for query: 'CREATE CONSTRAINT LexiconName IF NOT EXISTS FOR (l:Lexicon) REQUIRE l.name IS UNIQUE'[0m
[32m[2025-10-30 23:30:29] [INFO    ] [neo4j.notifications] Received notification from DBMS server: {severity: INFORMATION} {code: Neo.ClientNotification.Schema.IndexOrConstraintAlreadyExists} {category: SCHEMA} {title: `CREATE CONSTRAINT EpisodeId IF NOT EXISTS FOR (e:Episode) REQUIRE (e.id) IS UNIQUE` has no effect.} {description: `CONSTRAINT EpisodeId FOR (e:Episode) REQUIRE (e.id) IS UNIQUE` already exists.} {position: None} for query: 'CREATE CONSTRAINT EpisodeId IF NOT EXISTS FOR (e:Episode) REQUIRE e.id IS UNIQUE'[0m
[32m[2025-10-30 23:30:29] [INFO    ] [neo4j.notifications] Received notification from DBMS server: {severity: INFORMATION} {code: Neo.ClientNotification.Schema.IndexOrConstraintAlreadyExists} {category: SCHEMA} {title: `CREATE CONSTRAINT InferenceEpisodeId IF NOT EXISTS FOR (e:InferenceEpisode) REQUIRE (e.id) IS UNIQUE` has no effect.} {description: `CONSTRAINT InferenceEpisodeId FOR (e:InferenceEpisode) REQUIRE (e.id) IS UNIQUE` already exists.} {position: None} for query: 'CREATE CONSTRAINT InferenceEpisodeId IF NOT EXISTS FOR (ie:InferenceEpisode) REQUIRE ie.id IS UNIQUE'[0m
[32m[2025-10-30 23:30:29] [INFO    ] [neo4j.notifications] Received notification from DBMS server: {severity: INFORMATION} {code: Neo.ClientNotification.Schema.IndexOrConstraintAlreadyExists} {category: SCHEMA} {title: `CREATE CONSTRAINT ProofStepId IF NOT EXISTS FOR (e:ProofStep) REQUIRE (e.id) IS UNIQUE` has no effect.} {description: `CONSTRAINT ProofStepId FOR (e:ProofStep) REQUIRE (e.id) IS UNIQUE` already exists.} {position: None} for query: 'CREATE CONSTRAINT ProofStepId IF NOT EXISTS FOR (ps:ProofStep) REQUIRE ps.id IS UNIQUE'[0m
[32m[2025-10-30 23:30:29] [INFO    ] [neo4j.notifications] Received notification from DBMS server: {severity: INFORMATION} {code: Neo.ClientNotification.Schema.IndexOrConstraintAlreadyExists} {category: SCHEMA} {title: `CREATE CONSTRAINT HypothesisId IF NOT EXISTS FOR (e:Hypothesis) REQUIRE (e.id) IS UNIQUE` has no effect.} {description: `CONSTRAINT HypothesisId FOR (e:Hypothesis) REQUIRE (e.id) IS UNIQUE` already exists.} {position: None} for query: 'CREATE CONSTRAINT HypothesisId IF NOT EXISTS FOR (h:Hypothesis) REQUIRE h.id IS UNIQUE'[0m
[32m[2025-10-30 23:30:29] [INFO    ] [component_1_netzwerk_core] Neo4j Constraints erfolgreich konfiguriert[0m
[32m[2025-10-30 23:30:29] [INFO    ] [neo4j.notifications] Received notification from DBMS server: {severity: INFORMATION} {code: Neo.ClientNotification.Schema.IndexOrConstraintAlreadyExists} {category: SCHEMA} {title: `CREATE CONSTRAINT UsageContextId IF NOT EXISTS FOR (e:UsageContext) REQUIRE (e.id) IS UNIQUE` has no effect.} {description: `CONSTRAINT UsageContextId FOR (e:UsageContext) REQUIRE (e.id) IS UNIQUE` already exists.} {position: None} for query: '\n                CREATE CONSTRAINT UsageContextId IF NOT EXISTS\n                FOR (uc:UsageContext) REQUIRE uc.id IS UNIQUE\n                '[0m
[32m[2025-10-30 23:30:29] [INFO    ] [neo4j.notifications] Received notification from DBMS server: {severity: INFORMATION} {code: Neo.ClientNotification.Schema.IndexOrConstraintAlreadyExists} {category: SCHEMA} {title: `CREATE CONSTRAINT TypoFeedbackId IF NOT EXISTS FOR (e:TypoFeedback) REQUIRE (e.id) IS UNIQUE` has no effect.} {description: `CONSTRAINT TypoFeedbackId FOR (e:TypoFeedback) REQUIRE (e.id) IS UNIQUE` already exists.} {position: None} for query: '\n                CREATE CONSTRAINT TypoFeedbackId IF NOT EXISTS\n                FOR (tf:TypoFeedback) REQUIRE tf.id IS UNIQUE\n                '[0m
[32m[2025-10-30 23:30:29] [INFO    ] [component_1_netzwerk_memory] Hypothese gespeichert: template | hypothesis_id=test_hyp_link_1 | confidence=0.8[0m
PASSED
tests/test_abductive_reasoning.py::TestHypothesisPersistence::test_link_hypothesis_to_concepts [32m[2025-10-30 23:30:29] [INFO    ] [component_1_netzwerk_core] Initialisiere Neo4j-Verbindung | uri=bolt://127.0.0.1:7687 | user=neo4j[0m
[32m[2025-10-30 23:30:29] [INFO    ] [component_1_netzwerk_core] Neo4j-Verbindung erfolgreich hergestellt | uri=bolt://127.0.0.1:7687[0m
[32m[2025-10-30 23:30:29] [INFO    ] [neo4j.notifications] Received notification from DBMS server: {severity: INFORMATION} {code: Neo.ClientNotification.Schema.IndexOrConstraintAlreadyExists} {category: SCHEMA} {title: `CREATE CONSTRAINT WortLemma IF NOT EXISTS FOR (e:Wort) REQUIRE (e.lemma) IS UNIQUE` has no effect.} {description: `CONSTRAINT WortLemma FOR (e:Wort) REQUIRE (e.lemma) IS UNIQUE` already exists.} {position: None} for query: 'CREATE CONSTRAINT WortLemma IF NOT EXISTS FOR (w:Wort) REQUIRE w.lemma IS UNIQUE'[0m
[32m[2025-10-30 23:30:29] [INFO    ] [neo4j.notifications] Received notification from DBMS server: {severity: INFORMATION} {code: Neo.ClientNotification.Schema.IndexOrConstraintAlreadyExists} {category: SCHEMA} {title: `CREATE CONSTRAINT KonzeptName IF NOT EXISTS FOR (e:Konzept) REQUIRE (e.name) IS UNIQUE` has no effect.} {description: `CONSTRAINT KonzeptName FOR (e:Konzept) REQUIRE (e.name) IS UNIQUE` already exists.} {position: None} for query: 'CREATE CONSTRAINT KonzeptName IF NOT EXISTS FOR (k:Konzept) REQUIRE k.name IS UNIQUE'[0m
[32m[2025-10-30 23:30:29] [INFO    ] [neo4j.notifications] Received notification from DBMS server: {severity: INFORMATION} {code: Neo.ClientNotification.Schema.IndexOrConstraintAlreadyExists} {category: SCHEMA} {title: `CREATE CONSTRAINT ExtractionRuleType IF NOT EXISTS FOR (e:ExtractionRule) REQUIRE (e.relation_type) IS UNIQUE` has no effect.} {description: `CONSTRAINT ExtractionRuleType FOR (e:ExtractionRule) REQUIRE (e.relation_type) IS UNIQUE` already exists.} {position: None} for query: 'CREATE CONSTRAINT ExtractionRuleType IF NOT EXISTS FOR (r:ExtractionRule) REQUIRE r.relation_type IS UNIQUE'[0m
[32m[2025-10-30 23:30:29] [INFO    ] [neo4j.notifications] Received notification from DBMS server: {severity: INFORMATION} {code: Neo.ClientNotification.Schema.IndexOrConstraintAlreadyExists} {category: SCHEMA} {title: `CREATE CONSTRAINT PatternPrototypeId IF NOT EXISTS FOR (e:PatternPrototype) REQUIRE (e.id) IS UNIQUE` has no effect.} {description: `CONSTRAINT PatternPrototypeId FOR (e:PatternPrototype) REQUIRE (e.id) IS UNIQUE` already exists.} {position: None} for query: 'CREATE CONSTRAINT PatternPrototypeId IF NOT EXISTS FOR (p:PatternPrototype) REQUIRE p.id IS UNIQUE'[0m
[32m[2025-10-30 23:30:29] [INFO    ] [neo4j.notifications] Received notification from DBMS server: {severity: INFORMATION} {code: Neo.ClientNotification.Schema.IndexOrConstraintAlreadyExists} {category: SCHEMA} {title: `CREATE CONSTRAINT LexiconName IF NOT EXISTS FOR (e:Lexicon) REQUIRE (e.name) IS UNIQUE` has no effect.} {description: `CONSTRAINT LexiconName FOR (e:Lexicon) REQUIRE (e.name) IS UNIQUE` already exists.} {position: None} for query: 'CREATE CONSTRAINT LexiconName IF NOT EXISTS FOR (l:Lexicon) REQUIRE l.name IS UNIQUE'[0m
[32m[2025-10-30 23:30:29] [INFO    ] [neo4j.notifications] Received notification from DBMS server: {severity: INFORMATION} {code: Neo.ClientNotification.Schema.IndexOrConstraintAlreadyExists} {category: SCHEMA} {title: `CREATE CONSTRAINT EpisodeId IF NOT EXISTS FOR (e:Episode) REQUIRE (e.id) IS UNIQUE` has no effect.} {description: `CONSTRAINT EpisodeId FOR (e:Episode) REQUIRE (e.id) IS UNIQUE` already exists.} {position: None} for query: 'CREATE CONSTRAINT EpisodeId IF NOT EXISTS FOR (e:Episode) REQUIRE e.id IS UNIQUE'[0m
[32m[2025-10-30 23:30:29] [INFO    ] [neo4j.notifications] Received notification from DBMS server: {severity: INFORMATION} {code: Neo.ClientNotification.Schema.IndexOrConstraintAlreadyExists} {category: SCHEMA} {title: `CREATE CONSTRAINT InferenceEpisodeId IF NOT EXISTS FOR (e:InferenceEpisode) REQUIRE (e.id) IS UNIQUE` has no effect.} {description: `CONSTRAINT InferenceEpisodeId FOR (e:InferenceEpisode) REQUIRE (e.id) IS UNIQUE` already exists.} {position: None} for query: 'CREATE CONSTRAINT InferenceEpisodeId IF NOT EXISTS FOR (ie:InferenceEpisode) REQUIRE ie.id IS UNIQUE'[0m
[32m[2025-10-30 23:30:29] [INFO    ] [neo4j.notifications] Received notification from DBMS server: {severity: INFORMATION} {code: Neo.ClientNotification.Schema.IndexOrConstraintAlreadyExists} {category: SCHEMA} {title: `CREATE CONSTRAINT ProofStepId IF NOT EXISTS FOR (e:ProofStep) REQUIRE (e.id) IS UNIQUE` has no effect.} {description: `CONSTRAINT ProofStepId FOR (e:ProofStep) REQUIRE (e.id) IS UNIQUE` already exists.} {position: None} for query: 'CREATE CONSTRAINT ProofStepId IF NOT EXISTS FOR (ps:ProofStep) REQUIRE ps.id IS UNIQUE'[0m
[32m[2025-10-30 23:30:29] [INFO    ] [neo4j.notifications] Received notification from DBMS server: {severity: INFORMATION} {code: Neo.ClientNotification.Schema.IndexOrConstraintAlreadyExists} {category: SCHEMA} {title: `CREATE CONSTRAINT HypothesisId IF NOT EXISTS FOR (e:Hypothesis) REQUIRE (e.id) IS UNIQUE` has no effect.} {description: `CONSTRAINT HypothesisId FOR (e:Hypothesis) REQUIRE (e.id) IS UNIQUE` already exists.} {position: None} for query: 'CREATE CONSTRAINT HypothesisId IF NOT EXISTS FOR (h:Hypothesis) REQUIRE h.id IS UNIQUE'[0m
[32m[2025-10-30 23:30:29] [INFO    ] [component_1_netzwerk_core] Neo4j Constraints erfolgreich konfiguriert[0m
[32m[2025-10-30 23:30:29] [INFO    ] [neo4j.notifications] Received notification from DBMS server: {severity: INFORMATION} {code: Neo.ClientNotification.Schema.IndexOrConstraintAlreadyExists} {category: SCHEMA} {title: `CREATE CONSTRAINT UsageContextId IF NOT EXISTS FOR (e:UsageContext) REQUIRE (e.id) IS UNIQUE` has no effect.} {description: `CONSTRAINT UsageContextId FOR (e:UsageContext) REQUIRE (e.id) IS UNIQUE` already exists.} {position: None} for query: '\n                CREATE CONSTRAINT UsageContextId IF NOT EXISTS\n                FOR (uc:UsageContext) REQUIRE uc.id IS UNIQUE\n                '[0m
[32m[2025-10-30 23:30:29] [INFO    ] [neo4j.notifications] Received notification from DBMS server: {severity: INFORMATION} {code: Neo.ClientNotification.Schema.IndexOrConstraintAlreadyExists} {category: SCHEMA} {title: `CREATE CONSTRAINT TypoFeedbackId IF NOT EXISTS FOR (e:TypoFeedback) REQUIRE (e.id) IS UNIQUE` has no effect.} {description: `CONSTRAINT TypoFeedbackId FOR (e:TypoFeedback) REQUIRE (e.id) IS UNIQUE` already exists.} {position: None} for query: '\n                CREATE CONSTRAINT TypoFeedbackId IF NOT EXISTS\n                FOR (tf:TypoFeedback) REQUIRE tf.id IS UNIQUE\n                '[0m
[32m[2025-10-30 23:30:29] [INFO    ] [component_1_netzwerk_memory] Hypothese gespeichert: analogy | hypothesis_id=test_hyp_concept_1 | confidence=0.75[0m
PASSED
tests/test_abductive_reasoning.py::TestHypothesisPersistence::test_query_hypotheses_about_topic [32m[2025-10-30 23:30:29] [INFO    ] [component_1_netzwerk_core] Initialisiere Neo4j-Verbindung | uri=bolt://127.0.0.1:7687 | user=neo4j[0m
[32m[2025-10-30 23:30:29] [INFO    ] [component_1_netzwerk_core] Neo4j-Verbindung erfolgreich hergestellt | uri=bolt://127.0.0.1:7687[0m
[32m[2025-10-30 23:30:29] [INFO    ] [neo4j.notifications] Received notification from DBMS server: {severity: INFORMATION} {code: Neo.ClientNotification.Schema.IndexOrConstraintAlreadyExists} {category: SCHEMA} {title: `CREATE CONSTRAINT WortLemma IF NOT EXISTS FOR (e:Wort) REQUIRE (e.lemma) IS UNIQUE` has no effect.} {description: `CONSTRAINT WortLemma FOR (e:Wort) REQUIRE (e.lemma) IS UNIQUE` already exists.} {position: None} for query: 'CREATE CONSTRAINT WortLemma IF NOT EXISTS FOR (w:Wort) REQUIRE w.lemma IS UNIQUE'[0m
[32m[2025-10-30 23:30:29] [INFO    ] [neo4j.notifications] Received notification from DBMS server: {severity: INFORMATION} {code: Neo.ClientNotification.Schema.IndexOrConstraintAlreadyExists} {category: SCHEMA} {title: `CREATE CONSTRAINT KonzeptName IF NOT EXISTS FOR (e:Konzept) REQUIRE (e.name) IS UNIQUE` has no effect.} {description: `CONSTRAINT KonzeptName FOR (e:Konzept) REQUIRE (e.name) IS UNIQUE` already exists.} {position: None} for query: 'CREATE CONSTRAINT KonzeptName IF NOT EXISTS FOR (k:Konzept) REQUIRE k.name IS UNIQUE'[0m
[32m[2025-10-30 23:30:29] [INFO    ] [neo4j.notifications] Received notification from DBMS server: {severity: INFORMATION} {code: Neo.ClientNotification.Schema.IndexOrConstraintAlreadyExists} {category: SCHEMA} {title: `CREATE CONSTRAINT ExtractionRuleType IF NOT EXISTS FOR (e:ExtractionRule) REQUIRE (e.relation_type) IS UNIQUE` has no effect.} {description: `CONSTRAINT ExtractionRuleType FOR (e:ExtractionRule) REQUIRE (e.relation_type) IS UNIQUE` already exists.} {position: None} for query: 'CREATE CONSTRAINT ExtractionRuleType IF NOT EXISTS FOR (r:ExtractionRule) REQUIRE r.relation_type IS UNIQUE'[0m
[32m[2025-10-30 23:30:29] [INFO    ] [neo4j.notifications] Received notification from DBMS server: {severity: INFORMATION} {code: Neo.ClientNotification.Schema.IndexOrConstraintAlreadyExists} {category: SCHEMA} {title: `CREATE CONSTRAINT PatternPrototypeId IF NOT EXISTS FOR (e:PatternPrototype) REQUIRE (e.id) IS UNIQUE` has no effect.} {description: `CONSTRAINT PatternPrototypeId FOR (e:PatternPrototype) REQUIRE (e.id) IS UNIQUE` already exists.} {position: None} for query: 'CREATE CONSTRAINT PatternPrototypeId IF NOT EXISTS FOR (p:PatternPrototype) REQUIRE p.id IS UNIQUE'[0m
[32m[2025-10-30 23:30:29] [INFO    ] [neo4j.notifications] Received notification from DBMS server: {severity: INFORMATION} {code: Neo.ClientNotification.Schema.IndexOrConstraintAlreadyExists} {category: SCHEMA} {title: `CREATE CONSTRAINT LexiconName IF NOT EXISTS FOR (e:Lexicon) REQUIRE (e.name) IS UNIQUE` has no effect.} {description: `CONSTRAINT LexiconName FOR (e:Lexicon) REQUIRE (e.name) IS UNIQUE` already exists.} {position: None} for query: 'CREATE CONSTRAINT LexiconName IF NOT EXISTS FOR (l:Lexicon) REQUIRE l.name IS UNIQUE'[0m
[32m[2025-10-30 23:30:29] [INFO    ] [neo4j.notifications] Received notification from DBMS server: {severity: INFORMATION} {code: Neo.ClientNotification.Schema.IndexOrConstraintAlreadyExists} {category: SCHEMA} {title: `CREATE CONSTRAINT EpisodeId IF NOT EXISTS FOR (e:Episode) REQUIRE (e.id) IS UNIQUE` has no effect.} {description: `CONSTRAINT EpisodeId FOR (e:Episode) REQUIRE (e.id) IS UNIQUE` already exists.} {position: None} for query: 'CREATE CONSTRAINT EpisodeId IF NOT EXISTS FOR (e:Episode) REQUIRE e.id IS UNIQUE'[0m
[32m[2025-10-30 23:30:29] [INFO    ] [neo4j.notifications] Received notification from DBMS server: {severity: INFORMATION} {code: Neo.ClientNotification.Schema.IndexOrConstraintAlreadyExists} {category: SCHEMA} {title: `CREATE CONSTRAINT InferenceEpisodeId IF NOT EXISTS FOR (e:InferenceEpisode) REQUIRE (e.id) IS UNIQUE` has no effect.} {description: `CONSTRAINT InferenceEpisodeId FOR (e:InferenceEpisode) REQUIRE (e.id) IS UNIQUE` already exists.} {position: None} for query: 'CREATE CONSTRAINT InferenceEpisodeId IF NOT EXISTS FOR (ie:InferenceEpisode) REQUIRE ie.id IS UNIQUE'[0m
[32m[2025-10-30 23:30:29] [INFO    ] [neo4j.notifications] Received notification from DBMS server: {severity: INFORMATION} {code: Neo.ClientNotification.Schema.IndexOrConstraintAlreadyExists} {category: SCHEMA} {title: `CREATE CONSTRAINT ProofStepId IF NOT EXISTS FOR (e:ProofStep) REQUIRE (e.id) IS UNIQUE` has no effect.} {description: `CONSTRAINT ProofStepId FOR (e:ProofStep) REQUIRE (e.id) IS UNIQUE` already exists.} {position: None} for query: 'CREATE CONSTRAINT ProofStepId IF NOT EXISTS FOR (ps:ProofStep) REQUIRE ps.id IS UNIQUE'[0m
[32m[2025-10-30 23:30:29] [INFO    ] [neo4j.notifications] Received notification from DBMS server: {severity: INFORMATION} {code: Neo.ClientNotification.Schema.IndexOrConstraintAlreadyExists} {category: SCHEMA} {title: `CREATE CONSTRAINT HypothesisId IF NOT EXISTS FOR (e:Hypothesis) REQUIRE (e.id) IS UNIQUE` has no effect.} {description: `CONSTRAINT HypothesisId FOR (e:Hypothesis) REQUIRE (e.id) IS UNIQUE` already exists.} {position: None} for query: 'CREATE CONSTRAINT HypothesisId IF NOT EXISTS FOR (h:Hypothesis) REQUIRE h.id IS UNIQUE'[0m
[32m[2025-10-30 23:30:29] [INFO    ] [component_1_netzwerk_core] Neo4j Constraints erfolgreich konfiguriert[0m
[32m[2025-10-30 23:30:29] [INFO    ] [neo4j.notifications] Received notification from DBMS server: {severity: INFORMATION} {code: Neo.ClientNotification.Schema.IndexOrConstraintAlreadyExists} {category: SCHEMA} {title: `CREATE CONSTRAINT UsageContextId IF NOT EXISTS FOR (e:UsageContext) REQUIRE (e.id) IS UNIQUE` has no effect.} {description: `CONSTRAINT UsageContextId FOR (e:UsageContext) REQUIRE (e.id) IS UNIQUE` already exists.} {position: None} for query: '\n                CREATE CONSTRAINT UsageContextId IF NOT EXISTS\n                FOR (uc:UsageContext) REQUIRE uc.id IS UNIQUE\n                '[0m
[32m[2025-10-30 23:30:29] [INFO    ] [neo4j.notifications] Received notification from DBMS server: {severity: INFORMATION} {code: Neo.ClientNotification.Schema.IndexOrConstraintAlreadyExists} {category: SCHEMA} {title: `CREATE CONSTRAINT TypoFeedbackId IF NOT EXISTS FOR (e:TypoFeedback) REQUIRE (e.id) IS UNIQUE` has no effect.} {description: `CONSTRAINT TypoFeedbackId FOR (e:TypoFeedback) REQUIRE (e.id) IS UNIQUE` already exists.} {position: None} for query: '\n                CREATE CONSTRAINT TypoFeedbackId IF NOT EXISTS\n                FOR (tf:TypoFeedback) REQUIRE tf.id IS UNIQUE\n                '[0m
[32m[2025-10-30 23:30:29] [INFO    ] [component_1_netzwerk_memory] Hypothese gespeichert: template | hypothesis_id=test_hyp_query_0 | confidence=0.7[0m
[32m[2025-10-30 23:30:29] [INFO    ] [component_1_netzwerk_memory] Hypothese gespeichert: analogy | hypothesis_id=test_hyp_query_1 | confidence=0.7999999999999999[0m
[32m[2025-10-30 23:30:29] [INFO    ] [component_1_netzwerk_memory] Hypothese gespeichert: template | hypothesis_id=test_hyp_query_2 | confidence=0.8999999999999999[0m
PASSED
tests/test_abductive_reasoning.py::TestHypothesisPersistence::test_query_hypotheses_filtered_by_strategy [32m[2025-10-30 23:30:29] [INFO    ] [component_1_netzwerk_core] Initialisiere Neo4j-Verbindung | uri=bolt://127.0.0.1:7687 | user=neo4j[0m
[32m[2025-10-30 23:30:29] [INFO    ] [component_1_netzwerk_core] Neo4j-Verbindung erfolgreich hergestellt | uri=bolt://127.0.0.1:7687[0m
[32m[2025-10-30 23:30:29] [INFO    ] [neo4j.notifications] Received notification from DBMS server: {severity: INFORMATION} {code: Neo.ClientNotification.Schema.IndexOrConstraintAlreadyExists} {category: SCHEMA} {title: `CREATE CONSTRAINT WortLemma IF NOT EXISTS FOR (e:Wort) REQUIRE (e.lemma) IS UNIQUE` has no effect.} {description: `CONSTRAINT WortLemma FOR (e:Wort) REQUIRE (e.lemma) IS UNIQUE` already exists.} {position: None} for query: 'CREATE CONSTRAINT WortLemma IF NOT EXISTS FOR (w:Wort) REQUIRE w.lemma IS UNIQUE'[0m
[32m[2025-10-30 23:30:29] [INFO    ] [neo4j.notifications] Received notification from DBMS server: {severity: INFORMATION} {code: Neo.ClientNotification.Schema.IndexOrConstraintAlreadyExists} {category: SCHEMA} {title: `CREATE CONSTRAINT KonzeptName IF NOT EXISTS FOR (e:Konzept) REQUIRE (e.name) IS UNIQUE` has no effect.} {description: `CONSTRAINT KonzeptName FOR (e:Konzept) REQUIRE (e.name) IS UNIQUE` already exists.} {position: None} for query: 'CREATE CONSTRAINT KonzeptName IF NOT EXISTS FOR (k:Konzept) REQUIRE k.name IS UNIQUE'[0m
[32m[2025-10-30 23:30:29] [INFO    ] [neo4j.notifications] Received notification from DBMS server: {severity: INFORMATION} {code: Neo.ClientNotification.Schema.IndexOrConstraintAlreadyExists} {category: SCHEMA} {title: `CREATE CONSTRAINT ExtractionRuleType IF NOT EXISTS FOR (e:ExtractionRule) REQUIRE (e.relation_type) IS UNIQUE` has no effect.} {description: `CONSTRAINT ExtractionRuleType FOR (e:ExtractionRule) REQUIRE (e.relation_type) IS UNIQUE` already exists.} {position: None} for query: 'CREATE CONSTRAINT ExtractionRuleType IF NOT EXISTS FOR (r:ExtractionRule) REQUIRE r.relation_type IS UNIQUE'[0m
[32m[2025-10-30 23:30:29] [INFO    ] [neo4j.notifications] Received notification from DBMS server: {severity: INFORMATION} {code: Neo.ClientNotification.Schema.IndexOrConstraintAlreadyExists} {category: SCHEMA} {title: `CREATE CONSTRAINT PatternPrototypeId IF NOT EXISTS FOR (e:PatternPrototype) REQUIRE (e.id) IS UNIQUE` has no effect.} {description: `CONSTRAINT PatternPrototypeId FOR (e:PatternPrototype) REQUIRE (e.id) IS UNIQUE` already exists.} {position: None} for query: 'CREATE CONSTRAINT PatternPrototypeId IF NOT EXISTS FOR (p:PatternPrototype) REQUIRE p.id IS UNIQUE'[0m
[32m[2025-10-30 23:30:29] [INFO    ] [neo4j.notifications] Received notification from DBMS server: {severity: INFORMATION} {code: Neo.ClientNotification.Schema.IndexOrConstraintAlreadyExists} {category: SCHEMA} {title: `CREATE CONSTRAINT LexiconName IF NOT EXISTS FOR (e:Lexicon) REQUIRE (e.name) IS UNIQUE` has no effect.} {description: `CONSTRAINT LexiconName FOR (e:Lexicon) REQUIRE (e.name) IS UNIQUE` already exists.} {position: None} for query: 'CREATE CONSTRAINT LexiconName IF NOT EXISTS FOR (l:Lexicon) REQUIRE l.name IS UNIQUE'[0m
[32m[2025-10-30 23:30:29] [INFO    ] [neo4j.notifications] Received notification from DBMS server: {severity: INFORMATION} {code: Neo.ClientNotification.Schema.IndexOrConstraintAlreadyExists} {category: SCHEMA} {title: `CREATE CONSTRAINT EpisodeId IF NOT EXISTS FOR (e:Episode) REQUIRE (e.id) IS UNIQUE` has no effect.} {description: `CONSTRAINT EpisodeId FOR (e:Episode) REQUIRE (e.id) IS UNIQUE` already exists.} {position: None} for query: 'CREATE CONSTRAINT EpisodeId IF NOT EXISTS FOR (e:Episode) REQUIRE e.id IS UNIQUE'[0m
[32m[2025-10-30 23:30:29] [INFO    ] [neo4j.notifications] Received notification from DBMS server: {severity: INFORMATION} {code: Neo.ClientNotification.Schema.IndexOrConstraintAlreadyExists} {category: SCHEMA} {title: `CREATE CONSTRAINT InferenceEpisodeId IF NOT EXISTS FOR (e:InferenceEpisode) REQUIRE (e.id) IS UNIQUE` has no effect.} {description: `CONSTRAINT InferenceEpisodeId FOR (e:InferenceEpisode) REQUIRE (e.id) IS UNIQUE` already exists.} {position: None} for query: 'CREATE CONSTRAINT InferenceEpisodeId IF NOT EXISTS FOR (ie:InferenceEpisode) REQUIRE ie.id IS UNIQUE'[0m
[32m[2025-10-30 23:30:29] [INFO    ] [neo4j.notifications] Received notification from DBMS server: {severity: INFORMATION} {code: Neo.ClientNotification.Schema.IndexOrConstraintAlreadyExists} {category: SCHEMA} {title: `CREATE CONSTRAINT ProofStepId IF NOT EXISTS FOR (e:ProofStep) REQUIRE (e.id) IS UNIQUE` has no effect.} {description: `CONSTRAINT ProofStepId FOR (e:ProofStep) REQUIRE (e.id) IS UNIQUE` already exists.} {position: None} for query: 'CREATE CONSTRAINT ProofStepId IF NOT EXISTS FOR (ps:ProofStep) REQUIRE ps.id IS UNIQUE'[0m
[32m[2025-10-30 23:30:29] [INFO    ] [neo4j.notifications] Received notification from DBMS server: {severity: INFORMATION} {code: Neo.ClientNotification.Schema.IndexOrConstraintAlreadyExists} {category: SCHEMA} {title: `CREATE CONSTRAINT HypothesisId IF NOT EXISTS FOR (e:Hypothesis) REQUIRE (e.id) IS UNIQUE` has no effect.} {description: `CONSTRAINT HypothesisId FOR (e:Hypothesis) REQUIRE (e.id) IS UNIQUE` already exists.} {position: None} for query: 'CREATE CONSTRAINT HypothesisId IF NOT EXISTS FOR (h:Hypothesis) REQUIRE h.id IS UNIQUE'[0m
[32m[2025-10-30 23:30:29] [INFO    ] [component_1_netzwerk_core] Neo4j Constraints erfolgreich konfiguriert[0m
[32m[2025-10-30 23:30:29] [INFO    ] [neo4j.notifications] Received notification from DBMS server: {severity: INFORMATION} {code: Neo.ClientNotification.Schema.IndexOrConstraintAlreadyExists} {category: SCHEMA} {title: `CREATE CONSTRAINT UsageContextId IF NOT EXISTS FOR (e:UsageContext) REQUIRE (e.id) IS UNIQUE` has no effect.} {description: `CONSTRAINT UsageContextId FOR (e:UsageContext) REQUIRE (e.id) IS UNIQUE` already exists.} {position: None} for query: '\n                CREATE CONSTRAINT UsageContextId IF NOT EXISTS\n                FOR (uc:UsageContext) REQUIRE uc.id IS UNIQUE\n                '[0m
[32m[2025-10-30 23:30:29] [INFO    ] [neo4j.notifications] Received notification from DBMS server: {severity: INFORMATION} {code: Neo.ClientNotification.Schema.IndexOrConstraintAlreadyExists} {category: SCHEMA} {title: `CREATE CONSTRAINT TypoFeedbackId IF NOT EXISTS FOR (e:TypoFeedback) REQUIRE (e.id) IS UNIQUE` has no effect.} {description: `CONSTRAINT TypoFeedbackId FOR (e:TypoFeedback) REQUIRE (e.id) IS UNIQUE` already exists.} {position: None} for query: '\n                CREATE CONSTRAINT TypoFeedbackId IF NOT EXISTS\n                FOR (tf:TypoFeedback) REQUIRE tf.id IS UNIQUE\n                '[0m
[32m[2025-10-30 23:30:29] [INFO    ] [component_1_netzwerk_memory] Hypothese gespeichert: template | hypothesis_id=test_hyp_template_filter | confidence=0.8[0m
[32m[2025-10-30 23:30:29] [INFO    ] [component_1_netzwerk_memory] Hypothese gespeichert: analogy | hypothesis_id=test_hyp_analogy_filter | confidence=0.75[0m
PASSED
tests/test_abductive_reasoning.py::TestHypothesisPersistence::test_query_hypotheses_filtered_by_confidence [32m[2025-10-30 23:30:29] [INFO    ] [component_1_netzwerk_core] Initialisiere Neo4j-Verbindung | uri=bolt://127.0.0.1:7687 | user=neo4j[0m
[32m[2025-10-30 23:30:29] [INFO    ] [component_1_netzwerk_core] Neo4j-Verbindung erfolgreich hergestellt | uri=bolt://127.0.0.1:7687[0m
[32m[2025-10-30 23:30:29] [INFO    ] [neo4j.notifications] Received notification from DBMS server: {severity: INFORMATION} {code: Neo.ClientNotification.Schema.IndexOrConstraintAlreadyExists} {category: SCHEMA} {title: `CREATE CONSTRAINT WortLemma IF NOT EXISTS FOR (e:Wort) REQUIRE (e.lemma) IS UNIQUE` has no effect.} {description: `CONSTRAINT WortLemma FOR (e:Wort) REQUIRE (e.lemma) IS UNIQUE` already exists.} {position: None} for query: 'CREATE CONSTRAINT WortLemma IF NOT EXISTS FOR (w:Wort) REQUIRE w.lemma IS UNIQUE'[0m
[32m[2025-10-30 23:30:29] [INFO    ] [neo4j.notifications] Received notification from DBMS server: {severity: INFORMATION} {code: Neo.ClientNotification.Schema.IndexOrConstraintAlreadyExists} {category: SCHEMA} {title: `CREATE CONSTRAINT KonzeptName IF NOT EXISTS FOR (e:Konzept) REQUIRE (e.name) IS UNIQUE` has no effect.} {description: `CONSTRAINT KonzeptName FOR (e:Konzept) REQUIRE (e.name) IS UNIQUE` already exists.} {position: None} for query: 'CREATE CONSTRAINT KonzeptName IF NOT EXISTS FOR (k:Konzept) REQUIRE k.name IS UNIQUE'[0m
[32m[2025-10-30 23:30:29] [INFO    ] [neo4j.notifications] Received notification from DBMS server: {severity: INFORMATION} {code: Neo.ClientNotification.Schema.IndexOrConstraintAlreadyExists} {category: SCHEMA} {title: `CREATE CONSTRAINT ExtractionRuleType IF NOT EXISTS FOR (e:ExtractionRule) REQUIRE (e.relation_type) IS UNIQUE` has no effect.} {description: `CONSTRAINT ExtractionRuleType FOR (e:ExtractionRule) REQUIRE (e.relation_type) IS UNIQUE` already exists.} {position: None} for query: 'CREATE CONSTRAINT ExtractionRuleType IF NOT EXISTS FOR (r:ExtractionRule) REQUIRE r.relation_type IS UNIQUE'[0m
[32m[2025-10-30 23:30:29] [INFO    ] [neo4j.notifications] Received notification from DBMS server: {severity: INFORMATION} {code: Neo.ClientNotification.Schema.IndexOrConstraintAlreadyExists} {category: SCHEMA} {title: `CREATE CONSTRAINT PatternPrototypeId IF NOT EXISTS FOR (e:PatternPrototype) REQUIRE (e.id) IS UNIQUE` has no effect.} {description: `CONSTRAINT PatternPrototypeId FOR (e:PatternPrototype) REQUIRE (e.id) IS UNIQUE` already exists.} {position: None} for query: 'CREATE CONSTRAINT PatternPrototypeId IF NOT EXISTS FOR (p:PatternPrototype) REQUIRE p.id IS UNIQUE'[0m
[32m[2025-10-30 23:30:29] [INFO    ] [neo4j.notifications] Received notification from DBMS server: {severity: INFORMATION} {code: Neo.ClientNotification.Schema.IndexOrConstraintAlreadyExists} {category: SCHEMA} {title: `CREATE CONSTRAINT LexiconName IF NOT EXISTS FOR (e:Lexicon) REQUIRE (e.name) IS UNIQUE` has no effect.} {description: `CONSTRAINT LexiconName FOR (e:Lexicon) REQUIRE (e.name) IS UNIQUE` already exists.} {position: None} for query: 'CREATE CONSTRAINT LexiconName IF NOT EXISTS FOR (l:Lexicon) REQUIRE l.name IS UNIQUE'[0m
[32m[2025-10-30 23:30:29] [INFO    ] [neo4j.notifications] Received notification from DBMS server: {severity: INFORMATION} {code: Neo.ClientNotification.Schema.IndexOrConstraintAlreadyExists} {category: SCHEMA} {title: `CREATE CONSTRAINT EpisodeId IF NOT EXISTS FOR (e:Episode) REQUIRE (e.id) IS UNIQUE` has no effect.} {description: `CONSTRAINT EpisodeId FOR (e:Episode) REQUIRE (e.id) IS UNIQUE` already exists.} {position: None} for query: 'CREATE CONSTRAINT EpisodeId IF NOT EXISTS FOR (e:Episode) REQUIRE e.id IS UNIQUE'[0m
[32m[2025-10-30 23:30:29] [INFO    ] [neo4j.notifications] Received notification from DBMS server: {severity: INFORMATION} {code: Neo.ClientNotification.Schema.IndexOrConstraintAlreadyExists} {category: SCHEMA} {title: `CREATE CONSTRAINT InferenceEpisodeId IF NOT EXISTS FOR (e:InferenceEpisode) REQUIRE (e.id) IS UNIQUE` has no effect.} {description: `CONSTRAINT InferenceEpisodeId FOR (e:InferenceEpisode) REQUIRE (e.id) IS UNIQUE` already exists.} {position: None} for query: 'CREATE CONSTRAINT InferenceEpisodeId IF NOT EXISTS FOR (ie:InferenceEpisode) REQUIRE ie.id IS UNIQUE'[0m
[32m[2025-10-30 23:30:29] [INFO    ] [neo4j.notifications] Received notification from DBMS server: {severity: INFORMATION} {code: Neo.ClientNotification.Schema.IndexOrConstraintAlreadyExists} {category: SCHEMA} {title: `CREATE CONSTRAINT ProofStepId IF NOT EXISTS FOR (e:ProofStep) REQUIRE (e.id) IS UNIQUE` has no effect.} {description: `CONSTRAINT ProofStepId FOR (e:ProofStep) REQUIRE (e.id) IS UNIQUE` already exists.} {position: None} for query: 'CREATE CONSTRAINT ProofStepId IF NOT EXISTS FOR (ps:ProofStep) REQUIRE ps.id IS UNIQUE'[0m
[32m[2025-10-30 23:30:29] [INFO    ] [neo4j.notifications] Received notification from DBMS server: {severity: INFORMATION} {code: Neo.ClientNotification.Schema.IndexOrConstraintAlreadyExists} {category: SCHEMA} {title: `CREATE CONSTRAINT HypothesisId IF NOT EXISTS FOR (e:Hypothesis) REQUIRE (e.id) IS UNIQUE` has no effect.} {description: `CONSTRAINT HypothesisId FOR (e:Hypothesis) REQUIRE (e.id) IS UNIQUE` already exists.} {position: None} for query: 'CREATE CONSTRAINT HypothesisId IF NOT EXISTS FOR (h:Hypothesis) REQUIRE h.id IS UNIQUE'[0m
[32m[2025-10-30 23:30:29] [INFO    ] [component_1_netzwerk_core] Neo4j Constraints erfolgreich konfiguriert[0m
[32m[2025-10-30 23:30:29] [INFO    ] [neo4j.notifications] Received notification from DBMS server: {severity: INFORMATION} {code: Neo.ClientNotification.Schema.IndexOrConstraintAlreadyExists} {category: SCHEMA} {title: `CREATE CONSTRAINT UsageContextId IF NOT EXISTS FOR (e:UsageContext) REQUIRE (e.id) IS UNIQUE` has no effect.} {description: `CONSTRAINT UsageContextId FOR (e:UsageContext) REQUIRE (e.id) IS UNIQUE` already exists.} {position: None} for query: '\n                CREATE CONSTRAINT UsageContextId IF NOT EXISTS\n                FOR (uc:UsageContext) REQUIRE uc.id IS UNIQUE\n                '[0m
[32m[2025-10-30 23:30:29] [INFO    ] [neo4j.notifications] Received notification from DBMS server: {severity: INFORMATION} {code: Neo.ClientNotification.Schema.IndexOrConstraintAlreadyExists} {category: SCHEMA} {title: `CREATE CONSTRAINT TypoFeedbackId IF NOT EXISTS FOR (e:TypoFeedback) REQUIRE (e.id) IS UNIQUE` has no effect.} {description: `CONSTRAINT TypoFeedbackId FOR (e:TypoFeedback) REQUIRE (e.id) IS UNIQUE` already exists.} {position: None} for query: '\n                CREATE CONSTRAINT TypoFeedbackId IF NOT EXISTS\n                FOR (tf:TypoFeedback) REQUIRE tf.id IS UNIQUE\n                '[0m
[32m[2025-10-30 23:30:29] [INFO    ] [component_1_netzwerk_memory] Hypothese gespeichert: template | hypothesis_id=test_hyp_conf_0 | confidence=0.5[0m
[32m[2025-10-30 23:30:29] [INFO    ] [component_1_netzwerk_memory] Hypothese gespeichert: template | hypothesis_id=test_hyp_conf_1 | confidence=0.7[0m
[32m[2025-10-30 23:30:29] [INFO    ] [component_1_netzwerk_memory] Hypothese gespeichert: template | hypothesis_id=test_hyp_conf_2 | confidence=0.9[0m
PASSED
tests/test_abductive_reasoning.py::TestHypothesisPersistence::test_get_best_hypothesis [32m[2025-10-30 23:30:29] [INFO    ] [component_1_netzwerk_core] Initialisiere Neo4j-Verbindung | uri=bolt://127.0.0.1:7687 | user=neo4j[0m
[32m[2025-10-30 23:30:29] [INFO    ] [component_1_netzwerk_core] Neo4j-Verbindung erfolgreich hergestellt | uri=bolt://127.0.0.1:7687[0m
[32m[2025-10-30 23:30:29] [INFO    ] [neo4j.notifications] Received notification from DBMS server: {severity: INFORMATION} {code: Neo.ClientNotification.Schema.IndexOrConstraintAlreadyExists} {category: SCHEMA} {title: `CREATE CONSTRAINT WortLemma IF NOT EXISTS FOR (e:Wort) REQUIRE (e.lemma) IS UNIQUE` has no effect.} {description: `CONSTRAINT WortLemma FOR (e:Wort) REQUIRE (e.lemma) IS UNIQUE` already exists.} {position: None} for query: 'CREATE CONSTRAINT WortLemma IF NOT EXISTS FOR (w:Wort) REQUIRE w.lemma IS UNIQUE'[0m
[32m[2025-10-30 23:30:29] [INFO    ] [neo4j.notifications] Received notification from DBMS server: {severity: INFORMATION} {code: Neo.ClientNotification.Schema.IndexOrConstraintAlreadyExists} {category: SCHEMA} {title: `CREATE CONSTRAINT KonzeptName IF NOT EXISTS FOR (e:Konzept) REQUIRE (e.name) IS UNIQUE` has no effect.} {description: `CONSTRAINT KonzeptName FOR (e:Konzept) REQUIRE (e.name) IS UNIQUE` already exists.} {position: None} for query: 'CREATE CONSTRAINT KonzeptName IF NOT EXISTS FOR (k:Konzept) REQUIRE k.name IS UNIQUE'[0m
[32m[2025-10-30 23:30:29] [INFO    ] [neo4j.notifications] Received notification from DBMS server: {severity: INFORMATION} {code: Neo.ClientNotification.Schema.IndexOrConstraintAlreadyExists} {category: SCHEMA} {title: `CREATE CONSTRAINT ExtractionRuleType IF NOT EXISTS FOR (e:ExtractionRule) REQUIRE (e.relation_type) IS UNIQUE` has no effect.} {description: `CONSTRAINT ExtractionRuleType FOR (e:ExtractionRule) REQUIRE (e.relation_type) IS UNIQUE` already exists.} {position: None} for query: 'CREATE CONSTRAINT ExtractionRuleType IF NOT EXISTS FOR (r:ExtractionRule) REQUIRE r.relation_type IS UNIQUE'[0m
[32m[2025-10-30 23:30:29] [INFO    ] [neo4j.notifications] Received notification from DBMS server: {severity: INFORMATION} {code: Neo.ClientNotification.Schema.IndexOrConstraintAlreadyExists} {category: SCHEMA} {title: `CREATE CONSTRAINT PatternPrototypeId IF NOT EXISTS FOR (e:PatternPrototype) REQUIRE (e.id) IS UNIQUE` has no effect.} {description: `CONSTRAINT PatternPrototypeId FOR (e:PatternPrototype) REQUIRE (e.id) IS UNIQUE` already exists.} {position: None} for query: 'CREATE CONSTRAINT PatternPrototypeId IF NOT EXISTS FOR (p:PatternPrototype) REQUIRE p.id IS UNIQUE'[0m
[32m[2025-10-30 23:30:29] [INFO    ] [neo4j.notifications] Received notification from DBMS server: {severity: INFORMATION} {code: Neo.ClientNotification.Schema.IndexOrConstraintAlreadyExists} {category: SCHEMA} {title: `CREATE CONSTRAINT LexiconName IF NOT EXISTS FOR (e:Lexicon) REQUIRE (e.name) IS UNIQUE` has no effect.} {description: `CONSTRAINT LexiconName FOR (e:Lexicon) REQUIRE (e.name) IS UNIQUE` already exists.} {position: None} for query: 'CREATE CONSTRAINT LexiconName IF NOT EXISTS FOR (l:Lexicon) REQUIRE l.name IS UNIQUE'[0m
[32m[2025-10-30 23:30:29] [INFO    ] [neo4j.notifications] Received notification from DBMS server: {severity: INFORMATION} {code: Neo.ClientNotification.Schema.IndexOrConstraintAlreadyExists} {category: SCHEMA} {title: `CREATE CONSTRAINT EpisodeId IF NOT EXISTS FOR (e:Episode) REQUIRE (e.id) IS UNIQUE` has no effect.} {description: `CONSTRAINT EpisodeId FOR (e:Episode) REQUIRE (e.id) IS UNIQUE` already exists.} {position: None} for query: 'CREATE CONSTRAINT EpisodeId IF NOT EXISTS FOR (e:Episode) REQUIRE e.id IS UNIQUE'[0m
[32m[2025-10-30 23:30:29] [INFO    ] [neo4j.notifications] Received notification from DBMS server: {severity: INFORMATION} {code: Neo.ClientNotification.Schema.IndexOrConstraintAlreadyExists} {category: SCHEMA} {title: `CREATE CONSTRAINT InferenceEpisodeId IF NOT EXISTS FOR (e:InferenceEpisode) REQUIRE (e.id) IS UNIQUE` has no effect.} {description: `CONSTRAINT InferenceEpisodeId FOR (e:InferenceEpisode) REQUIRE (e.id) IS UNIQUE` already exists.} {position: None} for query: 'CREATE CONSTRAINT InferenceEpisodeId IF NOT EXISTS FOR (ie:InferenceEpisode) REQUIRE ie.id IS UNIQUE'[0m
[32m[2025-10-30 23:30:29] [INFO    ] [neo4j.notifications] Received notification from DBMS server: {severity: INFORMATION} {code: Neo.ClientNotification.Schema.IndexOrConstraintAlreadyExists} {category: SCHEMA} {title: `CREATE CONSTRAINT ProofStepId IF NOT EXISTS FOR (e:ProofStep) REQUIRE (e.id) IS UNIQUE` has no effect.} {description: `CONSTRAINT ProofStepId FOR (e:ProofStep) REQUIRE (e.id) IS UNIQUE` already exists.} {position: None} for query: 'CREATE CONSTRAINT ProofStepId IF NOT EXISTS FOR (ps:ProofStep) REQUIRE ps.id IS UNIQUE'[0m
[32m[2025-10-30 23:30:29] [INFO    ] [neo4j.notifications] Received notification from DBMS server: {severity: INFORMATION} {code: Neo.ClientNotification.Schema.IndexOrConstraintAlreadyExists} {category: SCHEMA} {title: `CREATE CONSTRAINT HypothesisId IF NOT EXISTS FOR (e:Hypothesis) REQUIRE (e.id) IS UNIQUE` has no effect.} {description: `CONSTRAINT HypothesisId FOR (e:Hypothesis) REQUIRE (e.id) IS UNIQUE` already exists.} {position: None} for query: 'CREATE CONSTRAINT HypothesisId IF NOT EXISTS FOR (h:Hypothesis) REQUIRE h.id IS UNIQUE'[0m
[32m[2025-10-30 23:30:29] [INFO    ] [component_1_netzwerk_core] Neo4j Constraints erfolgreich konfiguriert[0m
[32m[2025-10-30 23:30:29] [INFO    ] [neo4j.notifications] Received notification from DBMS server: {severity: INFORMATION} {code: Neo.ClientNotification.Schema.IndexOrConstraintAlreadyExists} {category: SCHEMA} {title: `CREATE CONSTRAINT UsageContextId IF NOT EXISTS FOR (e:UsageContext) REQUIRE (e.id) IS UNIQUE` has no effect.} {description: `CONSTRAINT UsageContextId FOR (e:UsageContext) REQUIRE (e.id) IS UNIQUE` already exists.} {position: None} for query: '\n                CREATE CONSTRAINT UsageContextId IF NOT EXISTS\n                FOR (uc:UsageContext) REQUIRE uc.id IS UNIQUE\n                '[0m
[32m[2025-10-30 23:30:29] [INFO    ] [neo4j.notifications] Received notification from DBMS server: {severity: INFORMATION} {code: Neo.ClientNotification.Schema.IndexOrConstraintAlreadyExists} {category: SCHEMA} {title: `CREATE CONSTRAINT TypoFeedbackId IF NOT EXISTS FOR (e:TypoFeedback) REQUIRE (e.id) IS UNIQUE` has no effect.} {description: `CONSTRAINT TypoFeedbackId FOR (e:TypoFeedback) REQUIRE (e.id) IS UNIQUE` already exists.} {position: None} for query: '\n                CREATE CONSTRAINT TypoFeedbackId IF NOT EXISTS\n                FOR (tf:TypoFeedback) REQUIRE tf.id IS UNIQUE\n                '[0m
[32m[2025-10-30 23:30:29] [INFO    ] [component_1_netzwerk_memory] Hypothese gespeichert: template | hypothesis_id=test_hyp_best_0 | confidence=0.6[0m
[32m[2025-10-30 23:30:29] [INFO    ] [component_1_netzwerk_memory] Hypothese gespeichert: template | hypothesis_id=test_hyp_best_1 | confidence=0.9[0m
[32m[2025-10-30 23:30:29] [INFO    ] [component_1_netzwerk_memory] Hypothese gespeichert: template | hypothesis_id=test_hyp_best_2 | confidence=0.7[0m
PASSED
tests/test_abductive_reasoning.py::TestHypothesisPersistence::test_explain_hypothesis [32m[2025-10-30 23:30:29] [INFO    ] [component_1_netzwerk_core] Initialisiere Neo4j-Verbindung | uri=bolt://127.0.0.1:7687 | user=neo4j[0m
[32m[2025-10-30 23:30:29] [INFO    ] [component_1_netzwerk_core] Neo4j-Verbindung erfolgreich hergestellt | uri=bolt://127.0.0.1:7687[0m
[32m[2025-10-30 23:30:29] [INFO    ] [neo4j.notifications] Received notification from DBMS server: {severity: INFORMATION} {code: Neo.ClientNotification.Schema.IndexOrConstraintAlreadyExists} {category: SCHEMA} {title: `CREATE CONSTRAINT WortLemma IF NOT EXISTS FOR (e:Wort) REQUIRE (e.lemma) IS UNIQUE` has no effect.} {description: `CONSTRAINT WortLemma FOR (e:Wort) REQUIRE (e.lemma) IS UNIQUE` already exists.} {position: None} for query: 'CREATE CONSTRAINT WortLemma IF NOT EXISTS FOR (w:Wort) REQUIRE w.lemma IS UNIQUE'[0m
[32m[2025-10-30 23:30:29] [INFO    ] [neo4j.notifications] Received notification from DBMS server: {severity: INFORMATION} {code: Neo.ClientNotification.Schema.IndexOrConstraintAlreadyExists} {category: SCHEMA} {title: `CREATE CONSTRAINT KonzeptName IF NOT EXISTS FOR (e:Konzept) REQUIRE (e.name) IS UNIQUE` has no effect.} {description: `CONSTRAINT KonzeptName FOR (e:Konzept) REQUIRE (e.name) IS UNIQUE` already exists.} {position: None} for query: 'CREATE CONSTRAINT KonzeptName IF NOT EXISTS FOR (k:Konzept) REQUIRE k.name IS UNIQUE'[0m
[32m[2025-10-30 23:30:29] [INFO    ] [neo4j.notifications] Received notification from DBMS server: {severity: INFORMATION} {code: Neo.ClientNotification.Schema.IndexOrConstraintAlreadyExists} {category: SCHEMA} {title: `CREATE CONSTRAINT ExtractionRuleType IF NOT EXISTS FOR (e:ExtractionRule) REQUIRE (e.relation_type) IS UNIQUE` has no effect.} {description: `CONSTRAINT ExtractionRuleType FOR (e:ExtractionRule) REQUIRE (e.relation_type) IS UNIQUE` already exists.} {position: None} for query: 'CREATE CONSTRAINT ExtractionRuleType IF NOT EXISTS FOR (r:ExtractionRule) REQUIRE r.relation_type IS UNIQUE'[0m
[32m[2025-10-30 23:30:29] [INFO    ] [neo4j.notifications] Received notification from DBMS server: {severity: INFORMATION} {code: Neo.ClientNotification.Schema.IndexOrConstraintAlreadyExists} {category: SCHEMA} {title: `CREATE CONSTRAINT PatternPrototypeId IF NOT EXISTS FOR (e:PatternPrototype) REQUIRE (e.id) IS UNIQUE` has no effect.} {description: `CONSTRAINT PatternPrototypeId FOR (e:PatternPrototype) REQUIRE (e.id) IS UNIQUE` already exists.} {position: None} for query: 'CREATE CONSTRAINT PatternPrototypeId IF NOT EXISTS FOR (p:PatternPrototype) REQUIRE p.id IS UNIQUE'[0m
[32m[2025-10-30 23:30:29] [INFO    ] [neo4j.notifications] Received notification from DBMS server: {severity: INFORMATION} {code: Neo.ClientNotification.Schema.IndexOrConstraintAlreadyExists} {category: SCHEMA} {title: `CREATE CONSTRAINT LexiconName IF NOT EXISTS FOR (e:Lexicon) REQUIRE (e.name) IS UNIQUE` has no effect.} {description: `CONSTRAINT LexiconName FOR (e:Lexicon) REQUIRE (e.name) IS UNIQUE` already exists.} {position: None} for query: 'CREATE CONSTRAINT LexiconName IF NOT EXISTS FOR (l:Lexicon) REQUIRE l.name IS UNIQUE'[0m
[32m[2025-10-30 23:30:29] [INFO    ] [neo4j.notifications] Received notification from DBMS server: {severity: INFORMATION} {code: Neo.ClientNotification.Schema.IndexOrConstraintAlreadyExists} {category: SCHEMA} {title: `CREATE CONSTRAINT EpisodeId IF NOT EXISTS FOR (e:Episode) REQUIRE (e.id) IS UNIQUE` has no effect.} {description: `CONSTRAINT EpisodeId FOR (e:Episode) REQUIRE (e.id) IS UNIQUE` already exists.} {position: None} for query: 'CREATE CONSTRAINT EpisodeId IF NOT EXISTS FOR (e:Episode) REQUIRE e.id IS UNIQUE'[0m
[32m[2025-10-30 23:30:29] [INFO    ] [neo4j.notifications] Received notification from DBMS server: {severity: INFORMATION} {code: Neo.ClientNotification.Schema.IndexOrConstraintAlreadyExists} {category: SCHEMA} {title: `CREATE CONSTRAINT InferenceEpisodeId IF NOT EXISTS FOR (e:InferenceEpisode) REQUIRE (e.id) IS UNIQUE` has no effect.} {description: `CONSTRAINT InferenceEpisodeId FOR (e:InferenceEpisode) REQUIRE (e.id) IS UNIQUE` already exists.} {position: None} for query: 'CREATE CONSTRAINT InferenceEpisodeId IF NOT EXISTS FOR (ie:InferenceEpisode) REQUIRE ie.id IS UNIQUE'[0m
[32m[2025-10-30 23:30:29] [INFO    ] [neo4j.notifications] Received notification from DBMS server: {severity: INFORMATION} {code: Neo.ClientNotification.Schema.IndexOrConstraintAlreadyExists} {category: SCHEMA} {title: `CREATE CONSTRAINT ProofStepId IF NOT EXISTS FOR (e:ProofStep) REQUIRE (e.id) IS UNIQUE` has no effect.} {description: `CONSTRAINT ProofStepId FOR (e:ProofStep) REQUIRE (e.id) IS UNIQUE` already exists.} {position: None} for query: 'CREATE CONSTRAINT ProofStepId IF NOT EXISTS FOR (ps:ProofStep) REQUIRE ps.id IS UNIQUE'[0m
[32m[2025-10-30 23:30:29] [INFO    ] [neo4j.notifications] Received notification from DBMS server: {severity: INFORMATION} {code: Neo.ClientNotification.Schema.IndexOrConstraintAlreadyExists} {category: SCHEMA} {title: `CREATE CONSTRAINT HypothesisId IF NOT EXISTS FOR (e:Hypothesis) REQUIRE (e.id) IS UNIQUE` has no effect.} {description: `CONSTRAINT HypothesisId FOR (e:Hypothesis) REQUIRE (e.id) IS UNIQUE` already exists.} {position: None} for query: 'CREATE CONSTRAINT HypothesisId IF NOT EXISTS FOR (h:Hypothesis) REQUIRE h.id IS UNIQUE'[0m
[32m[2025-10-30 23:30:29] [INFO    ] [component_1_netzwerk_core] Neo4j Constraints erfolgreich konfiguriert[0m
[32m[2025-10-30 23:30:29] [INFO    ] [neo4j.notifications] Received notification from DBMS server: {severity: INFORMATION} {code: Neo.ClientNotification.Schema.IndexOrConstraintAlreadyExists} {category: SCHEMA} {title: `CREATE CONSTRAINT UsageContextId IF NOT EXISTS FOR (e:UsageContext) REQUIRE (e.id) IS UNIQUE` has no effect.} {description: `CONSTRAINT UsageContextId FOR (e:UsageContext) REQUIRE (e.id) IS UNIQUE` already exists.} {position: None} for query: '\n                CREATE CONSTRAINT UsageContextId IF NOT EXISTS\n                FOR (uc:UsageContext) REQUIRE uc.id IS UNIQUE\n                '[0m
[32m[2025-10-30 23:30:29] [INFO    ] [neo4j.notifications] Received notification from DBMS server: {severity: INFORMATION} {code: Neo.ClientNotification.Schema.IndexOrConstraintAlreadyExists} {category: SCHEMA} {title: `CREATE CONSTRAINT TypoFeedbackId IF NOT EXISTS FOR (e:TypoFeedback) REQUIRE (e.id) IS UNIQUE` has no effect.} {description: `CONSTRAINT TypoFeedbackId FOR (e:TypoFeedback) REQUIRE (e.id) IS UNIQUE` already exists.} {position: None} for query: '\n                CREATE CONSTRAINT TypoFeedbackId IF NOT EXISTS\n                FOR (tf:TypoFeedback) REQUIRE tf.id IS UNIQUE\n                '[0m
[32m[2025-10-30 23:30:29] [INFO    ] [component_1_netzwerk_memory] Hypothese gespeichert: causal_chain | hypothesis_id=test_hyp_explain | confidence=0.85[0m
PASSED
tests/test_abductive_reasoning.py::TestIntegrationWithKaiWorker::test_abductive_engine_initialization [32m[2025-10-30 23:30:29] [INFO    ] [component_1_netzwerk_core] Initialisiere Neo4j-Verbindung | uri=bolt://127.0.0.1:7687 | user=neo4j[0m
[32m[2025-10-30 23:30:29] [INFO    ] [component_1_netzwerk_core] Neo4j-Verbindung erfolgreich hergestellt | uri=bolt://127.0.0.1:7687[0m
[32m[2025-10-30 23:30:29] [INFO    ] [neo4j.notifications] Received notification from DBMS server: {severity: INFORMATION} {code: Neo.ClientNotification.Schema.IndexOrConstraintAlreadyExists} {category: SCHEMA} {title: `CREATE CONSTRAINT WortLemma IF NOT EXISTS FOR (e:Wort) REQUIRE (e.lemma) IS UNIQUE` has no effect.} {description: `CONSTRAINT WortLemma FOR (e:Wort) REQUIRE (e.lemma) IS UNIQUE` already exists.} {position: None} for query: 'CREATE CONSTRAINT WortLemma IF NOT EXISTS FOR (w:Wort) REQUIRE w.lemma IS UNIQUE'[0m
[32m[2025-10-30 23:30:29] [INFO    ] [neo4j.notifications] Received notification from DBMS server: {severity: INFORMATION} {code: Neo.ClientNotification.Schema.IndexOrConstraintAlreadyExists} {category: SCHEMA} {title: `CREATE CONSTRAINT KonzeptName IF NOT EXISTS FOR (e:Konzept) REQUIRE (e.name) IS UNIQUE` has no effect.} {description: `CONSTRAINT KonzeptName FOR (e:Konzept) REQUIRE (e.name) IS UNIQUE` already exists.} {position: None} for query: 'CREATE CONSTRAINT KonzeptName IF NOT EXISTS FOR (k:Konzept) REQUIRE k.name IS UNIQUE'[0m
[32m[2025-10-30 23:30:29] [INFO    ] [neo4j.notifications] Received notification from DBMS server: {severity: INFORMATION} {code: Neo.ClientNotification.Schema.IndexOrConstraintAlreadyExists} {category: SCHEMA} {title: `CREATE CONSTRAINT ExtractionRuleType IF NOT EXISTS FOR (e:ExtractionRule) REQUIRE (e.relation_type) IS UNIQUE` has no effect.} {description: `CONSTRAINT ExtractionRuleType FOR (e:ExtractionRule) REQUIRE (e.relation_type) IS UNIQUE` already exists.} {position: None} for query: 'CREATE CONSTRAINT ExtractionRuleType IF NOT EXISTS FOR (r:ExtractionRule) REQUIRE r.relation_type IS UNIQUE'[0m
[32m[2025-10-30 23:30:29] [INFO    ] [neo4j.notifications] Received notification from DBMS server: {severity: INFORMATION} {code: Neo.ClientNotification.Schema.IndexOrConstraintAlreadyExists} {category: SCHEMA} {title: `CREATE CONSTRAINT PatternPrototypeId IF NOT EXISTS FOR (e:PatternPrototype) REQUIRE (e.id) IS UNIQUE` has no effect.} {description: `CONSTRAINT PatternPrototypeId FOR (e:PatternPrototype) REQUIRE (e.id) IS UNIQUE` already exists.} {position: None} for query: 'CREATE CONSTRAINT PatternPrototypeId IF NOT EXISTS FOR (p:PatternPrototype) REQUIRE p.id IS UNIQUE'[0m
[32m[2025-10-30 23:30:29] [INFO    ] [neo4j.notifications] Received notification from DBMS server: {severity: INFORMATION} {code: Neo.ClientNotification.Schema.IndexOrConstraintAlreadyExists} {category: SCHEMA} {title: `CREATE CONSTRAINT LexiconName IF NOT EXISTS FOR (e:Lexicon) REQUIRE (e.name) IS UNIQUE` has no effect.} {description: `CONSTRAINT LexiconName FOR (e:Lexicon) REQUIRE (e.name) IS UNIQUE` already exists.} {position: None} for query: 'CREATE CONSTRAINT LexiconName IF NOT EXISTS FOR (l:Lexicon) REQUIRE l.name IS UNIQUE'[0m
[32m[2025-10-30 23:30:29] [INFO    ] [neo4j.notifications] Received notification from DBMS server: {severity: INFORMATION} {code: Neo.ClientNotification.Schema.IndexOrConstraintAlreadyExists} {category: SCHEMA} {title: `CREATE CONSTRAINT EpisodeId IF NOT EXISTS FOR (e:Episode) REQUIRE (e.id) IS UNIQUE` has no effect.} {description: `CONSTRAINT EpisodeId FOR (e:Episode) REQUIRE (e.id) IS UNIQUE` already exists.} {position: None} for query: 'CREATE CONSTRAINT EpisodeId IF NOT EXISTS FOR (e:Episode) REQUIRE e.id IS UNIQUE'[0m
[32m[2025-10-30 23:30:29] [INFO    ] [neo4j.notifications] Received notification from DBMS server: {severity: INFORMATION} {code: Neo.ClientNotification.Schema.IndexOrConstraintAlreadyExists} {category: SCHEMA} {title: `CREATE CONSTRAINT InferenceEpisodeId IF NOT EXISTS FOR (e:InferenceEpisode) REQUIRE (e.id) IS UNIQUE` has no effect.} {description: `CONSTRAINT InferenceEpisodeId FOR (e:InferenceEpisode) REQUIRE (e.id) IS UNIQUE` already exists.} {position: None} for query: 'CREATE CONSTRAINT InferenceEpisodeId IF NOT EXISTS FOR (ie:InferenceEpisode) REQUIRE ie.id IS UNIQUE'[0m
[32m[2025-10-30 23:30:29] [INFO    ] [neo4j.notifications] Received notification from DBMS server: {severity: INFORMATION} {code: Neo.ClientNotification.Schema.IndexOrConstraintAlreadyExists} {category: SCHEMA} {title: `CREATE CONSTRAINT ProofStepId IF NOT EXISTS FOR (e:ProofStep) REQUIRE (e.id) IS UNIQUE` has no effect.} {description: `CONSTRAINT ProofStepId FOR (e:ProofStep) REQUIRE (e.id) IS UNIQUE` already exists.} {position: None} for query: 'CREATE CONSTRAINT ProofStepId IF NOT EXISTS FOR (ps:ProofStep) REQUIRE ps.id IS UNIQUE'[0m
[32m[2025-10-30 23:30:29] [INFO    ] [neo4j.notifications] Received notification from DBMS server: {severity: INFORMATION} {code: Neo.ClientNotification.Schema.IndexOrConstraintAlreadyExists} {category: SCHEMA} {title: `CREATE CONSTRAINT HypothesisId IF NOT EXISTS FOR (e:Hypothesis) REQUIRE (e.id) IS UNIQUE` has no effect.} {description: `CONSTRAINT HypothesisId FOR (e:Hypothesis) REQUIRE (e.id) IS UNIQUE` already exists.} {position: None} for query: 'CREATE CONSTRAINT HypothesisId IF NOT EXISTS FOR (h:Hypothesis) REQUIRE h.id IS UNIQUE'[0m
[32m[2025-10-30 23:30:29] [INFO    ] [component_1_netzwerk_core] Neo4j Constraints erfolgreich konfiguriert[0m
[32m[2025-10-30 23:30:29] [INFO    ] [neo4j.notifications] Received notification from DBMS server: {severity: INFORMATION} {code: Neo.ClientNotification.Schema.IndexOrConstraintAlreadyExists} {category: SCHEMA} {title: `CREATE CONSTRAINT UsageContextId IF NOT EXISTS FOR (e:UsageContext) REQUIRE (e.id) IS UNIQUE` has no effect.} {description: `CONSTRAINT UsageContextId FOR (e:UsageContext) REQUIRE (e.id) IS UNIQUE` already exists.} {position: None} for query: '\n                CREATE CONSTRAINT UsageContextId IF NOT EXISTS\n                FOR (uc:UsageContext) REQUIRE uc.id IS UNIQUE\n                '[0m
[32m[2025-10-30 23:30:29] [INFO    ] [neo4j.notifications] Received notification from DBMS server: {severity: INFORMATION} {code: Neo.ClientNotification.Schema.IndexOrConstraintAlreadyExists} {category: SCHEMA} {title: `CREATE CONSTRAINT TypoFeedbackId IF NOT EXISTS FOR (e:TypoFeedback) REQUIRE (e.id) IS UNIQUE` has no effect.} {description: `CONSTRAINT TypoFeedbackId FOR (e:TypoFeedback) REQUIRE (e.id) IS UNIQUE` already exists.} {position: None} for query: '\n                CREATE CONSTRAINT TypoFeedbackId IF NOT EXISTS\n                FOR (tf:TypoFeedback) REQUIRE tf.id IS UNIQUE\n                '[0m
[32m[2025-10-30 23:30:29] [INFO    ] [component_16_probabilistic_engine] ProbabilisticEngine initialisiert.[0m
[32m[2025-10-30 23:30:29] [INFO    ] [component_9_logik_engine] Logik-Engine initialisiert mit probabilistischer Unterst�tzung.[0m
[32m[2025-10-30 23:30:29] [INFO    ] [component_9_logik_engine] Logik-Engine initialisiert mit SAT-Solver f�r Boolean Reasoning.[0m
PASSED
tests/test_abductive_reasoning.py::TestIntegrationWithKaiWorker::test_generate_hypotheses_integration [32m[2025-10-30 23:30:29] [INFO    ] [component_1_netzwerk_core] Initialisiere Neo4j-Verbindung | uri=bolt://127.0.0.1:7687 | user=neo4j[0m
[32m[2025-10-30 23:30:29] [INFO    ] [component_1_netzwerk_core] Neo4j-Verbindung erfolgreich hergestellt | uri=bolt://127.0.0.1:7687[0m
[32m[2025-10-30 23:30:29] [INFO    ] [neo4j.notifications] Received notification from DBMS server: {severity: INFORMATION} {code: Neo.ClientNotification.Schema.IndexOrConstraintAlreadyExists} {category: SCHEMA} {title: `CREATE CONSTRAINT WortLemma IF NOT EXISTS FOR (e:Wort) REQUIRE (e.lemma) IS UNIQUE` has no effect.} {description: `CONSTRAINT WortLemma FOR (e:Wort) REQUIRE (e.lemma) IS UNIQUE` already exists.} {position: None} for query: 'CREATE CONSTRAINT WortLemma IF NOT EXISTS FOR (w:Wort) REQUIRE w.lemma IS UNIQUE'[0m
[32m[2025-10-30 23:30:29] [INFO    ] [neo4j.notifications] Received notification from DBMS server: {severity: INFORMATION} {code: Neo.ClientNotification.Schema.IndexOrConstraintAlreadyExists} {category: SCHEMA} {title: `CREATE CONSTRAINT KonzeptName IF NOT EXISTS FOR (e:Konzept) REQUIRE (e.name) IS UNIQUE` has no effect.} {description: `CONSTRAINT KonzeptName FOR (e:Konzept) REQUIRE (e.name) IS UNIQUE` already exists.} {position: None} for query: 'CREATE CONSTRAINT KonzeptName IF NOT EXISTS FOR (k:Konzept) REQUIRE k.name IS UNIQUE'[0m
[32m[2025-10-30 23:30:29] [INFO    ] [neo4j.notifications] Received notification from DBMS server: {severity: INFORMATION} {code: Neo.ClientNotification.Schema.IndexOrConstraintAlreadyExists} {category: SCHEMA} {title: `CREATE CONSTRAINT ExtractionRuleType IF NOT EXISTS FOR (e:ExtractionRule) REQUIRE (e.relation_type) IS UNIQUE` has no effect.} {description: `CONSTRAINT ExtractionRuleType FOR (e:ExtractionRule) REQUIRE (e.relation_type) IS UNIQUE` already exists.} {position: None} for query: 'CREATE CONSTRAINT ExtractionRuleType IF NOT EXISTS FOR (r:ExtractionRule) REQUIRE r.relation_type IS UNIQUE'[0m
[32m[2025-10-30 23:30:29] [INFO    ] [neo4j.notifications] Received notification from DBMS server: {severity: INFORMATION} {code: Neo.ClientNotification.Schema.IndexOrConstraintAlreadyExists} {category: SCHEMA} {title: `CREATE CONSTRAINT PatternPrototypeId IF NOT EXISTS FOR (e:PatternPrototype) REQUIRE (e.id) IS UNIQUE` has no effect.} {description: `CONSTRAINT PatternPrototypeId FOR (e:PatternPrototype) REQUIRE (e.id) IS UNIQUE` already exists.} {position: None} for query: 'CREATE CONSTRAINT PatternPrototypeId IF NOT EXISTS FOR (p:PatternPrototype) REQUIRE p.id IS UNIQUE'[0m
[32m[2025-10-30 23:30:29] [INFO    ] [neo4j.notifications] Received notification from DBMS server: {severity: INFORMATION} {code: Neo.ClientNotification.Schema.IndexOrConstraintAlreadyExists} {category: SCHEMA} {title: `CREATE CONSTRAINT LexiconName IF NOT EXISTS FOR (e:Lexicon) REQUIRE (e.name) IS UNIQUE` has no effect.} {description: `CONSTRAINT LexiconName FOR (e:Lexicon) REQUIRE (e.name) IS UNIQUE` already exists.} {position: None} for query: 'CREATE CONSTRAINT LexiconName IF NOT EXISTS FOR (l:Lexicon) REQUIRE l.name IS UNIQUE'[0m
[32m[2025-10-30 23:30:29] [INFO    ] [neo4j.notifications] Received notification from DBMS server: {severity: INFORMATION} {code: Neo.ClientNotification.Schema.IndexOrConstraintAlreadyExists} {category: SCHEMA} {title: `CREATE CONSTRAINT EpisodeId IF NOT EXISTS FOR (e:Episode) REQUIRE (e.id) IS UNIQUE` has no effect.} {description: `CONSTRAINT EpisodeId FOR (e:Episode) REQUIRE (e.id) IS UNIQUE` already exists.} {position: None} for query: 'CREATE CONSTRAINT EpisodeId IF NOT EXISTS FOR (e:Episode) REQUIRE e.id IS UNIQUE'[0m
[32m[2025-10-30 23:30:29] [INFO    ] [neo4j.notifications] Received notification from DBMS server: {severity: INFORMATION} {code: Neo.ClientNotification.Schema.IndexOrConstraintAlreadyExists} {category: SCHEMA} {title: `CREATE CONSTRAINT InferenceEpisodeId IF NOT EXISTS FOR (e:InferenceEpisode) REQUIRE (e.id) IS UNIQUE` has no effect.} {description: `CONSTRAINT InferenceEpisodeId FOR (e:InferenceEpisode) REQUIRE (e.id) IS UNIQUE` already exists.} {position: None} for query: 'CREATE CONSTRAINT InferenceEpisodeId IF NOT EXISTS FOR (ie:InferenceEpisode) REQUIRE ie.id IS UNIQUE'[0m
[32m[2025-10-30 23:30:29] [INFO    ] [neo4j.notifications] Received notification from DBMS server: {severity: INFORMATION} {code: Neo.ClientNotification.Schema.IndexOrConstraintAlreadyExists} {category: SCHEMA} {title: `CREATE CONSTRAINT ProofStepId IF NOT EXISTS FOR (e:ProofStep) REQUIRE (e.id) IS UNIQUE` has no effect.} {description: `CONSTRAINT ProofStepId FOR (e:ProofStep) REQUIRE (e.id) IS UNIQUE` already exists.} {position: None} for query: 'CREATE CONSTRAINT ProofStepId IF NOT EXISTS FOR (ps:ProofStep) REQUIRE ps.id IS UNIQUE'[0m
[32m[2025-10-30 23:30:29] [INFO    ] [neo4j.notifications] Received notification from DBMS server: {severity: INFORMATION} {code: Neo.ClientNotification.Schema.IndexOrConstraintAlreadyExists} {category: SCHEMA} {title: `CREATE CONSTRAINT HypothesisId IF NOT EXISTS FOR (e:Hypothesis) REQUIRE (e.id) IS UNIQUE` has no effect.} {description: `CONSTRAINT HypothesisId FOR (e:Hypothesis) REQUIRE (e.id) IS UNIQUE` already exists.} {position: None} for query: 'CREATE CONSTRAINT HypothesisId IF NOT EXISTS FOR (h:Hypothesis) REQUIRE h.id IS UNIQUE'[0m
[32m[2025-10-30 23:30:29] [INFO    ] [component_1_netzwerk_core] Neo4j Constraints erfolgreich konfiguriert[0m
[32m[2025-10-30 23:30:29] [INFO    ] [neo4j.notifications] Received notification from DBMS server: {severity: INFORMATION} {code: Neo.ClientNotification.Schema.IndexOrConstraintAlreadyExists} {category: SCHEMA} {title: `CREATE CONSTRAINT UsageContextId IF NOT EXISTS FOR (e:UsageContext) REQUIRE (e.id) IS UNIQUE` has no effect.} {description: `CONSTRAINT UsageContextId FOR (e:UsageContext) REQUIRE (e.id) IS UNIQUE` already exists.} {position: None} for query: '\n                CREATE CONSTRAINT UsageContextId IF NOT EXISTS\n                FOR (uc:UsageContext) REQUIRE uc.id IS UNIQUE\n                '[0m
[32m[2025-10-30 23:30:29] [INFO    ] [neo4j.notifications] Received notification from DBMS server: {severity: INFORMATION} {code: Neo.ClientNotification.Schema.IndexOrConstraintAlreadyExists} {category: SCHEMA} {title: `CREATE CONSTRAINT TypoFeedbackId IF NOT EXISTS FOR (e:TypoFeedback) REQUIRE (e.id) IS UNIQUE` has no effect.} {description: `CONSTRAINT TypoFeedbackId FOR (e:TypoFeedback) REQUIRE (e.id) IS UNIQUE` already exists.} {position: None} for query: '\n                CREATE CONSTRAINT TypoFeedbackId IF NOT EXISTS\n                FOR (tf:TypoFeedback) REQUIRE tf.id IS UNIQUE\n                '[0m
[32m[2025-10-30 23:30:29] [INFO    ] [component_16_probabilistic_engine] ProbabilisticEngine initialisiert.[0m
[32m[2025-10-30 23:30:29] [INFO    ] [component_9_logik_engine] Logik-Engine initialisiert mit probabilistischer Unterst�tzung.[0m
[32m[2025-10-30 23:30:29] [INFO    ] [component_9_logik_engine] Logik-Engine initialisiert mit SAT-Solver f�r Boolean Reasoning.[0m
[32m[2025-10-30 23:30:29] [INFO    ] [component_1_netzwerk_core] Neue Relation erstellt | subject=test_vogel | relation=CAPABLE_OF | object=test_fliegen | source=None[0m
[32m[2025-10-30 23:30:29] [INFO    ] [component_1_netzwerk_core] Neue Relation erstellt | subject=test_vogel | relation=HAS_PROPERTY | object=test_fl�gel | source=None[0m
[32m[2025-10-30 23:30:29] [INFO    ] [component_1_netzwerk_core] Neue Relation erstellt | subject=test_vogel | relation=HAS_PROPERTY | object=test_federkleid | source=None[0m
[32m[2025-10-30 23:30:29] [INFO    ] [component_1_netzwerk_core] Neue Relation erstellt | subject=test_vogel | relation=IS_A | object=test_tier | source=None[0m
PASSED
tests/test_abductive_reasoning.py::TestIntegrationWithKaiWorker::test_multi_strategy_integration [32m[2025-10-30 23:30:29] [INFO    ] [component_1_netzwerk_core] Initialisiere Neo4j-Verbindung | uri=bolt://127.0.0.1:7687 | user=neo4j[0m
[32m[2025-10-30 23:30:29] [INFO    ] [component_1_netzwerk_core] Neo4j-Verbindung erfolgreich hergestellt | uri=bolt://127.0.0.1:7687[0m
[32m[2025-10-30 23:30:29] [INFO    ] [neo4j.notifications] Received notification from DBMS server: {severity: INFORMATION} {code: Neo.ClientNotification.Schema.IndexOrConstraintAlreadyExists} {category: SCHEMA} {title: `CREATE CONSTRAINT WortLemma IF NOT EXISTS FOR (e:Wort) REQUIRE (e.lemma) IS UNIQUE` has no effect.} {description: `CONSTRAINT WortLemma FOR (e:Wort) REQUIRE (e.lemma) IS UNIQUE` already exists.} {position: None} for query: 'CREATE CONSTRAINT WortLemma IF NOT EXISTS FOR (w:Wort) REQUIRE w.lemma IS UNIQUE'[0m
[32m[2025-10-30 23:30:29] [INFO    ] [neo4j.notifications] Received notification from DBMS server: {severity: INFORMATION} {code: Neo.ClientNotification.Schema.IndexOrConstraintAlreadyExists} {category: SCHEMA} {title: `CREATE CONSTRAINT KonzeptName IF NOT EXISTS FOR (e:Konzept) REQUIRE (e.name) IS UNIQUE` has no effect.} {description: `CONSTRAINT KonzeptName FOR (e:Konzept) REQUIRE (e.name) IS UNIQUE` already exists.} {position: None} for query: 'CREATE CONSTRAINT KonzeptName IF NOT EXISTS FOR (k:Konzept) REQUIRE k.name IS UNIQUE'[0m
[32m[2025-10-30 23:30:29] [INFO    ] [neo4j.notifications] Received notification from DBMS server: {severity: INFORMATION} {code: Neo.ClientNotification.Schema.IndexOrConstraintAlreadyExists} {category: SCHEMA} {title: `CREATE CONSTRAINT ExtractionRuleType IF NOT EXISTS FOR (e:ExtractionRule) REQUIRE (e.relation_type) IS UNIQUE` has no effect.} {description: `CONSTRAINT ExtractionRuleType FOR (e:ExtractionRule) REQUIRE (e.relation_type) IS UNIQUE` already exists.} {position: None} for query: 'CREATE CONSTRAINT ExtractionRuleType IF NOT EXISTS FOR (r:ExtractionRule) REQUIRE r.relation_type IS UNIQUE'[0m
[32m[2025-10-30 23:30:29] [INFO    ] [neo4j.notifications] Received notification from DBMS server: {severity: INFORMATION} {code: Neo.ClientNotification.Schema.IndexOrConstraintAlreadyExists} {category: SCHEMA} {title: `CREATE CONSTRAINT PatternPrototypeId IF NOT EXISTS FOR (e:PatternPrototype) REQUIRE (e.id) IS UNIQUE` has no effect.} {description: `CONSTRAINT PatternPrototypeId FOR (e:PatternPrototype) REQUIRE (e.id) IS UNIQUE` already exists.} {position: None} for query: 'CREATE CONSTRAINT PatternPrototypeId IF NOT EXISTS FOR (p:PatternPrototype) REQUIRE p.id IS UNIQUE'[0m
[32m[2025-10-30 23:30:29] [INFO    ] [neo4j.notifications] Received notification from DBMS server: {severity: INFORMATION} {code: Neo.ClientNotification.Schema.IndexOrConstraintAlreadyExists} {category: SCHEMA} {title: `CREATE CONSTRAINT LexiconName IF NOT EXISTS FOR (e:Lexicon) REQUIRE (e.name) IS UNIQUE` has no effect.} {description: `CONSTRAINT LexiconName FOR (e:Lexicon) REQUIRE (e.name) IS UNIQUE` already exists.} {position: None} for query: 'CREATE CONSTRAINT LexiconName IF NOT EXISTS FOR (l:Lexicon) REQUIRE l.name IS UNIQUE'[0m
[32m[2025-10-30 23:30:29] [INFO    ] [neo4j.notifications] Received notification from DBMS server: {severity: INFORMATION} {code: Neo.ClientNotification.Schema.IndexOrConstraintAlreadyExists} {category: SCHEMA} {title: `CREATE CONSTRAINT EpisodeId IF NOT EXISTS FOR (e:Episode) REQUIRE (e.id) IS UNIQUE` has no effect.} {description: `CONSTRAINT EpisodeId FOR (e:Episode) REQUIRE (e.id) IS UNIQUE` already exists.} {position: None} for query: 'CREATE CONSTRAINT EpisodeId IF NOT EXISTS FOR (e:Episode) REQUIRE e.id IS UNIQUE'[0m
[32m[2025-10-30 23:30:29] [INFO    ] [neo4j.notifications] Received notification from DBMS server: {severity: INFORMATION} {code: Neo.ClientNotification.Schema.IndexOrConstraintAlreadyExists} {category: SCHEMA} {title: `CREATE CONSTRAINT InferenceEpisodeId IF NOT EXISTS FOR (e:InferenceEpisode) REQUIRE (e.id) IS UNIQUE` has no effect.} {description: `CONSTRAINT InferenceEpisodeId FOR (e:InferenceEpisode) REQUIRE (e.id) IS UNIQUE` already exists.} {position: None} for query: 'CREATE CONSTRAINT InferenceEpisodeId IF NOT EXISTS FOR (ie:InferenceEpisode) REQUIRE ie.id IS UNIQUE'[0m
[32m[2025-10-30 23:30:29] [INFO    ] [neo4j.notifications] Received notification from DBMS server: {severity: INFORMATION} {code: Neo.ClientNotification.Schema.IndexOrConstraintAlreadyExists} {category: SCHEMA} {title: `CREATE CONSTRAINT ProofStepId IF NOT EXISTS FOR (e:ProofStep) REQUIRE (e.id) IS UNIQUE` has no effect.} {description: `CONSTRAINT ProofStepId FOR (e:ProofStep) REQUIRE (e.id) IS UNIQUE` already exists.} {position: None} for query: 'CREATE CONSTRAINT ProofStepId IF NOT EXISTS FOR (ps:ProofStep) REQUIRE ps.id IS UNIQUE'[0m
[32m[2025-10-30 23:30:29] [INFO    ] [neo4j.notifications] Received notification from DBMS server: {severity: INFORMATION} {code: Neo.ClientNotification.Schema.IndexOrConstraintAlreadyExists} {category: SCHEMA} {title: `CREATE CONSTRAINT HypothesisId IF NOT EXISTS FOR (e:Hypothesis) REQUIRE (e.id) IS UNIQUE` has no effect.} {description: `CONSTRAINT HypothesisId FOR (e:Hypothesis) REQUIRE (e.id) IS UNIQUE` already exists.} {position: None} for query: 'CREATE CONSTRAINT HypothesisId IF NOT EXISTS FOR (h:Hypothesis) REQUIRE h.id IS UNIQUE'[0m
[32m[2025-10-30 23:30:29] [INFO    ] [component_1_netzwerk_core] Neo4j Constraints erfolgreich konfiguriert[0m
[32m[2025-10-30 23:30:29] [INFO    ] [neo4j.notifications] Received notification from DBMS server: {severity: INFORMATION} {code: Neo.ClientNotification.Schema.IndexOrConstraintAlreadyExists} {category: SCHEMA} {title: `CREATE CONSTRAINT UsageContextId IF NOT EXISTS FOR (e:UsageContext) REQUIRE (e.id) IS UNIQUE` has no effect.} {description: `CONSTRAINT UsageContextId FOR (e:UsageContext) REQUIRE (e.id) IS UNIQUE` already exists.} {position: None} for query: '\n                CREATE CONSTRAINT UsageContextId IF NOT EXISTS\n                FOR (uc:UsageContext) REQUIRE uc.id IS UNIQUE\n                '[0m
[32m[2025-10-30 23:30:29] [INFO    ] [neo4j.notifications] Received notification from DBMS server: {severity: INFORMATION} {code: Neo.ClientNotification.Schema.IndexOrConstraintAlreadyExists} {category: SCHEMA} {title: `CREATE CONSTRAINT TypoFeedbackId IF NOT EXISTS FOR (e:TypoFeedback) REQUIRE (e.id) IS UNIQUE` has no effect.} {description: `CONSTRAINT TypoFeedbackId FOR (e:TypoFeedback) REQUIRE (e.id) IS UNIQUE` already exists.} {position: None} for query: '\n                CREATE CONSTRAINT TypoFeedbackId IF NOT EXISTS\n                FOR (tf:TypoFeedback) REQUIRE tf.id IS UNIQUE\n                '[0m
[32m[2025-10-30 23:30:29] [INFO    ] [component_16_probabilistic_engine] ProbabilisticEngine initialisiert.[0m
[32m[2025-10-30 23:30:29] [INFO    ] [component_9_logik_engine] Logik-Engine initialisiert mit probabilistischer Unterst�tzung.[0m
[32m[2025-10-30 23:30:29] [INFO    ] [component_9_logik_engine] Logik-Engine initialisiert mit SAT-Solver f�r Boolean Reasoning.[0m
[32m[2025-10-30 23:30:29] [INFO    ] [component_1_netzwerk_core] Neue Relation erstellt | subject=test_vogel | relation=CAPABLE_OF | object=test_fliegen | source=None[0m
[32m[2025-10-30 23:30:29] [INFO    ] [component_1_netzwerk_core] Neue Relation erstellt | subject=test_vogel | relation=HAS_PROPERTY | object=test_fl�gel | source=None[0m
[32m[2025-10-30 23:30:29] [INFO    ] [component_1_netzwerk_core] Neue Relation erstellt | subject=test_vogel | relation=HAS_PROPERTY | object=test_federkleid | source=None[0m
[32m[2025-10-30 23:30:29] [INFO    ] [component_1_netzwerk_core] Neue Relation erstellt | subject=test_vogel | relation=IS_A | object=test_tier | source=None[0m
PASSED
tests/test_abductive_reasoning.py::TestEdgeCases::test_generate_hypotheses_empty_observation [32m[2025-10-30 23:30:29] [INFO    ] [component_1_netzwerk_core] Initialisiere Neo4j-Verbindung | uri=bolt://127.0.0.1:7687 | user=neo4j[0m
[32m[2025-10-30 23:30:29] [INFO    ] [component_1_netzwerk_core] Neo4j-Verbindung erfolgreich hergestellt | uri=bolt://127.0.0.1:7687[0m
[32m[2025-10-30 23:30:29] [INFO    ] [neo4j.notifications] Received notification from DBMS server: {severity: INFORMATION} {code: Neo.ClientNotification.Schema.IndexOrConstraintAlreadyExists} {category: SCHEMA} {title: `CREATE CONSTRAINT WortLemma IF NOT EXISTS FOR (e:Wort) REQUIRE (e.lemma) IS UNIQUE` has no effect.} {description: `CONSTRAINT WortLemma FOR (e:Wort) REQUIRE (e.lemma) IS UNIQUE` already exists.} {position: None} for query: 'CREATE CONSTRAINT WortLemma IF NOT EXISTS FOR (w:Wort) REQUIRE w.lemma IS UNIQUE'[0m
[32m[2025-10-30 23:30:29] [INFO    ] [neo4j.notifications] Received notification from DBMS server: {severity: INFORMATION} {code: Neo.ClientNotification.Schema.IndexOrConstraintAlreadyExists} {category: SCHEMA} {title: `CREATE CONSTRAINT KonzeptName IF NOT EXISTS FOR (e:Konzept) REQUIRE (e.name) IS UNIQUE` has no effect.} {description: `CONSTRAINT KonzeptName FOR (e:Konzept) REQUIRE (e.name) IS UNIQUE` already exists.} {position: None} for query: 'CREATE CONSTRAINT KonzeptName IF NOT EXISTS FOR (k:Konzept) REQUIRE k.name IS UNIQUE'[0m
[32m[2025-10-30 23:30:29] [INFO    ] [neo4j.notifications] Received notification from DBMS server: {severity: INFORMATION} {code: Neo.ClientNotification.Schema.IndexOrConstraintAlreadyExists} {category: SCHEMA} {title: `CREATE CONSTRAINT ExtractionRuleType IF NOT EXISTS FOR (e:ExtractionRule) REQUIRE (e.relation_type) IS UNIQUE` has no effect.} {description: `CONSTRAINT ExtractionRuleType FOR (e:ExtractionRule) REQUIRE (e.relation_type) IS UNIQUE` already exists.} {position: None} for query: 'CREATE CONSTRAINT ExtractionRuleType IF NOT EXISTS FOR (r:ExtractionRule) REQUIRE r.relation_type IS UNIQUE'[0m
[32m[2025-10-30 23:30:29] [INFO    ] [neo4j.notifications] Received notification from DBMS server: {severity: INFORMATION} {code: Neo.ClientNotification.Schema.IndexOrConstraintAlreadyExists} {category: SCHEMA} {title: `CREATE CONSTRAINT PatternPrototypeId IF NOT EXISTS FOR (e:PatternPrototype) REQUIRE (e.id) IS UNIQUE` has no effect.} {description: `CONSTRAINT PatternPrototypeId FOR (e:PatternPrototype) REQUIRE (e.id) IS UNIQUE` already exists.} {position: None} for query: 'CREATE CONSTRAINT PatternPrototypeId IF NOT EXISTS FOR (p:PatternPrototype) REQUIRE p.id IS UNIQUE'[0m
[32m[2025-10-30 23:30:29] [INFO    ] [neo4j.notifications] Received notification from DBMS server: {severity: INFORMATION} {code: Neo.ClientNotification.Schema.IndexOrConstraintAlreadyExists} {category: SCHEMA} {title: `CREATE CONSTRAINT LexiconName IF NOT EXISTS FOR (e:Lexicon) REQUIRE (e.name) IS UNIQUE` has no effect.} {description: `CONSTRAINT LexiconName FOR (e:Lexicon) REQUIRE (e.name) IS UNIQUE` already exists.} {position: None} for query: 'CREATE CONSTRAINT LexiconName IF NOT EXISTS FOR (l:Lexicon) REQUIRE l.name IS UNIQUE'[0m
[32m[2025-10-30 23:30:29] [INFO    ] [neo4j.notifications] Received notification from DBMS server: {severity: INFORMATION} {code: Neo.ClientNotification.Schema.IndexOrConstraintAlreadyExists} {category: SCHEMA} {title: `CREATE CONSTRAINT EpisodeId IF NOT EXISTS FOR (e:Episode) REQUIRE (e.id) IS UNIQUE` has no effect.} {description: `CONSTRAINT EpisodeId FOR (e:Episode) REQUIRE (e.id) IS UNIQUE` already exists.} {position: None} for query: 'CREATE CONSTRAINT EpisodeId IF NOT EXISTS FOR (e:Episode) REQUIRE e.id IS UNIQUE'[0m
[32m[2025-10-30 23:30:29] [INFO    ] [neo4j.notifications] Received notification from DBMS server: {severity: INFORMATION} {code: Neo.ClientNotification.Schema.IndexOrConstraintAlreadyExists} {category: SCHEMA} {title: `CREATE CONSTRAINT InferenceEpisodeId IF NOT EXISTS FOR (e:InferenceEpisode) REQUIRE (e.id) IS UNIQUE` has no effect.} {description: `CONSTRAINT InferenceEpisodeId FOR (e:InferenceEpisode) REQUIRE (e.id) IS UNIQUE` already exists.} {position: None} for query: 'CREATE CONSTRAINT InferenceEpisodeId IF NOT EXISTS FOR (ie:InferenceEpisode) REQUIRE ie.id IS UNIQUE'[0m
[32m[2025-10-30 23:30:29] [INFO    ] [neo4j.notifications] Received notification from DBMS server: {severity: INFORMATION} {code: Neo.ClientNotification.Schema.IndexOrConstraintAlreadyExists} {category: SCHEMA} {title: `CREATE CONSTRAINT ProofStepId IF NOT EXISTS FOR (e:ProofStep) REQUIRE (e.id) IS UNIQUE` has no effect.} {description: `CONSTRAINT ProofStepId FOR (e:ProofStep) REQUIRE (e.id) IS UNIQUE` already exists.} {position: None} for query: 'CREATE CONSTRAINT ProofStepId IF NOT EXISTS FOR (ps:ProofStep) REQUIRE ps.id IS UNIQUE'[0m
[32m[2025-10-30 23:30:29] [INFO    ] [neo4j.notifications] Received notification from DBMS server: {severity: INFORMATION} {code: Neo.ClientNotification.Schema.IndexOrConstraintAlreadyExists} {category: SCHEMA} {title: `CREATE CONSTRAINT HypothesisId IF NOT EXISTS FOR (e:Hypothesis) REQUIRE (e.id) IS UNIQUE` has no effect.} {description: `CONSTRAINT HypothesisId FOR (e:Hypothesis) REQUIRE (e.id) IS UNIQUE` already exists.} {position: None} for query: 'CREATE CONSTRAINT HypothesisId IF NOT EXISTS FOR (h:Hypothesis) REQUIRE h.id IS UNIQUE'[0m
[32m[2025-10-30 23:30:29] [INFO    ] [component_1_netzwerk_core] Neo4j Constraints erfolgreich konfiguriert[0m
[32m[2025-10-30 23:30:29] [INFO    ] [neo4j.notifications] Received notification from DBMS server: {severity: INFORMATION} {code: Neo.ClientNotification.Schema.IndexOrConstraintAlreadyExists} {category: SCHEMA} {title: `CREATE CONSTRAINT UsageContextId IF NOT EXISTS FOR (e:UsageContext) REQUIRE (e.id) IS UNIQUE` has no effect.} {description: `CONSTRAINT UsageContextId FOR (e:UsageContext) REQUIRE (e.id) IS UNIQUE` already exists.} {position: None} for query: '\n                CREATE CONSTRAINT UsageContextId IF NOT EXISTS\n                FOR (uc:UsageContext) REQUIRE uc.id IS UNIQUE\n                '[0m
[32m[2025-10-30 23:30:29] [INFO    ] [neo4j.notifications] Received notification from DBMS server: {severity: INFORMATION} {code: Neo.ClientNotification.Schema.IndexOrConstraintAlreadyExists} {category: SCHEMA} {title: `CREATE CONSTRAINT TypoFeedbackId IF NOT EXISTS FOR (e:TypoFeedback) REQUIRE (e.id) IS UNIQUE` has no effect.} {description: `CONSTRAINT TypoFeedbackId FOR (e:TypoFeedback) REQUIRE (e.id) IS UNIQUE` already exists.} {position: None} for query: '\n                CREATE CONSTRAINT TypoFeedbackId IF NOT EXISTS\n                FOR (tf:TypoFeedback) REQUIRE tf.id IS UNIQUE\n                '[0m
[32m[2025-10-30 23:30:29] [INFO    ] [component_16_probabilistic_engine] ProbabilisticEngine initialisiert.[0m
[32m[2025-10-30 23:30:29] [INFO    ] [component_9_logik_engine] Logik-Engine initialisiert mit probabilistischer Unterst�tzung.[0m
[32m[2025-10-30 23:30:29] [INFO    ] [component_9_logik_engine] Logik-Engine initialisiert mit SAT-Solver f�r Boolean Reasoning.[0m
PASSED
tests/test_abductive_reasoning.py::TestEdgeCases::test_generate_hypotheses_no_strategies [32m[2025-10-30 23:30:29] [INFO    ] [component_1_netzwerk_core] Initialisiere Neo4j-Verbindung | uri=bolt://127.0.0.1:7687 | user=neo4j[0m
[32m[2025-10-30 23:30:29] [INFO    ] [component_1_netzwerk_core] Neo4j-Verbindung erfolgreich hergestellt | uri=bolt://127.0.0.1:7687[0m
[32m[2025-10-30 23:30:29] [INFO    ] [neo4j.notifications] Received notification from DBMS server: {severity: INFORMATION} {code: Neo.ClientNotification.Schema.IndexOrConstraintAlreadyExists} {category: SCHEMA} {title: `CREATE CONSTRAINT WortLemma IF NOT EXISTS FOR (e:Wort) REQUIRE (e.lemma) IS UNIQUE` has no effect.} {description: `CONSTRAINT WortLemma FOR (e:Wort) REQUIRE (e.lemma) IS UNIQUE` already exists.} {position: None} for query: 'CREATE CONSTRAINT WortLemma IF NOT EXISTS FOR (w:Wort) REQUIRE w.lemma IS UNIQUE'[0m
[32m[2025-10-30 23:30:29] [INFO    ] [neo4j.notifications] Received notification from DBMS server: {severity: INFORMATION} {code: Neo.ClientNotification.Schema.IndexOrConstraintAlreadyExists} {category: SCHEMA} {title: `CREATE CONSTRAINT KonzeptName IF NOT EXISTS FOR (e:Konzept) REQUIRE (e.name) IS UNIQUE` has no effect.} {description: `CONSTRAINT KonzeptName FOR (e:Konzept) REQUIRE (e.name) IS UNIQUE` already exists.} {position: None} for query: 'CREATE CONSTRAINT KonzeptName IF NOT EXISTS FOR (k:Konzept) REQUIRE k.name IS UNIQUE'[0m
[32m[2025-10-30 23:30:29] [INFO    ] [neo4j.notifications] Received notification from DBMS server: {severity: INFORMATION} {code: Neo.ClientNotification.Schema.IndexOrConstraintAlreadyExists} {category: SCHEMA} {title: `CREATE CONSTRAINT ExtractionRuleType IF NOT EXISTS FOR (e:ExtractionRule) REQUIRE (e.relation_type) IS UNIQUE` has no effect.} {description: `CONSTRAINT ExtractionRuleType FOR (e:ExtractionRule) REQUIRE (e.relation_type) IS UNIQUE` already exists.} {position: None} for query: 'CREATE CONSTRAINT ExtractionRuleType IF NOT EXISTS FOR (r:ExtractionRule) REQUIRE r.relation_type IS UNIQUE'[0m
[32m[2025-10-30 23:30:29] [INFO    ] [neo4j.notifications] Received notification from DBMS server: {severity: INFORMATION} {code: Neo.ClientNotification.Schema.IndexOrConstraintAlreadyExists} {category: SCHEMA} {title: `CREATE CONSTRAINT PatternPrototypeId IF NOT EXISTS FOR (e:PatternPrototype) REQUIRE (e.id) IS UNIQUE` has no effect.} {description: `CONSTRAINT PatternPrototypeId FOR (e:PatternPrototype) REQUIRE (e.id) IS UNIQUE` already exists.} {position: None} for query: 'CREATE CONSTRAINT PatternPrototypeId IF NOT EXISTS FOR (p:PatternPrototype) REQUIRE p.id IS UNIQUE'[0m
[32m[2025-10-30 23:30:29] [INFO    ] [neo4j.notifications] Received notification from DBMS server: {severity: INFORMATION} {code: Neo.ClientNotification.Schema.IndexOrConstraintAlreadyExists} {category: SCHEMA} {title: `CREATE CONSTRAINT LexiconName IF NOT EXISTS FOR (e:Lexicon) REQUIRE (e.name) IS UNIQUE` has no effect.} {description: `CONSTRAINT LexiconName FOR (e:Lexicon) REQUIRE (e.name) IS UNIQUE` already exists.} {position: None} for query: 'CREATE CONSTRAINT LexiconName IF NOT EXISTS FOR (l:Lexicon) REQUIRE l.name IS UNIQUE'[0m
[32m[2025-10-30 23:30:29] [INFO    ] [neo4j.notifications] Received notification from DBMS server: {severity: INFORMATION} {code: Neo.ClientNotification.Schema.IndexOrConstraintAlreadyExists} {category: SCHEMA} {title: `CREATE CONSTRAINT EpisodeId IF NOT EXISTS FOR (e:Episode) REQUIRE (e.id) IS UNIQUE` has no effect.} {description: `CONSTRAINT EpisodeId FOR (e:Episode) REQUIRE (e.id) IS UNIQUE` already exists.} {position: None} for query: 'CREATE CONSTRAINT EpisodeId IF NOT EXISTS FOR (e:Episode) REQUIRE e.id IS UNIQUE'[0m
[32m[2025-10-30 23:30:29] [INFO    ] [neo4j.notifications] Received notification from DBMS server: {severity: INFORMATION} {code: Neo.ClientNotification.Schema.IndexOrConstraintAlreadyExists} {category: SCHEMA} {title: `CREATE CONSTRAINT InferenceEpisodeId IF NOT EXISTS FOR (e:InferenceEpisode) REQUIRE (e.id) IS UNIQUE` has no effect.} {description: `CONSTRAINT InferenceEpisodeId FOR (e:InferenceEpisode) REQUIRE (e.id) IS UNIQUE` already exists.} {position: None} for query: 'CREATE CONSTRAINT InferenceEpisodeId IF NOT EXISTS FOR (ie:InferenceEpisode) REQUIRE ie.id IS UNIQUE'[0m
[32m[2025-10-30 23:30:29] [INFO    ] [neo4j.notifications] Received notification from DBMS server: {severity: INFORMATION} {code: Neo.ClientNotification.Schema.IndexOrConstraintAlreadyExists} {category: SCHEMA} {title: `CREATE CONSTRAINT ProofStepId IF NOT EXISTS FOR (e:ProofStep) REQUIRE (e.id) IS UNIQUE` has no effect.} {description: `CONSTRAINT ProofStepId FOR (e:ProofStep) REQUIRE (e.id) IS UNIQUE` already exists.} {position: None} for query: 'CREATE CONSTRAINT ProofStepId IF NOT EXISTS FOR (ps:ProofStep) REQUIRE ps.id IS UNIQUE'[0m
[32m[2025-10-30 23:30:29] [INFO    ] [neo4j.notifications] Received notification from DBMS server: {severity: INFORMATION} {code: Neo.ClientNotification.Schema.IndexOrConstraintAlreadyExists} {category: SCHEMA} {title: `CREATE CONSTRAINT HypothesisId IF NOT EXISTS FOR (e:Hypothesis) REQUIRE (e.id) IS UNIQUE` has no effect.} {description: `CONSTRAINT HypothesisId FOR (e:Hypothesis) REQUIRE (e.id) IS UNIQUE` already exists.} {position: None} for query: 'CREATE CONSTRAINT HypothesisId IF NOT EXISTS FOR (h:Hypothesis) REQUIRE h.id IS UNIQUE'[0m
[32m[2025-10-30 23:30:29] [INFO    ] [component_1_netzwerk_core] Neo4j Constraints erfolgreich konfiguriert[0m
[32m[2025-10-30 23:30:29] [INFO    ] [neo4j.notifications] Received notification from DBMS server: {severity: INFORMATION} {code: Neo.ClientNotification.Schema.IndexOrConstraintAlreadyExists} {category: SCHEMA} {title: `CREATE CONSTRAINT UsageContextId IF NOT EXISTS FOR (e:UsageContext) REQUIRE (e.id) IS UNIQUE` has no effect.} {description: `CONSTRAINT UsageContextId FOR (e:UsageContext) REQUIRE (e.id) IS UNIQUE` already exists.} {position: None} for query: '\n                CREATE CONSTRAINT UsageContextId IF NOT EXISTS\n                FOR (uc:UsageContext) REQUIRE uc.id IS UNIQUE\n                '[0m
[32m[2025-10-30 23:30:29] [INFO    ] [neo4j.notifications] Received notification from DBMS server: {severity: INFORMATION} {code: Neo.ClientNotification.Schema.IndexOrConstraintAlreadyExists} {category: SCHEMA} {title: `CREATE CONSTRAINT TypoFeedbackId IF NOT EXISTS FOR (e:TypoFeedback) REQUIRE (e.id) IS UNIQUE` has no effect.} {description: `CONSTRAINT TypoFeedbackId FOR (e:TypoFeedback) REQUIRE (e.id) IS UNIQUE` already exists.} {position: None} for query: '\n                CREATE CONSTRAINT TypoFeedbackId IF NOT EXISTS\n                FOR (tf:TypoFeedback) REQUIRE tf.id IS UNIQUE\n                '[0m
[32m[2025-10-30 23:30:29] [INFO    ] [component_16_probabilistic_engine] ProbabilisticEngine initialisiert.[0m
[32m[2025-10-30 23:30:29] [INFO    ] [component_9_logik_engine] Logik-Engine initialisiert mit probabilistischer Unterst�tzung.[0m
[32m[2025-10-30 23:30:29] [INFO    ] [component_9_logik_engine] Logik-Engine initialisiert mit SAT-Solver f�r Boolean Reasoning.[0m
PASSED
tests/test_abductive_reasoning.py::TestEdgeCases::test_generate_hypotheses_invalid_strategy [32m[2025-10-30 23:30:29] [INFO    ] [component_1_netzwerk_core] Initialisiere Neo4j-Verbindung | uri=bolt://127.0.0.1:7687 | user=neo4j[0m
[32m[2025-10-30 23:30:29] [INFO    ] [component_1_netzwerk_core] Neo4j-Verbindung erfolgreich hergestellt | uri=bolt://127.0.0.1:7687[0m
[32m[2025-10-30 23:30:29] [INFO    ] [neo4j.notifications] Received notification from DBMS server: {severity: INFORMATION} {code: Neo.ClientNotification.Schema.IndexOrConstraintAlreadyExists} {category: SCHEMA} {title: `CREATE CONSTRAINT WortLemma IF NOT EXISTS FOR (e:Wort) REQUIRE (e.lemma) IS UNIQUE` has no effect.} {description: `CONSTRAINT WortLemma FOR (e:Wort) REQUIRE (e.lemma) IS UNIQUE` already exists.} {position: None} for query: 'CREATE CONSTRAINT WortLemma IF NOT EXISTS FOR (w:Wort) REQUIRE w.lemma IS UNIQUE'[0m
[32m[2025-10-30 23:30:29] [INFO    ] [neo4j.notifications] Received notification from DBMS server: {severity: INFORMATION} {code: Neo.ClientNotification.Schema.IndexOrConstraintAlreadyExists} {category: SCHEMA} {title: `CREATE CONSTRAINT KonzeptName IF NOT EXISTS FOR (e:Konzept) REQUIRE (e.name) IS UNIQUE` has no effect.} {description: `CONSTRAINT KonzeptName FOR (e:Konzept) REQUIRE (e.name) IS UNIQUE` already exists.} {position: None} for query: 'CREATE CONSTRAINT KonzeptName IF NOT EXISTS FOR (k:Konzept) REQUIRE k.name IS UNIQUE'[0m
[32m[2025-10-30 23:30:29] [INFO    ] [neo4j.notifications] Received notification from DBMS server: {severity: INFORMATION} {code: Neo.ClientNotification.Schema.IndexOrConstraintAlreadyExists} {category: SCHEMA} {title: `CREATE CONSTRAINT ExtractionRuleType IF NOT EXISTS FOR (e:ExtractionRule) REQUIRE (e.relation_type) IS UNIQUE` has no effect.} {description: `CONSTRAINT ExtractionRuleType FOR (e:ExtractionRule) REQUIRE (e.relation_type) IS UNIQUE` already exists.} {position: None} for query: 'CREATE CONSTRAINT ExtractionRuleType IF NOT EXISTS FOR (r:ExtractionRule) REQUIRE r.relation_type IS UNIQUE'[0m
[32m[2025-10-30 23:30:29] [INFO    ] [neo4j.notifications] Received notification from DBMS server: {severity: INFORMATION} {code: Neo.ClientNotification.Schema.IndexOrConstraintAlreadyExists} {category: SCHEMA} {title: `CREATE CONSTRAINT PatternPrototypeId IF NOT EXISTS FOR (e:PatternPrototype) REQUIRE (e.id) IS UNIQUE` has no effect.} {description: `CONSTRAINT PatternPrototypeId FOR (e:PatternPrototype) REQUIRE (e.id) IS UNIQUE` already exists.} {position: None} for query: 'CREATE CONSTRAINT PatternPrototypeId IF NOT EXISTS FOR (p:PatternPrototype) REQUIRE p.id IS UNIQUE'[0m
[32m[2025-10-30 23:30:29] [INFO    ] [neo4j.notifications] Received notification from DBMS server: {severity: INFORMATION} {code: Neo.ClientNotification.Schema.IndexOrConstraintAlreadyExists} {category: SCHEMA} {title: `CREATE CONSTRAINT LexiconName IF NOT EXISTS FOR (e:Lexicon) REQUIRE (e.name) IS UNIQUE` has no effect.} {description: `CONSTRAINT LexiconName FOR (e:Lexicon) REQUIRE (e.name) IS UNIQUE` already exists.} {position: None} for query: 'CREATE CONSTRAINT LexiconName IF NOT EXISTS FOR (l:Lexicon) REQUIRE l.name IS UNIQUE'[0m
[32m[2025-10-30 23:30:29] [INFO    ] [neo4j.notifications] Received notification from DBMS server: {severity: INFORMATION} {code: Neo.ClientNotification.Schema.IndexOrConstraintAlreadyExists} {category: SCHEMA} {title: `CREATE CONSTRAINT EpisodeId IF NOT EXISTS FOR (e:Episode) REQUIRE (e.id) IS UNIQUE` has no effect.} {description: `CONSTRAINT EpisodeId FOR (e:Episode) REQUIRE (e.id) IS UNIQUE` already exists.} {position: None} for query: 'CREATE CONSTRAINT EpisodeId IF NOT EXISTS FOR (e:Episode) REQUIRE e.id IS UNIQUE'[0m
[32m[2025-10-30 23:30:29] [INFO    ] [neo4j.notifications] Received notification from DBMS server: {severity: INFORMATION} {code: Neo.ClientNotification.Schema.IndexOrConstraintAlreadyExists} {category: SCHEMA} {title: `CREATE CONSTRAINT InferenceEpisodeId IF NOT EXISTS FOR (e:InferenceEpisode) REQUIRE (e.id) IS UNIQUE` has no effect.} {description: `CONSTRAINT InferenceEpisodeId FOR (e:InferenceEpisode) REQUIRE (e.id) IS UNIQUE` already exists.} {position: None} for query: 'CREATE CONSTRAINT InferenceEpisodeId IF NOT EXISTS FOR (ie:InferenceEpisode) REQUIRE ie.id IS UNIQUE'[0m
[32m[2025-10-30 23:30:29] [INFO    ] [neo4j.notifications] Received notification from DBMS server: {severity: INFORMATION} {code: Neo.ClientNotification.Schema.IndexOrConstraintAlreadyExists} {category: SCHEMA} {title: `CREATE CONSTRAINT ProofStepId IF NOT EXISTS FOR (e:ProofStep) REQUIRE (e.id) IS UNIQUE` has no effect.} {description: `CONSTRAINT ProofStepId FOR (e:ProofStep) REQUIRE (e.id) IS UNIQUE` already exists.} {position: None} for query: 'CREATE CONSTRAINT ProofStepId IF NOT EXISTS FOR (ps:ProofStep) REQUIRE ps.id IS UNIQUE'[0m
[32m[2025-10-30 23:30:29] [INFO    ] [neo4j.notifications] Received notification from DBMS server: {severity: INFORMATION} {code: Neo.ClientNotification.Schema.IndexOrConstraintAlreadyExists} {category: SCHEMA} {title: `CREATE CONSTRAINT HypothesisId IF NOT EXISTS FOR (e:Hypothesis) REQUIRE (e.id) IS UNIQUE` has no effect.} {description: `CONSTRAINT HypothesisId FOR (e:Hypothesis) REQUIRE (e.id) IS UNIQUE` already exists.} {position: None} for query: 'CREATE CONSTRAINT HypothesisId IF NOT EXISTS FOR (h:Hypothesis) REQUIRE h.id IS UNIQUE'[0m
[32m[2025-10-30 23:30:29] [INFO    ] [component_1_netzwerk_core] Neo4j Constraints erfolgreich konfiguriert[0m
[32m[2025-10-30 23:30:29] [INFO    ] [neo4j.notifications] Received notification from DBMS server: {severity: INFORMATION} {code: Neo.ClientNotification.Schema.IndexOrConstraintAlreadyExists} {category: SCHEMA} {title: `CREATE CONSTRAINT UsageContextId IF NOT EXISTS FOR (e:UsageContext) REQUIRE (e.id) IS UNIQUE` has no effect.} {description: `CONSTRAINT UsageContextId FOR (e:UsageContext) REQUIRE (e.id) IS UNIQUE` already exists.} {position: None} for query: '\n                CREATE CONSTRAINT UsageContextId IF NOT EXISTS\n                FOR (uc:UsageContext) REQUIRE uc.id IS UNIQUE\n                '[0m
[32m[2025-10-30 23:30:29] [INFO    ] [neo4j.notifications] Received notification from DBMS server: {severity: INFORMATION} {code: Neo.ClientNotification.Schema.IndexOrConstraintAlreadyExists} {category: SCHEMA} {title: `CREATE CONSTRAINT TypoFeedbackId IF NOT EXISTS FOR (e:TypoFeedback) REQUIRE (e.id) IS UNIQUE` has no effect.} {description: `CONSTRAINT TypoFeedbackId FOR (e:TypoFeedback) REQUIRE (e.id) IS UNIQUE` already exists.} {position: None} for query: '\n                CREATE CONSTRAINT TypoFeedbackId IF NOT EXISTS\n                FOR (tf:TypoFeedback) REQUIRE tf.id IS UNIQUE\n                '[0m
[32m[2025-10-30 23:30:29] [INFO    ] [component_16_probabilistic_engine] ProbabilisticEngine initialisiert.[0m
[32m[2025-10-30 23:30:29] [INFO    ] [component_9_logik_engine] Logik-Engine initialisiert mit probabilistischer Unterst�tzung.[0m
[32m[2025-10-30 23:30:29] [INFO    ] [component_9_logik_engine] Logik-Engine initialisiert mit SAT-Solver f�r Boolean Reasoning.[0m
PASSED
tests/test_abductive_reasoning.py::TestEdgeCases::test_query_nonexistent_hypothesis [32m[2025-10-30 23:30:29] [INFO    ] [component_1_netzwerk_core] Initialisiere Neo4j-Verbindung | uri=bolt://127.0.0.1:7687 | user=neo4j[0m
[32m[2025-10-30 23:30:29] [INFO    ] [component_1_netzwerk_core] Neo4j-Verbindung erfolgreich hergestellt | uri=bolt://127.0.0.1:7687[0m
[32m[2025-10-30 23:30:29] [INFO    ] [neo4j.notifications] Received notification from DBMS server: {severity: INFORMATION} {code: Neo.ClientNotification.Schema.IndexOrConstraintAlreadyExists} {category: SCHEMA} {title: `CREATE CONSTRAINT WortLemma IF NOT EXISTS FOR (e:Wort) REQUIRE (e.lemma) IS UNIQUE` has no effect.} {description: `CONSTRAINT WortLemma FOR (e:Wort) REQUIRE (e.lemma) IS UNIQUE` already exists.} {position: None} for query: 'CREATE CONSTRAINT WortLemma IF NOT EXISTS FOR (w:Wort) REQUIRE w.lemma IS UNIQUE'[0m
[32m[2025-10-30 23:30:29] [INFO    ] [neo4j.notifications] Received notification from DBMS server: {severity: INFORMATION} {code: Neo.ClientNotification.Schema.IndexOrConstraintAlreadyExists} {category: SCHEMA} {title: `CREATE CONSTRAINT KonzeptName IF NOT EXISTS FOR (e:Konzept) REQUIRE (e.name) IS UNIQUE` has no effect.} {description: `CONSTRAINT KonzeptName FOR (e:Konzept) REQUIRE (e.name) IS UNIQUE` already exists.} {position: None} for query: 'CREATE CONSTRAINT KonzeptName IF NOT EXISTS FOR (k:Konzept) REQUIRE k.name IS UNIQUE'[0m
[32m[2025-10-30 23:30:29] [INFO    ] [neo4j.notifications] Received notification from DBMS server: {severity: INFORMATION} {code: Neo.ClientNotification.Schema.IndexOrConstraintAlreadyExists} {category: SCHEMA} {title: `CREATE CONSTRAINT ExtractionRuleType IF NOT EXISTS FOR (e:ExtractionRule) REQUIRE (e.relation_type) IS UNIQUE` has no effect.} {description: `CONSTRAINT ExtractionRuleType FOR (e:ExtractionRule) REQUIRE (e.relation_type) IS UNIQUE` already exists.} {position: None} for query: 'CREATE CONSTRAINT ExtractionRuleType IF NOT EXISTS FOR (r:ExtractionRule) REQUIRE r.relation_type IS UNIQUE'[0m
[32m[2025-10-30 23:30:29] [INFO    ] [neo4j.notifications] Received notification from DBMS server: {severity: INFORMATION} {code: Neo.ClientNotification.Schema.IndexOrConstraintAlreadyExists} {category: SCHEMA} {title: `CREATE CONSTRAINT PatternPrototypeId IF NOT EXISTS FOR (e:PatternPrototype) REQUIRE (e.id) IS UNIQUE` has no effect.} {description: `CONSTRAINT PatternPrototypeId FOR (e:PatternPrototype) REQUIRE (e.id) IS UNIQUE` already exists.} {position: None} for query: 'CREATE CONSTRAINT PatternPrototypeId IF NOT EXISTS FOR (p:PatternPrototype) REQUIRE p.id IS UNIQUE'[0m
[32m[2025-10-30 23:30:29] [INFO    ] [neo4j.notifications] Received notification from DBMS server: {severity: INFORMATION} {code: Neo.ClientNotification.Schema.IndexOrConstraintAlreadyExists} {category: SCHEMA} {title: `CREATE CONSTRAINT LexiconName IF NOT EXISTS FOR (e:Lexicon) REQUIRE (e.name) IS UNIQUE` has no effect.} {description: `CONSTRAINT LexiconName FOR (e:Lexicon) REQUIRE (e.name) IS UNIQUE` already exists.} {position: None} for query: 'CREATE CONSTRAINT LexiconName IF NOT EXISTS FOR (l:Lexicon) REQUIRE l.name IS UNIQUE'[0m
[32m[2025-10-30 23:30:29] [INFO    ] [neo4j.notifications] Received notification from DBMS server: {severity: INFORMATION} {code: Neo.ClientNotification.Schema.IndexOrConstraintAlreadyExists} {category: SCHEMA} {title: `CREATE CONSTRAINT EpisodeId IF NOT EXISTS FOR (e:Episode) REQUIRE (e.id) IS UNIQUE` has no effect.} {description: `CONSTRAINT EpisodeId FOR (e:Episode) REQUIRE (e.id) IS UNIQUE` already exists.} {position: None} for query: 'CREATE CONSTRAINT EpisodeId IF NOT EXISTS FOR (e:Episode) REQUIRE e.id IS UNIQUE'[0m
[32m[2025-10-30 23:30:29] [INFO    ] [neo4j.notifications] Received notification from DBMS server: {severity: INFORMATION} {code: Neo.ClientNotification.Schema.IndexOrConstraintAlreadyExists} {category: SCHEMA} {title: `CREATE CONSTRAINT InferenceEpisodeId IF NOT EXISTS FOR (e:InferenceEpisode) REQUIRE (e.id) IS UNIQUE` has no effect.} {description: `CONSTRAINT InferenceEpisodeId FOR (e:InferenceEpisode) REQUIRE (e.id) IS UNIQUE` already exists.} {position: None} for query: 'CREATE CONSTRAINT InferenceEpisodeId IF NOT EXISTS FOR (ie:InferenceEpisode) REQUIRE ie.id IS UNIQUE'[0m
[32m[2025-10-30 23:30:29] [INFO    ] [neo4j.notifications] Received notification from DBMS server: {severity: INFORMATION} {code: Neo.ClientNotification.Schema.IndexOrConstraintAlreadyExists} {category: SCHEMA} {title: `CREATE CONSTRAINT ProofStepId IF NOT EXISTS FOR (e:ProofStep) REQUIRE (e.id) IS UNIQUE` has no effect.} {description: `CONSTRAINT ProofStepId FOR (e:ProofStep) REQUIRE (e.id) IS UNIQUE` already exists.} {position: None} for query: 'CREATE CONSTRAINT ProofStepId IF NOT EXISTS FOR (ps:ProofStep) REQUIRE ps.id IS UNIQUE'[0m
[32m[2025-10-30 23:30:29] [INFO    ] [neo4j.notifications] Received notification from DBMS server: {severity: INFORMATION} {code: Neo.ClientNotification.Schema.IndexOrConstraintAlreadyExists} {category: SCHEMA} {title: `CREATE CONSTRAINT HypothesisId IF NOT EXISTS FOR (e:Hypothesis) REQUIRE (e.id) IS UNIQUE` has no effect.} {description: `CONSTRAINT HypothesisId FOR (e:Hypothesis) REQUIRE (e.id) IS UNIQUE` already exists.} {position: None} for query: 'CREATE CONSTRAINT HypothesisId IF NOT EXISTS FOR (h:Hypothesis) REQUIRE h.id IS UNIQUE'[0m
[32m[2025-10-30 23:30:29] [INFO    ] [component_1_netzwerk_core] Neo4j Constraints erfolgreich konfiguriert[0m
[32m[2025-10-30 23:30:29] [INFO    ] [neo4j.notifications] Received notification from DBMS server: {severity: INFORMATION} {code: Neo.ClientNotification.Schema.IndexOrConstraintAlreadyExists} {category: SCHEMA} {title: `CREATE CONSTRAINT UsageContextId IF NOT EXISTS FOR (e:UsageContext) REQUIRE (e.id) IS UNIQUE` has no effect.} {description: `CONSTRAINT UsageContextId FOR (e:UsageContext) REQUIRE (e.id) IS UNIQUE` already exists.} {position: None} for query: '\n                CREATE CONSTRAINT UsageContextId IF NOT EXISTS\n                FOR (uc:UsageContext) REQUIRE uc.id IS UNIQUE\n                '[0m
[32m[2025-10-30 23:30:29] [INFO    ] [neo4j.notifications] Received notification from DBMS server: {severity: INFORMATION} {code: Neo.ClientNotification.Schema.IndexOrConstraintAlreadyExists} {category: SCHEMA} {title: `CREATE CONSTRAINT TypoFeedbackId IF NOT EXISTS FOR (e:TypoFeedback) REQUIRE (e.id) IS UNIQUE` has no effect.} {description: `CONSTRAINT TypoFeedbackId FOR (e:TypoFeedback) REQUIRE (e.id) IS UNIQUE` already exists.} {position: None} for query: '\n                CREATE CONSTRAINT TypoFeedbackId IF NOT EXISTS\n                FOR (tf:TypoFeedback) REQUIRE tf.id IS UNIQUE\n                '[0m
PASSED
tests/test_abductive_reasoning.py::TestEdgeCases::test_store_hypothesis_without_observations [32m[2025-10-30 23:30:29] [INFO    ] [component_1_netzwerk_core] Initialisiere Neo4j-Verbindung | uri=bolt://127.0.0.1:7687 | user=neo4j[0m
[32m[2025-10-30 23:30:29] [INFO    ] [component_1_netzwerk_core] Neo4j-Verbindung erfolgreich hergestellt | uri=bolt://127.0.0.1:7687[0m
[32m[2025-10-30 23:30:29] [INFO    ] [neo4j.notifications] Received notification from DBMS server: {severity: INFORMATION} {code: Neo.ClientNotification.Schema.IndexOrConstraintAlreadyExists} {category: SCHEMA} {title: `CREATE CONSTRAINT WortLemma IF NOT EXISTS FOR (e:Wort) REQUIRE (e.lemma) IS UNIQUE` has no effect.} {description: `CONSTRAINT WortLemma FOR (e:Wort) REQUIRE (e.lemma) IS UNIQUE` already exists.} {position: None} for query: 'CREATE CONSTRAINT WortLemma IF NOT EXISTS FOR (w:Wort) REQUIRE w.lemma IS UNIQUE'[0m
[32m[2025-10-30 23:30:29] [INFO    ] [neo4j.notifications] Received notification from DBMS server: {severity: INFORMATION} {code: Neo.ClientNotification.Schema.IndexOrConstraintAlreadyExists} {category: SCHEMA} {title: `CREATE CONSTRAINT KonzeptName IF NOT EXISTS FOR (e:Konzept) REQUIRE (e.name) IS UNIQUE` has no effect.} {description: `CONSTRAINT KonzeptName FOR (e:Konzept) REQUIRE (e.name) IS UNIQUE` already exists.} {position: None} for query: 'CREATE CONSTRAINT KonzeptName IF NOT EXISTS FOR (k:Konzept) REQUIRE k.name IS UNIQUE'[0m
[32m[2025-10-30 23:30:29] [INFO    ] [neo4j.notifications] Received notification from DBMS server: {severity: INFORMATION} {code: Neo.ClientNotification.Schema.IndexOrConstraintAlreadyExists} {category: SCHEMA} {title: `CREATE CONSTRAINT ExtractionRuleType IF NOT EXISTS FOR (e:ExtractionRule) REQUIRE (e.relation_type) IS UNIQUE` has no effect.} {description: `CONSTRAINT ExtractionRuleType FOR (e:ExtractionRule) REQUIRE (e.relation_type) IS UNIQUE` already exists.} {position: None} for query: 'CREATE CONSTRAINT ExtractionRuleType IF NOT EXISTS FOR (r:ExtractionRule) REQUIRE r.relation_type IS UNIQUE'[0m
[32m[2025-10-30 23:30:29] [INFO    ] [neo4j.notifications] Received notification from DBMS server: {severity: INFORMATION} {code: Neo.ClientNotification.Schema.IndexOrConstraintAlreadyExists} {category: SCHEMA} {title: `CREATE CONSTRAINT PatternPrototypeId IF NOT EXISTS FOR (e:PatternPrototype) REQUIRE (e.id) IS UNIQUE` has no effect.} {description: `CONSTRAINT PatternPrototypeId FOR (e:PatternPrototype) REQUIRE (e.id) IS UNIQUE` already exists.} {position: None} for query: 'CREATE CONSTRAINT PatternPrototypeId IF NOT EXISTS FOR (p:PatternPrototype) REQUIRE p.id IS UNIQUE'[0m
[32m[2025-10-30 23:30:29] [INFO    ] [neo4j.notifications] Received notification from DBMS server: {severity: INFORMATION} {code: Neo.ClientNotification.Schema.IndexOrConstraintAlreadyExists} {category: SCHEMA} {title: `CREATE CONSTRAINT LexiconName IF NOT EXISTS FOR (e:Lexicon) REQUIRE (e.name) IS UNIQUE` has no effect.} {description: `CONSTRAINT LexiconName FOR (e:Lexicon) REQUIRE (e.name) IS UNIQUE` already exists.} {position: None} for query: 'CREATE CONSTRAINT LexiconName IF NOT EXISTS FOR (l:Lexicon) REQUIRE l.name IS UNIQUE'[0m
[32m[2025-10-30 23:30:29] [INFO    ] [neo4j.notifications] Received notification from DBMS server: {severity: INFORMATION} {code: Neo.ClientNotification.Schema.IndexOrConstraintAlreadyExists} {category: SCHEMA} {title: `CREATE CONSTRAINT EpisodeId IF NOT EXISTS FOR (e:Episode) REQUIRE (e.id) IS UNIQUE` has no effect.} {description: `CONSTRAINT EpisodeId FOR (e:Episode) REQUIRE (e.id) IS UNIQUE` already exists.} {position: None} for query: 'CREATE CONSTRAINT EpisodeId IF NOT EXISTS FOR (e:Episode) REQUIRE e.id IS UNIQUE'[0m
[32m[2025-10-30 23:30:29] [INFO    ] [neo4j.notifications] Received notification from DBMS server: {severity: INFORMATION} {code: Neo.ClientNotification.Schema.IndexOrConstraintAlreadyExists} {category: SCHEMA} {title: `CREATE CONSTRAINT InferenceEpisodeId IF NOT EXISTS FOR (e:InferenceEpisode) REQUIRE (e.id) IS UNIQUE` has no effect.} {description: `CONSTRAINT InferenceEpisodeId FOR (e:InferenceEpisode) REQUIRE (e.id) IS UNIQUE` already exists.} {position: None} for query: 'CREATE CONSTRAINT InferenceEpisodeId IF NOT EXISTS FOR (ie:InferenceEpisode) REQUIRE ie.id IS UNIQUE'[0m
[32m[2025-10-30 23:30:29] [INFO    ] [neo4j.notifications] Received notification from DBMS server: {severity: INFORMATION} {code: Neo.ClientNotification.Schema.IndexOrConstraintAlreadyExists} {category: SCHEMA} {title: `CREATE CONSTRAINT ProofStepId IF NOT EXISTS FOR (e:ProofStep) REQUIRE (e.id) IS UNIQUE` has no effect.} {description: `CONSTRAINT ProofStepId FOR (e:ProofStep) REQUIRE (e.id) IS UNIQUE` already exists.} {position: None} for query: 'CREATE CONSTRAINT ProofStepId IF NOT EXISTS FOR (ps:ProofStep) REQUIRE ps.id IS UNIQUE'[0m
[32m[2025-10-30 23:30:29] [INFO    ] [neo4j.notifications] Received notification from DBMS server: {severity: INFORMATION} {code: Neo.ClientNotification.Schema.IndexOrConstraintAlreadyExists} {category: SCHEMA} {title: `CREATE CONSTRAINT HypothesisId IF NOT EXISTS FOR (e:Hypothesis) REQUIRE (e.id) IS UNIQUE` has no effect.} {description: `CONSTRAINT HypothesisId FOR (e:Hypothesis) REQUIRE (e.id) IS UNIQUE` already exists.} {position: None} for query: 'CREATE CONSTRAINT HypothesisId IF NOT EXISTS FOR (h:Hypothesis) REQUIRE h.id IS UNIQUE'[0m
[32m[2025-10-30 23:30:29] [INFO    ] [component_1_netzwerk_core] Neo4j Constraints erfolgreich konfiguriert[0m
[32m[2025-10-30 23:30:29] [INFO    ] [neo4j.notifications] Received notification from DBMS server: {severity: INFORMATION} {code: Neo.ClientNotification.Schema.IndexOrConstraintAlreadyExists} {category: SCHEMA} {title: `CREATE CONSTRAINT UsageContextId IF NOT EXISTS FOR (e:UsageContext) REQUIRE (e.id) IS UNIQUE` has no effect.} {description: `CONSTRAINT UsageContextId FOR (e:UsageContext) REQUIRE (e.id) IS UNIQUE` already exists.} {position: None} for query: '\n                CREATE CONSTRAINT UsageContextId IF NOT EXISTS\n                FOR (uc:UsageContext) REQUIRE uc.id IS UNIQUE\n                '[0m
[32m[2025-10-30 23:30:29] [INFO    ] [neo4j.notifications] Received notification from DBMS server: {severity: INFORMATION} {code: Neo.ClientNotification.Schema.IndexOrConstraintAlreadyExists} {category: SCHEMA} {title: `CREATE CONSTRAINT TypoFeedbackId IF NOT EXISTS FOR (e:TypoFeedback) REQUIRE (e.id) IS UNIQUE` has no effect.} {description: `CONSTRAINT TypoFeedbackId FOR (e:TypoFeedback) REQUIRE (e.id) IS UNIQUE` already exists.} {position: None} for query: '\n                CREATE CONSTRAINT TypoFeedbackId IF NOT EXISTS\n                FOR (tf:TypoFeedback) REQUIRE tf.id IS UNIQUE\n                '[0m
[32m[2025-10-30 23:30:29] [INFO    ] [component_1_netzwerk_memory] Hypothese gespeichert: template | hypothesis_id=test_hyp_no_obs | confidence=0.8[0m
PASSED
tests/test_abductive_reasoning.py::TestEdgeCases::test_hypothesis_with_no_abduced_facts [32m[2025-10-30 23:30:29] [INFO    ] [component_1_netzwerk_core] Initialisiere Neo4j-Verbindung | uri=bolt://127.0.0.1:7687 | user=neo4j[0m
[32m[2025-10-30 23:30:29] [INFO    ] [component_1_netzwerk_core] Neo4j-Verbindung erfolgreich hergestellt | uri=bolt://127.0.0.1:7687[0m
[32m[2025-10-30 23:30:29] [INFO    ] [neo4j.notifications] Received notification from DBMS server: {severity: INFORMATION} {code: Neo.ClientNotification.Schema.IndexOrConstraintAlreadyExists} {category: SCHEMA} {title: `CREATE CONSTRAINT WortLemma IF NOT EXISTS FOR (e:Wort) REQUIRE (e.lemma) IS UNIQUE` has no effect.} {description: `CONSTRAINT WortLemma FOR (e:Wort) REQUIRE (e.lemma) IS UNIQUE` already exists.} {position: None} for query: 'CREATE CONSTRAINT WortLemma IF NOT EXISTS FOR (w:Wort) REQUIRE w.lemma IS UNIQUE'[0m
[32m[2025-10-30 23:30:29] [INFO    ] [neo4j.notifications] Received notification from DBMS server: {severity: INFORMATION} {code: Neo.ClientNotification.Schema.IndexOrConstraintAlreadyExists} {category: SCHEMA} {title: `CREATE CONSTRAINT KonzeptName IF NOT EXISTS FOR (e:Konzept) REQUIRE (e.name) IS UNIQUE` has no effect.} {description: `CONSTRAINT KonzeptName FOR (e:Konzept) REQUIRE (e.name) IS UNIQUE` already exists.} {position: None} for query: 'CREATE CONSTRAINT KonzeptName IF NOT EXISTS FOR (k:Konzept) REQUIRE k.name IS UNIQUE'[0m
[32m[2025-10-30 23:30:29] [INFO    ] [neo4j.notifications] Received notification from DBMS server: {severity: INFORMATION} {code: Neo.ClientNotification.Schema.IndexOrConstraintAlreadyExists} {category: SCHEMA} {title: `CREATE CONSTRAINT ExtractionRuleType IF NOT EXISTS FOR (e:ExtractionRule) REQUIRE (e.relation_type) IS UNIQUE` has no effect.} {description: `CONSTRAINT ExtractionRuleType FOR (e:ExtractionRule) REQUIRE (e.relation_type) IS UNIQUE` already exists.} {position: None} for query: 'CREATE CONSTRAINT ExtractionRuleType IF NOT EXISTS FOR (r:ExtractionRule) REQUIRE r.relation_type IS UNIQUE'[0m
[32m[2025-10-30 23:30:29] [INFO    ] [neo4j.notifications] Received notification from DBMS server: {severity: INFORMATION} {code: Neo.ClientNotification.Schema.IndexOrConstraintAlreadyExists} {category: SCHEMA} {title: `CREATE CONSTRAINT PatternPrototypeId IF NOT EXISTS FOR (e:PatternPrototype) REQUIRE (e.id) IS UNIQUE` has no effect.} {description: `CONSTRAINT PatternPrototypeId FOR (e:PatternPrototype) REQUIRE (e.id) IS UNIQUE` already exists.} {position: None} for query: 'CREATE CONSTRAINT PatternPrototypeId IF NOT EXISTS FOR (p:PatternPrototype) REQUIRE p.id IS UNIQUE'[0m
[32m[2025-10-30 23:30:29] [INFO    ] [neo4j.notifications] Received notification from DBMS server: {severity: INFORMATION} {code: Neo.ClientNotification.Schema.IndexOrConstraintAlreadyExists} {category: SCHEMA} {title: `CREATE CONSTRAINT LexiconName IF NOT EXISTS FOR (e:Lexicon) REQUIRE (e.name) IS UNIQUE` has no effect.} {description: `CONSTRAINT LexiconName FOR (e:Lexicon) REQUIRE (e.name) IS UNIQUE` already exists.} {position: None} for query: 'CREATE CONSTRAINT LexiconName IF NOT EXISTS FOR (l:Lexicon) REQUIRE l.name IS UNIQUE'[0m
[32m[2025-10-30 23:30:29] [INFO    ] [neo4j.notifications] Received notification from DBMS server: {severity: INFORMATION} {code: Neo.ClientNotification.Schema.IndexOrConstraintAlreadyExists} {category: SCHEMA} {title: `CREATE CONSTRAINT EpisodeId IF NOT EXISTS FOR (e:Episode) REQUIRE (e.id) IS UNIQUE` has no effect.} {description: `CONSTRAINT EpisodeId FOR (e:Episode) REQUIRE (e.id) IS UNIQUE` already exists.} {position: None} for query: 'CREATE CONSTRAINT EpisodeId IF NOT EXISTS FOR (e:Episode) REQUIRE e.id IS UNIQUE'[0m
[32m[2025-10-30 23:30:29] [INFO    ] [neo4j.notifications] Received notification from DBMS server: {severity: INFORMATION} {code: Neo.ClientNotification.Schema.IndexOrConstraintAlreadyExists} {category: SCHEMA} {title: `CREATE CONSTRAINT InferenceEpisodeId IF NOT EXISTS FOR (e:InferenceEpisode) REQUIRE (e.id) IS UNIQUE` has no effect.} {description: `CONSTRAINT InferenceEpisodeId FOR (e:InferenceEpisode) REQUIRE (e.id) IS UNIQUE` already exists.} {position: None} for query: 'CREATE CONSTRAINT InferenceEpisodeId IF NOT EXISTS FOR (ie:InferenceEpisode) REQUIRE ie.id IS UNIQUE'[0m
[32m[2025-10-30 23:30:29] [INFO    ] [neo4j.notifications] Received notification from DBMS server: {severity: INFORMATION} {code: Neo.ClientNotification.Schema.IndexOrConstraintAlreadyExists} {category: SCHEMA} {title: `CREATE CONSTRAINT ProofStepId IF NOT EXISTS FOR (e:ProofStep) REQUIRE (e.id) IS UNIQUE` has no effect.} {description: `CONSTRAINT ProofStepId FOR (e:ProofStep) REQUIRE (e.id) IS UNIQUE` already exists.} {position: None} for query: 'CREATE CONSTRAINT ProofStepId IF NOT EXISTS FOR (ps:ProofStep) REQUIRE ps.id IS UNIQUE'[0m
[32m[2025-10-30 23:30:29] [INFO    ] [neo4j.notifications] Received notification from DBMS server: {severity: INFORMATION} {code: Neo.ClientNotification.Schema.IndexOrConstraintAlreadyExists} {category: SCHEMA} {title: `CREATE CONSTRAINT HypothesisId IF NOT EXISTS FOR (e:Hypothesis) REQUIRE (e.id) IS UNIQUE` has no effect.} {description: `CONSTRAINT HypothesisId FOR (e:Hypothesis) REQUIRE (e.id) IS UNIQUE` already exists.} {position: None} for query: 'CREATE CONSTRAINT HypothesisId IF NOT EXISTS FOR (h:Hypothesis) REQUIRE h.id IS UNIQUE'[0m
[32m[2025-10-30 23:30:29] [INFO    ] [component_1_netzwerk_core] Neo4j Constraints erfolgreich konfiguriert[0m
[32m[2025-10-30 23:30:29] [INFO    ] [neo4j.notifications] Received notification from DBMS server: {severity: INFORMATION} {code: Neo.ClientNotification.Schema.IndexOrConstraintAlreadyExists} {category: SCHEMA} {title: `CREATE CONSTRAINT UsageContextId IF NOT EXISTS FOR (e:UsageContext) REQUIRE (e.id) IS UNIQUE` has no effect.} {description: `CONSTRAINT UsageContextId FOR (e:UsageContext) REQUIRE (e.id) IS UNIQUE` already exists.} {position: None} for query: '\n                CREATE CONSTRAINT UsageContextId IF NOT EXISTS\n                FOR (uc:UsageContext) REQUIRE uc.id IS UNIQUE\n                '[0m
[32m[2025-10-30 23:30:29] [INFO    ] [neo4j.notifications] Received notification from DBMS server: {severity: INFORMATION} {code: Neo.ClientNotification.Schema.IndexOrConstraintAlreadyExists} {category: SCHEMA} {title: `CREATE CONSTRAINT TypoFeedbackId IF NOT EXISTS FOR (e:TypoFeedback) REQUIRE (e.id) IS UNIQUE` has no effect.} {description: `CONSTRAINT TypoFeedbackId FOR (e:TypoFeedback) REQUIRE (e.id) IS UNIQUE` already exists.} {position: None} for query: '\n                CREATE CONSTRAINT TypoFeedbackId IF NOT EXISTS\n                FOR (tf:TypoFeedback) REQUIRE tf.id IS UNIQUE\n                '[0m
[32m[2025-10-30 23:30:29] [INFO    ] [component_1_netzwerk_memory] Hypothese gespeichert: analogy | hypothesis_id=test_hyp_no_facts | confidence=0.7[0m
PASSED
tests/test_abductive_reasoning.py::TestPerformance::test_hypothesis_generation_performance [32m[2025-10-30 23:30:29] [INFO    ] [component_1_netzwerk_core] Initialisiere Neo4j-Verbindung | uri=bolt://127.0.0.1:7687 | user=neo4j[0m
[32m[2025-10-30 23:30:29] [INFO    ] [component_1_netzwerk_core] Neo4j-Verbindung erfolgreich hergestellt | uri=bolt://127.0.0.1:7687[0m
[32m[2025-10-30 23:30:29] [INFO    ] [neo4j.notifications] Received notification from DBMS server: {severity: INFORMATION} {code: Neo.ClientNotification.Schema.IndexOrConstraintAlreadyExists} {category: SCHEMA} {title: `CREATE CONSTRAINT WortLemma IF NOT EXISTS FOR (e:Wort) REQUIRE (e.lemma) IS UNIQUE` has no effect.} {description: `CONSTRAINT WortLemma FOR (e:Wort) REQUIRE (e.lemma) IS UNIQUE` already exists.} {position: None} for query: 'CREATE CONSTRAINT WortLemma IF NOT EXISTS FOR (w:Wort) REQUIRE w.lemma IS UNIQUE'[0m
[32m[2025-10-30 23:30:29] [INFO    ] [neo4j.notifications] Received notification from DBMS server: {severity: INFORMATION} {code: Neo.ClientNotification.Schema.IndexOrConstraintAlreadyExists} {category: SCHEMA} {title: `CREATE CONSTRAINT KonzeptName IF NOT EXISTS FOR (e:Konzept) REQUIRE (e.name) IS UNIQUE` has no effect.} {description: `CONSTRAINT KonzeptName FOR (e:Konzept) REQUIRE (e.name) IS UNIQUE` already exists.} {position: None} for query: 'CREATE CONSTRAINT KonzeptName IF NOT EXISTS FOR (k:Konzept) REQUIRE k.name IS UNIQUE'[0m
[32m[2025-10-30 23:30:29] [INFO    ] [neo4j.notifications] Received notification from DBMS server: {severity: INFORMATION} {code: Neo.ClientNotification.Schema.IndexOrConstraintAlreadyExists} {category: SCHEMA} {title: `CREATE CONSTRAINT ExtractionRuleType IF NOT EXISTS FOR (e:ExtractionRule) REQUIRE (e.relation_type) IS UNIQUE` has no effect.} {description: `CONSTRAINT ExtractionRuleType FOR (e:ExtractionRule) REQUIRE (e.relation_type) IS UNIQUE` already exists.} {position: None} for query: 'CREATE CONSTRAINT ExtractionRuleType IF NOT EXISTS FOR (r:ExtractionRule) REQUIRE r.relation_type IS UNIQUE'[0m
[32m[2025-10-30 23:30:29] [INFO    ] [neo4j.notifications] Received notification from DBMS server: {severity: INFORMATION} {code: Neo.ClientNotification.Schema.IndexOrConstraintAlreadyExists} {category: SCHEMA} {title: `CREATE CONSTRAINT PatternPrototypeId IF NOT EXISTS FOR (e:PatternPrototype) REQUIRE (e.id) IS UNIQUE` has no effect.} {description: `CONSTRAINT PatternPrototypeId FOR (e:PatternPrototype) REQUIRE (e.id) IS UNIQUE` already exists.} {position: None} for query: 'CREATE CONSTRAINT PatternPrototypeId IF NOT EXISTS FOR (p:PatternPrototype) REQUIRE p.id IS UNIQUE'[0m
[32m[2025-10-30 23:30:29] [INFO    ] [neo4j.notifications] Received notification from DBMS server: {severity: INFORMATION} {code: Neo.ClientNotification.Schema.IndexOrConstraintAlreadyExists} {category: SCHEMA} {title: `CREATE CONSTRAINT LexiconName IF NOT EXISTS FOR (e:Lexicon) REQUIRE (e.name) IS UNIQUE` has no effect.} {description: `CONSTRAINT LexiconName FOR (e:Lexicon) REQUIRE (e.name) IS UNIQUE` already exists.} {position: None} for query: 'CREATE CONSTRAINT LexiconName IF NOT EXISTS FOR (l:Lexicon) REQUIRE l.name IS UNIQUE'[0m
[32m[2025-10-30 23:30:29] [INFO    ] [neo4j.notifications] Received notification from DBMS server: {severity: INFORMATION} {code: Neo.ClientNotification.Schema.IndexOrConstraintAlreadyExists} {category: SCHEMA} {title: `CREATE CONSTRAINT EpisodeId IF NOT EXISTS FOR (e:Episode) REQUIRE (e.id) IS UNIQUE` has no effect.} {description: `CONSTRAINT EpisodeId FOR (e:Episode) REQUIRE (e.id) IS UNIQUE` already exists.} {position: None} for query: 'CREATE CONSTRAINT EpisodeId IF NOT EXISTS FOR (e:Episode) REQUIRE e.id IS UNIQUE'[0m
[32m[2025-10-30 23:30:29] [INFO    ] [neo4j.notifications] Received notification from DBMS server: {severity: INFORMATION} {code: Neo.ClientNotification.Schema.IndexOrConstraintAlreadyExists} {category: SCHEMA} {title: `CREATE CONSTRAINT InferenceEpisodeId IF NOT EXISTS FOR (e:InferenceEpisode) REQUIRE (e.id) IS UNIQUE` has no effect.} {description: `CONSTRAINT InferenceEpisodeId FOR (e:InferenceEpisode) REQUIRE (e.id) IS UNIQUE` already exists.} {position: None} for query: 'CREATE CONSTRAINT InferenceEpisodeId IF NOT EXISTS FOR (ie:InferenceEpisode) REQUIRE ie.id IS UNIQUE'[0m
[32m[2025-10-30 23:30:29] [INFO    ] [neo4j.notifications] Received notification from DBMS server: {severity: INFORMATION} {code: Neo.ClientNotification.Schema.IndexOrConstraintAlreadyExists} {category: SCHEMA} {title: `CREATE CONSTRAINT ProofStepId IF NOT EXISTS FOR (e:ProofStep) REQUIRE (e.id) IS UNIQUE` has no effect.} {description: `CONSTRAINT ProofStepId FOR (e:ProofStep) REQUIRE (e.id) IS UNIQUE` already exists.} {position: None} for query: 'CREATE CONSTRAINT ProofStepId IF NOT EXISTS FOR (ps:ProofStep) REQUIRE ps.id IS UNIQUE'[0m
[32m[2025-10-30 23:30:29] [INFO    ] [neo4j.notifications] Received notification from DBMS server: {severity: INFORMATION} {code: Neo.ClientNotification.Schema.IndexOrConstraintAlreadyExists} {category: SCHEMA} {title: `CREATE CONSTRAINT HypothesisId IF NOT EXISTS FOR (e:Hypothesis) REQUIRE (e.id) IS UNIQUE` has no effect.} {description: `CONSTRAINT HypothesisId FOR (e:Hypothesis) REQUIRE (e.id) IS UNIQUE` already exists.} {position: None} for query: 'CREATE CONSTRAINT HypothesisId IF NOT EXISTS FOR (h:Hypothesis) REQUIRE h.id IS UNIQUE'[0m
[32m[2025-10-30 23:30:29] [INFO    ] [component_1_netzwerk_core] Neo4j Constraints erfolgreich konfiguriert[0m
[32m[2025-10-30 23:30:29] [INFO    ] [neo4j.notifications] Received notification from DBMS server: {severity: INFORMATION} {code: Neo.ClientNotification.Schema.IndexOrConstraintAlreadyExists} {category: SCHEMA} {title: `CREATE CONSTRAINT UsageContextId IF NOT EXISTS FOR (e:UsageContext) REQUIRE (e.id) IS UNIQUE` has no effect.} {description: `CONSTRAINT UsageContextId FOR (e:UsageContext) REQUIRE (e.id) IS UNIQUE` already exists.} {position: None} for query: '\n                CREATE CONSTRAINT UsageContextId IF NOT EXISTS\n                FOR (uc:UsageContext) REQUIRE uc.id IS UNIQUE\n                '[0m
[32m[2025-10-30 23:30:29] [INFO    ] [neo4j.notifications] Received notification from DBMS server: {severity: INFORMATION} {code: Neo.ClientNotification.Schema.IndexOrConstraintAlreadyExists} {category: SCHEMA} {title: `CREATE CONSTRAINT TypoFeedbackId IF NOT EXISTS FOR (e:TypoFeedback) REQUIRE (e.id) IS UNIQUE` has no effect.} {description: `CONSTRAINT TypoFeedbackId FOR (e:TypoFeedback) REQUIRE (e.id) IS UNIQUE` already exists.} {position: None} for query: '\n                CREATE CONSTRAINT TypoFeedbackId IF NOT EXISTS\n                FOR (tf:TypoFeedback) REQUIRE tf.id IS UNIQUE\n                '[0m
[32m[2025-10-30 23:30:29] [INFO    ] [component_16_probabilistic_engine] ProbabilisticEngine initialisiert.[0m
[32m[2025-10-30 23:30:29] [INFO    ] [component_9_logik_engine] Logik-Engine initialisiert mit probabilistischer Unterst�tzung.[0m
[32m[2025-10-30 23:30:29] [INFO    ] [component_9_logik_engine] Logik-Engine initialisiert mit SAT-Solver f�r Boolean Reasoning.[0m
[32m[2025-10-30 23:30:29] [INFO    ] [component_1_netzwerk_core] Neue Relation erstellt | subject=test_vogel | relation=CAPABLE_OF | object=test_fliegen | source=None[0m
[32m[2025-10-30 23:30:29] [INFO    ] [component_1_netzwerk_core] Neue Relation erstellt | subject=test_vogel | relation=HAS_PROPERTY | object=test_fl�gel | source=None[0m
[32m[2025-10-30 23:30:29] [INFO    ] [component_1_netzwerk_core] Neue Relation erstellt | subject=test_vogel | relation=HAS_PROPERTY | object=test_federkleid | source=None[0m
[32m[2025-10-30 23:30:29] [INFO    ] [component_1_netzwerk_core] Neue Relation erstellt | subject=test_vogel | relation=IS_A | object=test_tier | source=None[0m
PASSED
tests/test_abductive_reasoning.py::TestPerformance::test_batch_hypothesis_storage [32m[2025-10-30 23:30:29] [INFO    ] [component_1_netzwerk_core] Initialisiere Neo4j-Verbindung | uri=bolt://127.0.0.1:7687 | user=neo4j[0m
[32m[2025-10-30 23:30:30] [INFO    ] [component_1_netzwerk_core] Neo4j-Verbindung erfolgreich hergestellt | uri=bolt://127.0.0.1:7687[0m
[32m[2025-10-30 23:30:30] [INFO    ] [neo4j.notifications] Received notification from DBMS server: {severity: INFORMATION} {code: Neo.ClientNotification.Schema.IndexOrConstraintAlreadyExists} {category: SCHEMA} {title: `CREATE CONSTRAINT WortLemma IF NOT EXISTS FOR (e:Wort) REQUIRE (e.lemma) IS UNIQUE` has no effect.} {description: `CONSTRAINT WortLemma FOR (e:Wort) REQUIRE (e.lemma) IS UNIQUE` already exists.} {position: None} for query: 'CREATE CONSTRAINT WortLemma IF NOT EXISTS FOR (w:Wort) REQUIRE w.lemma IS UNIQUE'[0m
[32m[2025-10-30 23:30:30] [INFO    ] [neo4j.notifications] Received notification from DBMS server: {severity: INFORMATION} {code: Neo.ClientNotification.Schema.IndexOrConstraintAlreadyExists} {category: SCHEMA} {title: `CREATE CONSTRAINT KonzeptName IF NOT EXISTS FOR (e:Konzept) REQUIRE (e.name) IS UNIQUE` has no effect.} {description: `CONSTRAINT KonzeptName FOR (e:Konzept) REQUIRE (e.name) IS UNIQUE` already exists.} {position: None} for query: 'CREATE CONSTRAINT KonzeptName IF NOT EXISTS FOR (k:Konzept) REQUIRE k.name IS UNIQUE'[0m
[32m[2025-10-30 23:30:30] [INFO    ] [neo4j.notifications] Received notification from DBMS server: {severity: INFORMATION} {code: Neo.ClientNotification.Schema.IndexOrConstraintAlreadyExists} {category: SCHEMA} {title: `CREATE CONSTRAINT ExtractionRuleType IF NOT EXISTS FOR (e:ExtractionRule) REQUIRE (e.relation_type) IS UNIQUE` has no effect.} {description: `CONSTRAINT ExtractionRuleType FOR (e:ExtractionRule) REQUIRE (e.relation_type) IS UNIQUE` already exists.} {position: None} for query: 'CREATE CONSTRAINT ExtractionRuleType IF NOT EXISTS FOR (r:ExtractionRule) REQUIRE r.relation_type IS UNIQUE'[0m
[32m[2025-10-30 23:30:30] [INFO    ] [neo4j.notifications] Received notification from DBMS server: {severity: INFORMATION} {code: Neo.ClientNotification.Schema.IndexOrConstraintAlreadyExists} {category: SCHEMA} {title: `CREATE CONSTRAINT PatternPrototypeId IF NOT EXISTS FOR (e:PatternPrototype) REQUIRE (e.id) IS UNIQUE` has no effect.} {description: `CONSTRAINT PatternPrototypeId FOR (e:PatternPrototype) REQUIRE (e.id) IS UNIQUE` already exists.} {position: None} for query: 'CREATE CONSTRAINT PatternPrototypeId IF NOT EXISTS FOR (p:PatternPrototype) REQUIRE p.id IS UNIQUE'[0m
[32m[2025-10-30 23:30:30] [INFO    ] [neo4j.notifications] Received notification from DBMS server: {severity: INFORMATION} {code: Neo.ClientNotification.Schema.IndexOrConstraintAlreadyExists} {category: SCHEMA} {title: `CREATE CONSTRAINT LexiconName IF NOT EXISTS FOR (e:Lexicon) REQUIRE (e.name) IS UNIQUE` has no effect.} {description: `CONSTRAINT LexiconName FOR (e:Lexicon) REQUIRE (e.name) IS UNIQUE` already exists.} {position: None} for query: 'CREATE CONSTRAINT LexiconName IF NOT EXISTS FOR (l:Lexicon) REQUIRE l.name IS UNIQUE'[0m
[32m[2025-10-30 23:30:30] [INFO    ] [neo4j.notifications] Received notification from DBMS server: {severity: INFORMATION} {code: Neo.ClientNotification.Schema.IndexOrConstraintAlreadyExists} {category: SCHEMA} {title: `CREATE CONSTRAINT EpisodeId IF NOT EXISTS FOR (e:Episode) REQUIRE (e.id) IS UNIQUE` has no effect.} {description: `CONSTRAINT EpisodeId FOR (e:Episode) REQUIRE (e.id) IS UNIQUE` already exists.} {position: None} for query: 'CREATE CONSTRAINT EpisodeId IF NOT EXISTS FOR (e:Episode) REQUIRE e.id IS UNIQUE'[0m
[32m[2025-10-30 23:30:30] [INFO    ] [neo4j.notifications] Received notification from DBMS server: {severity: INFORMATION} {code: Neo.ClientNotification.Schema.IndexOrConstraintAlreadyExists} {category: SCHEMA} {title: `CREATE CONSTRAINT InferenceEpisodeId IF NOT EXISTS FOR (e:InferenceEpisode) REQUIRE (e.id) IS UNIQUE` has no effect.} {description: `CONSTRAINT InferenceEpisodeId FOR (e:InferenceEpisode) REQUIRE (e.id) IS UNIQUE` already exists.} {position: None} for query: 'CREATE CONSTRAINT InferenceEpisodeId IF NOT EXISTS FOR (ie:InferenceEpisode) REQUIRE ie.id IS UNIQUE'[0m
[32m[2025-10-30 23:30:30] [INFO    ] [neo4j.notifications] Received notification from DBMS server: {severity: INFORMATION} {code: Neo.ClientNotification.Schema.IndexOrConstraintAlreadyExists} {category: SCHEMA} {title: `CREATE CONSTRAINT ProofStepId IF NOT EXISTS FOR (e:ProofStep) REQUIRE (e.id) IS UNIQUE` has no effect.} {description: `CONSTRAINT ProofStepId FOR (e:ProofStep) REQUIRE (e.id) IS UNIQUE` already exists.} {position: None} for query: 'CREATE CONSTRAINT ProofStepId IF NOT EXISTS FOR (ps:ProofStep) REQUIRE ps.id IS UNIQUE'[0m
[32m[2025-10-30 23:30:30] [INFO    ] [neo4j.notifications] Received notification from DBMS server: {severity: INFORMATION} {code: Neo.ClientNotification.Schema.IndexOrConstraintAlreadyExists} {category: SCHEMA} {title: `CREATE CONSTRAINT HypothesisId IF NOT EXISTS FOR (e:Hypothesis) REQUIRE (e.id) IS UNIQUE` has no effect.} {description: `CONSTRAINT HypothesisId FOR (e:Hypothesis) REQUIRE (e.id) IS UNIQUE` already exists.} {position: None} for query: 'CREATE CONSTRAINT HypothesisId IF NOT EXISTS FOR (h:Hypothesis) REQUIRE h.id IS UNIQUE'[0m
[32m[2025-10-30 23:30:30] [INFO    ] [component_1_netzwerk_core] Neo4j Constraints erfolgreich konfiguriert[0m
[32m[2025-10-30 23:30:30] [INFO    ] [neo4j.notifications] Received notification from DBMS server: {severity: INFORMATION} {code: Neo.ClientNotification.Schema.IndexOrConstraintAlreadyExists} {category: SCHEMA} {title: `CREATE CONSTRAINT UsageContextId IF NOT EXISTS FOR (e:UsageContext) REQUIRE (e.id) IS UNIQUE` has no effect.} {description: `CONSTRAINT UsageContextId FOR (e:UsageContext) REQUIRE (e.id) IS UNIQUE` already exists.} {position: None} for query: '\n                CREATE CONSTRAINT UsageContextId IF NOT EXISTS\n                FOR (uc:UsageContext) REQUIRE uc.id IS UNIQUE\n                '[0m
[32m[2025-10-30 23:30:30] [INFO    ] [neo4j.notifications] Received notification from DBMS server: {severity: INFORMATION} {code: Neo.ClientNotification.Schema.IndexOrConstraintAlreadyExists} {category: SCHEMA} {title: `CREATE CONSTRAINT TypoFeedbackId IF NOT EXISTS FOR (e:TypoFeedback) REQUIRE (e.id) IS UNIQUE` has no effect.} {description: `CONSTRAINT TypoFeedbackId FOR (e:TypoFeedback) REQUIRE (e.id) IS UNIQUE` already exists.} {position: None} for query: '\n                CREATE CONSTRAINT TypoFeedbackId IF NOT EXISTS\n                FOR (tf:TypoFeedback) REQUIRE tf.id IS UNIQUE\n                '[0m
[32m[2025-10-30 23:30:30] [INFO    ] [component_1_netzwerk_memory] Hypothese gespeichert: template | hypothesis_id=test_hyp_batch_0 | confidence=0.7[0m
[32m[2025-10-30 23:30:30] [INFO    ] [component_1_netzwerk_memory] Hypothese gespeichert: template | hypothesis_id=test_hyp_batch_1 | confidence=0.72[0m
[32m[2025-10-30 23:30:30] [INFO    ] [component_1_netzwerk_memory] Hypothese gespeichert: template | hypothesis_id=test_hyp_batch_2 | confidence=0.74[0m
[32m[2025-10-30 23:30:30] [INFO    ] [component_1_netzwerk_memory] Hypothese gespeichert: template | hypothesis_id=test_hyp_batch_3 | confidence=0.76[0m
[32m[2025-10-30 23:30:30] [INFO    ] [component_1_netzwerk_memory] Hypothese gespeichert: template | hypothesis_id=test_hyp_batch_4 | confidence=0.7799999999999999[0m
[32m[2025-10-30 23:30:30] [INFO    ] [component_1_netzwerk_memory] Hypothese gespeichert: template | hypothesis_id=test_hyp_batch_5 | confidence=0.7999999999999999[0m
[32m[2025-10-30 23:30:30] [INFO    ] [component_1_netzwerk_memory] Hypothese gespeichert: template | hypothesis_id=test_hyp_batch_6 | confidence=0.82[0m
[32m[2025-10-30 23:30:30] [INFO    ] [component_1_netzwerk_memory] Hypothese gespeichert: template | hypothesis_id=test_hyp_batch_7 | confidence=0.84[0m
[32m[2025-10-30 23:30:30] [INFO    ] [component_1_netzwerk_memory] Hypothese gespeichert: template | hypothesis_id=test_hyp_batch_8 | confidence=0.86[0m
[32m[2025-10-30 23:30:30] [INFO    ] [component_1_netzwerk_memory] Hypothese gespeichert: template | hypothesis_id=test_hyp_batch_9 | confidence=0.8799999999999999[0m
PASSED
tests/test_adaptive_pattern_recognition.py::TestAdaptiveThresholds::test_bootstrap_phase_detection [32m[2025-10-30 23:30:30] [INFO    ] [component_1_netzwerk_core] Initialisiere Neo4j-Verbindung | uri=bolt://127.0.0.1:7687 | user=neo4j[0m
[32m[2025-10-30 23:30:30] [INFO    ] [component_1_netzwerk_core] Neo4j-Verbindung erfolgreich hergestellt | uri=bolt://127.0.0.1:7687[0m
[32m[2025-10-30 23:30:30] [INFO    ] [neo4j.notifications] Received notification from DBMS server: {severity: INFORMATION} {code: Neo.ClientNotification.Schema.IndexOrConstraintAlreadyExists} {category: SCHEMA} {title: `CREATE CONSTRAINT WortLemma IF NOT EXISTS FOR (e:Wort) REQUIRE (e.lemma) IS UNIQUE` has no effect.} {description: `CONSTRAINT WortLemma FOR (e:Wort) REQUIRE (e.lemma) IS UNIQUE` already exists.} {position: None} for query: 'CREATE CONSTRAINT WortLemma IF NOT EXISTS FOR (w:Wort) REQUIRE w.lemma IS UNIQUE'[0m
[32m[2025-10-30 23:30:30] [INFO    ] [neo4j.notifications] Received notification from DBMS server: {severity: INFORMATION} {code: Neo.ClientNotification.Schema.IndexOrConstraintAlreadyExists} {category: SCHEMA} {title: `CREATE CONSTRAINT KonzeptName IF NOT EXISTS FOR (e:Konzept) REQUIRE (e.name) IS UNIQUE` has no effect.} {description: `CONSTRAINT KonzeptName FOR (e:Konzept) REQUIRE (e.name) IS UNIQUE` already exists.} {position: None} for query: 'CREATE CONSTRAINT KonzeptName IF NOT EXISTS FOR (k:Konzept) REQUIRE k.name IS UNIQUE'[0m
[32m[2025-10-30 23:30:30] [INFO    ] [neo4j.notifications] Received notification from DBMS server: {severity: INFORMATION} {code: Neo.ClientNotification.Schema.IndexOrConstraintAlreadyExists} {category: SCHEMA} {title: `CREATE CONSTRAINT ExtractionRuleType IF NOT EXISTS FOR (e:ExtractionRule) REQUIRE (e.relation_type) IS UNIQUE` has no effect.} {description: `CONSTRAINT ExtractionRuleType FOR (e:ExtractionRule) REQUIRE (e.relation_type) IS UNIQUE` already exists.} {position: None} for query: 'CREATE CONSTRAINT ExtractionRuleType IF NOT EXISTS FOR (r:ExtractionRule) REQUIRE r.relation_type IS UNIQUE'[0m
[32m[2025-10-30 23:30:30] [INFO    ] [neo4j.notifications] Received notification from DBMS server: {severity: INFORMATION} {code: Neo.ClientNotification.Schema.IndexOrConstraintAlreadyExists} {category: SCHEMA} {title: `CREATE CONSTRAINT PatternPrototypeId IF NOT EXISTS FOR (e:PatternPrototype) REQUIRE (e.id) IS UNIQUE` has no effect.} {description: `CONSTRAINT PatternPrototypeId FOR (e:PatternPrototype) REQUIRE (e.id) IS UNIQUE` already exists.} {position: None} for query: 'CREATE CONSTRAINT PatternPrototypeId IF NOT EXISTS FOR (p:PatternPrototype) REQUIRE p.id IS UNIQUE'[0m
[32m[2025-10-30 23:30:30] [INFO    ] [neo4j.notifications] Received notification from DBMS server: {severity: INFORMATION} {code: Neo.ClientNotification.Schema.IndexOrConstraintAlreadyExists} {category: SCHEMA} {title: `CREATE CONSTRAINT LexiconName IF NOT EXISTS FOR (e:Lexicon) REQUIRE (e.name) IS UNIQUE` has no effect.} {description: `CONSTRAINT LexiconName FOR (e:Lexicon) REQUIRE (e.name) IS UNIQUE` already exists.} {position: None} for query: 'CREATE CONSTRAINT LexiconName IF NOT EXISTS FOR (l:Lexicon) REQUIRE l.name IS UNIQUE'[0m
[32m[2025-10-30 23:30:30] [INFO    ] [neo4j.notifications] Received notification from DBMS server: {severity: INFORMATION} {code: Neo.ClientNotification.Schema.IndexOrConstraintAlreadyExists} {category: SCHEMA} {title: `CREATE CONSTRAINT EpisodeId IF NOT EXISTS FOR (e:Episode) REQUIRE (e.id) IS UNIQUE` has no effect.} {description: `CONSTRAINT EpisodeId FOR (e:Episode) REQUIRE (e.id) IS UNIQUE` already exists.} {position: None} for query: 'CREATE CONSTRAINT EpisodeId IF NOT EXISTS FOR (e:Episode) REQUIRE e.id IS UNIQUE'[0m
[32m[2025-10-30 23:30:30] [INFO    ] [neo4j.notifications] Received notification from DBMS server: {severity: INFORMATION} {code: Neo.ClientNotification.Schema.IndexOrConstraintAlreadyExists} {category: SCHEMA} {title: `CREATE CONSTRAINT InferenceEpisodeId IF NOT EXISTS FOR (e:InferenceEpisode) REQUIRE (e.id) IS UNIQUE` has no effect.} {description: `CONSTRAINT InferenceEpisodeId FOR (e:InferenceEpisode) REQUIRE (e.id) IS UNIQUE` already exists.} {position: None} for query: 'CREATE CONSTRAINT InferenceEpisodeId IF NOT EXISTS FOR (ie:InferenceEpisode) REQUIRE ie.id IS UNIQUE'[0m
[32m[2025-10-30 23:30:30] [INFO    ] [neo4j.notifications] Received notification from DBMS server: {severity: INFORMATION} {code: Neo.ClientNotification.Schema.IndexOrConstraintAlreadyExists} {category: SCHEMA} {title: `CREATE CONSTRAINT ProofStepId IF NOT EXISTS FOR (e:ProofStep) REQUIRE (e.id) IS UNIQUE` has no effect.} {description: `CONSTRAINT ProofStepId FOR (e:ProofStep) REQUIRE (e.id) IS UNIQUE` already exists.} {position: None} for query: 'CREATE CONSTRAINT ProofStepId IF NOT EXISTS FOR (ps:ProofStep) REQUIRE ps.id IS UNIQUE'[0m
[32m[2025-10-30 23:30:30] [INFO    ] [neo4j.notifications] Received notification from DBMS server: {severity: INFORMATION} {code: Neo.ClientNotification.Schema.IndexOrConstraintAlreadyExists} {category: SCHEMA} {title: `CREATE CONSTRAINT HypothesisId IF NOT EXISTS FOR (e:Hypothesis) REQUIRE (e.id) IS UNIQUE` has no effect.} {description: `CONSTRAINT HypothesisId FOR (e:Hypothesis) REQUIRE (e.id) IS UNIQUE` already exists.} {position: None} for query: 'CREATE CONSTRAINT HypothesisId IF NOT EXISTS FOR (h:Hypothesis) REQUIRE h.id IS UNIQUE'[0m
[32m[2025-10-30 23:30:30] [INFO    ] [component_1_netzwerk_core] Neo4j Constraints erfolgreich konfiguriert[0m
[32m[2025-10-30 23:30:30] [INFO    ] [neo4j.notifications] Received notification from DBMS server: {severity: INFORMATION} {code: Neo.ClientNotification.Schema.IndexOrConstraintAlreadyExists} {category: SCHEMA} {title: `CREATE CONSTRAINT UsageContextId IF NOT EXISTS FOR (e:UsageContext) REQUIRE (e.id) IS UNIQUE` has no effect.} {description: `CONSTRAINT UsageContextId FOR (e:UsageContext) REQUIRE (e.id) IS UNIQUE` already exists.} {position: None} for query: '\n                CREATE CONSTRAINT UsageContextId IF NOT EXISTS\n                FOR (uc:UsageContext) REQUIRE uc.id IS UNIQUE\n                '[0m
[32m[2025-10-30 23:30:30] [INFO    ] [neo4j.notifications] Received notification from DBMS server: {severity: INFORMATION} {code: Neo.ClientNotification.Schema.IndexOrConstraintAlreadyExists} {category: SCHEMA} {title: `CREATE CONSTRAINT TypoFeedbackId IF NOT EXISTS FOR (e:TypoFeedback) REQUIRE (e.id) IS UNIQUE` has no effect.} {description: `CONSTRAINT TypoFeedbackId FOR (e:TypoFeedback) REQUIRE (e.id) IS UNIQUE` already exists.} {position: None} for query: '\n                CREATE CONSTRAINT TypoFeedbackId IF NOT EXISTS\n                FOR (tf:TypoFeedback) REQUIRE tf.id IS UNIQUE\n                '[0m
PASSED
tests/test_adaptive_pattern_recognition.py::TestAdaptiveThresholds::test_adaptive_typo_threshold_scaling [32m[2025-10-30 23:30:30] [INFO    ] [component_1_netzwerk_core] Initialisiere Neo4j-Verbindung | uri=bolt://127.0.0.1:7687 | user=neo4j[0m
[32m[2025-10-30 23:30:30] [INFO    ] [component_1_netzwerk_core] Neo4j-Verbindung erfolgreich hergestellt | uri=bolt://127.0.0.1:7687[0m
[32m[2025-10-30 23:30:30] [INFO    ] [neo4j.notifications] Received notification from DBMS server: {severity: INFORMATION} {code: Neo.ClientNotification.Schema.IndexOrConstraintAlreadyExists} {category: SCHEMA} {title: `CREATE CONSTRAINT WortLemma IF NOT EXISTS FOR (e:Wort) REQUIRE (e.lemma) IS UNIQUE` has no effect.} {description: `CONSTRAINT WortLemma FOR (e:Wort) REQUIRE (e.lemma) IS UNIQUE` already exists.} {position: None} for query: 'CREATE CONSTRAINT WortLemma IF NOT EXISTS FOR (w:Wort) REQUIRE w.lemma IS UNIQUE'[0m
[32m[2025-10-30 23:30:30] [INFO    ] [neo4j.notifications] Received notification from DBMS server: {severity: INFORMATION} {code: Neo.ClientNotification.Schema.IndexOrConstraintAlreadyExists} {category: SCHEMA} {title: `CREATE CONSTRAINT KonzeptName IF NOT EXISTS FOR (e:Konzept) REQUIRE (e.name) IS UNIQUE` has no effect.} {description: `CONSTRAINT KonzeptName FOR (e:Konzept) REQUIRE (e.name) IS UNIQUE` already exists.} {position: None} for query: 'CREATE CONSTRAINT KonzeptName IF NOT EXISTS FOR (k:Konzept) REQUIRE k.name IS UNIQUE'[0m
[32m[2025-10-30 23:30:30] [INFO    ] [neo4j.notifications] Received notification from DBMS server: {severity: INFORMATION} {code: Neo.ClientNotification.Schema.IndexOrConstraintAlreadyExists} {category: SCHEMA} {title: `CREATE CONSTRAINT ExtractionRuleType IF NOT EXISTS FOR (e:ExtractionRule) REQUIRE (e.relation_type) IS UNIQUE` has no effect.} {description: `CONSTRAINT ExtractionRuleType FOR (e:ExtractionRule) REQUIRE (e.relation_type) IS UNIQUE` already exists.} {position: None} for query: 'CREATE CONSTRAINT ExtractionRuleType IF NOT EXISTS FOR (r:ExtractionRule) REQUIRE r.relation_type IS UNIQUE'[0m
[32m[2025-10-30 23:30:30] [INFO    ] [neo4j.notifications] Received notification from DBMS server: {severity: INFORMATION} {code: Neo.ClientNotification.Schema.IndexOrConstraintAlreadyExists} {category: SCHEMA} {title: `CREATE CONSTRAINT PatternPrototypeId IF NOT EXISTS FOR (e:PatternPrototype) REQUIRE (e.id) IS UNIQUE` has no effect.} {description: `CONSTRAINT PatternPrototypeId FOR (e:PatternPrototype) REQUIRE (e.id) IS UNIQUE` already exists.} {position: None} for query: 'CREATE CONSTRAINT PatternPrototypeId IF NOT EXISTS FOR (p:PatternPrototype) REQUIRE p.id IS UNIQUE'[0m
[32m[2025-10-30 23:30:30] [INFO    ] [neo4j.notifications] Received notification from DBMS server: {severity: INFORMATION} {code: Neo.ClientNotification.Schema.IndexOrConstraintAlreadyExists} {category: SCHEMA} {title: `CREATE CONSTRAINT LexiconName IF NOT EXISTS FOR (e:Lexicon) REQUIRE (e.name) IS UNIQUE` has no effect.} {description: `CONSTRAINT LexiconName FOR (e:Lexicon) REQUIRE (e.name) IS UNIQUE` already exists.} {position: None} for query: 'CREATE CONSTRAINT LexiconName IF NOT EXISTS FOR (l:Lexicon) REQUIRE l.name IS UNIQUE'[0m
[32m[2025-10-30 23:30:30] [INFO    ] [neo4j.notifications] Received notification from DBMS server: {severity: INFORMATION} {code: Neo.ClientNotification.Schema.IndexOrConstraintAlreadyExists} {category: SCHEMA} {title: `CREATE CONSTRAINT EpisodeId IF NOT EXISTS FOR (e:Episode) REQUIRE (e.id) IS UNIQUE` has no effect.} {description: `CONSTRAINT EpisodeId FOR (e:Episode) REQUIRE (e.id) IS UNIQUE` already exists.} {position: None} for query: 'CREATE CONSTRAINT EpisodeId IF NOT EXISTS FOR (e:Episode) REQUIRE e.id IS UNIQUE'[0m
[32m[2025-10-30 23:30:30] [INFO    ] [neo4j.notifications] Received notification from DBMS server: {severity: INFORMATION} {code: Neo.ClientNotification.Schema.IndexOrConstraintAlreadyExists} {category: SCHEMA} {title: `CREATE CONSTRAINT InferenceEpisodeId IF NOT EXISTS FOR (e:InferenceEpisode) REQUIRE (e.id) IS UNIQUE` has no effect.} {description: `CONSTRAINT InferenceEpisodeId FOR (e:InferenceEpisode) REQUIRE (e.id) IS UNIQUE` already exists.} {position: None} for query: 'CREATE CONSTRAINT InferenceEpisodeId IF NOT EXISTS FOR (ie:InferenceEpisode) REQUIRE ie.id IS UNIQUE'[0m
[32m[2025-10-30 23:30:30] [INFO    ] [neo4j.notifications] Received notification from DBMS server: {severity: INFORMATION} {code: Neo.ClientNotification.Schema.IndexOrConstraintAlreadyExists} {category: SCHEMA} {title: `CREATE CONSTRAINT ProofStepId IF NOT EXISTS FOR (e:ProofStep) REQUIRE (e.id) IS UNIQUE` has no effect.} {description: `CONSTRAINT ProofStepId FOR (e:ProofStep) REQUIRE (e.id) IS UNIQUE` already exists.} {position: None} for query: 'CREATE CONSTRAINT ProofStepId IF NOT EXISTS FOR (ps:ProofStep) REQUIRE ps.id IS UNIQUE'[0m
[32m[2025-10-30 23:30:30] [INFO    ] [neo4j.notifications] Received notification from DBMS server: {severity: INFORMATION} {code: Neo.ClientNotification.Schema.IndexOrConstraintAlreadyExists} {category: SCHEMA} {title: `CREATE CONSTRAINT HypothesisId IF NOT EXISTS FOR (e:Hypothesis) REQUIRE (e.id) IS UNIQUE` has no effect.} {description: `CONSTRAINT HypothesisId FOR (e:Hypothesis) REQUIRE (e.id) IS UNIQUE` already exists.} {position: None} for query: 'CREATE CONSTRAINT HypothesisId IF NOT EXISTS FOR (h:Hypothesis) REQUIRE h.id IS UNIQUE'[0m
[32m[2025-10-30 23:30:30] [INFO    ] [component_1_netzwerk_core] Neo4j Constraints erfolgreich konfiguriert[0m
[32m[2025-10-30 23:30:30] [INFO    ] [neo4j.notifications] Received notification from DBMS server: {severity: INFORMATION} {code: Neo.ClientNotification.Schema.IndexOrConstraintAlreadyExists} {category: SCHEMA} {title: `CREATE CONSTRAINT UsageContextId IF NOT EXISTS FOR (e:UsageContext) REQUIRE (e.id) IS UNIQUE` has no effect.} {description: `CONSTRAINT UsageContextId FOR (e:UsageContext) REQUIRE (e.id) IS UNIQUE` already exists.} {position: None} for query: '\n                CREATE CONSTRAINT UsageContextId IF NOT EXISTS\n                FOR (uc:UsageContext) REQUIRE uc.id IS UNIQUE\n                '[0m
[32m[2025-10-30 23:30:30] [INFO    ] [neo4j.notifications] Received notification from DBMS server: {severity: INFORMATION} {code: Neo.ClientNotification.Schema.IndexOrConstraintAlreadyExists} {category: SCHEMA} {title: `CREATE CONSTRAINT TypoFeedbackId IF NOT EXISTS FOR (e:TypoFeedback) REQUIRE (e.id) IS UNIQUE` has no effect.} {description: `CONSTRAINT TypoFeedbackId FOR (e:TypoFeedback) REQUIRE (e.id) IS UNIQUE` already exists.} {position: None} for query: '\n                CREATE CONSTRAINT TypoFeedbackId IF NOT EXISTS\n                FOR (tf:TypoFeedback) REQUIRE tf.id IS UNIQUE\n                '[0m
PASSED
tests/test_adaptive_pattern_recognition.py::TestAdaptiveThresholds::test_adaptive_sequence_threshold_scaling [32m[2025-10-30 23:30:30] [INFO    ] [component_1_netzwerk_core] Initialisiere Neo4j-Verbindung | uri=bolt://127.0.0.1:7687 | user=neo4j[0m
[32m[2025-10-30 23:30:30] [INFO    ] [component_1_netzwerk_core] Neo4j-Verbindung erfolgreich hergestellt | uri=bolt://127.0.0.1:7687[0m
[32m[2025-10-30 23:30:30] [INFO    ] [neo4j.notifications] Received notification from DBMS server: {severity: INFORMATION} {code: Neo.ClientNotification.Schema.IndexOrConstraintAlreadyExists} {category: SCHEMA} {title: `CREATE CONSTRAINT WortLemma IF NOT EXISTS FOR (e:Wort) REQUIRE (e.lemma) IS UNIQUE` has no effect.} {description: `CONSTRAINT WortLemma FOR (e:Wort) REQUIRE (e.lemma) IS UNIQUE` already exists.} {position: None} for query: 'CREATE CONSTRAINT WortLemma IF NOT EXISTS FOR (w:Wort) REQUIRE w.lemma IS UNIQUE'[0m
[32m[2025-10-30 23:30:30] [INFO    ] [neo4j.notifications] Received notification from DBMS server: {severity: INFORMATION} {code: Neo.ClientNotification.Schema.IndexOrConstraintAlreadyExists} {category: SCHEMA} {title: `CREATE CONSTRAINT KonzeptName IF NOT EXISTS FOR (e:Konzept) REQUIRE (e.name) IS UNIQUE` has no effect.} {description: `CONSTRAINT KonzeptName FOR (e:Konzept) REQUIRE (e.name) IS UNIQUE` already exists.} {position: None} for query: 'CREATE CONSTRAINT KonzeptName IF NOT EXISTS FOR (k:Konzept) REQUIRE k.name IS UNIQUE'[0m
[32m[2025-10-30 23:30:30] [INFO    ] [neo4j.notifications] Received notification from DBMS server: {severity: INFORMATION} {code: Neo.ClientNotification.Schema.IndexOrConstraintAlreadyExists} {category: SCHEMA} {title: `CREATE CONSTRAINT ExtractionRuleType IF NOT EXISTS FOR (e:ExtractionRule) REQUIRE (e.relation_type) IS UNIQUE` has no effect.} {description: `CONSTRAINT ExtractionRuleType FOR (e:ExtractionRule) REQUIRE (e.relation_type) IS UNIQUE` already exists.} {position: None} for query: 'CREATE CONSTRAINT ExtractionRuleType IF NOT EXISTS FOR (r:ExtractionRule) REQUIRE r.relation_type IS UNIQUE'[0m
[32m[2025-10-30 23:30:30] [INFO    ] [neo4j.notifications] Received notification from DBMS server: {severity: INFORMATION} {code: Neo.ClientNotification.Schema.IndexOrConstraintAlreadyExists} {category: SCHEMA} {title: `CREATE CONSTRAINT PatternPrototypeId IF NOT EXISTS FOR (e:PatternPrototype) REQUIRE (e.id) IS UNIQUE` has no effect.} {description: `CONSTRAINT PatternPrototypeId FOR (e:PatternPrototype) REQUIRE (e.id) IS UNIQUE` already exists.} {position: None} for query: 'CREATE CONSTRAINT PatternPrototypeId IF NOT EXISTS FOR (p:PatternPrototype) REQUIRE p.id IS UNIQUE'[0m
[32m[2025-10-30 23:30:30] [INFO    ] [neo4j.notifications] Received notification from DBMS server: {severity: INFORMATION} {code: Neo.ClientNotification.Schema.IndexOrConstraintAlreadyExists} {category: SCHEMA} {title: `CREATE CONSTRAINT LexiconName IF NOT EXISTS FOR (e:Lexicon) REQUIRE (e.name) IS UNIQUE` has no effect.} {description: `CONSTRAINT LexiconName FOR (e:Lexicon) REQUIRE (e.name) IS UNIQUE` already exists.} {position: None} for query: 'CREATE CONSTRAINT LexiconName IF NOT EXISTS FOR (l:Lexicon) REQUIRE l.name IS UNIQUE'[0m
[32m[2025-10-30 23:30:30] [INFO    ] [neo4j.notifications] Received notification from DBMS server: {severity: INFORMATION} {code: Neo.ClientNotification.Schema.IndexOrConstraintAlreadyExists} {category: SCHEMA} {title: `CREATE CONSTRAINT EpisodeId IF NOT EXISTS FOR (e:Episode) REQUIRE (e.id) IS UNIQUE` has no effect.} {description: `CONSTRAINT EpisodeId FOR (e:Episode) REQUIRE (e.id) IS UNIQUE` already exists.} {position: None} for query: 'CREATE CONSTRAINT EpisodeId IF NOT EXISTS FOR (e:Episode) REQUIRE e.id IS UNIQUE'[0m
[32m[2025-10-30 23:30:30] [INFO    ] [neo4j.notifications] Received notification from DBMS server: {severity: INFORMATION} {code: Neo.ClientNotification.Schema.IndexOrConstraintAlreadyExists} {category: SCHEMA} {title: `CREATE CONSTRAINT InferenceEpisodeId IF NOT EXISTS FOR (e:InferenceEpisode) REQUIRE (e.id) IS UNIQUE` has no effect.} {description: `CONSTRAINT InferenceEpisodeId FOR (e:InferenceEpisode) REQUIRE (e.id) IS UNIQUE` already exists.} {position: None} for query: 'CREATE CONSTRAINT InferenceEpisodeId IF NOT EXISTS FOR (ie:InferenceEpisode) REQUIRE ie.id IS UNIQUE'[0m
[32m[2025-10-30 23:30:30] [INFO    ] [neo4j.notifications] Received notification from DBMS server: {severity: INFORMATION} {code: Neo.ClientNotification.Schema.IndexOrConstraintAlreadyExists} {category: SCHEMA} {title: `CREATE CONSTRAINT ProofStepId IF NOT EXISTS FOR (e:ProofStep) REQUIRE (e.id) IS UNIQUE` has no effect.} {description: `CONSTRAINT ProofStepId FOR (e:ProofStep) REQUIRE (e.id) IS UNIQUE` already exists.} {position: None} for query: 'CREATE CONSTRAINT ProofStepId IF NOT EXISTS FOR (ps:ProofStep) REQUIRE ps.id IS UNIQUE'[0m
[32m[2025-10-30 23:30:30] [INFO    ] [neo4j.notifications] Received notification from DBMS server: {severity: INFORMATION} {code: Neo.ClientNotification.Schema.IndexOrConstraintAlreadyExists} {category: SCHEMA} {title: `CREATE CONSTRAINT HypothesisId IF NOT EXISTS FOR (e:Hypothesis) REQUIRE (e.id) IS UNIQUE` has no effect.} {description: `CONSTRAINT HypothesisId FOR (e:Hypothesis) REQUIRE (e.id) IS UNIQUE` already exists.} {position: None} for query: 'CREATE CONSTRAINT HypothesisId IF NOT EXISTS FOR (h:Hypothesis) REQUIRE h.id IS UNIQUE'[0m
[32m[2025-10-30 23:30:30] [INFO    ] [component_1_netzwerk_core] Neo4j Constraints erfolgreich konfiguriert[0m
[32m[2025-10-30 23:30:30] [INFO    ] [neo4j.notifications] Received notification from DBMS server: {severity: INFORMATION} {code: Neo.ClientNotification.Schema.IndexOrConstraintAlreadyExists} {category: SCHEMA} {title: `CREATE CONSTRAINT UsageContextId IF NOT EXISTS FOR (e:UsageContext) REQUIRE (e.id) IS UNIQUE` has no effect.} {description: `CONSTRAINT UsageContextId FOR (e:UsageContext) REQUIRE (e.id) IS UNIQUE` already exists.} {position: None} for query: '\n                CREATE CONSTRAINT UsageContextId IF NOT EXISTS\n                FOR (uc:UsageContext) REQUIRE uc.id IS UNIQUE\n                '[0m
[32m[2025-10-30 23:30:30] [INFO    ] [neo4j.notifications] Received notification from DBMS server: {severity: INFORMATION} {code: Neo.ClientNotification.Schema.IndexOrConstraintAlreadyExists} {category: SCHEMA} {title: `CREATE CONSTRAINT TypoFeedbackId IF NOT EXISTS FOR (e:TypoFeedback) REQUIRE (e.id) IS UNIQUE` has no effect.} {description: `CONSTRAINT TypoFeedbackId FOR (e:TypoFeedback) REQUIRE (e.id) IS UNIQUE` already exists.} {position: None} for query: '\n                CREATE CONSTRAINT TypoFeedbackId IF NOT EXISTS\n                FOR (tf:TypoFeedback) REQUIRE tf.id IS UNIQUE\n                '[0m
PASSED
tests/test_adaptive_pattern_recognition.py::TestAdaptiveThresholds::test_confidence_gates_per_phase [32m[2025-10-30 23:30:30] [INFO    ] [component_1_netzwerk_core] Initialisiere Neo4j-Verbindung | uri=bolt://127.0.0.1:7687 | user=neo4j[0m
[32m[2025-10-30 23:30:30] [INFO    ] [component_1_netzwerk_core] Neo4j-Verbindung erfolgreich hergestellt | uri=bolt://127.0.0.1:7687[0m
[32m[2025-10-30 23:30:30] [INFO    ] [neo4j.notifications] Received notification from DBMS server: {severity: INFORMATION} {code: Neo.ClientNotification.Schema.IndexOrConstraintAlreadyExists} {category: SCHEMA} {title: `CREATE CONSTRAINT WortLemma IF NOT EXISTS FOR (e:Wort) REQUIRE (e.lemma) IS UNIQUE` has no effect.} {description: `CONSTRAINT WortLemma FOR (e:Wort) REQUIRE (e.lemma) IS UNIQUE` already exists.} {position: None} for query: 'CREATE CONSTRAINT WortLemma IF NOT EXISTS FOR (w:Wort) REQUIRE w.lemma IS UNIQUE'[0m
[32m[2025-10-30 23:30:30] [INFO    ] [neo4j.notifications] Received notification from DBMS server: {severity: INFORMATION} {code: Neo.ClientNotification.Schema.IndexOrConstraintAlreadyExists} {category: SCHEMA} {title: `CREATE CONSTRAINT KonzeptName IF NOT EXISTS FOR (e:Konzept) REQUIRE (e.name) IS UNIQUE` has no effect.} {description: `CONSTRAINT KonzeptName FOR (e:Konzept) REQUIRE (e.name) IS UNIQUE` already exists.} {position: None} for query: 'CREATE CONSTRAINT KonzeptName IF NOT EXISTS FOR (k:Konzept) REQUIRE k.name IS UNIQUE'[0m
[32m[2025-10-30 23:30:30] [INFO    ] [neo4j.notifications] Received notification from DBMS server: {severity: INFORMATION} {code: Neo.ClientNotification.Schema.IndexOrConstraintAlreadyExists} {category: SCHEMA} {title: `CREATE CONSTRAINT ExtractionRuleType IF NOT EXISTS FOR (e:ExtractionRule) REQUIRE (e.relation_type) IS UNIQUE` has no effect.} {description: `CONSTRAINT ExtractionRuleType FOR (e:ExtractionRule) REQUIRE (e.relation_type) IS UNIQUE` already exists.} {position: None} for query: 'CREATE CONSTRAINT ExtractionRuleType IF NOT EXISTS FOR (r:ExtractionRule) REQUIRE r.relation_type IS UNIQUE'[0m
[32m[2025-10-30 23:30:30] [INFO    ] [neo4j.notifications] Received notification from DBMS server: {severity: INFORMATION} {code: Neo.ClientNotification.Schema.IndexOrConstraintAlreadyExists} {category: SCHEMA} {title: `CREATE CONSTRAINT PatternPrototypeId IF NOT EXISTS FOR (e:PatternPrototype) REQUIRE (e.id) IS UNIQUE` has no effect.} {description: `CONSTRAINT PatternPrototypeId FOR (e:PatternPrototype) REQUIRE (e.id) IS UNIQUE` already exists.} {position: None} for query: 'CREATE CONSTRAINT PatternPrototypeId IF NOT EXISTS FOR (p:PatternPrototype) REQUIRE p.id IS UNIQUE'[0m
[32m[2025-10-30 23:30:30] [INFO    ] [neo4j.notifications] Received notification from DBMS server: {severity: INFORMATION} {code: Neo.ClientNotification.Schema.IndexOrConstraintAlreadyExists} {category: SCHEMA} {title: `CREATE CONSTRAINT LexiconName IF NOT EXISTS FOR (e:Lexicon) REQUIRE (e.name) IS UNIQUE` has no effect.} {description: `CONSTRAINT LexiconName FOR (e:Lexicon) REQUIRE (e.name) IS UNIQUE` already exists.} {position: None} for query: 'CREATE CONSTRAINT LexiconName IF NOT EXISTS FOR (l:Lexicon) REQUIRE l.name IS UNIQUE'[0m
[32m[2025-10-30 23:30:30] [INFO    ] [neo4j.notifications] Received notification from DBMS server: {severity: INFORMATION} {code: Neo.ClientNotification.Schema.IndexOrConstraintAlreadyExists} {category: SCHEMA} {title: `CREATE CONSTRAINT EpisodeId IF NOT EXISTS FOR (e:Episode) REQUIRE (e.id) IS UNIQUE` has no effect.} {description: `CONSTRAINT EpisodeId FOR (e:Episode) REQUIRE (e.id) IS UNIQUE` already exists.} {position: None} for query: 'CREATE CONSTRAINT EpisodeId IF NOT EXISTS FOR (e:Episode) REQUIRE e.id IS UNIQUE'[0m
[32m[2025-10-30 23:30:30] [INFO    ] [neo4j.notifications] Received notification from DBMS server: {severity: INFORMATION} {code: Neo.ClientNotification.Schema.IndexOrConstraintAlreadyExists} {category: SCHEMA} {title: `CREATE CONSTRAINT InferenceEpisodeId IF NOT EXISTS FOR (e:InferenceEpisode) REQUIRE (e.id) IS UNIQUE` has no effect.} {description: `CONSTRAINT InferenceEpisodeId FOR (e:InferenceEpisode) REQUIRE (e.id) IS UNIQUE` already exists.} {position: None} for query: 'CREATE CONSTRAINT InferenceEpisodeId IF NOT EXISTS FOR (ie:InferenceEpisode) REQUIRE ie.id IS UNIQUE'[0m
[32m[2025-10-30 23:30:30] [INFO    ] [neo4j.notifications] Received notification from DBMS server: {severity: INFORMATION} {code: Neo.ClientNotification.Schema.IndexOrConstraintAlreadyExists} {category: SCHEMA} {title: `CREATE CONSTRAINT ProofStepId IF NOT EXISTS FOR (e:ProofStep) REQUIRE (e.id) IS UNIQUE` has no effect.} {description: `CONSTRAINT ProofStepId FOR (e:ProofStep) REQUIRE (e.id) IS UNIQUE` already exists.} {position: None} for query: 'CREATE CONSTRAINT ProofStepId IF NOT EXISTS FOR (ps:ProofStep) REQUIRE ps.id IS UNIQUE'[0m
[32m[2025-10-30 23:30:30] [INFO    ] [neo4j.notifications] Received notification from DBMS server: {severity: INFORMATION} {code: Neo.ClientNotification.Schema.IndexOrConstraintAlreadyExists} {category: SCHEMA} {title: `CREATE CONSTRAINT HypothesisId IF NOT EXISTS FOR (e:Hypothesis) REQUIRE (e.id) IS UNIQUE` has no effect.} {description: `CONSTRAINT HypothesisId FOR (e:Hypothesis) REQUIRE (e.id) IS UNIQUE` already exists.} {position: None} for query: 'CREATE CONSTRAINT HypothesisId IF NOT EXISTS FOR (h:Hypothesis) REQUIRE h.id IS UNIQUE'[0m
[32m[2025-10-30 23:30:30] [INFO    ] [component_1_netzwerk_core] Neo4j Constraints erfolgreich konfiguriert[0m
[32m[2025-10-30 23:30:30] [INFO    ] [neo4j.notifications] Received notification from DBMS server: {severity: INFORMATION} {code: Neo.ClientNotification.Schema.IndexOrConstraintAlreadyExists} {category: SCHEMA} {title: `CREATE CONSTRAINT UsageContextId IF NOT EXISTS FOR (e:UsageContext) REQUIRE (e.id) IS UNIQUE` has no effect.} {description: `CONSTRAINT UsageContextId FOR (e:UsageContext) REQUIRE (e.id) IS UNIQUE` already exists.} {position: None} for query: '\n                CREATE CONSTRAINT UsageContextId IF NOT EXISTS\n                FOR (uc:UsageContext) REQUIRE uc.id IS UNIQUE\n                '[0m
[32m[2025-10-30 23:30:30] [INFO    ] [neo4j.notifications] Received notification from DBMS server: {severity: INFORMATION} {code: Neo.ClientNotification.Schema.IndexOrConstraintAlreadyExists} {category: SCHEMA} {title: `CREATE CONSTRAINT TypoFeedbackId IF NOT EXISTS FOR (e:TypoFeedback) REQUIRE (e.id) IS UNIQUE` has no effect.} {description: `CONSTRAINT TypoFeedbackId FOR (e:TypoFeedback) REQUIRE (e.id) IS UNIQUE` already exists.} {position: None} for query: '\n                CREATE CONSTRAINT TypoFeedbackId IF NOT EXISTS\n                FOR (tf:TypoFeedback) REQUIRE tf.id IS UNIQUE\n                '[0m
PASSED
tests/test_adaptive_pattern_recognition.py::TestAdaptiveThresholds::test_bootstrap_confidence_multiplier [32m[2025-10-30 23:30:30] [INFO    ] [component_1_netzwerk_core] Initialisiere Neo4j-Verbindung | uri=bolt://127.0.0.1:7687 | user=neo4j[0m
[32m[2025-10-30 23:30:30] [INFO    ] [component_1_netzwerk_core] Neo4j-Verbindung erfolgreich hergestellt | uri=bolt://127.0.0.1:7687[0m
[32m[2025-10-30 23:30:30] [INFO    ] [neo4j.notifications] Received notification from DBMS server: {severity: INFORMATION} {code: Neo.ClientNotification.Schema.IndexOrConstraintAlreadyExists} {category: SCHEMA} {title: `CREATE CONSTRAINT WortLemma IF NOT EXISTS FOR (e:Wort) REQUIRE (e.lemma) IS UNIQUE` has no effect.} {description: `CONSTRAINT WortLemma FOR (e:Wort) REQUIRE (e.lemma) IS UNIQUE` already exists.} {position: None} for query: 'CREATE CONSTRAINT WortLemma IF NOT EXISTS FOR (w:Wort) REQUIRE w.lemma IS UNIQUE'[0m
[32m[2025-10-30 23:30:30] [INFO    ] [neo4j.notifications] Received notification from DBMS server: {severity: INFORMATION} {code: Neo.ClientNotification.Schema.IndexOrConstraintAlreadyExists} {category: SCHEMA} {title: `CREATE CONSTRAINT KonzeptName IF NOT EXISTS FOR (e:Konzept) REQUIRE (e.name) IS UNIQUE` has no effect.} {description: `CONSTRAINT KonzeptName FOR (e:Konzept) REQUIRE (e.name) IS UNIQUE` already exists.} {position: None} for query: 'CREATE CONSTRAINT KonzeptName IF NOT EXISTS FOR (k:Konzept) REQUIRE k.name IS UNIQUE'[0m
[32m[2025-10-30 23:30:30] [INFO    ] [neo4j.notifications] Received notification from DBMS server: {severity: INFORMATION} {code: Neo.ClientNotification.Schema.IndexOrConstraintAlreadyExists} {category: SCHEMA} {title: `CREATE CONSTRAINT ExtractionRuleType IF NOT EXISTS FOR (e:ExtractionRule) REQUIRE (e.relation_type) IS UNIQUE` has no effect.} {description: `CONSTRAINT ExtractionRuleType FOR (e:ExtractionRule) REQUIRE (e.relation_type) IS UNIQUE` already exists.} {position: None} for query: 'CREATE CONSTRAINT ExtractionRuleType IF NOT EXISTS FOR (r:ExtractionRule) REQUIRE r.relation_type IS UNIQUE'[0m
[32m[2025-10-30 23:30:30] [INFO    ] [neo4j.notifications] Received notification from DBMS server: {severity: INFORMATION} {code: Neo.ClientNotification.Schema.IndexOrConstraintAlreadyExists} {category: SCHEMA} {title: `CREATE CONSTRAINT PatternPrototypeId IF NOT EXISTS FOR (e:PatternPrototype) REQUIRE (e.id) IS UNIQUE` has no effect.} {description: `CONSTRAINT PatternPrototypeId FOR (e:PatternPrototype) REQUIRE (e.id) IS UNIQUE` already exists.} {position: None} for query: 'CREATE CONSTRAINT PatternPrototypeId IF NOT EXISTS FOR (p:PatternPrototype) REQUIRE p.id IS UNIQUE'[0m
[32m[2025-10-30 23:30:30] [INFO    ] [neo4j.notifications] Received notification from DBMS server: {severity: INFORMATION} {code: Neo.ClientNotification.Schema.IndexOrConstraintAlreadyExists} {category: SCHEMA} {title: `CREATE CONSTRAINT LexiconName IF NOT EXISTS FOR (e:Lexicon) REQUIRE (e.name) IS UNIQUE` has no effect.} {description: `CONSTRAINT LexiconName FOR (e:Lexicon) REQUIRE (e.name) IS UNIQUE` already exists.} {position: None} for query: 'CREATE CONSTRAINT LexiconName IF NOT EXISTS FOR (l:Lexicon) REQUIRE l.name IS UNIQUE'[0m
[32m[2025-10-30 23:30:30] [INFO    ] [neo4j.notifications] Received notification from DBMS server: {severity: INFORMATION} {code: Neo.ClientNotification.Schema.IndexOrConstraintAlreadyExists} {category: SCHEMA} {title: `CREATE CONSTRAINT EpisodeId IF NOT EXISTS FOR (e:Episode) REQUIRE (e.id) IS UNIQUE` has no effect.} {description: `CONSTRAINT EpisodeId FOR (e:Episode) REQUIRE (e.id) IS UNIQUE` already exists.} {position: None} for query: 'CREATE CONSTRAINT EpisodeId IF NOT EXISTS FOR (e:Episode) REQUIRE e.id IS UNIQUE'[0m
[32m[2025-10-30 23:30:30] [INFO    ] [neo4j.notifications] Received notification from DBMS server: {severity: INFORMATION} {code: Neo.ClientNotification.Schema.IndexOrConstraintAlreadyExists} {category: SCHEMA} {title: `CREATE CONSTRAINT InferenceEpisodeId IF NOT EXISTS FOR (e:InferenceEpisode) REQUIRE (e.id) IS UNIQUE` has no effect.} {description: `CONSTRAINT InferenceEpisodeId FOR (e:InferenceEpisode) REQUIRE (e.id) IS UNIQUE` already exists.} {position: None} for query: 'CREATE CONSTRAINT InferenceEpisodeId IF NOT EXISTS FOR (ie:InferenceEpisode) REQUIRE ie.id IS UNIQUE'[0m
[32m[2025-10-30 23:30:30] [INFO    ] [neo4j.notifications] Received notification from DBMS server: {severity: INFORMATION} {code: Neo.ClientNotification.Schema.IndexOrConstraintAlreadyExists} {category: SCHEMA} {title: `CREATE CONSTRAINT ProofStepId IF NOT EXISTS FOR (e:ProofStep) REQUIRE (e.id) IS UNIQUE` has no effect.} {description: `CONSTRAINT ProofStepId FOR (e:ProofStep) REQUIRE (e.id) IS UNIQUE` already exists.} {position: None} for query: 'CREATE CONSTRAINT ProofStepId IF NOT EXISTS FOR (ps:ProofStep) REQUIRE ps.id IS UNIQUE'[0m
[32m[2025-10-30 23:30:30] [INFO    ] [neo4j.notifications] Received notification from DBMS server: {severity: INFORMATION} {code: Neo.ClientNotification.Schema.IndexOrConstraintAlreadyExists} {category: SCHEMA} {title: `CREATE CONSTRAINT HypothesisId IF NOT EXISTS FOR (e:Hypothesis) REQUIRE (e.id) IS UNIQUE` has no effect.} {description: `CONSTRAINT HypothesisId FOR (e:Hypothesis) REQUIRE (e.id) IS UNIQUE` already exists.} {position: None} for query: 'CREATE CONSTRAINT HypothesisId IF NOT EXISTS FOR (h:Hypothesis) REQUIRE h.id IS UNIQUE'[0m
[32m[2025-10-30 23:30:30] [INFO    ] [component_1_netzwerk_core] Neo4j Constraints erfolgreich konfiguriert[0m
[32m[2025-10-30 23:30:30] [INFO    ] [neo4j.notifications] Received notification from DBMS server: {severity: INFORMATION} {code: Neo.ClientNotification.Schema.IndexOrConstraintAlreadyExists} {category: SCHEMA} {title: `CREATE CONSTRAINT UsageContextId IF NOT EXISTS FOR (e:UsageContext) REQUIRE (e.id) IS UNIQUE` has no effect.} {description: `CONSTRAINT UsageContextId FOR (e:UsageContext) REQUIRE (e.id) IS UNIQUE` already exists.} {position: None} for query: '\n                CREATE CONSTRAINT UsageContextId IF NOT EXISTS\n                FOR (uc:UsageContext) REQUIRE uc.id IS UNIQUE\n                '[0m
[32m[2025-10-30 23:30:30] [INFO    ] [neo4j.notifications] Received notification from DBMS server: {severity: INFORMATION} {code: Neo.ClientNotification.Schema.IndexOrConstraintAlreadyExists} {category: SCHEMA} {title: `CREATE CONSTRAINT TypoFeedbackId IF NOT EXISTS FOR (e:TypoFeedback) REQUIRE (e.id) IS UNIQUE` has no effect.} {description: `CONSTRAINT TypoFeedbackId FOR (e:TypoFeedback) REQUIRE (e.id) IS UNIQUE` already exists.} {position: None} for query: '\n                CREATE CONSTRAINT TypoFeedbackId IF NOT EXISTS\n                FOR (tf:TypoFeedback) REQUIRE tf.id IS UNIQUE\n                '[0m
PASSED
tests/test_adaptive_pattern_recognition.py::TestWordFrequency::test_word_frequency_calculation [32m[2025-10-30 23:30:30] [INFO    ] [component_1_netzwerk_core] Initialisiere Neo4j-Verbindung | uri=bolt://127.0.0.1:7687 | user=neo4j[0m
[32m[2025-10-30 23:30:30] [INFO    ] [component_1_netzwerk_core] Neo4j-Verbindung erfolgreich hergestellt | uri=bolt://127.0.0.1:7687[0m
[32m[2025-10-30 23:30:30] [INFO    ] [neo4j.notifications] Received notification from DBMS server: {severity: INFORMATION} {code: Neo.ClientNotification.Schema.IndexOrConstraintAlreadyExists} {category: SCHEMA} {title: `CREATE CONSTRAINT WortLemma IF NOT EXISTS FOR (e:Wort) REQUIRE (e.lemma) IS UNIQUE` has no effect.} {description: `CONSTRAINT WortLemma FOR (e:Wort) REQUIRE (e.lemma) IS UNIQUE` already exists.} {position: None} for query: 'CREATE CONSTRAINT WortLemma IF NOT EXISTS FOR (w:Wort) REQUIRE w.lemma IS UNIQUE'[0m
[32m[2025-10-30 23:30:30] [INFO    ] [neo4j.notifications] Received notification from DBMS server: {severity: INFORMATION} {code: Neo.ClientNotification.Schema.IndexOrConstraintAlreadyExists} {category: SCHEMA} {title: `CREATE CONSTRAINT KonzeptName IF NOT EXISTS FOR (e:Konzept) REQUIRE (e.name) IS UNIQUE` has no effect.} {description: `CONSTRAINT KonzeptName FOR (e:Konzept) REQUIRE (e.name) IS UNIQUE` already exists.} {position: None} for query: 'CREATE CONSTRAINT KonzeptName IF NOT EXISTS FOR (k:Konzept) REQUIRE k.name IS UNIQUE'[0m
[32m[2025-10-30 23:30:30] [INFO    ] [neo4j.notifications] Received notification from DBMS server: {severity: INFORMATION} {code: Neo.ClientNotification.Schema.IndexOrConstraintAlreadyExists} {category: SCHEMA} {title: `CREATE CONSTRAINT ExtractionRuleType IF NOT EXISTS FOR (e:ExtractionRule) REQUIRE (e.relation_type) IS UNIQUE` has no effect.} {description: `CONSTRAINT ExtractionRuleType FOR (e:ExtractionRule) REQUIRE (e.relation_type) IS UNIQUE` already exists.} {position: None} for query: 'CREATE CONSTRAINT ExtractionRuleType IF NOT EXISTS FOR (r:ExtractionRule) REQUIRE r.relation_type IS UNIQUE'[0m
[32m[2025-10-30 23:30:30] [INFO    ] [neo4j.notifications] Received notification from DBMS server: {severity: INFORMATION} {code: Neo.ClientNotification.Schema.IndexOrConstraintAlreadyExists} {category: SCHEMA} {title: `CREATE CONSTRAINT PatternPrototypeId IF NOT EXISTS FOR (e:PatternPrototype) REQUIRE (e.id) IS UNIQUE` has no effect.} {description: `CONSTRAINT PatternPrototypeId FOR (e:PatternPrototype) REQUIRE (e.id) IS UNIQUE` already exists.} {position: None} for query: 'CREATE CONSTRAINT PatternPrototypeId IF NOT EXISTS FOR (p:PatternPrototype) REQUIRE p.id IS UNIQUE'[0m
[32m[2025-10-30 23:30:30] [INFO    ] [neo4j.notifications] Received notification from DBMS server: {severity: INFORMATION} {code: Neo.ClientNotification.Schema.IndexOrConstraintAlreadyExists} {category: SCHEMA} {title: `CREATE CONSTRAINT LexiconName IF NOT EXISTS FOR (e:Lexicon) REQUIRE (e.name) IS UNIQUE` has no effect.} {description: `CONSTRAINT LexiconName FOR (e:Lexicon) REQUIRE (e.name) IS UNIQUE` already exists.} {position: None} for query: 'CREATE CONSTRAINT LexiconName IF NOT EXISTS FOR (l:Lexicon) REQUIRE l.name IS UNIQUE'[0m
[32m[2025-10-30 23:30:30] [INFO    ] [neo4j.notifications] Received notification from DBMS server: {severity: INFORMATION} {code: Neo.ClientNotification.Schema.IndexOrConstraintAlreadyExists} {category: SCHEMA} {title: `CREATE CONSTRAINT EpisodeId IF NOT EXISTS FOR (e:Episode) REQUIRE (e.id) IS UNIQUE` has no effect.} {description: `CONSTRAINT EpisodeId FOR (e:Episode) REQUIRE (e.id) IS UNIQUE` already exists.} {position: None} for query: 'CREATE CONSTRAINT EpisodeId IF NOT EXISTS FOR (e:Episode) REQUIRE e.id IS UNIQUE'[0m
[32m[2025-10-30 23:30:30] [INFO    ] [neo4j.notifications] Received notification from DBMS server: {severity: INFORMATION} {code: Neo.ClientNotification.Schema.IndexOrConstraintAlreadyExists} {category: SCHEMA} {title: `CREATE CONSTRAINT InferenceEpisodeId IF NOT EXISTS FOR (e:InferenceEpisode) REQUIRE (e.id) IS UNIQUE` has no effect.} {description: `CONSTRAINT InferenceEpisodeId FOR (e:InferenceEpisode) REQUIRE (e.id) IS UNIQUE` already exists.} {position: None} for query: 'CREATE CONSTRAINT InferenceEpisodeId IF NOT EXISTS FOR (ie:InferenceEpisode) REQUIRE ie.id IS UNIQUE'[0m
[32m[2025-10-30 23:30:30] [INFO    ] [neo4j.notifications] Received notification from DBMS server: {severity: INFORMATION} {code: Neo.ClientNotification.Schema.IndexOrConstraintAlreadyExists} {category: SCHEMA} {title: `CREATE CONSTRAINT ProofStepId IF NOT EXISTS FOR (e:ProofStep) REQUIRE (e.id) IS UNIQUE` has no effect.} {description: `CONSTRAINT ProofStepId FOR (e:ProofStep) REQUIRE (e.id) IS UNIQUE` already exists.} {position: None} for query: 'CREATE CONSTRAINT ProofStepId IF NOT EXISTS FOR (ps:ProofStep) REQUIRE ps.id IS UNIQUE'[0m
[32m[2025-10-30 23:30:30] [INFO    ] [neo4j.notifications] Received notification from DBMS server: {severity: INFORMATION} {code: Neo.ClientNotification.Schema.IndexOrConstraintAlreadyExists} {category: SCHEMA} {title: `CREATE CONSTRAINT HypothesisId IF NOT EXISTS FOR (e:Hypothesis) REQUIRE (e.id) IS UNIQUE` has no effect.} {description: `CONSTRAINT HypothesisId FOR (e:Hypothesis) REQUIRE (e.id) IS UNIQUE` already exists.} {position: None} for query: 'CREATE CONSTRAINT HypothesisId IF NOT EXISTS FOR (h:Hypothesis) REQUIRE h.id IS UNIQUE'[0m
[32m[2025-10-30 23:30:30] [INFO    ] [component_1_netzwerk_core] Neo4j Constraints erfolgreich konfiguriert[0m
[32m[2025-10-30 23:30:30] [INFO    ] [neo4j.notifications] Received notification from DBMS server: {severity: INFORMATION} {code: Neo.ClientNotification.Schema.IndexOrConstraintAlreadyExists} {category: SCHEMA} {title: `CREATE CONSTRAINT UsageContextId IF NOT EXISTS FOR (e:UsageContext) REQUIRE (e.id) IS UNIQUE` has no effect.} {description: `CONSTRAINT UsageContextId FOR (e:UsageContext) REQUIRE (e.id) IS UNIQUE` already exists.} {position: None} for query: '\n                CREATE CONSTRAINT UsageContextId IF NOT EXISTS\n                FOR (uc:UsageContext) REQUIRE uc.id IS UNIQUE\n                '[0m
[32m[2025-10-30 23:30:30] [INFO    ] [neo4j.notifications] Received notification from DBMS server: {severity: INFORMATION} {code: Neo.ClientNotification.Schema.IndexOrConstraintAlreadyExists} {category: SCHEMA} {title: `CREATE CONSTRAINT TypoFeedbackId IF NOT EXISTS FOR (e:TypoFeedback) REQUIRE (e.id) IS UNIQUE` has no effect.} {description: `CONSTRAINT TypoFeedbackId FOR (e:TypoFeedback) REQUIRE (e.id) IS UNIQUE` already exists.} {position: None} for query: '\n                CREATE CONSTRAINT TypoFeedbackId IF NOT EXISTS\n                FOR (tf:TypoFeedback) REQUIRE tf.id IS UNIQUE\n                '[0m
[32m[2025-10-30 23:30:30] [INFO    ] [component_1_netzwerk_core] Neue Relation erstellt | subject=testword_freq_38ab009d | relation=IS_A | object=konzept1 | source=None[0m
[32m[2025-10-30 23:30:30] [INFO    ] [component_1_netzwerk_core] Neue Relation erstellt | subject=testword_freq_38ab009d | relation=HAS_PROPERTY | object=eigenschaft1 | source=None[0m
PASSED
tests/test_adaptive_pattern_recognition.py::TestWordFrequency::test_normalized_word_frequency [32m[2025-10-30 23:30:30] [INFO    ] [component_1_netzwerk_core] Initialisiere Neo4j-Verbindung | uri=bolt://127.0.0.1:7687 | user=neo4j[0m
[32m[2025-10-30 23:30:30] [INFO    ] [component_1_netzwerk_core] Neo4j-Verbindung erfolgreich hergestellt | uri=bolt://127.0.0.1:7687[0m
[32m[2025-10-30 23:30:30] [INFO    ] [neo4j.notifications] Received notification from DBMS server: {severity: INFORMATION} {code: Neo.ClientNotification.Schema.IndexOrConstraintAlreadyExists} {category: SCHEMA} {title: `CREATE CONSTRAINT WortLemma IF NOT EXISTS FOR (e:Wort) REQUIRE (e.lemma) IS UNIQUE` has no effect.} {description: `CONSTRAINT WortLemma FOR (e:Wort) REQUIRE (e.lemma) IS UNIQUE` already exists.} {position: None} for query: 'CREATE CONSTRAINT WortLemma IF NOT EXISTS FOR (w:Wort) REQUIRE w.lemma IS UNIQUE'[0m
[32m[2025-10-30 23:30:30] [INFO    ] [neo4j.notifications] Received notification from DBMS server: {severity: INFORMATION} {code: Neo.ClientNotification.Schema.IndexOrConstraintAlreadyExists} {category: SCHEMA} {title: `CREATE CONSTRAINT KonzeptName IF NOT EXISTS FOR (e:Konzept) REQUIRE (e.name) IS UNIQUE` has no effect.} {description: `CONSTRAINT KonzeptName FOR (e:Konzept) REQUIRE (e.name) IS UNIQUE` already exists.} {position: None} for query: 'CREATE CONSTRAINT KonzeptName IF NOT EXISTS FOR (k:Konzept) REQUIRE k.name IS UNIQUE'[0m
[32m[2025-10-30 23:30:30] [INFO    ] [neo4j.notifications] Received notification from DBMS server: {severity: INFORMATION} {code: Neo.ClientNotification.Schema.IndexOrConstraintAlreadyExists} {category: SCHEMA} {title: `CREATE CONSTRAINT ExtractionRuleType IF NOT EXISTS FOR (e:ExtractionRule) REQUIRE (e.relation_type) IS UNIQUE` has no effect.} {description: `CONSTRAINT ExtractionRuleType FOR (e:ExtractionRule) REQUIRE (e.relation_type) IS UNIQUE` already exists.} {position: None} for query: 'CREATE CONSTRAINT ExtractionRuleType IF NOT EXISTS FOR (r:ExtractionRule) REQUIRE r.relation_type IS UNIQUE'[0m
[32m[2025-10-30 23:30:30] [INFO    ] [neo4j.notifications] Received notification from DBMS server: {severity: INFORMATION} {code: Neo.ClientNotification.Schema.IndexOrConstraintAlreadyExists} {category: SCHEMA} {title: `CREATE CONSTRAINT PatternPrototypeId IF NOT EXISTS FOR (e:PatternPrototype) REQUIRE (e.id) IS UNIQUE` has no effect.} {description: `CONSTRAINT PatternPrototypeId FOR (e:PatternPrototype) REQUIRE (e.id) IS UNIQUE` already exists.} {position: None} for query: 'CREATE CONSTRAINT PatternPrototypeId IF NOT EXISTS FOR (p:PatternPrototype) REQUIRE p.id IS UNIQUE'[0m
[32m[2025-10-30 23:30:30] [INFO    ] [neo4j.notifications] Received notification from DBMS server: {severity: INFORMATION} {code: Neo.ClientNotification.Schema.IndexOrConstraintAlreadyExists} {category: SCHEMA} {title: `CREATE CONSTRAINT LexiconName IF NOT EXISTS FOR (e:Lexicon) REQUIRE (e.name) IS UNIQUE` has no effect.} {description: `CONSTRAINT LexiconName FOR (e:Lexicon) REQUIRE (e.name) IS UNIQUE` already exists.} {position: None} for query: 'CREATE CONSTRAINT LexiconName IF NOT EXISTS FOR (l:Lexicon) REQUIRE l.name IS UNIQUE'[0m
[32m[2025-10-30 23:30:30] [INFO    ] [neo4j.notifications] Received notification from DBMS server: {severity: INFORMATION} {code: Neo.ClientNotification.Schema.IndexOrConstraintAlreadyExists} {category: SCHEMA} {title: `CREATE CONSTRAINT EpisodeId IF NOT EXISTS FOR (e:Episode) REQUIRE (e.id) IS UNIQUE` has no effect.} {description: `CONSTRAINT EpisodeId FOR (e:Episode) REQUIRE (e.id) IS UNIQUE` already exists.} {position: None} for query: 'CREATE CONSTRAINT EpisodeId IF NOT EXISTS FOR (e:Episode) REQUIRE e.id IS UNIQUE'[0m
[32m[2025-10-30 23:30:30] [INFO    ] [neo4j.notifications] Received notification from DBMS server: {severity: INFORMATION} {code: Neo.ClientNotification.Schema.IndexOrConstraintAlreadyExists} {category: SCHEMA} {title: `CREATE CONSTRAINT InferenceEpisodeId IF NOT EXISTS FOR (e:InferenceEpisode) REQUIRE (e.id) IS UNIQUE` has no effect.} {description: `CONSTRAINT InferenceEpisodeId FOR (e:InferenceEpisode) REQUIRE (e.id) IS UNIQUE` already exists.} {position: None} for query: 'CREATE CONSTRAINT InferenceEpisodeId IF NOT EXISTS FOR (ie:InferenceEpisode) REQUIRE ie.id IS UNIQUE'[0m
[32m[2025-10-30 23:30:30] [INFO    ] [neo4j.notifications] Received notification from DBMS server: {severity: INFORMATION} {code: Neo.ClientNotification.Schema.IndexOrConstraintAlreadyExists} {category: SCHEMA} {title: `CREATE CONSTRAINT ProofStepId IF NOT EXISTS FOR (e:ProofStep) REQUIRE (e.id) IS UNIQUE` has no effect.} {description: `CONSTRAINT ProofStepId FOR (e:ProofStep) REQUIRE (e.id) IS UNIQUE` already exists.} {position: None} for query: 'CREATE CONSTRAINT ProofStepId IF NOT EXISTS FOR (ps:ProofStep) REQUIRE ps.id IS UNIQUE'[0m
[32m[2025-10-30 23:30:30] [INFO    ] [neo4j.notifications] Received notification from DBMS server: {severity: INFORMATION} {code: Neo.ClientNotification.Schema.IndexOrConstraintAlreadyExists} {category: SCHEMA} {title: `CREATE CONSTRAINT HypothesisId IF NOT EXISTS FOR (e:Hypothesis) REQUIRE (e.id) IS UNIQUE` has no effect.} {description: `CONSTRAINT HypothesisId FOR (e:Hypothesis) REQUIRE (e.id) IS UNIQUE` already exists.} {position: None} for query: 'CREATE CONSTRAINT HypothesisId IF NOT EXISTS FOR (h:Hypothesis) REQUIRE h.id IS UNIQUE'[0m
[32m[2025-10-30 23:30:30] [INFO    ] [component_1_netzwerk_core] Neo4j Constraints erfolgreich konfiguriert[0m
[32m[2025-10-30 23:30:30] [INFO    ] [neo4j.notifications] Received notification from DBMS server: {severity: INFORMATION} {code: Neo.ClientNotification.Schema.IndexOrConstraintAlreadyExists} {category: SCHEMA} {title: `CREATE CONSTRAINT UsageContextId IF NOT EXISTS FOR (e:UsageContext) REQUIRE (e.id) IS UNIQUE` has no effect.} {description: `CONSTRAINT UsageContextId FOR (e:UsageContext) REQUIRE (e.id) IS UNIQUE` already exists.} {position: None} for query: '\n                CREATE CONSTRAINT UsageContextId IF NOT EXISTS\n                FOR (uc:UsageContext) REQUIRE uc.id IS UNIQUE\n                '[0m
[32m[2025-10-30 23:30:30] [INFO    ] [neo4j.notifications] Received notification from DBMS server: {severity: INFORMATION} {code: Neo.ClientNotification.Schema.IndexOrConstraintAlreadyExists} {category: SCHEMA} {title: `CREATE CONSTRAINT TypoFeedbackId IF NOT EXISTS FOR (e:TypoFeedback) REQUIRE (e.id) IS UNIQUE` has no effect.} {description: `CONSTRAINT TypoFeedbackId FOR (e:TypoFeedback) REQUIRE (e.id) IS UNIQUE` already exists.} {position: None} for query: '\n                CREATE CONSTRAINT TypoFeedbackId IF NOT EXISTS\n                FOR (tf:TypoFeedback) REQUIRE tf.id IS UNIQUE\n                '[0m
[32m[2025-10-30 23:30:30] [INFO    ] [component_1_netzwerk_core] Neue Relation erstellt | subject=testword_popular_4e80066b | relation=HAS_PROPERTY | object=prop_0 | source=None[0m
[32m[2025-10-30 23:30:30] [INFO    ] [component_1_netzwerk_core] Neue Relation erstellt | subject=testword_popular_4e80066b | relation=HAS_PROPERTY | object=prop_1 | source=None[0m
[32m[2025-10-30 23:30:30] [INFO    ] [component_1_netzwerk_core] Neue Relation erstellt | subject=testword_popular_4e80066b | relation=HAS_PROPERTY | object=prop_2 | source=None[0m
[32m[2025-10-30 23:30:30] [INFO    ] [component_1_netzwerk_core] Neue Relation erstellt | subject=testword_popular_4e80066b | relation=HAS_PROPERTY | object=prop_3 | source=None[0m
[32m[2025-10-30 23:30:30] [INFO    ] [component_1_netzwerk_core] Neue Relation erstellt | subject=testword_popular_4e80066b | relation=HAS_PROPERTY | object=prop_4 | source=None[0m
[32m[2025-10-30 23:30:30] [INFO    ] [component_1_netzwerk_core] Neue Relation erstellt | subject=testword_popular_4e80066b | relation=HAS_PROPERTY | object=prop_5 | source=None[0m
[32m[2025-10-30 23:30:30] [INFO    ] [component_1_netzwerk_core] Neue Relation erstellt | subject=testword_popular_4e80066b | relation=HAS_PROPERTY | object=prop_6 | source=None[0m
[32m[2025-10-30 23:30:30] [INFO    ] [component_1_netzwerk_core] Neue Relation erstellt | subject=testword_popular_4e80066b | relation=HAS_PROPERTY | object=prop_7 | source=None[0m
[32m[2025-10-30 23:30:30] [INFO    ] [component_1_netzwerk_core] Neue Relation erstellt | subject=testword_popular_4e80066b | relation=HAS_PROPERTY | object=prop_8 | source=None[0m
[32m[2025-10-30 23:30:30] [INFO    ] [component_1_netzwerk_core] Neue Relation erstellt | subject=testword_popular_4e80066b | relation=HAS_PROPERTY | object=prop_9 | source=None[0m
[32m[2025-10-30 23:30:30] [INFO    ] [component_1_netzwerk_core] Neue Relation erstellt | subject=testword_popular_4e80066b | relation=HAS_PROPERTY | object=prop_10 | source=None[0m
[32m[2025-10-30 23:30:30] [INFO    ] [component_1_netzwerk_core] Neue Relation erstellt | subject=testword_popular_4e80066b | relation=HAS_PROPERTY | object=prop_11 | source=None[0m
[32m[2025-10-30 23:30:30] [INFO    ] [component_1_netzwerk_core] Neue Relation erstellt | subject=testword_popular_4e80066b | relation=HAS_PROPERTY | object=prop_12 | source=None[0m
[32m[2025-10-30 23:30:30] [INFO    ] [component_1_netzwerk_core] Neue Relation erstellt | subject=testword_popular_4e80066b | relation=HAS_PROPERTY | object=prop_13 | source=None[0m
[32m[2025-10-30 23:30:30] [INFO    ] [component_1_netzwerk_core] Neue Relation erstellt | subject=testword_popular_4e80066b | relation=HAS_PROPERTY | object=prop_14 | source=None[0m
[32m[2025-10-30 23:30:30] [INFO    ] [component_1_netzwerk_core] Neue Relation erstellt | subject=testword_popular_4e80066b | relation=HAS_PROPERTY | object=prop_15 | source=None[0m
[32m[2025-10-30 23:30:30] [INFO    ] [component_1_netzwerk_core] Neue Relation erstellt | subject=testword_popular_4e80066b | relation=HAS_PROPERTY | object=prop_16 | source=None[0m
[32m[2025-10-30 23:30:30] [INFO    ] [component_1_netzwerk_core] Neue Relation erstellt | subject=testword_popular_4e80066b | relation=HAS_PROPERTY | object=prop_17 | source=None[0m
[32m[2025-10-30 23:30:30] [INFO    ] [component_1_netzwerk_core] Neue Relation erstellt | subject=testword_popular_4e80066b | relation=HAS_PROPERTY | object=prop_18 | source=None[0m
[32m[2025-10-30 23:30:30] [INFO    ] [component_1_netzwerk_core] Neue Relation erstellt | subject=testword_popular_4e80066b | relation=HAS_PROPERTY | object=prop_19 | source=None[0m
PASSED
tests/test_adaptive_pattern_recognition.py::TestBayesianPatternQuality::test_pattern_quality_initialization [32m[2025-10-30 23:30:30] [INFO    ] [component_1_netzwerk_core] Initialisiere Neo4j-Verbindung | uri=bolt://127.0.0.1:7687 | user=neo4j[0m
[32m[2025-10-30 23:30:30] [INFO    ] [component_1_netzwerk_core] Neo4j-Verbindung erfolgreich hergestellt | uri=bolt://127.0.0.1:7687[0m
[32m[2025-10-30 23:30:30] [INFO    ] [neo4j.notifications] Received notification from DBMS server: {severity: INFORMATION} {code: Neo.ClientNotification.Schema.IndexOrConstraintAlreadyExists} {category: SCHEMA} {title: `CREATE CONSTRAINT WortLemma IF NOT EXISTS FOR (e:Wort) REQUIRE (e.lemma) IS UNIQUE` has no effect.} {description: `CONSTRAINT WortLemma FOR (e:Wort) REQUIRE (e.lemma) IS UNIQUE` already exists.} {position: None} for query: 'CREATE CONSTRAINT WortLemma IF NOT EXISTS FOR (w:Wort) REQUIRE w.lemma IS UNIQUE'[0m
[32m[2025-10-30 23:30:30] [INFO    ] [neo4j.notifications] Received notification from DBMS server: {severity: INFORMATION} {code: Neo.ClientNotification.Schema.IndexOrConstraintAlreadyExists} {category: SCHEMA} {title: `CREATE CONSTRAINT KonzeptName IF NOT EXISTS FOR (e:Konzept) REQUIRE (e.name) IS UNIQUE` has no effect.} {description: `CONSTRAINT KonzeptName FOR (e:Konzept) REQUIRE (e.name) IS UNIQUE` already exists.} {position: None} for query: 'CREATE CONSTRAINT KonzeptName IF NOT EXISTS FOR (k:Konzept) REQUIRE k.name IS UNIQUE'[0m
[32m[2025-10-30 23:30:30] [INFO    ] [neo4j.notifications] Received notification from DBMS server: {severity: INFORMATION} {code: Neo.ClientNotification.Schema.IndexOrConstraintAlreadyExists} {category: SCHEMA} {title: `CREATE CONSTRAINT ExtractionRuleType IF NOT EXISTS FOR (e:ExtractionRule) REQUIRE (e.relation_type) IS UNIQUE` has no effect.} {description: `CONSTRAINT ExtractionRuleType FOR (e:ExtractionRule) REQUIRE (e.relation_type) IS UNIQUE` already exists.} {position: None} for query: 'CREATE CONSTRAINT ExtractionRuleType IF NOT EXISTS FOR (r:ExtractionRule) REQUIRE r.relation_type IS UNIQUE'[0m
[32m[2025-10-30 23:30:30] [INFO    ] [neo4j.notifications] Received notification from DBMS server: {severity: INFORMATION} {code: Neo.ClientNotification.Schema.IndexOrConstraintAlreadyExists} {category: SCHEMA} {title: `CREATE CONSTRAINT PatternPrototypeId IF NOT EXISTS FOR (e:PatternPrototype) REQUIRE (e.id) IS UNIQUE` has no effect.} {description: `CONSTRAINT PatternPrototypeId FOR (e:PatternPrototype) REQUIRE (e.id) IS UNIQUE` already exists.} {position: None} for query: 'CREATE CONSTRAINT PatternPrototypeId IF NOT EXISTS FOR (p:PatternPrototype) REQUIRE p.id IS UNIQUE'[0m
[32m[2025-10-30 23:30:30] [INFO    ] [neo4j.notifications] Received notification from DBMS server: {severity: INFORMATION} {code: Neo.ClientNotification.Schema.IndexOrConstraintAlreadyExists} {category: SCHEMA} {title: `CREATE CONSTRAINT LexiconName IF NOT EXISTS FOR (e:Lexicon) REQUIRE (e.name) IS UNIQUE` has no effect.} {description: `CONSTRAINT LexiconName FOR (e:Lexicon) REQUIRE (e.name) IS UNIQUE` already exists.} {position: None} for query: 'CREATE CONSTRAINT LexiconName IF NOT EXISTS FOR (l:Lexicon) REQUIRE l.name IS UNIQUE'[0m
[32m[2025-10-30 23:30:30] [INFO    ] [neo4j.notifications] Received notification from DBMS server: {severity: INFORMATION} {code: Neo.ClientNotification.Schema.IndexOrConstraintAlreadyExists} {category: SCHEMA} {title: `CREATE CONSTRAINT EpisodeId IF NOT EXISTS FOR (e:Episode) REQUIRE (e.id) IS UNIQUE` has no effect.} {description: `CONSTRAINT EpisodeId FOR (e:Episode) REQUIRE (e.id) IS UNIQUE` already exists.} {position: None} for query: 'CREATE CONSTRAINT EpisodeId IF NOT EXISTS FOR (e:Episode) REQUIRE e.id IS UNIQUE'[0m
[32m[2025-10-30 23:30:30] [INFO    ] [neo4j.notifications] Received notification from DBMS server: {severity: INFORMATION} {code: Neo.ClientNotification.Schema.IndexOrConstraintAlreadyExists} {category: SCHEMA} {title: `CREATE CONSTRAINT InferenceEpisodeId IF NOT EXISTS FOR (e:InferenceEpisode) REQUIRE (e.id) IS UNIQUE` has no effect.} {description: `CONSTRAINT InferenceEpisodeId FOR (e:InferenceEpisode) REQUIRE (e.id) IS UNIQUE` already exists.} {position: None} for query: 'CREATE CONSTRAINT InferenceEpisodeId IF NOT EXISTS FOR (ie:InferenceEpisode) REQUIRE ie.id IS UNIQUE'[0m
[32m[2025-10-30 23:30:30] [INFO    ] [neo4j.notifications] Received notification from DBMS server: {severity: INFORMATION} {code: Neo.ClientNotification.Schema.IndexOrConstraintAlreadyExists} {category: SCHEMA} {title: `CREATE CONSTRAINT ProofStepId IF NOT EXISTS FOR (e:ProofStep) REQUIRE (e.id) IS UNIQUE` has no effect.} {description: `CONSTRAINT ProofStepId FOR (e:ProofStep) REQUIRE (e.id) IS UNIQUE` already exists.} {position: None} for query: 'CREATE CONSTRAINT ProofStepId IF NOT EXISTS FOR (ps:ProofStep) REQUIRE ps.id IS UNIQUE'[0m
[32m[2025-10-30 23:30:30] [INFO    ] [neo4j.notifications] Received notification from DBMS server: {severity: INFORMATION} {code: Neo.ClientNotification.Schema.IndexOrConstraintAlreadyExists} {category: SCHEMA} {title: `CREATE CONSTRAINT HypothesisId IF NOT EXISTS FOR (e:Hypothesis) REQUIRE (e.id) IS UNIQUE` has no effect.} {description: `CONSTRAINT HypothesisId FOR (e:Hypothesis) REQUIRE (e.id) IS UNIQUE` already exists.} {position: None} for query: 'CREATE CONSTRAINT HypothesisId IF NOT EXISTS FOR (h:Hypothesis) REQUIRE h.id IS UNIQUE'[0m
[32m[2025-10-30 23:30:30] [INFO    ] [component_1_netzwerk_core] Neo4j Constraints erfolgreich konfiguriert[0m
[32m[2025-10-30 23:30:30] [INFO    ] [neo4j.notifications] Received notification from DBMS server: {severity: INFORMATION} {code: Neo.ClientNotification.Schema.IndexOrConstraintAlreadyExists} {category: SCHEMA} {title: `CREATE CONSTRAINT UsageContextId IF NOT EXISTS FOR (e:UsageContext) REQUIRE (e.id) IS UNIQUE` has no effect.} {description: `CONSTRAINT UsageContextId FOR (e:UsageContext) REQUIRE (e.id) IS UNIQUE` already exists.} {position: None} for query: '\n                CREATE CONSTRAINT UsageContextId IF NOT EXISTS\n                FOR (uc:UsageContext) REQUIRE uc.id IS UNIQUE\n                '[0m
[32m[2025-10-30 23:30:30] [INFO    ] [neo4j.notifications] Received notification from DBMS server: {severity: INFORMATION} {code: Neo.ClientNotification.Schema.IndexOrConstraintAlreadyExists} {category: SCHEMA} {title: `CREATE CONSTRAINT TypoFeedbackId IF NOT EXISTS FOR (e:TypoFeedback) REQUIRE (e.id) IS UNIQUE` has no effect.} {description: `CONSTRAINT TypoFeedbackId FOR (e:TypoFeedback) REQUIRE (e.id) IS UNIQUE` already exists.} {position: None} for query: '\n                CREATE CONSTRAINT TypoFeedbackId IF NOT EXISTS\n                FOR (tf:TypoFeedback) REQUIRE tf.id IS UNIQUE\n                '[0m
PASSED
tests/test_adaptive_pattern_recognition.py::TestBayesianPatternQuality::test_pattern_quality_success_updates [32m[2025-10-30 23:30:30] [INFO    ] [component_1_netzwerk_core] Initialisiere Neo4j-Verbindung | uri=bolt://127.0.0.1:7687 | user=neo4j[0m
[32m[2025-10-30 23:30:30] [INFO    ] [component_1_netzwerk_core] Neo4j-Verbindung erfolgreich hergestellt | uri=bolt://127.0.0.1:7687[0m
[32m[2025-10-30 23:30:30] [INFO    ] [neo4j.notifications] Received notification from DBMS server: {severity: INFORMATION} {code: Neo.ClientNotification.Schema.IndexOrConstraintAlreadyExists} {category: SCHEMA} {title: `CREATE CONSTRAINT WortLemma IF NOT EXISTS FOR (e:Wort) REQUIRE (e.lemma) IS UNIQUE` has no effect.} {description: `CONSTRAINT WortLemma FOR (e:Wort) REQUIRE (e.lemma) IS UNIQUE` already exists.} {position: None} for query: 'CREATE CONSTRAINT WortLemma IF NOT EXISTS FOR (w:Wort) REQUIRE w.lemma IS UNIQUE'[0m
[32m[2025-10-30 23:30:30] [INFO    ] [neo4j.notifications] Received notification from DBMS server: {severity: INFORMATION} {code: Neo.ClientNotification.Schema.IndexOrConstraintAlreadyExists} {category: SCHEMA} {title: `CREATE CONSTRAINT KonzeptName IF NOT EXISTS FOR (e:Konzept) REQUIRE (e.name) IS UNIQUE` has no effect.} {description: `CONSTRAINT KonzeptName FOR (e:Konzept) REQUIRE (e.name) IS UNIQUE` already exists.} {position: None} for query: 'CREATE CONSTRAINT KonzeptName IF NOT EXISTS FOR (k:Konzept) REQUIRE k.name IS UNIQUE'[0m
[32m[2025-10-30 23:30:30] [INFO    ] [neo4j.notifications] Received notification from DBMS server: {severity: INFORMATION} {code: Neo.ClientNotification.Schema.IndexOrConstraintAlreadyExists} {category: SCHEMA} {title: `CREATE CONSTRAINT ExtractionRuleType IF NOT EXISTS FOR (e:ExtractionRule) REQUIRE (e.relation_type) IS UNIQUE` has no effect.} {description: `CONSTRAINT ExtractionRuleType FOR (e:ExtractionRule) REQUIRE (e.relation_type) IS UNIQUE` already exists.} {position: None} for query: 'CREATE CONSTRAINT ExtractionRuleType IF NOT EXISTS FOR (r:ExtractionRule) REQUIRE r.relation_type IS UNIQUE'[0m
[32m[2025-10-30 23:30:30] [INFO    ] [neo4j.notifications] Received notification from DBMS server: {severity: INFORMATION} {code: Neo.ClientNotification.Schema.IndexOrConstraintAlreadyExists} {category: SCHEMA} {title: `CREATE CONSTRAINT PatternPrototypeId IF NOT EXISTS FOR (e:PatternPrototype) REQUIRE (e.id) IS UNIQUE` has no effect.} {description: `CONSTRAINT PatternPrototypeId FOR (e:PatternPrototype) REQUIRE (e.id) IS UNIQUE` already exists.} {position: None} for query: 'CREATE CONSTRAINT PatternPrototypeId IF NOT EXISTS FOR (p:PatternPrototype) REQUIRE p.id IS UNIQUE'[0m
[32m[2025-10-30 23:30:30] [INFO    ] [neo4j.notifications] Received notification from DBMS server: {severity: INFORMATION} {code: Neo.ClientNotification.Schema.IndexOrConstraintAlreadyExists} {category: SCHEMA} {title: `CREATE CONSTRAINT LexiconName IF NOT EXISTS FOR (e:Lexicon) REQUIRE (e.name) IS UNIQUE` has no effect.} {description: `CONSTRAINT LexiconName FOR (e:Lexicon) REQUIRE (e.name) IS UNIQUE` already exists.} {position: None} for query: 'CREATE CONSTRAINT LexiconName IF NOT EXISTS FOR (l:Lexicon) REQUIRE l.name IS UNIQUE'[0m
[32m[2025-10-30 23:30:30] [INFO    ] [neo4j.notifications] Received notification from DBMS server: {severity: INFORMATION} {code: Neo.ClientNotification.Schema.IndexOrConstraintAlreadyExists} {category: SCHEMA} {title: `CREATE CONSTRAINT EpisodeId IF NOT EXISTS FOR (e:Episode) REQUIRE (e.id) IS UNIQUE` has no effect.} {description: `CONSTRAINT EpisodeId FOR (e:Episode) REQUIRE (e.id) IS UNIQUE` already exists.} {position: None} for query: 'CREATE CONSTRAINT EpisodeId IF NOT EXISTS FOR (e:Episode) REQUIRE e.id IS UNIQUE'[0m
[32m[2025-10-30 23:30:30] [INFO    ] [neo4j.notifications] Received notification from DBMS server: {severity: INFORMATION} {code: Neo.ClientNotification.Schema.IndexOrConstraintAlreadyExists} {category: SCHEMA} {title: `CREATE CONSTRAINT InferenceEpisodeId IF NOT EXISTS FOR (e:InferenceEpisode) REQUIRE (e.id) IS UNIQUE` has no effect.} {description: `CONSTRAINT InferenceEpisodeId FOR (e:InferenceEpisode) REQUIRE (e.id) IS UNIQUE` already exists.} {position: None} for query: 'CREATE CONSTRAINT InferenceEpisodeId IF NOT EXISTS FOR (ie:InferenceEpisode) REQUIRE ie.id IS UNIQUE'[0m
[32m[2025-10-30 23:30:30] [INFO    ] [neo4j.notifications] Received notification from DBMS server: {severity: INFORMATION} {code: Neo.ClientNotification.Schema.IndexOrConstraintAlreadyExists} {category: SCHEMA} {title: `CREATE CONSTRAINT ProofStepId IF NOT EXISTS FOR (e:ProofStep) REQUIRE (e.id) IS UNIQUE` has no effect.} {description: `CONSTRAINT ProofStepId FOR (e:ProofStep) REQUIRE (e.id) IS UNIQUE` already exists.} {position: None} for query: 'CREATE CONSTRAINT ProofStepId IF NOT EXISTS FOR (ps:ProofStep) REQUIRE ps.id IS UNIQUE'[0m
[32m[2025-10-30 23:30:30] [INFO    ] [neo4j.notifications] Received notification from DBMS server: {severity: INFORMATION} {code: Neo.ClientNotification.Schema.IndexOrConstraintAlreadyExists} {category: SCHEMA} {title: `CREATE CONSTRAINT HypothesisId IF NOT EXISTS FOR (e:Hypothesis) REQUIRE (e.id) IS UNIQUE` has no effect.} {description: `CONSTRAINT HypothesisId FOR (e:Hypothesis) REQUIRE (e.id) IS UNIQUE` already exists.} {position: None} for query: 'CREATE CONSTRAINT HypothesisId IF NOT EXISTS FOR (h:Hypothesis) REQUIRE h.id IS UNIQUE'[0m
[32m[2025-10-30 23:30:30] [INFO    ] [component_1_netzwerk_core] Neo4j Constraints erfolgreich konfiguriert[0m
[32m[2025-10-30 23:30:30] [INFO    ] [neo4j.notifications] Received notification from DBMS server: {severity: INFORMATION} {code: Neo.ClientNotification.Schema.IndexOrConstraintAlreadyExists} {category: SCHEMA} {title: `CREATE CONSTRAINT UsageContextId IF NOT EXISTS FOR (e:UsageContext) REQUIRE (e.id) IS UNIQUE` has no effect.} {description: `CONSTRAINT UsageContextId FOR (e:UsageContext) REQUIRE (e.id) IS UNIQUE` already exists.} {position: None} for query: '\n                CREATE CONSTRAINT UsageContextId IF NOT EXISTS\n                FOR (uc:UsageContext) REQUIRE uc.id IS UNIQUE\n                '[0m
[32m[2025-10-30 23:30:30] [INFO    ] [neo4j.notifications] Received notification from DBMS server: {severity: INFORMATION} {code: Neo.ClientNotification.Schema.IndexOrConstraintAlreadyExists} {category: SCHEMA} {title: `CREATE CONSTRAINT TypoFeedbackId IF NOT EXISTS FOR (e:TypoFeedback) REQUIRE (e.id) IS UNIQUE` has no effect.} {description: `CONSTRAINT TypoFeedbackId FOR (e:TypoFeedback) REQUIRE (e.id) IS UNIQUE` already exists.} {position: None} for query: '\n                CREATE CONSTRAINT TypoFeedbackId IF NOT EXISTS\n                FOR (tf:TypoFeedback) REQUIRE tf.id IS UNIQUE\n                '[0m
PASSED
tests/test_adaptive_pattern_recognition.py::TestBayesianPatternQuality::test_pattern_quality_failure_updates [32m[2025-10-30 23:30:30] [INFO    ] [component_1_netzwerk_core] Initialisiere Neo4j-Verbindung | uri=bolt://127.0.0.1:7687 | user=neo4j[0m
[32m[2025-10-30 23:30:30] [INFO    ] [component_1_netzwerk_core] Neo4j-Verbindung erfolgreich hergestellt | uri=bolt://127.0.0.1:7687[0m
[32m[2025-10-30 23:30:30] [INFO    ] [neo4j.notifications] Received notification from DBMS server: {severity: INFORMATION} {code: Neo.ClientNotification.Schema.IndexOrConstraintAlreadyExists} {category: SCHEMA} {title: `CREATE CONSTRAINT WortLemma IF NOT EXISTS FOR (e:Wort) REQUIRE (e.lemma) IS UNIQUE` has no effect.} {description: `CONSTRAINT WortLemma FOR (e:Wort) REQUIRE (e.lemma) IS UNIQUE` already exists.} {position: None} for query: 'CREATE CONSTRAINT WortLemma IF NOT EXISTS FOR (w:Wort) REQUIRE w.lemma IS UNIQUE'[0m
[32m[2025-10-30 23:30:30] [INFO    ] [neo4j.notifications] Received notification from DBMS server: {severity: INFORMATION} {code: Neo.ClientNotification.Schema.IndexOrConstraintAlreadyExists} {category: SCHEMA} {title: `CREATE CONSTRAINT KonzeptName IF NOT EXISTS FOR (e:Konzept) REQUIRE (e.name) IS UNIQUE` has no effect.} {description: `CONSTRAINT KonzeptName FOR (e:Konzept) REQUIRE (e.name) IS UNIQUE` already exists.} {position: None} for query: 'CREATE CONSTRAINT KonzeptName IF NOT EXISTS FOR (k:Konzept) REQUIRE k.name IS UNIQUE'[0m
[32m[2025-10-30 23:30:30] [INFO    ] [neo4j.notifications] Received notification from DBMS server: {severity: INFORMATION} {code: Neo.ClientNotification.Schema.IndexOrConstraintAlreadyExists} {category: SCHEMA} {title: `CREATE CONSTRAINT ExtractionRuleType IF NOT EXISTS FOR (e:ExtractionRule) REQUIRE (e.relation_type) IS UNIQUE` has no effect.} {description: `CONSTRAINT ExtractionRuleType FOR (e:ExtractionRule) REQUIRE (e.relation_type) IS UNIQUE` already exists.} {position: None} for query: 'CREATE CONSTRAINT ExtractionRuleType IF NOT EXISTS FOR (r:ExtractionRule) REQUIRE r.relation_type IS UNIQUE'[0m
[32m[2025-10-30 23:30:30] [INFO    ] [neo4j.notifications] Received notification from DBMS server: {severity: INFORMATION} {code: Neo.ClientNotification.Schema.IndexOrConstraintAlreadyExists} {category: SCHEMA} {title: `CREATE CONSTRAINT PatternPrototypeId IF NOT EXISTS FOR (e:PatternPrototype) REQUIRE (e.id) IS UNIQUE` has no effect.} {description: `CONSTRAINT PatternPrototypeId FOR (e:PatternPrototype) REQUIRE (e.id) IS UNIQUE` already exists.} {position: None} for query: 'CREATE CONSTRAINT PatternPrototypeId IF NOT EXISTS FOR (p:PatternPrototype) REQUIRE p.id IS UNIQUE'[0m
[32m[2025-10-30 23:30:30] [INFO    ] [neo4j.notifications] Received notification from DBMS server: {severity: INFORMATION} {code: Neo.ClientNotification.Schema.IndexOrConstraintAlreadyExists} {category: SCHEMA} {title: `CREATE CONSTRAINT LexiconName IF NOT EXISTS FOR (e:Lexicon) REQUIRE (e.name) IS UNIQUE` has no effect.} {description: `CONSTRAINT LexiconName FOR (e:Lexicon) REQUIRE (e.name) IS UNIQUE` already exists.} {position: None} for query: 'CREATE CONSTRAINT LexiconName IF NOT EXISTS FOR (l:Lexicon) REQUIRE l.name IS UNIQUE'[0m
[32m[2025-10-30 23:30:30] [INFO    ] [neo4j.notifications] Received notification from DBMS server: {severity: INFORMATION} {code: Neo.ClientNotification.Schema.IndexOrConstraintAlreadyExists} {category: SCHEMA} {title: `CREATE CONSTRAINT EpisodeId IF NOT EXISTS FOR (e:Episode) REQUIRE (e.id) IS UNIQUE` has no effect.} {description: `CONSTRAINT EpisodeId FOR (e:Episode) REQUIRE (e.id) IS UNIQUE` already exists.} {position: None} for query: 'CREATE CONSTRAINT EpisodeId IF NOT EXISTS FOR (e:Episode) REQUIRE e.id IS UNIQUE'[0m
[32m[2025-10-30 23:30:30] [INFO    ] [neo4j.notifications] Received notification from DBMS server: {severity: INFORMATION} {code: Neo.ClientNotification.Schema.IndexOrConstraintAlreadyExists} {category: SCHEMA} {title: `CREATE CONSTRAINT InferenceEpisodeId IF NOT EXISTS FOR (e:InferenceEpisode) REQUIRE (e.id) IS UNIQUE` has no effect.} {description: `CONSTRAINT InferenceEpisodeId FOR (e:InferenceEpisode) REQUIRE (e.id) IS UNIQUE` already exists.} {position: None} for query: 'CREATE CONSTRAINT InferenceEpisodeId IF NOT EXISTS FOR (ie:InferenceEpisode) REQUIRE ie.id IS UNIQUE'[0m
[32m[2025-10-30 23:30:30] [INFO    ] [neo4j.notifications] Received notification from DBMS server: {severity: INFORMATION} {code: Neo.ClientNotification.Schema.IndexOrConstraintAlreadyExists} {category: SCHEMA} {title: `CREATE CONSTRAINT ProofStepId IF NOT EXISTS FOR (e:ProofStep) REQUIRE (e.id) IS UNIQUE` has no effect.} {description: `CONSTRAINT ProofStepId FOR (e:ProofStep) REQUIRE (e.id) IS UNIQUE` already exists.} {position: None} for query: 'CREATE CONSTRAINT ProofStepId IF NOT EXISTS FOR (ps:ProofStep) REQUIRE ps.id IS UNIQUE'[0m
[32m[2025-10-30 23:30:30] [INFO    ] [neo4j.notifications] Received notification from DBMS server: {severity: INFORMATION} {code: Neo.ClientNotification.Schema.IndexOrConstraintAlreadyExists} {category: SCHEMA} {title: `CREATE CONSTRAINT HypothesisId IF NOT EXISTS FOR (e:Hypothesis) REQUIRE (e.id) IS UNIQUE` has no effect.} {description: `CONSTRAINT HypothesisId FOR (e:Hypothesis) REQUIRE (e.id) IS UNIQUE` already exists.} {position: None} for query: 'CREATE CONSTRAINT HypothesisId IF NOT EXISTS FOR (h:Hypothesis) REQUIRE h.id IS UNIQUE'[0m
[32m[2025-10-30 23:30:30] [INFO    ] [component_1_netzwerk_core] Neo4j Constraints erfolgreich konfiguriert[0m
[32m[2025-10-30 23:30:30] [INFO    ] [neo4j.notifications] Received notification from DBMS server: {severity: INFORMATION} {code: Neo.ClientNotification.Schema.IndexOrConstraintAlreadyExists} {category: SCHEMA} {title: `CREATE CONSTRAINT UsageContextId IF NOT EXISTS FOR (e:UsageContext) REQUIRE (e.id) IS UNIQUE` has no effect.} {description: `CONSTRAINT UsageContextId FOR (e:UsageContext) REQUIRE (e.id) IS UNIQUE` already exists.} {position: None} for query: '\n                CREATE CONSTRAINT UsageContextId IF NOT EXISTS\n                FOR (uc:UsageContext) REQUIRE uc.id IS UNIQUE\n                '[0m
[32m[2025-10-30 23:30:30] [INFO    ] [neo4j.notifications] Received notification from DBMS server: {severity: INFORMATION} {code: Neo.ClientNotification.Schema.IndexOrConstraintAlreadyExists} {category: SCHEMA} {title: `CREATE CONSTRAINT TypoFeedbackId IF NOT EXISTS FOR (e:TypoFeedback) REQUIRE (e.id) IS UNIQUE` has no effect.} {description: `CONSTRAINT TypoFeedbackId FOR (e:TypoFeedback) REQUIRE (e.id) IS UNIQUE` already exists.} {position: None} for query: '\n                CREATE CONSTRAINT TypoFeedbackId IF NOT EXISTS\n                FOR (tf:TypoFeedback) REQUIRE tf.id IS UNIQUE\n                '[0m
PASSED
tests/test_adaptive_pattern_recognition.py::TestBayesianPatternQuality::test_pattern_quality_mixed_updates [32m[2025-10-30 23:30:30] [INFO    ] [component_1_netzwerk_core] Initialisiere Neo4j-Verbindung | uri=bolt://127.0.0.1:7687 | user=neo4j[0m
[32m[2025-10-30 23:30:30] [INFO    ] [component_1_netzwerk_core] Neo4j-Verbindung erfolgreich hergestellt | uri=bolt://127.0.0.1:7687[0m
[32m[2025-10-30 23:30:30] [INFO    ] [neo4j.notifications] Received notification from DBMS server: {severity: INFORMATION} {code: Neo.ClientNotification.Schema.IndexOrConstraintAlreadyExists} {category: SCHEMA} {title: `CREATE CONSTRAINT WortLemma IF NOT EXISTS FOR (e:Wort) REQUIRE (e.lemma) IS UNIQUE` has no effect.} {description: `CONSTRAINT WortLemma FOR (e:Wort) REQUIRE (e.lemma) IS UNIQUE` already exists.} {position: None} for query: 'CREATE CONSTRAINT WortLemma IF NOT EXISTS FOR (w:Wort) REQUIRE w.lemma IS UNIQUE'[0m
[32m[2025-10-30 23:30:30] [INFO    ] [neo4j.notifications] Received notification from DBMS server: {severity: INFORMATION} {code: Neo.ClientNotification.Schema.IndexOrConstraintAlreadyExists} {category: SCHEMA} {title: `CREATE CONSTRAINT KonzeptName IF NOT EXISTS FOR (e:Konzept) REQUIRE (e.name) IS UNIQUE` has no effect.} {description: `CONSTRAINT KonzeptName FOR (e:Konzept) REQUIRE (e.name) IS UNIQUE` already exists.} {position: None} for query: 'CREATE CONSTRAINT KonzeptName IF NOT EXISTS FOR (k:Konzept) REQUIRE k.name IS UNIQUE'[0m
[32m[2025-10-30 23:30:30] [INFO    ] [neo4j.notifications] Received notification from DBMS server: {severity: INFORMATION} {code: Neo.ClientNotification.Schema.IndexOrConstraintAlreadyExists} {category: SCHEMA} {title: `CREATE CONSTRAINT ExtractionRuleType IF NOT EXISTS FOR (e:ExtractionRule) REQUIRE (e.relation_type) IS UNIQUE` has no effect.} {description: `CONSTRAINT ExtractionRuleType FOR (e:ExtractionRule) REQUIRE (e.relation_type) IS UNIQUE` already exists.} {position: None} for query: 'CREATE CONSTRAINT ExtractionRuleType IF NOT EXISTS FOR (r:ExtractionRule) REQUIRE r.relation_type IS UNIQUE'[0m
[32m[2025-10-30 23:30:30] [INFO    ] [neo4j.notifications] Received notification from DBMS server: {severity: INFORMATION} {code: Neo.ClientNotification.Schema.IndexOrConstraintAlreadyExists} {category: SCHEMA} {title: `CREATE CONSTRAINT PatternPrototypeId IF NOT EXISTS FOR (e:PatternPrototype) REQUIRE (e.id) IS UNIQUE` has no effect.} {description: `CONSTRAINT PatternPrototypeId FOR (e:PatternPrototype) REQUIRE (e.id) IS UNIQUE` already exists.} {position: None} for query: 'CREATE CONSTRAINT PatternPrototypeId IF NOT EXISTS FOR (p:PatternPrototype) REQUIRE p.id IS UNIQUE'[0m
[32m[2025-10-30 23:30:30] [INFO    ] [neo4j.notifications] Received notification from DBMS server: {severity: INFORMATION} {code: Neo.ClientNotification.Schema.IndexOrConstraintAlreadyExists} {category: SCHEMA} {title: `CREATE CONSTRAINT LexiconName IF NOT EXISTS FOR (e:Lexicon) REQUIRE (e.name) IS UNIQUE` has no effect.} {description: `CONSTRAINT LexiconName FOR (e:Lexicon) REQUIRE (e.name) IS UNIQUE` already exists.} {position: None} for query: 'CREATE CONSTRAINT LexiconName IF NOT EXISTS FOR (l:Lexicon) REQUIRE l.name IS UNIQUE'[0m
[32m[2025-10-30 23:30:30] [INFO    ] [neo4j.notifications] Received notification from DBMS server: {severity: INFORMATION} {code: Neo.ClientNotification.Schema.IndexOrConstraintAlreadyExists} {category: SCHEMA} {title: `CREATE CONSTRAINT EpisodeId IF NOT EXISTS FOR (e:Episode) REQUIRE (e.id) IS UNIQUE` has no effect.} {description: `CONSTRAINT EpisodeId FOR (e:Episode) REQUIRE (e.id) IS UNIQUE` already exists.} {position: None} for query: 'CREATE CONSTRAINT EpisodeId IF NOT EXISTS FOR (e:Episode) REQUIRE e.id IS UNIQUE'[0m
[32m[2025-10-30 23:30:30] [INFO    ] [neo4j.notifications] Received notification from DBMS server: {severity: INFORMATION} {code: Neo.ClientNotification.Schema.IndexOrConstraintAlreadyExists} {category: SCHEMA} {title: `CREATE CONSTRAINT InferenceEpisodeId IF NOT EXISTS FOR (e:InferenceEpisode) REQUIRE (e.id) IS UNIQUE` has no effect.} {description: `CONSTRAINT InferenceEpisodeId FOR (e:InferenceEpisode) REQUIRE (e.id) IS UNIQUE` already exists.} {position: None} for query: 'CREATE CONSTRAINT InferenceEpisodeId IF NOT EXISTS FOR (ie:InferenceEpisode) REQUIRE ie.id IS UNIQUE'[0m
[32m[2025-10-30 23:30:30] [INFO    ] [neo4j.notifications] Received notification from DBMS server: {severity: INFORMATION} {code: Neo.ClientNotification.Schema.IndexOrConstraintAlreadyExists} {category: SCHEMA} {title: `CREATE CONSTRAINT ProofStepId IF NOT EXISTS FOR (e:ProofStep) REQUIRE (e.id) IS UNIQUE` has no effect.} {description: `CONSTRAINT ProofStepId FOR (e:ProofStep) REQUIRE (e.id) IS UNIQUE` already exists.} {position: None} for query: 'CREATE CONSTRAINT ProofStepId IF NOT EXISTS FOR (ps:ProofStep) REQUIRE ps.id IS UNIQUE'[0m
[32m[2025-10-30 23:30:30] [INFO    ] [neo4j.notifications] Received notification from DBMS server: {severity: INFORMATION} {code: Neo.ClientNotification.Schema.IndexOrConstraintAlreadyExists} {category: SCHEMA} {title: `CREATE CONSTRAINT HypothesisId IF NOT EXISTS FOR (e:Hypothesis) REQUIRE (e.id) IS UNIQUE` has no effect.} {description: `CONSTRAINT HypothesisId FOR (e:Hypothesis) REQUIRE (e.id) IS UNIQUE` already exists.} {position: None} for query: 'CREATE CONSTRAINT HypothesisId IF NOT EXISTS FOR (h:Hypothesis) REQUIRE h.id IS UNIQUE'[0m
[32m[2025-10-30 23:30:30] [INFO    ] [component_1_netzwerk_core] Neo4j Constraints erfolgreich konfiguriert[0m
[32m[2025-10-30 23:30:30] [INFO    ] [neo4j.notifications] Received notification from DBMS server: {severity: INFORMATION} {code: Neo.ClientNotification.Schema.IndexOrConstraintAlreadyExists} {category: SCHEMA} {title: `CREATE CONSTRAINT UsageContextId IF NOT EXISTS FOR (e:UsageContext) REQUIRE (e.id) IS UNIQUE` has no effect.} {description: `CONSTRAINT UsageContextId FOR (e:UsageContext) REQUIRE (e.id) IS UNIQUE` already exists.} {position: None} for query: '\n                CREATE CONSTRAINT UsageContextId IF NOT EXISTS\n                FOR (uc:UsageContext) REQUIRE uc.id IS UNIQUE\n                '[0m
[32m[2025-10-30 23:30:30] [INFO    ] [neo4j.notifications] Received notification from DBMS server: {severity: INFORMATION} {code: Neo.ClientNotification.Schema.IndexOrConstraintAlreadyExists} {category: SCHEMA} {title: `CREATE CONSTRAINT TypoFeedbackId IF NOT EXISTS FOR (e:TypoFeedback) REQUIRE (e.id) IS UNIQUE` has no effect.} {description: `CONSTRAINT TypoFeedbackId FOR (e:TypoFeedback) REQUIRE (e.id) IS UNIQUE` already exists.} {position: None} for query: '\n                CREATE CONSTRAINT TypoFeedbackId IF NOT EXISTS\n                FOR (tf:TypoFeedback) REQUIRE tf.id IS UNIQUE\n                '[0m
PASSED
tests/test_adaptive_pattern_recognition.py::TestFalsePositiveReduction::test_negative_examples_stored [32m[2025-10-30 23:30:30] [INFO    ] [component_1_netzwerk_core] Initialisiere Neo4j-Verbindung | uri=bolt://127.0.0.1:7687 | user=neo4j[0m
[32m[2025-10-30 23:30:30] [INFO    ] [component_1_netzwerk_core] Neo4j-Verbindung erfolgreich hergestellt | uri=bolt://127.0.0.1:7687[0m
[32m[2025-10-30 23:30:30] [INFO    ] [neo4j.notifications] Received notification from DBMS server: {severity: INFORMATION} {code: Neo.ClientNotification.Schema.IndexOrConstraintAlreadyExists} {category: SCHEMA} {title: `CREATE CONSTRAINT WortLemma IF NOT EXISTS FOR (e:Wort) REQUIRE (e.lemma) IS UNIQUE` has no effect.} {description: `CONSTRAINT WortLemma FOR (e:Wort) REQUIRE (e.lemma) IS UNIQUE` already exists.} {position: None} for query: 'CREATE CONSTRAINT WortLemma IF NOT EXISTS FOR (w:Wort) REQUIRE w.lemma IS UNIQUE'[0m
[32m[2025-10-30 23:30:30] [INFO    ] [neo4j.notifications] Received notification from DBMS server: {severity: INFORMATION} {code: Neo.ClientNotification.Schema.IndexOrConstraintAlreadyExists} {category: SCHEMA} {title: `CREATE CONSTRAINT KonzeptName IF NOT EXISTS FOR (e:Konzept) REQUIRE (e.name) IS UNIQUE` has no effect.} {description: `CONSTRAINT KonzeptName FOR (e:Konzept) REQUIRE (e.name) IS UNIQUE` already exists.} {position: None} for query: 'CREATE CONSTRAINT KonzeptName IF NOT EXISTS FOR (k:Konzept) REQUIRE k.name IS UNIQUE'[0m
[32m[2025-10-30 23:30:30] [INFO    ] [neo4j.notifications] Received notification from DBMS server: {severity: INFORMATION} {code: Neo.ClientNotification.Schema.IndexOrConstraintAlreadyExists} {category: SCHEMA} {title: `CREATE CONSTRAINT ExtractionRuleType IF NOT EXISTS FOR (e:ExtractionRule) REQUIRE (e.relation_type) IS UNIQUE` has no effect.} {description: `CONSTRAINT ExtractionRuleType FOR (e:ExtractionRule) REQUIRE (e.relation_type) IS UNIQUE` already exists.} {position: None} for query: 'CREATE CONSTRAINT ExtractionRuleType IF NOT EXISTS FOR (r:ExtractionRule) REQUIRE r.relation_type IS UNIQUE'[0m
[32m[2025-10-30 23:30:30] [INFO    ] [neo4j.notifications] Received notification from DBMS server: {severity: INFORMATION} {code: Neo.ClientNotification.Schema.IndexOrConstraintAlreadyExists} {category: SCHEMA} {title: `CREATE CONSTRAINT PatternPrototypeId IF NOT EXISTS FOR (e:PatternPrototype) REQUIRE (e.id) IS UNIQUE` has no effect.} {description: `CONSTRAINT PatternPrototypeId FOR (e:PatternPrototype) REQUIRE (e.id) IS UNIQUE` already exists.} {position: None} for query: 'CREATE CONSTRAINT PatternPrototypeId IF NOT EXISTS FOR (p:PatternPrototype) REQUIRE p.id IS UNIQUE'[0m
[32m[2025-10-30 23:30:30] [INFO    ] [neo4j.notifications] Received notification from DBMS server: {severity: INFORMATION} {code: Neo.ClientNotification.Schema.IndexOrConstraintAlreadyExists} {category: SCHEMA} {title: `CREATE CONSTRAINT LexiconName IF NOT EXISTS FOR (e:Lexicon) REQUIRE (e.name) IS UNIQUE` has no effect.} {description: `CONSTRAINT LexiconName FOR (e:Lexicon) REQUIRE (e.name) IS UNIQUE` already exists.} {position: None} for query: 'CREATE CONSTRAINT LexiconName IF NOT EXISTS FOR (l:Lexicon) REQUIRE l.name IS UNIQUE'[0m
[32m[2025-10-30 23:30:30] [INFO    ] [neo4j.notifications] Received notification from DBMS server: {severity: INFORMATION} {code: Neo.ClientNotification.Schema.IndexOrConstraintAlreadyExists} {category: SCHEMA} {title: `CREATE CONSTRAINT EpisodeId IF NOT EXISTS FOR (e:Episode) REQUIRE (e.id) IS UNIQUE` has no effect.} {description: `CONSTRAINT EpisodeId FOR (e:Episode) REQUIRE (e.id) IS UNIQUE` already exists.} {position: None} for query: 'CREATE CONSTRAINT EpisodeId IF NOT EXISTS FOR (e:Episode) REQUIRE e.id IS UNIQUE'[0m
[32m[2025-10-30 23:30:30] [INFO    ] [neo4j.notifications] Received notification from DBMS server: {severity: INFORMATION} {code: Neo.ClientNotification.Schema.IndexOrConstraintAlreadyExists} {category: SCHEMA} {title: `CREATE CONSTRAINT InferenceEpisodeId IF NOT EXISTS FOR (e:InferenceEpisode) REQUIRE (e.id) IS UNIQUE` has no effect.} {description: `CONSTRAINT InferenceEpisodeId FOR (e:InferenceEpisode) REQUIRE (e.id) IS UNIQUE` already exists.} {position: None} for query: 'CREATE CONSTRAINT InferenceEpisodeId IF NOT EXISTS FOR (ie:InferenceEpisode) REQUIRE ie.id IS UNIQUE'[0m
[32m[2025-10-30 23:30:30] [INFO    ] [neo4j.notifications] Received notification from DBMS server: {severity: INFORMATION} {code: Neo.ClientNotification.Schema.IndexOrConstraintAlreadyExists} {category: SCHEMA} {title: `CREATE CONSTRAINT ProofStepId IF NOT EXISTS FOR (e:ProofStep) REQUIRE (e.id) IS UNIQUE` has no effect.} {description: `CONSTRAINT ProofStepId FOR (e:ProofStep) REQUIRE (e.id) IS UNIQUE` already exists.} {position: None} for query: 'CREATE CONSTRAINT ProofStepId IF NOT EXISTS FOR (ps:ProofStep) REQUIRE ps.id IS UNIQUE'[0m
[32m[2025-10-30 23:30:30] [INFO    ] [neo4j.notifications] Received notification from DBMS server: {severity: INFORMATION} {code: Neo.ClientNotification.Schema.IndexOrConstraintAlreadyExists} {category: SCHEMA} {title: `CREATE CONSTRAINT HypothesisId IF NOT EXISTS FOR (e:Hypothesis) REQUIRE (e.id) IS UNIQUE` has no effect.} {description: `CONSTRAINT HypothesisId FOR (e:Hypothesis) REQUIRE (e.id) IS UNIQUE` already exists.} {position: None} for query: 'CREATE CONSTRAINT HypothesisId IF NOT EXISTS FOR (h:Hypothesis) REQUIRE h.id IS UNIQUE'[0m
[32m[2025-10-30 23:30:30] [INFO    ] [component_1_netzwerk_core] Neo4j Constraints erfolgreich konfiguriert[0m
[32m[2025-10-30 23:30:30] [INFO    ] [neo4j.notifications] Received notification from DBMS server: {severity: INFORMATION} {code: Neo.ClientNotification.Schema.IndexOrConstraintAlreadyExists} {category: SCHEMA} {title: `CREATE CONSTRAINT UsageContextId IF NOT EXISTS FOR (e:UsageContext) REQUIRE (e.id) IS UNIQUE` has no effect.} {description: `CONSTRAINT UsageContextId FOR (e:UsageContext) REQUIRE (e.id) IS UNIQUE` already exists.} {position: None} for query: '\n                CREATE CONSTRAINT UsageContextId IF NOT EXISTS\n                FOR (uc:UsageContext) REQUIRE uc.id IS UNIQUE\n                '[0m
[32m[2025-10-30 23:30:30] [INFO    ] [neo4j.notifications] Received notification from DBMS server: {severity: INFORMATION} {code: Neo.ClientNotification.Schema.IndexOrConstraintAlreadyExists} {category: SCHEMA} {title: `CREATE CONSTRAINT TypoFeedbackId IF NOT EXISTS FOR (e:TypoFeedback) REQUIRE (e.id) IS UNIQUE` has no effect.} {description: `CONSTRAINT TypoFeedbackId FOR (e:TypoFeedback) REQUIRE (e.id) IS UNIQUE` already exists.} {position: None} for query: '\n                CREATE CONSTRAINT TypoFeedbackId IF NOT EXISTS\n                FOR (tf:TypoFeedback) REQUIRE tf.id IS UNIQUE\n                '[0m
[32m[2025-10-30 23:30:30] [INFO    ] [component_1_netzwerk_feedback] Typo-Feedback gespeichert | feedback_id=b1891bbc-9735-4efa-814a-7d433298f48a | original=testinput | suggested=wrongword | actual=rightword | accepted=False[0m
PASSED
tests/test_adaptive_pattern_recognition.py::TestFalsePositiveReduction::test_typo_finder_avoids_high_rejection_candidates [32m[2025-10-30 23:30:30] [INFO    ] [component_1_netzwerk_core] Initialisiere Neo4j-Verbindung | uri=bolt://127.0.0.1:7687 | user=neo4j[0m
[32m[2025-10-30 23:30:30] [INFO    ] [component_1_netzwerk_core] Neo4j-Verbindung erfolgreich hergestellt | uri=bolt://127.0.0.1:7687[0m
[32m[2025-10-30 23:30:30] [INFO    ] [neo4j.notifications] Received notification from DBMS server: {severity: INFORMATION} {code: Neo.ClientNotification.Schema.IndexOrConstraintAlreadyExists} {category: SCHEMA} {title: `CREATE CONSTRAINT WortLemma IF NOT EXISTS FOR (e:Wort) REQUIRE (e.lemma) IS UNIQUE` has no effect.} {description: `CONSTRAINT WortLemma FOR (e:Wort) REQUIRE (e.lemma) IS UNIQUE` already exists.} {position: None} for query: 'CREATE CONSTRAINT WortLemma IF NOT EXISTS FOR (w:Wort) REQUIRE w.lemma IS UNIQUE'[0m
[32m[2025-10-30 23:30:30] [INFO    ] [neo4j.notifications] Received notification from DBMS server: {severity: INFORMATION} {code: Neo.ClientNotification.Schema.IndexOrConstraintAlreadyExists} {category: SCHEMA} {title: `CREATE CONSTRAINT KonzeptName IF NOT EXISTS FOR (e:Konzept) REQUIRE (e.name) IS UNIQUE` has no effect.} {description: `CONSTRAINT KonzeptName FOR (e:Konzept) REQUIRE (e.name) IS UNIQUE` already exists.} {position: None} for query: 'CREATE CONSTRAINT KonzeptName IF NOT EXISTS FOR (k:Konzept) REQUIRE k.name IS UNIQUE'[0m
[32m[2025-10-30 23:30:30] [INFO    ] [neo4j.notifications] Received notification from DBMS server: {severity: INFORMATION} {code: Neo.ClientNotification.Schema.IndexOrConstraintAlreadyExists} {category: SCHEMA} {title: `CREATE CONSTRAINT ExtractionRuleType IF NOT EXISTS FOR (e:ExtractionRule) REQUIRE (e.relation_type) IS UNIQUE` has no effect.} {description: `CONSTRAINT ExtractionRuleType FOR (e:ExtractionRule) REQUIRE (e.relation_type) IS UNIQUE` already exists.} {position: None} for query: 'CREATE CONSTRAINT ExtractionRuleType IF NOT EXISTS FOR (r:ExtractionRule) REQUIRE r.relation_type IS UNIQUE'[0m
[32m[2025-10-30 23:30:30] [INFO    ] [neo4j.notifications] Received notification from DBMS server: {severity: INFORMATION} {code: Neo.ClientNotification.Schema.IndexOrConstraintAlreadyExists} {category: SCHEMA} {title: `CREATE CONSTRAINT PatternPrototypeId IF NOT EXISTS FOR (e:PatternPrototype) REQUIRE (e.id) IS UNIQUE` has no effect.} {description: `CONSTRAINT PatternPrototypeId FOR (e:PatternPrototype) REQUIRE (e.id) IS UNIQUE` already exists.} {position: None} for query: 'CREATE CONSTRAINT PatternPrototypeId IF NOT EXISTS FOR (p:PatternPrototype) REQUIRE p.id IS UNIQUE'[0m
[32m[2025-10-30 23:30:30] [INFO    ] [neo4j.notifications] Received notification from DBMS server: {severity: INFORMATION} {code: Neo.ClientNotification.Schema.IndexOrConstraintAlreadyExists} {category: SCHEMA} {title: `CREATE CONSTRAINT LexiconName IF NOT EXISTS FOR (e:Lexicon) REQUIRE (e.name) IS UNIQUE` has no effect.} {description: `CONSTRAINT LexiconName FOR (e:Lexicon) REQUIRE (e.name) IS UNIQUE` already exists.} {position: None} for query: 'CREATE CONSTRAINT LexiconName IF NOT EXISTS FOR (l:Lexicon) REQUIRE l.name IS UNIQUE'[0m
[32m[2025-10-30 23:30:30] [INFO    ] [neo4j.notifications] Received notification from DBMS server: {severity: INFORMATION} {code: Neo.ClientNotification.Schema.IndexOrConstraintAlreadyExists} {category: SCHEMA} {title: `CREATE CONSTRAINT EpisodeId IF NOT EXISTS FOR (e:Episode) REQUIRE (e.id) IS UNIQUE` has no effect.} {description: `CONSTRAINT EpisodeId FOR (e:Episode) REQUIRE (e.id) IS UNIQUE` already exists.} {position: None} for query: 'CREATE CONSTRAINT EpisodeId IF NOT EXISTS FOR (e:Episode) REQUIRE e.id IS UNIQUE'[0m
[32m[2025-10-30 23:30:30] [INFO    ] [neo4j.notifications] Received notification from DBMS server: {severity: INFORMATION} {code: Neo.ClientNotification.Schema.IndexOrConstraintAlreadyExists} {category: SCHEMA} {title: `CREATE CONSTRAINT InferenceEpisodeId IF NOT EXISTS FOR (e:InferenceEpisode) REQUIRE (e.id) IS UNIQUE` has no effect.} {description: `CONSTRAINT InferenceEpisodeId FOR (e:InferenceEpisode) REQUIRE (e.id) IS UNIQUE` already exists.} {position: None} for query: 'CREATE CONSTRAINT InferenceEpisodeId IF NOT EXISTS FOR (ie:InferenceEpisode) REQUIRE ie.id IS UNIQUE'[0m
[32m[2025-10-30 23:30:30] [INFO    ] [neo4j.notifications] Received notification from DBMS server: {severity: INFORMATION} {code: Neo.ClientNotification.Schema.IndexOrConstraintAlreadyExists} {category: SCHEMA} {title: `CREATE CONSTRAINT ProofStepId IF NOT EXISTS FOR (e:ProofStep) REQUIRE (e.id) IS UNIQUE` has no effect.} {description: `CONSTRAINT ProofStepId FOR (e:ProofStep) REQUIRE (e.id) IS UNIQUE` already exists.} {position: None} for query: 'CREATE CONSTRAINT ProofStepId IF NOT EXISTS FOR (ps:ProofStep) REQUIRE ps.id IS UNIQUE'[0m
[32m[2025-10-30 23:30:30] [INFO    ] [neo4j.notifications] Received notification from DBMS server: {severity: INFORMATION} {code: Neo.ClientNotification.Schema.IndexOrConstraintAlreadyExists} {category: SCHEMA} {title: `CREATE CONSTRAINT HypothesisId IF NOT EXISTS FOR (e:Hypothesis) REQUIRE (e.id) IS UNIQUE` has no effect.} {description: `CONSTRAINT HypothesisId FOR (e:Hypothesis) REQUIRE (e.id) IS UNIQUE` already exists.} {position: None} for query: 'CREATE CONSTRAINT HypothesisId IF NOT EXISTS FOR (h:Hypothesis) REQUIRE h.id IS UNIQUE'[0m
[32m[2025-10-30 23:30:30] [INFO    ] [component_1_netzwerk_core] Neo4j Constraints erfolgreich konfiguriert[0m
[32m[2025-10-30 23:30:30] [INFO    ] [neo4j.notifications] Received notification from DBMS server: {severity: INFORMATION} {code: Neo.ClientNotification.Schema.IndexOrConstraintAlreadyExists} {category: SCHEMA} {title: `CREATE CONSTRAINT UsageContextId IF NOT EXISTS FOR (e:UsageContext) REQUIRE (e.id) IS UNIQUE` has no effect.} {description: `CONSTRAINT UsageContextId FOR (e:UsageContext) REQUIRE (e.id) IS UNIQUE` already exists.} {position: None} for query: '\n                CREATE CONSTRAINT UsageContextId IF NOT EXISTS\n                FOR (uc:UsageContext) REQUIRE uc.id IS UNIQUE\n                '[0m
[32m[2025-10-30 23:30:30] [INFO    ] [neo4j.notifications] Received notification from DBMS server: {severity: INFORMATION} {code: Neo.ClientNotification.Schema.IndexOrConstraintAlreadyExists} {category: SCHEMA} {title: `CREATE CONSTRAINT TypoFeedbackId IF NOT EXISTS FOR (e:TypoFeedback) REQUIRE (e.id) IS UNIQUE` has no effect.} {description: `CONSTRAINT TypoFeedbackId FOR (e:TypoFeedback) REQUIRE (e.id) IS UNIQUE` already exists.} {position: None} for query: '\n                CREATE CONSTRAINT TypoFeedbackId IF NOT EXISTS\n                FOR (tf:TypoFeedback) REQUIRE tf.id IS UNIQUE\n                '[0m
[32m[2025-10-30 23:30:30] [INFO    ] [component_1_netzwerk_feedback] Typo-Feedback gespeichert | feedback_id=35ca146c-119a-47bb-b669-a842d3566981 | original=ktzae | suggested=katze | actual=kitze | accepted=False[0m
[32m[2025-10-30 23:30:30] [INFO    ] [component_1_netzwerk_feedback] Typo-Feedback gespeichert | feedback_id=b42e831c-0925-423b-9875-32913a67303c | original=ktzae | suggested=katze | actual=kitze | accepted=False[0m
[32m[2025-10-30 23:30:30] [INFO    ] [component_1_netzwerk_feedback] Typo-Feedback gespeichert | feedback_id=f954143f-fb02-4eee-a0b0-948bf4ee34b8 | original=ktzae | suggested=katze | actual=kitze | accepted=False[0m
[32m[2025-10-30 23:30:30] [INFO    ] [component_1_netzwerk_feedback] Typo-Feedback gespeichert | feedback_id=7ce6f4e5-2cc5-4c41-aa63-0606bf484317 | original=ktzae | suggested=katze | actual=kitze | accepted=False[0m
[32m[2025-10-30 23:30:30] [INFO    ] [component_1_netzwerk_feedback] Typo-Feedback gespeichert | feedback_id=6b50365c-86ff-457f-b2ed-f91d8cc59d18 | original=ktzae | suggested=katze | actual=kitze | accepted=False[0m
PASSED
tests/test_adaptive_pattern_recognition.py::TestTypoFeedbackRecording::test_feedback_recording_accepted [32m[2025-10-30 23:30:30] [INFO    ] [component_1_netzwerk_core] Initialisiere Neo4j-Verbindung | uri=bolt://127.0.0.1:7687 | user=neo4j[0m
[32m[2025-10-30 23:30:30] [INFO    ] [component_1_netzwerk_core] Neo4j-Verbindung erfolgreich hergestellt | uri=bolt://127.0.0.1:7687[0m
[32m[2025-10-30 23:30:30] [INFO    ] [neo4j.notifications] Received notification from DBMS server: {severity: INFORMATION} {code: Neo.ClientNotification.Schema.IndexOrConstraintAlreadyExists} {category: SCHEMA} {title: `CREATE CONSTRAINT WortLemma IF NOT EXISTS FOR (e:Wort) REQUIRE (e.lemma) IS UNIQUE` has no effect.} {description: `CONSTRAINT WortLemma FOR (e:Wort) REQUIRE (e.lemma) IS UNIQUE` already exists.} {position: None} for query: 'CREATE CONSTRAINT WortLemma IF NOT EXISTS FOR (w:Wort) REQUIRE w.lemma IS UNIQUE'[0m
[32m[2025-10-30 23:30:30] [INFO    ] [neo4j.notifications] Received notification from DBMS server: {severity: INFORMATION} {code: Neo.ClientNotification.Schema.IndexOrConstraintAlreadyExists} {category: SCHEMA} {title: `CREATE CONSTRAINT KonzeptName IF NOT EXISTS FOR (e:Konzept) REQUIRE (e.name) IS UNIQUE` has no effect.} {description: `CONSTRAINT KonzeptName FOR (e:Konzept) REQUIRE (e.name) IS UNIQUE` already exists.} {position: None} for query: 'CREATE CONSTRAINT KonzeptName IF NOT EXISTS FOR (k:Konzept) REQUIRE k.name IS UNIQUE'[0m
[32m[2025-10-30 23:30:30] [INFO    ] [neo4j.notifications] Received notification from DBMS server: {severity: INFORMATION} {code: Neo.ClientNotification.Schema.IndexOrConstraintAlreadyExists} {category: SCHEMA} {title: `CREATE CONSTRAINT ExtractionRuleType IF NOT EXISTS FOR (e:ExtractionRule) REQUIRE (e.relation_type) IS UNIQUE` has no effect.} {description: `CONSTRAINT ExtractionRuleType FOR (e:ExtractionRule) REQUIRE (e.relation_type) IS UNIQUE` already exists.} {position: None} for query: 'CREATE CONSTRAINT ExtractionRuleType IF NOT EXISTS FOR (r:ExtractionRule) REQUIRE r.relation_type IS UNIQUE'[0m
[32m[2025-10-30 23:30:30] [INFO    ] [neo4j.notifications] Received notification from DBMS server: {severity: INFORMATION} {code: Neo.ClientNotification.Schema.IndexOrConstraintAlreadyExists} {category: SCHEMA} {title: `CREATE CONSTRAINT PatternPrototypeId IF NOT EXISTS FOR (e:PatternPrototype) REQUIRE (e.id) IS UNIQUE` has no effect.} {description: `CONSTRAINT PatternPrototypeId FOR (e:PatternPrototype) REQUIRE (e.id) IS UNIQUE` already exists.} {position: None} for query: 'CREATE CONSTRAINT PatternPrototypeId IF NOT EXISTS FOR (p:PatternPrototype) REQUIRE p.id IS UNIQUE'[0m
[32m[2025-10-30 23:30:30] [INFO    ] [neo4j.notifications] Received notification from DBMS server: {severity: INFORMATION} {code: Neo.ClientNotification.Schema.IndexOrConstraintAlreadyExists} {category: SCHEMA} {title: `CREATE CONSTRAINT LexiconName IF NOT EXISTS FOR (e:Lexicon) REQUIRE (e.name) IS UNIQUE` has no effect.} {description: `CONSTRAINT LexiconName FOR (e:Lexicon) REQUIRE (e.name) IS UNIQUE` already exists.} {position: None} for query: 'CREATE CONSTRAINT LexiconName IF NOT EXISTS FOR (l:Lexicon) REQUIRE l.name IS UNIQUE'[0m
[32m[2025-10-30 23:30:30] [INFO    ] [neo4j.notifications] Received notification from DBMS server: {severity: INFORMATION} {code: Neo.ClientNotification.Schema.IndexOrConstraintAlreadyExists} {category: SCHEMA} {title: `CREATE CONSTRAINT EpisodeId IF NOT EXISTS FOR (e:Episode) REQUIRE (e.id) IS UNIQUE` has no effect.} {description: `CONSTRAINT EpisodeId FOR (e:Episode) REQUIRE (e.id) IS UNIQUE` already exists.} {position: None} for query: 'CREATE CONSTRAINT EpisodeId IF NOT EXISTS FOR (e:Episode) REQUIRE e.id IS UNIQUE'[0m
[32m[2025-10-30 23:30:30] [INFO    ] [neo4j.notifications] Received notification from DBMS server: {severity: INFORMATION} {code: Neo.ClientNotification.Schema.IndexOrConstraintAlreadyExists} {category: SCHEMA} {title: `CREATE CONSTRAINT InferenceEpisodeId IF NOT EXISTS FOR (e:InferenceEpisode) REQUIRE (e.id) IS UNIQUE` has no effect.} {description: `CONSTRAINT InferenceEpisodeId FOR (e:InferenceEpisode) REQUIRE (e.id) IS UNIQUE` already exists.} {position: None} for query: 'CREATE CONSTRAINT InferenceEpisodeId IF NOT EXISTS FOR (ie:InferenceEpisode) REQUIRE ie.id IS UNIQUE'[0m
[32m[2025-10-30 23:30:30] [INFO    ] [neo4j.notifications] Received notification from DBMS server: {severity: INFORMATION} {code: Neo.ClientNotification.Schema.IndexOrConstraintAlreadyExists} {category: SCHEMA} {title: `CREATE CONSTRAINT ProofStepId IF NOT EXISTS FOR (e:ProofStep) REQUIRE (e.id) IS UNIQUE` has no effect.} {description: `CONSTRAINT ProofStepId FOR (e:ProofStep) REQUIRE (e.id) IS UNIQUE` already exists.} {position: None} for query: 'CREATE CONSTRAINT ProofStepId IF NOT EXISTS FOR (ps:ProofStep) REQUIRE ps.id IS UNIQUE'[0m
[32m[2025-10-30 23:30:30] [INFO    ] [neo4j.notifications] Received notification from DBMS server: {severity: INFORMATION} {code: Neo.ClientNotification.Schema.IndexOrConstraintAlreadyExists} {category: SCHEMA} {title: `CREATE CONSTRAINT HypothesisId IF NOT EXISTS FOR (e:Hypothesis) REQUIRE (e.id) IS UNIQUE` has no effect.} {description: `CONSTRAINT HypothesisId FOR (e:Hypothesis) REQUIRE (e.id) IS UNIQUE` already exists.} {position: None} for query: 'CREATE CONSTRAINT HypothesisId IF NOT EXISTS FOR (h:Hypothesis) REQUIRE h.id IS UNIQUE'[0m
[32m[2025-10-30 23:30:30] [INFO    ] [component_1_netzwerk_core] Neo4j Constraints erfolgreich konfiguriert[0m
[32m[2025-10-30 23:30:30] [INFO    ] [neo4j.notifications] Received notification from DBMS server: {severity: INFORMATION} {code: Neo.ClientNotification.Schema.IndexOrConstraintAlreadyExists} {category: SCHEMA} {title: `CREATE CONSTRAINT UsageContextId IF NOT EXISTS FOR (e:UsageContext) REQUIRE (e.id) IS UNIQUE` has no effect.} {description: `CONSTRAINT UsageContextId FOR (e:UsageContext) REQUIRE (e.id) IS UNIQUE` already exists.} {position: None} for query: '\n                CREATE CONSTRAINT UsageContextId IF NOT EXISTS\n                FOR (uc:UsageContext) REQUIRE uc.id IS UNIQUE\n                '[0m
[32m[2025-10-30 23:30:30] [INFO    ] [neo4j.notifications] Received notification from DBMS server: {severity: INFORMATION} {code: Neo.ClientNotification.Schema.IndexOrConstraintAlreadyExists} {category: SCHEMA} {title: `CREATE CONSTRAINT TypoFeedbackId IF NOT EXISTS FOR (e:TypoFeedback) REQUIRE (e.id) IS UNIQUE` has no effect.} {description: `CONSTRAINT TypoFeedbackId FOR (e:TypoFeedback) REQUIRE (e.id) IS UNIQUE` already exists.} {position: None} for query: '\n                CREATE CONSTRAINT TypoFeedbackId IF NOT EXISTS\n                FOR (tf:TypoFeedback) REQUIRE tf.id IS UNIQUE\n                '[0m
[32m[2025-10-30 23:30:30] [INFO    ] [component_1_netzwerk_feedback] Typo-Feedback gespeichert | feedback_id=715dcd18-8e1b-4497-9664-08fae37381b0 | original=testinput | suggested=testcorrection | actual=testcorrection | accepted=True[0m
[32m[2025-10-30 23:30:30] [INFO    ] [component_19_pattern_recognition_char] Typo-Korrektur Feedback gespeichert | original=testinput | suggested=testcorrection | actual=testcorrection | accepted=True | feedback_id=715dcd18-8e1b-4497-9664-08fae37381b0[0m
PASSED
tests/test_adaptive_pattern_recognition.py::TestTypoFeedbackRecording::test_feedback_recording_rejected [32m[2025-10-30 23:30:30] [INFO    ] [component_1_netzwerk_core] Initialisiere Neo4j-Verbindung | uri=bolt://127.0.0.1:7687 | user=neo4j[0m
[32m[2025-10-30 23:30:30] [INFO    ] [component_1_netzwerk_core] Neo4j-Verbindung erfolgreich hergestellt | uri=bolt://127.0.0.1:7687[0m
[32m[2025-10-30 23:30:30] [INFO    ] [neo4j.notifications] Received notification from DBMS server: {severity: INFORMATION} {code: Neo.ClientNotification.Schema.IndexOrConstraintAlreadyExists} {category: SCHEMA} {title: `CREATE CONSTRAINT WortLemma IF NOT EXISTS FOR (e:Wort) REQUIRE (e.lemma) IS UNIQUE` has no effect.} {description: `CONSTRAINT WortLemma FOR (e:Wort) REQUIRE (e.lemma) IS UNIQUE` already exists.} {position: None} for query: 'CREATE CONSTRAINT WortLemma IF NOT EXISTS FOR (w:Wort) REQUIRE w.lemma IS UNIQUE'[0m
[32m[2025-10-30 23:30:30] [INFO    ] [neo4j.notifications] Received notification from DBMS server: {severity: INFORMATION} {code: Neo.ClientNotification.Schema.IndexOrConstraintAlreadyExists} {category: SCHEMA} {title: `CREATE CONSTRAINT KonzeptName IF NOT EXISTS FOR (e:Konzept) REQUIRE (e.name) IS UNIQUE` has no effect.} {description: `CONSTRAINT KonzeptName FOR (e:Konzept) REQUIRE (e.name) IS UNIQUE` already exists.} {position: None} for query: 'CREATE CONSTRAINT KonzeptName IF NOT EXISTS FOR (k:Konzept) REQUIRE k.name IS UNIQUE'[0m
[32m[2025-10-30 23:30:30] [INFO    ] [neo4j.notifications] Received notification from DBMS server: {severity: INFORMATION} {code: Neo.ClientNotification.Schema.IndexOrConstraintAlreadyExists} {category: SCHEMA} {title: `CREATE CONSTRAINT ExtractionRuleType IF NOT EXISTS FOR (e:ExtractionRule) REQUIRE (e.relation_type) IS UNIQUE` has no effect.} {description: `CONSTRAINT ExtractionRuleType FOR (e:ExtractionRule) REQUIRE (e.relation_type) IS UNIQUE` already exists.} {position: None} for query: 'CREATE CONSTRAINT ExtractionRuleType IF NOT EXISTS FOR (r:ExtractionRule) REQUIRE r.relation_type IS UNIQUE'[0m
[32m[2025-10-30 23:30:30] [INFO    ] [neo4j.notifications] Received notification from DBMS server: {severity: INFORMATION} {code: Neo.ClientNotification.Schema.IndexOrConstraintAlreadyExists} {category: SCHEMA} {title: `CREATE CONSTRAINT PatternPrototypeId IF NOT EXISTS FOR (e:PatternPrototype) REQUIRE (e.id) IS UNIQUE` has no effect.} {description: `CONSTRAINT PatternPrototypeId FOR (e:PatternPrototype) REQUIRE (e.id) IS UNIQUE` already exists.} {position: None} for query: 'CREATE CONSTRAINT PatternPrototypeId IF NOT EXISTS FOR (p:PatternPrototype) REQUIRE p.id IS UNIQUE'[0m
[32m[2025-10-30 23:30:30] [INFO    ] [neo4j.notifications] Received notification from DBMS server: {severity: INFORMATION} {code: Neo.ClientNotification.Schema.IndexOrConstraintAlreadyExists} {category: SCHEMA} {title: `CREATE CONSTRAINT LexiconName IF NOT EXISTS FOR (e:Lexicon) REQUIRE (e.name) IS UNIQUE` has no effect.} {description: `CONSTRAINT LexiconName FOR (e:Lexicon) REQUIRE (e.name) IS UNIQUE` already exists.} {position: None} for query: 'CREATE CONSTRAINT LexiconName IF NOT EXISTS FOR (l:Lexicon) REQUIRE l.name IS UNIQUE'[0m
[32m[2025-10-30 23:30:30] [INFO    ] [neo4j.notifications] Received notification from DBMS server: {severity: INFORMATION} {code: Neo.ClientNotification.Schema.IndexOrConstraintAlreadyExists} {category: SCHEMA} {title: `CREATE CONSTRAINT EpisodeId IF NOT EXISTS FOR (e:Episode) REQUIRE (e.id) IS UNIQUE` has no effect.} {description: `CONSTRAINT EpisodeId FOR (e:Episode) REQUIRE (e.id) IS UNIQUE` already exists.} {position: None} for query: 'CREATE CONSTRAINT EpisodeId IF NOT EXISTS FOR (e:Episode) REQUIRE e.id IS UNIQUE'[0m
[32m[2025-10-30 23:30:30] [INFO    ] [neo4j.notifications] Received notification from DBMS server: {severity: INFORMATION} {code: Neo.ClientNotification.Schema.IndexOrConstraintAlreadyExists} {category: SCHEMA} {title: `CREATE CONSTRAINT InferenceEpisodeId IF NOT EXISTS FOR (e:InferenceEpisode) REQUIRE (e.id) IS UNIQUE` has no effect.} {description: `CONSTRAINT InferenceEpisodeId FOR (e:InferenceEpisode) REQUIRE (e.id) IS UNIQUE` already exists.} {position: None} for query: 'CREATE CONSTRAINT InferenceEpisodeId IF NOT EXISTS FOR (ie:InferenceEpisode) REQUIRE ie.id IS UNIQUE'[0m
[32m[2025-10-30 23:30:30] [INFO    ] [neo4j.notifications] Received notification from DBMS server: {severity: INFORMATION} {code: Neo.ClientNotification.Schema.IndexOrConstraintAlreadyExists} {category: SCHEMA} {title: `CREATE CONSTRAINT ProofStepId IF NOT EXISTS FOR (e:ProofStep) REQUIRE (e.id) IS UNIQUE` has no effect.} {description: `CONSTRAINT ProofStepId FOR (e:ProofStep) REQUIRE (e.id) IS UNIQUE` already exists.} {position: None} for query: 'CREATE CONSTRAINT ProofStepId IF NOT EXISTS FOR (ps:ProofStep) REQUIRE ps.id IS UNIQUE'[0m
[32m[2025-10-30 23:30:30] [INFO    ] [neo4j.notifications] Received notification from DBMS server: {severity: INFORMATION} {code: Neo.ClientNotification.Schema.IndexOrConstraintAlreadyExists} {category: SCHEMA} {title: `CREATE CONSTRAINT HypothesisId IF NOT EXISTS FOR (e:Hypothesis) REQUIRE (e.id) IS UNIQUE` has no effect.} {description: `CONSTRAINT HypothesisId FOR (e:Hypothesis) REQUIRE (e.id) IS UNIQUE` already exists.} {position: None} for query: 'CREATE CONSTRAINT HypothesisId IF NOT EXISTS FOR (h:Hypothesis) REQUIRE h.id IS UNIQUE'[0m
[32m[2025-10-30 23:30:30] [INFO    ] [component_1_netzwerk_core] Neo4j Constraints erfolgreich konfiguriert[0m
[32m[2025-10-30 23:30:30] [INFO    ] [neo4j.notifications] Received notification from DBMS server: {severity: INFORMATION} {code: Neo.ClientNotification.Schema.IndexOrConstraintAlreadyExists} {category: SCHEMA} {title: `CREATE CONSTRAINT UsageContextId IF NOT EXISTS FOR (e:UsageContext) REQUIRE (e.id) IS UNIQUE` has no effect.} {description: `CONSTRAINT UsageContextId FOR (e:UsageContext) REQUIRE (e.id) IS UNIQUE` already exists.} {position: None} for query: '\n                CREATE CONSTRAINT UsageContextId IF NOT EXISTS\n                FOR (uc:UsageContext) REQUIRE uc.id IS UNIQUE\n                '[0m
[32m[2025-10-30 23:30:30] [INFO    ] [neo4j.notifications] Received notification from DBMS server: {severity: INFORMATION} {code: Neo.ClientNotification.Schema.IndexOrConstraintAlreadyExists} {category: SCHEMA} {title: `CREATE CONSTRAINT TypoFeedbackId IF NOT EXISTS FOR (e:TypoFeedback) REQUIRE (e.id) IS UNIQUE` has no effect.} {description: `CONSTRAINT TypoFeedbackId FOR (e:TypoFeedback) REQUIRE (e.id) IS UNIQUE` already exists.} {position: None} for query: '\n                CREATE CONSTRAINT TypoFeedbackId IF NOT EXISTS\n                FOR (tf:TypoFeedback) REQUIRE tf.id IS UNIQUE\n                '[0m
[32m[2025-10-30 23:30:30] [INFO    ] [component_1_netzwerk_feedback] Typo-Feedback gespeichert | feedback_id=21bea64a-44ff-46b4-ab68-3a818f8a5406 | original=testinput | suggested=wrongcorrection | actual=rightcorrection | accepted=False[0m
[32m[2025-10-30 23:30:30] [INFO    ] [component_19_pattern_recognition_char] Typo-Korrektur Feedback gespeichert | original=testinput | suggested=wrongcorrection | actual=rightcorrection | accepted=False | feedback_id=21bea64a-44ff-46b4-ab68-3a818f8a5406[0m
PASSED
tests/test_all_relation_types.py::TestAllRelationTypes::test_is_a_relation_comprehensive [32m[2025-10-30 23:30:30] [INFO    ] [component_1_netzwerk_core] Initialisiere Neo4j-Verbindung | uri=bolt://127.0.0.1:7687 | user=neo4j[0m
[32m[2025-10-30 23:30:30] [INFO    ] [component_1_netzwerk_core] Neo4j-Verbindung erfolgreich hergestellt | uri=bolt://127.0.0.1:7687[0m
[32m[2025-10-30 23:30:30] [INFO    ] [neo4j.notifications] Received notification from DBMS server: {severity: INFORMATION} {code: Neo.ClientNotification.Schema.IndexOrConstraintAlreadyExists} {category: SCHEMA} {title: `CREATE CONSTRAINT WortLemma IF NOT EXISTS FOR (e:Wort) REQUIRE (e.lemma) IS UNIQUE` has no effect.} {description: `CONSTRAINT WortLemma FOR (e:Wort) REQUIRE (e.lemma) IS UNIQUE` already exists.} {position: None} for query: 'CREATE CONSTRAINT WortLemma IF NOT EXISTS FOR (w:Wort) REQUIRE w.lemma IS UNIQUE'[0m
[32m[2025-10-30 23:30:30] [INFO    ] [neo4j.notifications] Received notification from DBMS server: {severity: INFORMATION} {code: Neo.ClientNotification.Schema.IndexOrConstraintAlreadyExists} {category: SCHEMA} {title: `CREATE CONSTRAINT KonzeptName IF NOT EXISTS FOR (e:Konzept) REQUIRE (e.name) IS UNIQUE` has no effect.} {description: `CONSTRAINT KonzeptName FOR (e:Konzept) REQUIRE (e.name) IS UNIQUE` already exists.} {position: None} for query: 'CREATE CONSTRAINT KonzeptName IF NOT EXISTS FOR (k:Konzept) REQUIRE k.name IS UNIQUE'[0m
[32m[2025-10-30 23:30:30] [INFO    ] [neo4j.notifications] Received notification from DBMS server: {severity: INFORMATION} {code: Neo.ClientNotification.Schema.IndexOrConstraintAlreadyExists} {category: SCHEMA} {title: `CREATE CONSTRAINT ExtractionRuleType IF NOT EXISTS FOR (e:ExtractionRule) REQUIRE (e.relation_type) IS UNIQUE` has no effect.} {description: `CONSTRAINT ExtractionRuleType FOR (e:ExtractionRule) REQUIRE (e.relation_type) IS UNIQUE` already exists.} {position: None} for query: 'CREATE CONSTRAINT ExtractionRuleType IF NOT EXISTS FOR (r:ExtractionRule) REQUIRE r.relation_type IS UNIQUE'[0m
[32m[2025-10-30 23:30:30] [INFO    ] [neo4j.notifications] Received notification from DBMS server: {severity: INFORMATION} {code: Neo.ClientNotification.Schema.IndexOrConstraintAlreadyExists} {category: SCHEMA} {title: `CREATE CONSTRAINT PatternPrototypeId IF NOT EXISTS FOR (e:PatternPrototype) REQUIRE (e.id) IS UNIQUE` has no effect.} {description: `CONSTRAINT PatternPrototypeId FOR (e:PatternPrototype) REQUIRE (e.id) IS UNIQUE` already exists.} {position: None} for query: 'CREATE CONSTRAINT PatternPrototypeId IF NOT EXISTS FOR (p:PatternPrototype) REQUIRE p.id IS UNIQUE'[0m
[32m[2025-10-30 23:30:30] [INFO    ] [neo4j.notifications] Received notification from DBMS server: {severity: INFORMATION} {code: Neo.ClientNotification.Schema.IndexOrConstraintAlreadyExists} {category: SCHEMA} {title: `CREATE CONSTRAINT LexiconName IF NOT EXISTS FOR (e:Lexicon) REQUIRE (e.name) IS UNIQUE` has no effect.} {description: `CONSTRAINT LexiconName FOR (e:Lexicon) REQUIRE (e.name) IS UNIQUE` already exists.} {position: None} for query: 'CREATE CONSTRAINT LexiconName IF NOT EXISTS FOR (l:Lexicon) REQUIRE l.name IS UNIQUE'[0m
[32m[2025-10-30 23:30:30] [INFO    ] [neo4j.notifications] Received notification from DBMS server: {severity: INFORMATION} {code: Neo.ClientNotification.Schema.IndexOrConstraintAlreadyExists} {category: SCHEMA} {title: `CREATE CONSTRAINT EpisodeId IF NOT EXISTS FOR (e:Episode) REQUIRE (e.id) IS UNIQUE` has no effect.} {description: `CONSTRAINT EpisodeId FOR (e:Episode) REQUIRE (e.id) IS UNIQUE` already exists.} {position: None} for query: 'CREATE CONSTRAINT EpisodeId IF NOT EXISTS FOR (e:Episode) REQUIRE e.id IS UNIQUE'[0m
[32m[2025-10-30 23:30:30] [INFO    ] [neo4j.notifications] Received notification from DBMS server: {severity: INFORMATION} {code: Neo.ClientNotification.Schema.IndexOrConstraintAlreadyExists} {category: SCHEMA} {title: `CREATE CONSTRAINT InferenceEpisodeId IF NOT EXISTS FOR (e:InferenceEpisode) REQUIRE (e.id) IS UNIQUE` has no effect.} {description: `CONSTRAINT InferenceEpisodeId FOR (e:InferenceEpisode) REQUIRE (e.id) IS UNIQUE` already exists.} {position: None} for query: 'CREATE CONSTRAINT InferenceEpisodeId IF NOT EXISTS FOR (ie:InferenceEpisode) REQUIRE ie.id IS UNIQUE'[0m
[32m[2025-10-30 23:30:30] [INFO    ] [neo4j.notifications] Received notification from DBMS server: {severity: INFORMATION} {code: Neo.ClientNotification.Schema.IndexOrConstraintAlreadyExists} {category: SCHEMA} {title: `CREATE CONSTRAINT ProofStepId IF NOT EXISTS FOR (e:ProofStep) REQUIRE (e.id) IS UNIQUE` has no effect.} {description: `CONSTRAINT ProofStepId FOR (e:ProofStep) REQUIRE (e.id) IS UNIQUE` already exists.} {position: None} for query: 'CREATE CONSTRAINT ProofStepId IF NOT EXISTS FOR (ps:ProofStep) REQUIRE ps.id IS UNIQUE'[0m
[32m[2025-10-30 23:30:30] [INFO    ] [neo4j.notifications] Received notification from DBMS server: {severity: INFORMATION} {code: Neo.ClientNotification.Schema.IndexOrConstraintAlreadyExists} {category: SCHEMA} {title: `CREATE CONSTRAINT HypothesisId IF NOT EXISTS FOR (e:Hypothesis) REQUIRE (e.id) IS UNIQUE` has no effect.} {description: `CONSTRAINT HypothesisId FOR (e:Hypothesis) REQUIRE (e.id) IS UNIQUE` already exists.} {position: None} for query: 'CREATE CONSTRAINT HypothesisId IF NOT EXISTS FOR (h:Hypothesis) REQUIRE h.id IS UNIQUE'[0m
[32m[2025-10-30 23:30:30] [INFO    ] [component_1_netzwerk_core] Neo4j Constraints erfolgreich konfiguriert[0m
[32m[2025-10-30 23:30:30] [INFO    ] [neo4j.notifications] Received notification from DBMS server: {severity: INFORMATION} {code: Neo.ClientNotification.Schema.IndexOrConstraintAlreadyExists} {category: SCHEMA} {title: `CREATE CONSTRAINT UsageContextId IF NOT EXISTS FOR (e:UsageContext) REQUIRE (e.id) IS UNIQUE` has no effect.} {description: `CONSTRAINT UsageContextId FOR (e:UsageContext) REQUIRE (e.id) IS UNIQUE` already exists.} {position: None} for query: '\n                CREATE CONSTRAINT UsageContextId IF NOT EXISTS\n                FOR (uc:UsageContext) REQUIRE uc.id IS UNIQUE\n                '[0m
[32m[2025-10-30 23:30:30] [INFO    ] [neo4j.notifications] Received notification from DBMS server: {severity: INFORMATION} {code: Neo.ClientNotification.Schema.IndexOrConstraintAlreadyExists} {category: SCHEMA} {title: `CREATE CONSTRAINT TypoFeedbackId IF NOT EXISTS FOR (e:TypoFeedback) REQUIRE (e.id) IS UNIQUE` has no effect.} {description: `CONSTRAINT TypoFeedbackId FOR (e:TypoFeedback) REQUIRE (e.id) IS UNIQUE` already exists.} {position: None} for query: '\n                CREATE CONSTRAINT TypoFeedbackId IF NOT EXISTS\n                FOR (tf:TypoFeedback) REQUIRE tf.id IS UNIQUE\n                '[0m
[32m[2025-10-30 23:30:30] [INFO    ] [conftest] Vorhandene Constraints: ['EigenschaftName', 'EpisodeId', 'ExtractionRuleType', 'FaktId', 'HypothesisId', 'InferenceEpisodeId', 'KonzeptName', 'LexiconName', 'PatternPrototypeId', 'ProofStepId', 'RegelId', 'TypoFeedbackId', 'UsageContextId', 'WortLemma'][0m
[32m[2025-10-30 23:30:30] [INFO    ] [conftest] [CLEANUP] Alle Test-Konzepte mit Praefix 'test_' geloescht.[0m
[32m[2025-10-30 23:30:30] [INFO    ] [component_1_netzwerk_core] Neue Relation erstellt | subject=test_hund_isa | relation=IS_A | object=test_tier_isa | source=Standard IS_A[0m
[32m[2025-10-30 23:30:30] [INFO    ] [component_1_netzwerk_core] Neue Relation erstellt | subject=test_hund_isa | relation=IS_A | object=test_lebewesen_isa | source=Zweite IS_A[0m
[32m[2025-10-30 23:30:30] [INFO    ] [component_1_netzwerk_core] Neue Relation erstellt | subject=test_tier_isa | relation=IS_A | object=test_lebewesen_isa | source=Transitive IS_A[0m
[32m[2025-10-30 23:30:30] [INFO    ] [test_all_relation_types] [SUCCESS] IS_A Relation: Standard, Multiple, Transitive Cases[0m
PASSED[32m[2025-10-30 23:30:30] [INFO    ] [conftest] [CLEANUP] Alle Test-Konzepte mit Praefix 'test_' geloescht.[0m

tests/test_all_relation_types.py::TestAllRelationTypes::test_has_property_relation_comprehensive [32m[2025-10-30 23:30:30] [INFO    ] [conftest] [CLEANUP] Alle Test-Konzepte mit Praefix 'test_' geloescht.[0m
[32m[2025-10-30 23:30:30] [INFO    ] [component_1_netzwerk_core] Neue Relation erstellt | subject=test_apfel_prop | relation=HAS_PROPERTY | object=test_rot | source=Farbe[0m
[32m[2025-10-30 23:30:30] [INFO    ] [component_1_netzwerk_core] Neue Relation erstellt | subject=test_apfel_prop | relation=HAS_PROPERTY | object=test_s�� | source=Property test_s��[0m
[32m[2025-10-30 23:30:30] [INFO    ] [component_1_netzwerk_core] Neue Relation erstellt | subject=test_apfel_prop | relation=HAS_PROPERTY | object=test_rund | source=Property test_rund[0m
[32m[2025-10-30 23:30:30] [INFO    ] [component_1_netzwerk_core] Neue Relation erstellt | subject=test_apfel_prop | relation=HAS_PROPERTY | object=test_saftig | source=Property test_saftig[0m
[32m[2025-10-30 23:30:30] [INFO    ] [component_1_netzwerk_core] Neue Relation erstellt | subject=test_apfel_prop | relation=HAS_PROPERTY | object=test_gr�n | source=Gr�n (unreif)[0m
[32m[2025-10-30 23:30:30] [INFO    ] [test_all_relation_types] [SUCCESS] HAS_PROPERTY: Single, Multiple, Contradictory Properties[0m
PASSED[32m[2025-10-30 23:30:30] [INFO    ] [conftest] [CLEANUP] Alle Test-Konzepte mit Praefix 'test_' geloescht.[0m

tests/test_all_relation_types.py::TestAllRelationTypes::test_capable_of_relation_comprehensive [32m[2025-10-30 23:30:30] [INFO    ] [conftest] [CLEANUP] Alle Test-Konzepte mit Praefix 'test_' geloescht.[0m
[32m[2025-10-30 23:30:30] [INFO    ] [component_1_netzwerk_core] Neue Relation erstellt | subject=test_vogel_cap | relation=CAPABLE_OF | object=test_fliegen | source=Fliegen[0m
[32m[2025-10-30 23:30:30] [INFO    ] [component_1_netzwerk_core] Neue Relation erstellt | subject=test_vogel_cap | relation=CAPABLE_OF | object=test_singen | source=Ability test_singen[0m
[32m[2025-10-30 23:30:30] [INFO    ] [component_1_netzwerk_core] Neue Relation erstellt | subject=test_vogel_cap | relation=CAPABLE_OF | object=test_eier_legen | source=Ability test_eier_legen[0m
[32m[2025-10-30 23:30:30] [INFO    ] [component_1_netzwerk_core] Neue Relation erstellt | subject=test_vogel_cap | relation=CAPABLE_OF | object=test_nestbauen | source=Ability test_nestbauen[0m
[32m[2025-10-30 23:30:30] [INFO    ] [test_all_relation_types] [INFO] Negative abilities (INCAPABLE_OF) sind nicht implementiert - Future Feature[0m
[32m[2025-10-30 23:30:30] [INFO    ] [component_1_netzwerk_core] Neue Relation erstellt | subject=test_vogel_cap | relation=IS_A | object=test_tier_cap | source=Taxonomie[0m
[32m[2025-10-30 23:30:30] [INFO    ] [component_1_netzwerk_core] Neue Relation erstellt | subject=test_tier_cap | relation=CAPABLE_OF | object=test_atmen | source=Basis-F�higkeit[0m
[32m[2025-10-30 23:30:30] [INFO    ] [test_all_relation_types] [SUCCESS] CAPABLE_OF: Single, Multiple, Inheritance Cases[0m
PASSED[32m[2025-10-30 23:30:30] [INFO    ] [conftest] [CLEANUP] Alle Test-Konzepte mit Praefix 'test_' geloescht.[0m

tests/test_all_relation_types.py::TestAllRelationTypes::test_part_of_relation_comprehensive [32m[2025-10-30 23:30:30] [INFO    ] [conftest] [CLEANUP] Alle Test-Konzepte mit Praefix 'test_' geloescht.[0m
[32m[2025-10-30 23:30:30] [INFO    ] [component_1_netzwerk_core] Neue Relation erstellt | subject=test_rad_part | relation=PART_OF | object=test_auto_part | source=Teil-Ganzes[0m
[32m[2025-10-30 23:30:30] [INFO    ] [component_1_netzwerk_core] Neue Relation erstellt | subject=test_rad_part | relation=PART_OF | object=test_fahrrad_part | source=Auch Teil von Fahrrad[0m
[32m[2025-10-30 23:30:31] [INFO    ] [component_1_netzwerk_core] Neue Relation erstellt | subject=test_auto_part | relation=PART_OF | object=test_verkehrssystem | source=Auto Teil von Verkehrssystem[0m
[32m[2025-10-30 23:30:31] [INFO    ] [component_1_netzwerk_core] Neue Relation erstellt | subject=test_pkw_synonym | relation=PART_OF | object=test_wagen_synonym | source=Synonym via PART_OF[0m
[32m[2025-10-30 23:30:31] [INFO    ] [test_all_relation_types] [SUCCESS] PART_OF: Single, Multiple, Transitive, Synonym Cases[0m
PASSED[32m[2025-10-30 23:30:31] [INFO    ] [conftest] [CLEANUP] Alle Test-Konzepte mit Praefix 'test_' geloescht.[0m

tests/test_all_relation_types.py::TestAllRelationTypes::test_located_in_relation_comprehensive [32m[2025-10-30 23:30:31] [INFO    ] [conftest] [CLEANUP] Alle Test-Konzepte mit Praefix 'test_' geloescht.[0m
[32m[2025-10-30 23:30:31] [INFO    ] [component_1_netzwerk_core] Neue Relation erstellt | subject=test_berlin_loc | relation=LOCATED_IN | object=test_deutschland_loc | source=Stadt in Land[0m
[32m[2025-10-30 23:30:31] [INFO    ] [component_1_netzwerk_core] Neue Relation erstellt | subject=test_deutschland_loc | relation=LOCATED_IN | object=test_europa_loc | source=Land in Kontinent[0m
[32m[2025-10-30 23:30:31] [INFO    ] [component_1_netzwerk_core] Neue Relation erstellt | subject=test_person_movable | relation=LOCATED_IN | object=test_berlin_multi | source=Wohnt in Berlin[0m
[32m[2025-10-30 23:30:31] [INFO    ] [component_1_netzwerk_core] Neue Relation erstellt | subject=test_person_movable | relation=LOCATED_IN | object=test_m�nchen_multi | source=Arbeitet in M�nchen[0m
[32m[2025-10-30 23:30:31] [INFO    ] [component_1_netzwerk_core] Neue Relation erstellt | subject=test_gedanke | relation=LOCATED_IN | object=test_gehirn | source=Abstrakte Location[0m
[32m[2025-10-30 23:30:31] [INFO    ] [test_all_relation_types] [SUCCESS] LOCATED_IN: Single, Hierarchical, Multiple, Abstract Cases[0m
PASSED[32m[2025-10-30 23:30:31] [INFO    ] [conftest] [CLEANUP] Alle Test-Konzepte mit Praefix 'test_' geloescht.[0m

tests/test_all_relation_types.py::TestAllRelationTypes::test_relation_type_combination_scenarios [32m[2025-10-30 23:30:31] [INFO    ] [conftest] [CLEANUP] Alle Test-Konzepte mit Praefix 'test_' geloescht.[0m
[32m[2025-10-30 23:30:31] [INFO    ] [component_1_netzwerk_core] Neue Relation erstellt | subject=test_hund_comprehensive | relation=IS_A | object=test_s�ugetier | source=Taxonomie[0m
[32m[2025-10-30 23:30:31] [INFO    ] [component_1_netzwerk_core] Neue Relation erstellt | subject=test_hund_comprehensive | relation=IS_A | object=test_haustier | source=Rolle[0m
[32m[2025-10-30 23:30:31] [INFO    ] [component_1_netzwerk_core] Neue Relation erstellt | subject=test_hund_comprehensive | relation=HAS_PROPERTY | object=test_treu | source=Charakter[0m
[32m[2025-10-30 23:30:31] [INFO    ] [component_1_netzwerk_core] Neue Relation erstellt | subject=test_hund_comprehensive | relation=HAS_PROPERTY | object=test_fellbedeckt | source=Aussehen[0m
[32m[2025-10-30 23:30:31] [INFO    ] [component_1_netzwerk_core] Neue Relation erstellt | subject=test_hund_comprehensive | relation=CAPABLE_OF | object=test_bellen | source=Laut[0m
[32m[2025-10-30 23:30:31] [INFO    ] [component_1_netzwerk_core] Neue Relation erstellt | subject=test_hund_comprehensive | relation=CAPABLE_OF | object=test_laufen | source=Bewegung[0m
[32m[2025-10-30 23:30:31] [INFO    ] [component_1_netzwerk_core] Neue Relation erstellt | subject=test_schwanz | relation=PART_OF | object=test_hund_comprehensive | source=K�rperteil[0m
[32m[2025-10-30 23:30:31] [INFO    ] [component_1_netzwerk_core] Neue Relation erstellt | subject=test_hund_comprehensive | relation=LOCATED_IN | object=test_haushalt | source=Wohnort[0m
[32m[2025-10-30 23:30:31] [INFO    ] [test_all_relation_types] [SUCCESS] Kombiniertes Wissen: 4 Relationstypen f�r 'test_hund_comprehensive'[0m
PASSED[32m[2025-10-30 23:30:31] [INFO    ] [conftest] [CLEANUP] Alle Test-Konzepte mit Praefix 'test_' geloescht.[0m

tests/test_all_relation_types.py::TestAllRelationTypes::test_relation_idempotence_across_types [32m[2025-10-30 23:30:31] [INFO    ] [conftest] [CLEANUP] Alle Test-Konzepte mit Praefix 'test_' geloescht.[0m
[32m[2025-10-30 23:30:31] [INFO    ] [component_1_netzwerk_core] Neue Relation erstellt | subject=test_idempotence_test | relation=IS_A | object=test_target | source=First IS_A[0m
[32m[2025-10-30 23:30:31] [INFO    ] [component_1_netzwerk_core] Neue Relation erstellt | subject=test_idempotence_test | relation=HAS_PROPERTY | object=test_target | source=First HAS_PROPERTY[0m
[32m[2025-10-30 23:30:31] [INFO    ] [component_1_netzwerk_core] Neue Relation erstellt | subject=test_idempotence_test | relation=CAPABLE_OF | object=test_target | source=First CAPABLE_OF[0m
[32m[2025-10-30 23:30:31] [INFO    ] [component_1_netzwerk_core] Neue Relation erstellt | subject=test_idempotence_test | relation=PART_OF | object=test_target | source=First PART_OF[0m
[32m[2025-10-30 23:30:31] [INFO    ] [component_1_netzwerk_core] Neue Relation erstellt | subject=test_idempotence_test | relation=LOCATED_IN | object=test_target | source=First LOCATED_IN[0m
[32m[2025-10-30 23:30:31] [INFO    ] [test_all_relation_types] [SUCCESS] Idempotenz f�r alle 5 Relationstypen verifiziert[0m
PASSED[32m[2025-10-30 23:30:31] [INFO    ] [conftest] [CLEANUP] Alle Test-Konzepte mit Praefix 'test_' geloescht.[0m

tests/test_all_relation_types.py::TestAllRelationTypes::test_relation_query_performance_with_many_relations [32m[2025-10-30 23:30:31] [INFO    ] [conftest] [CLEANUP] Alle Test-Konzepte mit Praefix 'test_' geloescht.[0m
[32m[2025-10-30 23:30:31] [INFO    ] [component_1_netzwerk_core] Neue Relation erstellt | subject=test_perf_many_rel | relation=IS_A | object=test_is_a_obj_0 | source=Batch IS_A 0[0m
[32m[2025-10-30 23:30:31] [INFO    ] [component_1_netzwerk_core] Neue Relation erstellt | subject=test_perf_many_rel | relation=IS_A | object=test_is_a_obj_1 | source=Batch IS_A 1[0m
[32m[2025-10-30 23:30:31] [INFO    ] [component_1_netzwerk_core] Neue Relation erstellt | subject=test_perf_many_rel | relation=IS_A | object=test_is_a_obj_2 | source=Batch IS_A 2[0m
[32m[2025-10-30 23:30:31] [INFO    ] [component_1_netzwerk_core] Neue Relation erstellt | subject=test_perf_many_rel | relation=IS_A | object=test_is_a_obj_3 | source=Batch IS_A 3[0m
[32m[2025-10-30 23:30:31] [INFO    ] [component_1_netzwerk_core] Neue Relation erstellt | subject=test_perf_many_rel | relation=IS_A | object=test_is_a_obj_4 | source=Batch IS_A 4[0m
[32m[2025-10-30 23:30:31] [INFO    ] [component_1_netzwerk_core] Neue Relation erstellt | subject=test_perf_many_rel | relation=IS_A | object=test_is_a_obj_5 | source=Batch IS_A 5[0m
[32m[2025-10-30 23:30:31] [INFO    ] [component_1_netzwerk_core] Neue Relation erstellt | subject=test_perf_many_rel | relation=IS_A | object=test_is_a_obj_6 | source=Batch IS_A 6[0m
[32m[2025-10-30 23:30:31] [INFO    ] [component_1_netzwerk_core] Neue Relation erstellt | subject=test_perf_many_rel | relation=IS_A | object=test_is_a_obj_7 | source=Batch IS_A 7[0m
[32m[2025-10-30 23:30:31] [INFO    ] [component_1_netzwerk_core] Neue Relation erstellt | subject=test_perf_many_rel | relation=IS_A | object=test_is_a_obj_8 | source=Batch IS_A 8[0m
[32m[2025-10-30 23:30:31] [INFO    ] [component_1_netzwerk_core] Neue Relation erstellt | subject=test_perf_many_rel | relation=IS_A | object=test_is_a_obj_9 | source=Batch IS_A 9[0m
[32m[2025-10-30 23:30:31] [INFO    ] [component_1_netzwerk_core] Neue Relation erstellt | subject=test_perf_many_rel | relation=IS_A | object=test_is_a_obj_10 | source=Batch IS_A 10[0m
[32m[2025-10-30 23:30:31] [INFO    ] [component_1_netzwerk_core] Neue Relation erstellt | subject=test_perf_many_rel | relation=IS_A | object=test_is_a_obj_11 | source=Batch IS_A 11[0m
[32m[2025-10-30 23:30:31] [INFO    ] [component_1_netzwerk_core] Neue Relation erstellt | subject=test_perf_many_rel | relation=IS_A | object=test_is_a_obj_12 | source=Batch IS_A 12[0m
[32m[2025-10-30 23:30:31] [INFO    ] [component_1_netzwerk_core] Neue Relation erstellt | subject=test_perf_many_rel | relation=IS_A | object=test_is_a_obj_13 | source=Batch IS_A 13[0m
[32m[2025-10-30 23:30:31] [INFO    ] [component_1_netzwerk_core] Neue Relation erstellt | subject=test_perf_many_rel | relation=IS_A | object=test_is_a_obj_14 | source=Batch IS_A 14[0m
[32m[2025-10-30 23:30:31] [INFO    ] [component_1_netzwerk_core] Neue Relation erstellt | subject=test_perf_many_rel | relation=IS_A | object=test_is_a_obj_15 | source=Batch IS_A 15[0m
[32m[2025-10-30 23:30:31] [INFO    ] [component_1_netzwerk_core] Neue Relation erstellt | subject=test_perf_many_rel | relation=IS_A | object=test_is_a_obj_16 | source=Batch IS_A 16[0m
[32m[2025-10-30 23:30:31] [INFO    ] [component_1_netzwerk_core] Neue Relation erstellt | subject=test_perf_many_rel | relation=IS_A | object=test_is_a_obj_17 | source=Batch IS_A 17[0m
[32m[2025-10-30 23:30:31] [INFO    ] [component_1_netzwerk_core] Neue Relation erstellt | subject=test_perf_many_rel | relation=IS_A | object=test_is_a_obj_18 | source=Batch IS_A 18[0m
[32m[2025-10-30 23:30:31] [INFO    ] [component_1_netzwerk_core] Neue Relation erstellt | subject=test_perf_many_rel | relation=IS_A | object=test_is_a_obj_19 | source=Batch IS_A 19[0m
[32m[2025-10-30 23:30:31] [INFO    ] [component_1_netzwerk_core] Neue Relation erstellt | subject=test_perf_many_rel | relation=HAS_PROPERTY | object=test_has_property_obj_0 | source=Batch HAS_PROPERTY 0[0m
[32m[2025-10-30 23:30:31] [INFO    ] [component_1_netzwerk_core] Neue Relation erstellt | subject=test_perf_many_rel | relation=HAS_PROPERTY | object=test_has_property_obj_1 | source=Batch HAS_PROPERTY 1[0m
[32m[2025-10-30 23:30:31] [INFO    ] [component_1_netzwerk_core] Neue Relation erstellt | subject=test_perf_many_rel | relation=HAS_PROPERTY | object=test_has_property_obj_2 | source=Batch HAS_PROPERTY 2[0m
[32m[2025-10-30 23:30:31] [INFO    ] [component_1_netzwerk_core] Neue Relation erstellt | subject=test_perf_many_rel | relation=HAS_PROPERTY | object=test_has_property_obj_3 | source=Batch HAS_PROPERTY 3[0m
[32m[2025-10-30 23:30:31] [INFO    ] [component_1_netzwerk_core] Neue Relation erstellt | subject=test_perf_many_rel | relation=HAS_PROPERTY | object=test_has_property_obj_4 | source=Batch HAS_PROPERTY 4[0m
[32m[2025-10-30 23:30:31] [INFO    ] [component_1_netzwerk_core] Neue Relation erstellt | subject=test_perf_many_rel | relation=HAS_PROPERTY | object=test_has_property_obj_5 | source=Batch HAS_PROPERTY 5[0m
[32m[2025-10-30 23:30:31] [INFO    ] [component_1_netzwerk_core] Neue Relation erstellt | subject=test_perf_many_rel | relation=HAS_PROPERTY | object=test_has_property_obj_6 | source=Batch HAS_PROPERTY 6[0m
[32m[2025-10-30 23:30:31] [INFO    ] [component_1_netzwerk_core] Neue Relation erstellt | subject=test_perf_many_rel | relation=HAS_PROPERTY | object=test_has_property_obj_7 | source=Batch HAS_PROPERTY 7[0m
[32m[2025-10-30 23:30:31] [INFO    ] [component_1_netzwerk_core] Neue Relation erstellt | subject=test_perf_many_rel | relation=HAS_PROPERTY | object=test_has_property_obj_8 | source=Batch HAS_PROPERTY 8[0m
[32m[2025-10-30 23:30:31] [INFO    ] [component_1_netzwerk_core] Neue Relation erstellt | subject=test_perf_many_rel | relation=HAS_PROPERTY | object=test_has_property_obj_9 | source=Batch HAS_PROPERTY 9[0m
[32m[2025-10-30 23:30:31] [INFO    ] [component_1_netzwerk_core] Neue Relation erstellt | subject=test_perf_many_rel | relation=HAS_PROPERTY | object=test_has_property_obj_10 | source=Batch HAS_PROPERTY 10[0m
[32m[2025-10-30 23:30:31] [INFO    ] [component_1_netzwerk_core] Neue Relation erstellt | subject=test_perf_many_rel | relation=HAS_PROPERTY | object=test_has_property_obj_11 | source=Batch HAS_PROPERTY 11[0m
[32m[2025-10-30 23:30:31] [INFO    ] [component_1_netzwerk_core] Neue Relation erstellt | subject=test_perf_many_rel | relation=HAS_PROPERTY | object=test_has_property_obj_12 | source=Batch HAS_PROPERTY 12[0m
[32m[2025-10-30 23:30:31] [INFO    ] [component_1_netzwerk_core] Neue Relation erstellt | subject=test_perf_many_rel | relation=HAS_PROPERTY | object=test_has_property_obj_13 | source=Batch HAS_PROPERTY 13[0m
[32m[2025-10-30 23:30:31] [INFO    ] [component_1_netzwerk_core] Neue Relation erstellt | subject=test_perf_many_rel | relation=HAS_PROPERTY | object=test_has_property_obj_14 | source=Batch HAS_PROPERTY 14[0m
[32m[2025-10-30 23:30:31] [INFO    ] [component_1_netzwerk_core] Neue Relation erstellt | subject=test_perf_many_rel | relation=HAS_PROPERTY | object=test_has_property_obj_15 | source=Batch HAS_PROPERTY 15[0m
[32m[2025-10-30 23:30:31] [INFO    ] [component_1_netzwerk_core] Neue Relation erstellt | subject=test_perf_many_rel | relation=HAS_PROPERTY | object=test_has_property_obj_16 | source=Batch HAS_PROPERTY 16[0m
[32m[2025-10-30 23:30:31] [INFO    ] [component_1_netzwerk_core] Neue Relation erstellt | subject=test_perf_many_rel | relation=HAS_PROPERTY | object=test_has_property_obj_17 | source=Batch HAS_PROPERTY 17[0m
[32m[2025-10-30 23:30:31] [INFO    ] [component_1_netzwerk_core] Neue Relation erstellt | subject=test_perf_many_rel | relation=HAS_PROPERTY | object=test_has_property_obj_18 | source=Batch HAS_PROPERTY 18[0m
[32m[2025-10-30 23:30:31] [INFO    ] [component_1_netzwerk_core] Neue Relation erstellt | subject=test_perf_many_rel | relation=HAS_PROPERTY | object=test_has_property_obj_19 | source=Batch HAS_PROPERTY 19[0m
[32m[2025-10-30 23:30:31] [INFO    ] [component_1_netzwerk_core] Neue Relation erstellt | subject=test_perf_many_rel | relation=CAPABLE_OF | object=test_capable_of_obj_0 | source=Batch CAPABLE_OF 0[0m
[32m[2025-10-30 23:30:31] [INFO    ] [component_1_netzwerk_core] Neue Relation erstellt | subject=test_perf_many_rel | relation=CAPABLE_OF | object=test_capable_of_obj_1 | source=Batch CAPABLE_OF 1[0m
[32m[2025-10-30 23:30:31] [INFO    ] [component_1_netzwerk_core] Neue Relation erstellt | subject=test_perf_many_rel | relation=CAPABLE_OF | object=test_capable_of_obj_2 | source=Batch CAPABLE_OF 2[0m
[32m[2025-10-30 23:30:31] [INFO    ] [component_1_netzwerk_core] Neue Relation erstellt | subject=test_perf_many_rel | relation=CAPABLE_OF | object=test_capable_of_obj_3 | source=Batch CAPABLE_OF 3[0m
[32m[2025-10-30 23:30:31] [INFO    ] [component_1_netzwerk_core] Neue Relation erstellt | subject=test_perf_many_rel | relation=CAPABLE_OF | object=test_capable_of_obj_4 | source=Batch CAPABLE_OF 4[0m
[32m[2025-10-30 23:30:31] [INFO    ] [component_1_netzwerk_core] Neue Relation erstellt | subject=test_perf_many_rel | relation=CAPABLE_OF | object=test_capable_of_obj_5 | source=Batch CAPABLE_OF 5[0m
[32m[2025-10-30 23:30:31] [INFO    ] [component_1_netzwerk_core] Neue Relation erstellt | subject=test_perf_many_rel | relation=CAPABLE_OF | object=test_capable_of_obj_6 | source=Batch CAPABLE_OF 6[0m
[32m[2025-10-30 23:30:31] [INFO    ] [component_1_netzwerk_core] Neue Relation erstellt | subject=test_perf_many_rel | relation=CAPABLE_OF | object=test_capable_of_obj_7 | source=Batch CAPABLE_OF 7[0m
[32m[2025-10-30 23:30:31] [INFO    ] [component_1_netzwerk_core] Neue Relation erstellt | subject=test_perf_many_rel | relation=CAPABLE_OF | object=test_capable_of_obj_8 | source=Batch CAPABLE_OF 8[0m
[32m[2025-10-30 23:30:31] [INFO    ] [component_1_netzwerk_core] Neue Relation erstellt | subject=test_perf_many_rel | relation=CAPABLE_OF | object=test_capable_of_obj_9 | source=Batch CAPABLE_OF 9[0m
[32m[2025-10-30 23:30:31] [INFO    ] [component_1_netzwerk_core] Neue Relation erstellt | subject=test_perf_many_rel | relation=CAPABLE_OF | object=test_capable_of_obj_10 | source=Batch CAPABLE_OF 10[0m
[32m[2025-10-30 23:30:31] [INFO    ] [component_1_netzwerk_core] Neue Relation erstellt | subject=test_perf_many_rel | relation=CAPABLE_OF | object=test_capable_of_obj_11 | source=Batch CAPABLE_OF 11[0m
[32m[2025-10-30 23:30:31] [INFO    ] [component_1_netzwerk_core] Neue Relation erstellt | subject=test_perf_many_rel | relation=CAPABLE_OF | object=test_capable_of_obj_12 | source=Batch CAPABLE_OF 12[0m
[32m[2025-10-30 23:30:31] [INFO    ] [component_1_netzwerk_core] Neue Relation erstellt | subject=test_perf_many_rel | relation=CAPABLE_OF | object=test_capable_of_obj_13 | source=Batch CAPABLE_OF 13[0m
[32m[2025-10-30 23:30:31] [INFO    ] [component_1_netzwerk_core] Neue Relation erstellt | subject=test_perf_many_rel | relation=CAPABLE_OF | object=test_capable_of_obj_14 | source=Batch CAPABLE_OF 14[0m
[32m[2025-10-30 23:30:31] [INFO    ] [component_1_netzwerk_core] Neue Relation erstellt | subject=test_perf_many_rel | relation=CAPABLE_OF | object=test_capable_of_obj_15 | source=Batch CAPABLE_OF 15[0m
[32m[2025-10-30 23:30:31] [INFO    ] [component_1_netzwerk_core] Neue Relation erstellt | subject=test_perf_many_rel | relation=CAPABLE_OF | object=test_capable_of_obj_16 | source=Batch CAPABLE_OF 16[0m
[32m[2025-10-30 23:30:31] [INFO    ] [component_1_netzwerk_core] Neue Relation erstellt | subject=test_perf_many_rel | relation=CAPABLE_OF | object=test_capable_of_obj_17 | source=Batch CAPABLE_OF 17[0m
[32m[2025-10-30 23:30:31] [INFO    ] [component_1_netzwerk_core] Neue Relation erstellt | subject=test_perf_many_rel | relation=CAPABLE_OF | object=test_capable_of_obj_18 | source=Batch CAPABLE_OF 18[0m
[32m[2025-10-30 23:30:31] [INFO    ] [component_1_netzwerk_core] Neue Relation erstellt | subject=test_perf_many_rel | relation=CAPABLE_OF | object=test_capable_of_obj_19 | source=Batch CAPABLE_OF 19[0m
[32m[2025-10-30 23:30:31] [INFO    ] [component_1_netzwerk_core] Neue Relation erstellt | subject=test_perf_many_rel | relation=PART_OF | object=test_part_of_obj_0 | source=Batch PART_OF 0[0m
[32m[2025-10-30 23:30:31] [INFO    ] [component_1_netzwerk_core] Neue Relation erstellt | subject=test_perf_many_rel | relation=PART_OF | object=test_part_of_obj_1 | source=Batch PART_OF 1[0m
[32m[2025-10-30 23:30:31] [INFO    ] [component_1_netzwerk_core] Neue Relation erstellt | subject=test_perf_many_rel | relation=PART_OF | object=test_part_of_obj_2 | source=Batch PART_OF 2[0m
[32m[2025-10-30 23:30:31] [INFO    ] [component_1_netzwerk_core] Neue Relation erstellt | subject=test_perf_many_rel | relation=PART_OF | object=test_part_of_obj_3 | source=Batch PART_OF 3[0m
[32m[2025-10-30 23:30:31] [INFO    ] [component_1_netzwerk_core] Neue Relation erstellt | subject=test_perf_many_rel | relation=PART_OF | object=test_part_of_obj_4 | source=Batch PART_OF 4[0m
[32m[2025-10-30 23:30:31] [INFO    ] [component_1_netzwerk_core] Neue Relation erstellt | subject=test_perf_many_rel | relation=PART_OF | object=test_part_of_obj_5 | source=Batch PART_OF 5[0m
[32m[2025-10-30 23:30:31] [INFO    ] [component_1_netzwerk_core] Neue Relation erstellt | subject=test_perf_many_rel | relation=PART_OF | object=test_part_of_obj_6 | source=Batch PART_OF 6[0m
[32m[2025-10-30 23:30:31] [INFO    ] [component_1_netzwerk_core] Neue Relation erstellt | subject=test_perf_many_rel | relation=PART_OF | object=test_part_of_obj_7 | source=Batch PART_OF 7[0m
[32m[2025-10-30 23:30:31] [INFO    ] [component_1_netzwerk_core] Neue Relation erstellt | subject=test_perf_many_rel | relation=PART_OF | object=test_part_of_obj_8 | source=Batch PART_OF 8[0m
[32m[2025-10-30 23:30:31] [INFO    ] [component_1_netzwerk_core] Neue Relation erstellt | subject=test_perf_many_rel | relation=PART_OF | object=test_part_of_obj_9 | source=Batch PART_OF 9[0m
[32m[2025-10-30 23:30:31] [INFO    ] [component_1_netzwerk_core] Neue Relation erstellt | subject=test_perf_many_rel | relation=PART_OF | object=test_part_of_obj_10 | source=Batch PART_OF 10[0m
[32m[2025-10-30 23:30:31] [INFO    ] [component_1_netzwerk_core] Neue Relation erstellt | subject=test_perf_many_rel | relation=PART_OF | object=test_part_of_obj_11 | source=Batch PART_OF 11[0m
[32m[2025-10-30 23:30:31] [INFO    ] [component_1_netzwerk_core] Neue Relation erstellt | subject=test_perf_many_rel | relation=PART_OF | object=test_part_of_obj_12 | source=Batch PART_OF 12[0m
[32m[2025-10-30 23:30:31] [INFO    ] [component_1_netzwerk_core] Neue Relation erstellt | subject=test_perf_many_rel | relation=PART_OF | object=test_part_of_obj_13 | source=Batch PART_OF 13[0m
[32m[2025-10-30 23:30:31] [INFO    ] [component_1_netzwerk_core] Neue Relation erstellt | subject=test_perf_many_rel | relation=PART_OF | object=test_part_of_obj_14 | source=Batch PART_OF 14[0m
[32m[2025-10-30 23:30:31] [INFO    ] [component_1_netzwerk_core] Neue Relation erstellt | subject=test_perf_many_rel | relation=PART_OF | object=test_part_of_obj_15 | source=Batch PART_OF 15[0m
[32m[2025-10-30 23:30:31] [INFO    ] [component_1_netzwerk_core] Neue Relation erstellt | subject=test_perf_many_rel | relation=PART_OF | object=test_part_of_obj_16 | source=Batch PART_OF 16[0m
[32m[2025-10-30 23:30:31] [INFO    ] [component_1_netzwerk_core] Neue Relation erstellt | subject=test_perf_many_rel | relation=PART_OF | object=test_part_of_obj_17 | source=Batch PART_OF 17[0m
[32m[2025-10-30 23:30:31] [INFO    ] [component_1_netzwerk_core] Neue Relation erstellt | subject=test_perf_many_rel | relation=PART_OF | object=test_part_of_obj_18 | source=Batch PART_OF 18[0m
[32m[2025-10-30 23:30:31] [INFO    ] [component_1_netzwerk_core] Neue Relation erstellt | subject=test_perf_many_rel | relation=PART_OF | object=test_part_of_obj_19 | source=Batch PART_OF 19[0m
[32m[2025-10-30 23:30:31] [INFO    ] [component_1_netzwerk_core] Neue Relation erstellt | subject=test_perf_many_rel | relation=LOCATED_IN | object=test_located_in_obj_0 | source=Batch LOCATED_IN 0[0m
[32m[2025-10-30 23:30:31] [INFO    ] [component_1_netzwerk_core] Neue Relation erstellt | subject=test_perf_many_rel | relation=LOCATED_IN | object=test_located_in_obj_1 | source=Batch LOCATED_IN 1[0m
[32m[2025-10-30 23:30:31] [INFO    ] [component_1_netzwerk_core] Neue Relation erstellt | subject=test_perf_many_rel | relation=LOCATED_IN | object=test_located_in_obj_2 | source=Batch LOCATED_IN 2[0m
[32m[2025-10-30 23:30:31] [INFO    ] [component_1_netzwerk_core] Neue Relation erstellt | subject=test_perf_many_rel | relation=LOCATED_IN | object=test_located_in_obj_3 | source=Batch LOCATED_IN 3[0m
[32m[2025-10-30 23:30:31] [INFO    ] [component_1_netzwerk_core] Neue Relation erstellt | subject=test_perf_many_rel | relation=LOCATED_IN | object=test_located_in_obj_4 | source=Batch LOCATED_IN 4[0m
[32m[2025-10-30 23:30:31] [INFO    ] [component_1_netzwerk_core] Neue Relation erstellt | subject=test_perf_many_rel | relation=LOCATED_IN | object=test_located_in_obj_5 | source=Batch LOCATED_IN 5[0m
[32m[2025-10-30 23:30:31] [INFO    ] [component_1_netzwerk_core] Neue Relation erstellt | subject=test_perf_many_rel | relation=LOCATED_IN | object=test_located_in_obj_6 | source=Batch LOCATED_IN 6[0m
[32m[2025-10-30 23:30:31] [INFO    ] [component_1_netzwerk_core] Neue Relation erstellt | subject=test_perf_many_rel | relation=LOCATED_IN | object=test_located_in_obj_7 | source=Batch LOCATED_IN 7[0m
[32m[2025-10-30 23:30:31] [INFO    ] [component_1_netzwerk_core] Neue Relation erstellt | subject=test_perf_many_rel | relation=LOCATED_IN | object=test_located_in_obj_8 | source=Batch LOCATED_IN 8[0m
[32m[2025-10-30 23:30:31] [INFO    ] [component_1_netzwerk_core] Neue Relation erstellt | subject=test_perf_many_rel | relation=LOCATED_IN | object=test_located_in_obj_9 | source=Batch LOCATED_IN 9[0m
[32m[2025-10-30 23:30:31] [INFO    ] [component_1_netzwerk_core] Neue Relation erstellt | subject=test_perf_many_rel | relation=LOCATED_IN | object=test_located_in_obj_10 | source=Batch LOCATED_IN 10[0m
[32m[2025-10-30 23:30:31] [INFO    ] [component_1_netzwerk_core] Neue Relation erstellt | subject=test_perf_many_rel | relation=LOCATED_IN | object=test_located_in_obj_11 | source=Batch LOCATED_IN 11[0m
[32m[2025-10-30 23:30:31] [INFO    ] [component_1_netzwerk_core] Neue Relation erstellt | subject=test_perf_many_rel | relation=LOCATED_IN | object=test_located_in_obj_12 | source=Batch LOCATED_IN 12[0m
[32m[2025-10-30 23:30:31] [INFO    ] [component_1_netzwerk_core] Neue Relation erstellt | subject=test_perf_many_rel | relation=LOCATED_IN | object=test_located_in_obj_13 | source=Batch LOCATED_IN 13[0m
[32m[2025-10-30 23:30:31] [INFO    ] [component_1_netzwerk_core] Neue Relation erstellt | subject=test_perf_many_rel | relation=LOCATED_IN | object=test_located_in_obj_14 | source=Batch LOCATED_IN 14[0m
[32m[2025-10-30 23:30:31] [INFO    ] [component_1_netzwerk_core] Neue Relation erstellt | subject=test_perf_many_rel | relation=LOCATED_IN | object=test_located_in_obj_15 | source=Batch LOCATED_IN 15[0m
[32m[2025-10-30 23:30:31] [INFO    ] [component_1_netzwerk_core] Neue Relation erstellt | subject=test_perf_many_rel | relation=LOCATED_IN | object=test_located_in_obj_16 | source=Batch LOCATED_IN 16[0m
[32m[2025-10-30 23:30:31] [INFO    ] [component_1_netzwerk_core] Neue Relation erstellt | subject=test_perf_many_rel | relation=LOCATED_IN | object=test_located_in_obj_17 | source=Batch LOCATED_IN 17[0m
[32m[2025-10-30 23:30:31] [INFO    ] [component_1_netzwerk_core] Neue Relation erstellt | subject=test_perf_many_rel | relation=LOCATED_IN | object=test_located_in_obj_18 | source=Batch LOCATED_IN 18[0m
[32m[2025-10-30 23:30:31] [INFO    ] [component_1_netzwerk_core] Neue Relation erstellt | subject=test_perf_many_rel | relation=LOCATED_IN | object=test_located_in_obj_19 | source=Batch LOCATED_IN 19[0m
[32m[2025-10-30 23:30:31] [INFO    ] [test_all_relation_types] [SUCCESS] Query mit 100 Relationen (5 Typen): Vollst�ndig und korrekt in 0.0073s[0m
PASSED[32m[2025-10-30 23:30:31] [INFO    ] [conftest] [CLEANUP] Alle Test-Konzepte mit Praefix 'test_' geloescht.[0m

tests/test_all_relation_types.py::TestAllRelationTypes::test_custom_relation_types_extensibility [32m[2025-10-30 23:30:31] [INFO    ] [conftest] [CLEANUP] Alle Test-Konzepte mit Praefix 'test_' geloescht.[0m
[32m[2025-10-30 23:30:31] [INFO    ] [component_1_netzwerk_core] Neue Relation erstellt | subject=test_custom_rel_subj | relation=CAUSED_BY | object=test_custom_rel_obj | source=Custom CAUSED_BY[0m
[32m[2025-10-30 23:30:31] [INFO    ] [component_1_netzwerk_core] Neue Relation erstellt | subject=test_custom_rel_subj | relation=SIMILAR_TO | object=test_custom_rel_obj | source=Custom SIMILAR_TO[0m
[32m[2025-10-30 23:30:31] [INFO    ] [component_1_netzwerk_core] Neue Relation erstellt | subject=test_custom_rel_subj | relation=OPPOSITE_OF | object=test_custom_rel_obj | source=Custom OPPOSITE_OF[0m
[32m[2025-10-30 23:30:31] [INFO    ] [component_1_netzwerk_core] Neue Relation erstellt | subject=test_custom_rel_subj | relation=REQUIRES | object=test_custom_rel_obj | source=Custom REQUIRES[0m
[32m[2025-10-30 23:30:31] [INFO    ] [test_all_relation_types] [SUCCESS] System unterst�tzt 4 benutzerdefinierte Relationstypen[0m
PASSED[32m[2025-10-30 23:30:31] [INFO    ] [conftest] [CLEANUP] Alle Test-Konzepte mit Praefix 'test_' geloescht.[0m

tests/test_auto_detect_definitions.py::test_auto_detection [32m[2025-10-30 23:30:31] [INFO    ] [test_auto_detect_definitions] Initialisiere Services...[0m
[32m[2025-10-30 23:30:31] [INFO    ] [component_11_embedding_service] Lade Embedding-Modell | model_name=paraphrase-multilingual-MiniLM-L12-v2[0m
[32m[2025-10-30 23:30:31] [INFO    ] [sentence_transformers.SentenceTransformer] Use pytorch device_name: cpu[0m
[32m[2025-10-30 23:30:31] [INFO    ] [sentence_transformers.SentenceTransformer] Load pretrained SentenceTransformer: paraphrase-multilingual-MiniLM-L12-v2[0m
[32m[2025-10-30 23:30:34] [INFO    ] [component_11_embedding_service] Embedding-Modell geladen | model_name=paraphrase-multilingual-MiniLM-L12-v2 | vector_dimension=384[0m
[32m[2025-10-30 23:30:34] [INFO    ] [component_6_linguistik_engine] [LinguisticPreprocessor] spaCy-Modell 'de_core_news_sm' erfolgreich geladen.[0m
[32m[2025-10-30 23:30:34] [INFO    ] [component_7_meaning_extractor] MeaningPointExtractor initialisiert mit zweiphasiger Erkennung[0m
[32m[2025-10-30 23:30:34] [INFO    ] [test_auto_detect_definitions] 
============================================================[0m
[32m[2025-10-30 23:30:34] [INFO    ] [test_auto_detect_definitions] STARTE AUTO-DETECTION TESTS[0m
[32m[2025-10-30 23:30:34] [INFO    ] [test_auto_detect_definitions] ============================================================
[0m
[32m[2025-10-30 23:30:34] [INFO    ] [test_auto_detect_definitions] 
Teste: 'Ein Hund ist ein Tier'[0m
[32m[2025-10-30 23:30:34] [INFO    ] [test_auto_detect_definitions]   Erwartete Kategorie: DEFINITION[0m
[32m[2025-10-30 23:30:34] [INFO    ] [test_auto_detect_definitions]   Erwartete Relation: IS_A[0m
[32m[2025-10-30 23:30:34] [INFO    ] [component_7_meaning_extractor] Definition erkannt | cue=auto_detect_is_a | category=DEFINITION[0m
[32m[2025-10-30 23:30:34] [INFO    ] [test_auto_detect_definitions]   [OK] Extrahiert: (hund) -[IS_A]-> (tier)[0m
[32m[2025-10-30 23:30:34] [INFO    ] [test_auto_detect_definitions]   [OK] TEST BESTANDEN (Confidence: 0.92)[0m
[32m[2025-10-30 23:30:34] [INFO    ] [test_auto_detect_definitions] 
Teste: 'Der Apfel ist eine Frucht'[0m
[32m[2025-10-30 23:30:34] [INFO    ] [test_auto_detect_definitions]   Erwartete Kategorie: DEFINITION[0m
[32m[2025-10-30 23:30:34] [INFO    ] [test_auto_detect_definitions]   Erwartete Relation: IS_A[0m
[32m[2025-10-30 23:30:34] [INFO    ] [component_7_meaning_extractor] Definition erkannt | cue=auto_detect_is_a | category=DEFINITION[0m
[32m[2025-10-30 23:30:34] [INFO    ] [test_auto_detect_definitions]   [OK] Extrahiert: (apfel) -[IS_A]-> (fruchen)[0m
[32m[2025-10-30 23:30:34] [INFO    ] [test_auto_detect_definitions]   [OK] TEST BESTANDEN (Confidence: 0.92)[0m
[32m[2025-10-30 23:30:34] [INFO    ] [test_auto_detect_definitions] 
Teste: 'Katzen sind Tiere'[0m
[32m[2025-10-30 23:30:34] [INFO    ] [test_auto_detect_definitions]   Erwartete Kategorie: DEFINITION[0m
[32m[2025-10-30 23:30:34] [INFO    ] [test_auto_detect_definitions]   Erwartete Relation: IS_A[0m
[32m[2025-10-30 23:30:34] [INFO    ] [component_7_meaning_extractor] Definition erkannt | cue=auto_detect_is_a_plural | category=DEFINITION[0m
[32m[2025-10-30 23:30:34] [INFO    ] [test_auto_detect_definitions]   [OK] Extrahiert: (katze) -[IS_A]-> (tier)[0m
[32m[2025-10-30 23:30:34] [INFO    ] [test_auto_detect_definitions]   [OK] TEST BESTANDEN (Confidence: 0.87)[0m
[32m[2025-10-30 23:30:34] [INFO    ] [test_auto_detect_definitions] 
Teste: 'Der Apfel ist rot'[0m
[32m[2025-10-30 23:30:34] [INFO    ] [test_auto_detect_definitions]   Erwartete Kategorie: DEFINITION[0m
[32m[2025-10-30 23:30:34] [INFO    ] [test_auto_detect_definitions]   Erwartete Relation: HAS_PROPERTY[0m
[32m[2025-10-30 23:30:34] [INFO    ] [component_7_meaning_extractor] Definition erkannt | cue=auto_detect_has_property | category=DEFINITION[0m
[32m[2025-10-30 23:30:34] [INFO    ] [test_auto_detect_definitions]   [OK] Extrahiert: (apfel) -[HAS_PROPERTY]-> (rot)[0m
[32m[2025-10-30 23:30:34] [INFO    ] [test_auto_detect_definitions]   [OK] TEST BESTANDEN (Confidence: 0.78)[0m
[32m[2025-10-30 23:30:34] [INFO    ] [test_auto_detect_definitions] 
Teste: 'Schnee ist wei�'[0m
[32m[2025-10-30 23:30:34] [INFO    ] [test_auto_detect_definitions]   Erwartete Kategorie: DEFINITION[0m
[32m[2025-10-30 23:30:34] [INFO    ] [test_auto_detect_definitions]   Erwartete Relation: HAS_PROPERTY[0m
[32m[2025-10-30 23:30:35] [INFO    ] [component_7_meaning_extractor] Definition erkannt | cue=auto_detect_has_property | category=DEFINITION[0m
[32m[2025-10-30 23:30:35] [INFO    ] [test_auto_detect_definitions]   [OK] Extrahiert: (schnee) -[HAS_PROPERTY]-> (wissen)[0m
[32m[2025-10-30 23:30:35] [INFO    ] [test_auto_detect_definitions]   [OK] TEST BESTANDEN (Confidence: 0.78)[0m
[32m[2025-10-30 23:30:35] [INFO    ] [test_auto_detect_definitions] 
Teste: 'V�gel k�nnen fliegen'[0m
[32m[2025-10-30 23:30:35] [INFO    ] [test_auto_detect_definitions]   Erwartete Kategorie: DEFINITION[0m
[32m[2025-10-30 23:30:35] [INFO    ] [test_auto_detect_definitions]   Erwartete Relation: CAPABLE_OF[0m
[32m[2025-10-30 23:30:35] [INFO    ] [component_7_meaning_extractor] Definition erkannt | cue=auto_detect_capable_of | category=DEFINITION[0m
[32m[2025-10-30 23:30:35] [INFO    ] [test_auto_detect_definitions]   [OK] Extrahiert: (v�gel) -[CAPABLE_OF]-> (flieg)[0m
[32m[2025-10-30 23:30:35] [INFO    ] [test_auto_detect_definitions]   [OK] TEST BESTANDEN (Confidence: 0.91)[0m
[32m[2025-10-30 23:30:35] [INFO    ] [test_auto_detect_definitions] 
Teste: 'Ein Hund kann bellen'[0m
[32m[2025-10-30 23:30:35] [INFO    ] [test_auto_detect_definitions]   Erwartete Kategorie: DEFINITION[0m
[32m[2025-10-30 23:30:35] [INFO    ] [test_auto_detect_definitions]   Erwartete Relation: CAPABLE_OF[0m
[32m[2025-10-30 23:30:35] [INFO    ] [component_7_meaning_extractor] Definition erkannt | cue=auto_detect_capable_of | category=DEFINITION[0m
[32m[2025-10-30 23:30:35] [INFO    ] [test_auto_detect_definitions]   [OK] Extrahiert: (hund) -[CAPABLE_OF]-> (bell)[0m
[32m[2025-10-30 23:30:35] [INFO    ] [test_auto_detect_definitions]   [OK] TEST BESTANDEN (Confidence: 0.91)[0m
[32m[2025-10-30 23:30:35] [INFO    ] [test_auto_detect_definitions] 
Teste: 'Ein Auto hat R�der'[0m
[32m[2025-10-30 23:30:35] [INFO    ] [test_auto_detect_definitions]   Erwartete Kategorie: DEFINITION[0m
[32m[2025-10-30 23:30:35] [INFO    ] [test_auto_detect_definitions]   Erwartete Relation: PART_OF[0m
[32m[2025-10-30 23:30:35] [INFO    ] [component_7_meaning_extractor] Definition erkannt | cue=auto_detect_part_of | category=DEFINITION[0m
[32m[2025-10-30 23:30:35] [INFO    ] [test_auto_detect_definitions]   [OK] Extrahiert: (auto) -[PART_OF]-> (r�der)[0m
[32m[2025-10-30 23:30:35] [INFO    ] [test_auto_detect_definitions]   [OK] TEST BESTANDEN (Confidence: 0.88)[0m
[32m[2025-10-30 23:30:35] [INFO    ] [test_auto_detect_definitions] 
Teste: 'Der Hund geh�rt zu den S�ugetieren'[0m
[32m[2025-10-30 23:30:35] [INFO    ] [test_auto_detect_definitions]   Erwartete Kategorie: DEFINITION[0m
[32m[2025-10-30 23:30:35] [INFO    ] [test_auto_detect_definitions]   Erwartete Relation: PART_OF[0m
[32m[2025-10-30 23:30:35] [INFO    ] [component_7_meaning_extractor] Definition erkannt | cue=auto_detect_part_of | category=DEFINITION[0m
[32m[2025-10-30 23:30:35] [INFO    ] [test_auto_detect_definitions]   [OK] Extrahiert: (hund) -[PART_OF]-> (s�ugetier)[0m
[32m[2025-10-30 23:30:35] [INFO    ] [test_auto_detect_definitions]   [OK] TEST BESTANDEN (Confidence: 0.88)[0m
[32m[2025-10-30 23:30:35] [INFO    ] [test_auto_detect_definitions] 
Teste: 'Berlin liegt in Deutschland'[0m
[32m[2025-10-30 23:30:35] [INFO    ] [test_auto_detect_definitions]   Erwartete Kategorie: DEFINITION[0m
[32m[2025-10-30 23:30:35] [INFO    ] [test_auto_detect_definitions]   Erwartete Relation: LOCATED_IN[0m
[32m[2025-10-30 23:30:35] [INFO    ] [component_7_meaning_extractor] Definition erkannt | cue=auto_detect_located_in | category=DEFINITION[0m
[32m[2025-10-30 23:30:35] [INFO    ] [test_auto_detect_definitions]   [OK] Extrahiert: (berlin) -[LOCATED_IN]-> (deutschland)[0m
[32m[2025-10-30 23:30:35] [INFO    ] [test_auto_detect_definitions]   [OK] TEST BESTANDEN (Confidence: 0.93)[0m
[32m[2025-10-30 23:30:35] [INFO    ] [test_auto_detect_definitions] 
Teste: 'Der Turm ist in Paris'[0m
[32m[2025-10-30 23:30:35] [INFO    ] [test_auto_detect_definitions]   Erwartete Kategorie: DEFINITION[0m
[32m[2025-10-30 23:30:35] [INFO    ] [test_auto_detect_definitions]   Erwartete Relation: LOCATED_IN[0m
[32m[2025-10-30 23:30:35] [INFO    ] [component_7_meaning_extractor] Definition erkannt | cue=auto_detect_located_in | category=DEFINITION[0m
[32m[2025-10-30 23:30:35] [INFO    ] [test_auto_detect_definitions]   [OK] Extrahiert: (turm) -[LOCATED_IN]-> (paris)[0m
[32m[2025-10-30 23:30:35] [INFO    ] [test_auto_detect_definitions]   [OK] TEST BESTANDEN (Confidence: 0.93)[0m
[32m[2025-10-30 23:30:35] [INFO    ] [test_auto_detect_definitions] 
Teste: 'Was ist ein Hund?'[0m
[32m[2025-10-30 23:30:35] [INFO    ] [test_auto_detect_definitions]   Erwartete Kategorie: QUESTION[0m
[32m[2025-10-30 23:30:35] [INFO    ] [component_7_meaning_extractor] Heuristik-Match gefunden | cue=heuristic_question_wh | category=QUESTION[0m
[32m[2025-10-30 23:30:35] [INFO    ] [test_auto_detect_definitions]   [OK] TEST BESTANDEN (Confidence: 0.80)[0m
[32m[2025-10-30 23:30:35] [INFO    ] [test_auto_detect_definitions] 
Teste: 'Wo ist Berlin?'[0m
[32m[2025-10-30 23:30:35] [INFO    ] [test_auto_detect_definitions]   Erwartete Kategorie: QUESTION[0m
[32m[2025-10-30 23:30:35] [INFO    ] [component_7_meaning_extractor] Heuristik-Match gefunden | cue=heuristic_question_where | category=QUESTION[0m
[32m[2025-10-30 23:30:35] [INFO    ] [test_auto_detect_definitions]   [OK] TEST BESTANDEN (Confidence: 0.85)[0m
[32m[2025-10-30 23:30:35] [INFO    ] [test_auto_detect_definitions] 
============================================================[0m
[32m[2025-10-30 23:30:35] [INFO    ] [test_auto_detect_definitions] TEST-ZUSAMMENFASSUNG[0m
[32m[2025-10-30 23:30:35] [INFO    ] [test_auto_detect_definitions] ============================================================[0m
[32m[2025-10-30 23:30:35] [INFO    ] [test_auto_detect_definitions] Gesamt: 13 Tests[0m
[32m[2025-10-30 23:30:35] [INFO    ] [test_auto_detect_definitions] [OK] Bestanden: 13[0m
[32m[2025-10-30 23:30:35] [INFO    ] [test_auto_detect_definitions] [ERROR] Fehlgeschlagen: 0[0m
[32m[2025-10-30 23:30:35] [INFO    ] [test_auto_detect_definitions] Erfolgsquote: 100.0%[0m
[32m[2025-10-30 23:30:35] [INFO    ] [test_auto_detect_definitions] ============================================================
[0m
PASSED
tests/test_auto_detect_e2e.py::test_e2e_high_confidence_auto_save [32m[2025-10-30 23:30:35] [INFO    ] [test_auto_detect_e2e] 
======================================================================[0m
[32m[2025-10-30 23:30:35] [INFO    ] [test_auto_detect_e2e] TEST 1: HOHE CONFIDENCE -> AUTO-SAVE[0m
[32m[2025-10-30 23:30:35] [INFO    ] [test_auto_detect_e2e] ======================================================================[0m
[32m[2025-10-30 23:30:35] [INFO    ] [component_11_embedding_service] Lade Embedding-Modell | model_name=paraphrase-multilingual-MiniLM-L12-v2[0m
[32m[2025-10-30 23:30:35] [INFO    ] [sentence_transformers.SentenceTransformer] Use pytorch device_name: cpu[0m
[32m[2025-10-30 23:30:35] [INFO    ] [sentence_transformers.SentenceTransformer] Load pretrained SentenceTransformer: paraphrase-multilingual-MiniLM-L12-v2[0m
[32m[2025-10-30 23:30:37] [INFO    ] [component_11_embedding_service] Embedding-Modell geladen | model_name=paraphrase-multilingual-MiniLM-L12-v2 | vector_dimension=384[0m
[32m[2025-10-30 23:30:37] [INFO    ] [component_6_linguistik_engine] [LinguisticPreprocessor] spaCy-Modell 'de_core_news_sm' erfolgreich geladen.[0m
[32m[2025-10-30 23:30:37] [INFO    ] [component_7_meaning_extractor] MeaningPointExtractor initialisiert mit zweiphasiger Erkennung[0m
[32m[2025-10-30 23:30:37] [INFO    ] [test_auto_detect_e2e] 
-> Teste: 'Ein Hund ist ein Tier'[0m
[32m[2025-10-30 23:30:37] [INFO    ] [component_7_meaning_extractor] Definition erkannt | cue=auto_detect_is_a | category=DEFINITION[0m
[32m[2025-10-30 23:30:37] [INFO    ] [test_auto_detect_e2e]   [OK] MeaningPoint erkannt: DEFINITION (Confidence: 0.92)[0m
[32m[2025-10-30 23:30:37] [INFO    ] [component_4_goal_planner] High confidence (0.92, threshold=0.85) -> Direct Execution[0m
[32m[2025-10-30 23:30:37] [INFO    ] [test_auto_detect_e2e]   [OK] Plan erstellt: Wissen lernen (ohne Confirmation)[0m
[32m[2025-10-30 23:30:37] [INFO    ] [test_auto_detect_e2e]     SubGoals: 3[0m
[32m[2025-10-30 23:30:37] [INFO    ] [test_auto_detect_e2e]       1. Extrahiere Subjekt, Relation und Objekt.[0m
[32m[2025-10-30 23:30:37] [INFO    ] [test_auto_detect_e2e]       2. Speichere die Relation im Wissensgraphen.[0m
[32m[2025-10-30 23:30:37] [INFO    ] [test_auto_detect_e2e]       3. Formuliere eine Lernbest�tigung.[0m
[32m[2025-10-30 23:30:37] [INFO    ] [test_auto_detect_e2e]   [SUCCESS] TEST BESTANDEN f�r 'Ein Hund ist ein Tier'[0m
[32m[2025-10-30 23:30:37] [INFO    ] [test_auto_detect_e2e] 
-> Teste: 'V�gel k�nnen fliegen'[0m
[32m[2025-10-30 23:30:37] [INFO    ] [component_7_meaning_extractor] Definition erkannt | cue=auto_detect_capable_of | category=DEFINITION[0m
[32m[2025-10-30 23:30:37] [INFO    ] [test_auto_detect_e2e]   [OK] MeaningPoint erkannt: DEFINITION (Confidence: 0.91)[0m
[32m[2025-10-30 23:30:37] [INFO    ] [component_4_goal_planner] High confidence (0.91, threshold=0.85) -> Direct Execution[0m
[32m[2025-10-30 23:30:37] [INFO    ] [test_auto_detect_e2e]   [OK] Plan erstellt: Wissen lernen (ohne Confirmation)[0m
[32m[2025-10-30 23:30:37] [INFO    ] [test_auto_detect_e2e]     SubGoals: 3[0m
[32m[2025-10-30 23:30:37] [INFO    ] [test_auto_detect_e2e]       1. Extrahiere Subjekt, Relation und Objekt.[0m
[32m[2025-10-30 23:30:37] [INFO    ] [test_auto_detect_e2e]       2. Speichere die Relation im Wissensgraphen.[0m
[32m[2025-10-30 23:30:37] [INFO    ] [test_auto_detect_e2e]       3. Formuliere eine Lernbest�tigung.[0m
[32m[2025-10-30 23:30:37] [INFO    ] [test_auto_detect_e2e]   [SUCCESS] TEST BESTANDEN f�r 'V�gel k�nnen fliegen'[0m
[32m[2025-10-30 23:30:37] [INFO    ] [test_auto_detect_e2e] 
-> Teste: 'Berlin liegt in Deutschland'[0m
[32m[2025-10-30 23:30:37] [INFO    ] [component_7_meaning_extractor] Definition erkannt | cue=auto_detect_located_in | category=DEFINITION[0m
[32m[2025-10-30 23:30:37] [INFO    ] [test_auto_detect_e2e]   [OK] MeaningPoint erkannt: DEFINITION (Confidence: 0.93)[0m
[32m[2025-10-30 23:30:37] [INFO    ] [component_4_goal_planner] High confidence (0.93, threshold=0.85) -> Direct Execution[0m
[32m[2025-10-30 23:30:37] [INFO    ] [test_auto_detect_e2e]   [OK] Plan erstellt: Wissen lernen (ohne Confirmation)[0m
[32m[2025-10-30 23:30:37] [INFO    ] [test_auto_detect_e2e]     SubGoals: 3[0m
[32m[2025-10-30 23:30:37] [INFO    ] [test_auto_detect_e2e]       1. Extrahiere Subjekt, Relation und Objekt.[0m
[32m[2025-10-30 23:30:37] [INFO    ] [test_auto_detect_e2e]       2. Speichere die Relation im Wissensgraphen.[0m
[32m[2025-10-30 23:30:37] [INFO    ] [test_auto_detect_e2e]       3. Formuliere eine Lernbest�tigung.[0m
[32m[2025-10-30 23:30:37] [INFO    ] [test_auto_detect_e2e]   [SUCCESS] TEST BESTANDEN f�r 'Berlin liegt in Deutschland'[0m
[32m[2025-10-30 23:30:37] [INFO    ] [test_auto_detect_e2e] 
======================================================================[0m
[32m[2025-10-30 23:30:37] [INFO    ] [test_auto_detect_e2e] [SUCCESS] TEST 1 ERFOLGREICH: Alle hohen Confidence-F�lle ohne Confirmation[0m
[32m[2025-10-30 23:30:37] [INFO    ] [test_auto_detect_e2e] ======================================================================[0m
PASSED
tests/test_auto_detect_e2e.py::test_e2e_medium_confidence_confirmation [32m[2025-10-30 23:30:37] [INFO    ] [test_auto_detect_e2e] 
======================================================================[0m
[32m[2025-10-30 23:30:37] [INFO    ] [test_auto_detect_e2e] TEST 2: MITTLERE CONFIDENCE -> CONFIRMATION ERFORDERLICH[0m
[32m[2025-10-30 23:30:37] [INFO    ] [test_auto_detect_e2e] ======================================================================[0m
[32m[2025-10-30 23:30:37] [INFO    ] [component_11_embedding_service] Lade Embedding-Modell | model_name=paraphrase-multilingual-MiniLM-L12-v2[0m
[32m[2025-10-30 23:30:37] [INFO    ] [sentence_transformers.SentenceTransformer] Use pytorch device_name: cpu[0m
[32m[2025-10-30 23:30:37] [INFO    ] [sentence_transformers.SentenceTransformer] Load pretrained SentenceTransformer: paraphrase-multilingual-MiniLM-L12-v2[0m
[32m[2025-10-30 23:30:40] [INFO    ] [component_11_embedding_service] Embedding-Modell geladen | model_name=paraphrase-multilingual-MiniLM-L12-v2 | vector_dimension=384[0m
[32m[2025-10-30 23:30:40] [INFO    ] [component_6_linguistik_engine] [LinguisticPreprocessor] spaCy-Modell 'de_core_news_sm' erfolgreich geladen.[0m
[32m[2025-10-30 23:30:40] [INFO    ] [component_7_meaning_extractor] MeaningPointExtractor initialisiert mit zweiphasiger Erkennung[0m
[32m[2025-10-30 23:30:40] [INFO    ] [test_auto_detect_e2e] 
-> Teste: 'Der Apfel ist rot'[0m
[32m[2025-10-30 23:30:40] [INFO    ] [component_7_meaning_extractor] Definition erkannt | cue=auto_detect_has_property | category=DEFINITION[0m
[32m[2025-10-30 23:30:40] [INFO    ] [test_auto_detect_e2e]   [OK] MeaningPoint erkannt: DEFINITION (Confidence: 0.78)[0m
[32m[2025-10-30 23:30:40] [INFO    ] [component_4_goal_planner] Medium confidence (0.78, threshold=0.85) -> Confirmation Plan[0m
[32m[2025-10-30 23:30:40] [INFO    ] [test_auto_detect_e2e]   [OK] Plan erstellt: Wissen lernen (mit Confirmation)[0m
[32m[2025-10-30 23:30:40] [INFO    ] [test_auto_detect_e2e]     SubGoals: 4[0m
[32m[2025-10-30 23:30:40] [INFO    ] [test_auto_detect_e2e]       1. Best�tige die erkannte Absicht.[0m
[32m[2025-10-30 23:30:40] [INFO    ] [test_auto_detect_e2e]       2. Extrahiere Subjekt, Relation und Objekt.[0m
[32m[2025-10-30 23:30:40] [INFO    ] [test_auto_detect_e2e]       3. Speichere die Relation im Wissensgraphen.[0m
[32m[2025-10-30 23:30:40] [INFO    ] [test_auto_detect_e2e]       4. Formuliere eine Lernbest�tigung.[0m
[32m[2025-10-30 23:30:40] [INFO    ] [test_auto_detect_e2e]   [SUCCESS] TEST BESTANDEN f�r 'Der Apfel ist rot'[0m
[32m[2025-10-30 23:30:40] [INFO    ] [test_auto_detect_e2e] 
-> Teste: 'Schnee ist wei�'[0m
[32m[2025-10-30 23:30:40] [INFO    ] [component_7_meaning_extractor] Definition erkannt | cue=auto_detect_has_property | category=DEFINITION[0m
[32m[2025-10-30 23:30:40] [INFO    ] [test_auto_detect_e2e]   [OK] MeaningPoint erkannt: DEFINITION (Confidence: 0.78)[0m
[32m[2025-10-30 23:30:40] [INFO    ] [component_4_goal_planner] Medium confidence (0.78, threshold=0.85) -> Confirmation Plan[0m
[32m[2025-10-30 23:30:40] [INFO    ] [test_auto_detect_e2e]   [OK] Plan erstellt: Wissen lernen (mit Confirmation)[0m
[32m[2025-10-30 23:30:40] [INFO    ] [test_auto_detect_e2e]     SubGoals: 4[0m
[32m[2025-10-30 23:30:40] [INFO    ] [test_auto_detect_e2e]       1. Best�tige die erkannte Absicht.[0m
[32m[2025-10-30 23:30:40] [INFO    ] [test_auto_detect_e2e]       2. Extrahiere Subjekt, Relation und Objekt.[0m
[32m[2025-10-30 23:30:40] [INFO    ] [test_auto_detect_e2e]       3. Speichere die Relation im Wissensgraphen.[0m
[32m[2025-10-30 23:30:40] [INFO    ] [test_auto_detect_e2e]       4. Formuliere eine Lernbest�tigung.[0m
[32m[2025-10-30 23:30:40] [INFO    ] [test_auto_detect_e2e]   [SUCCESS] TEST BESTANDEN f�r 'Schnee ist wei�'[0m
[32m[2025-10-30 23:30:40] [INFO    ] [test_auto_detect_e2e] 
======================================================================[0m
[32m[2025-10-30 23:30:40] [INFO    ] [test_auto_detect_e2e] [SUCCESS] TEST 2 ERFOLGREICH: Alle mittleren Confidence-F�lle mit Confirmation[0m
[32m[2025-10-30 23:30:40] [INFO    ] [test_auto_detect_e2e] ======================================================================[0m
PASSED
tests/test_auto_detect_e2e.py::test_confidence_thresholds [32m[2025-10-30 23:30:40] [INFO    ] [test_auto_detect_e2e] 
======================================================================[0m
[32m[2025-10-30 23:30:40] [INFO    ] [test_auto_detect_e2e] TEST 3: CONFIDENCE-SCHWELLWERTE VALIDIERUNG[0m
[32m[2025-10-30 23:30:40] [INFO    ] [test_auto_detect_e2e] ======================================================================[0m
[32m[2025-10-30 23:30:40] [INFO    ] [test_auto_detect_e2e] 
-> Teste Grenzfall: Confidence = 0.85 (exakt)[0m
[32m[2025-10-30 23:30:40] [INFO    ] [component_4_goal_planner] High confidence (0.85, threshold=0.85) -> Direct Execution[0m
[32m[2025-10-30 23:30:40] [INFO    ] [test_auto_detect_e2e]   [OK] Confidence 0.85 -> Auto-Save (korrekt)[0m
[32m[2025-10-30 23:30:40] [INFO    ] [test_auto_detect_e2e] 
-> Teste Grenzfall: Confidence = 0.84 (knapp unter Schwelle)[0m
[32m[2025-10-30 23:30:40] [INFO    ] [component_4_goal_planner] Medium confidence (0.84, threshold=0.85) -> Confirmation Plan[0m
[32m[2025-10-30 23:30:40] [INFO    ] [test_auto_detect_e2e]   [OK] Confidence 0.84 -> Confirmation (korrekt)[0m
[32m[2025-10-30 23:30:40] [INFO    ] [test_auto_detect_e2e] 
-> Teste Grenzfall: Confidence = 0.70 (untere Grenze f�r Confirmation)[0m
[32m[2025-10-30 23:30:40] [INFO    ] [component_4_goal_planner] Medium confidence (0.70, threshold=0.85) -> Confirmation Plan[0m
[32m[2025-10-30 23:30:40] [INFO    ] [test_auto_detect_e2e]   [OK] Confidence 0.70 -> Confirmation (korrekt)[0m
[32m[2025-10-30 23:30:40] [INFO    ] [test_auto_detect_e2e] 
-> Teste Grenzfall: Confidence = 0.39 (Clarification-Bereich)[0m
[32m[2025-10-30 23:30:40] [INFO    ] [component_4_goal_planner] Low confidence (0.39) -> Clarification Plan[0m
[32m[2025-10-30 23:30:40] [INFO    ] [test_auto_detect_e2e]   [OK] Confidence 0.39 -> Clarification (korrekt)[0m
[32m[2025-10-30 23:30:40] [INFO    ] [test_auto_detect_e2e] 
======================================================================[0m
[32m[2025-10-30 23:30:40] [INFO    ] [test_auto_detect_e2e] [SUCCESS] TEST 3 ERFOLGREICH: Alle Confidence-Schwellwerte korrekt[0m
[32m[2025-10-30 23:30:40] [INFO    ] [test_auto_detect_e2e] ======================================================================[0m
PASSED
tests/test_autonomous_learning.py::test_high_confidence_auto_save [32m[2025-10-30 23:30:40] [INFO    ] [component_1_netzwerk_core] Initialisiere Neo4j-Verbindung | uri=bolt://127.0.0.1:7687 | user=neo4j[0m
[32m[2025-10-30 23:30:41] [INFO    ] [component_1_netzwerk_core] Neo4j-Verbindung erfolgreich hergestellt | uri=bolt://127.0.0.1:7687[0m
[32m[2025-10-30 23:30:41] [INFO    ] [neo4j.notifications] Received notification from DBMS server: {severity: INFORMATION} {code: Neo.ClientNotification.Schema.IndexOrConstraintAlreadyExists} {category: SCHEMA} {title: `CREATE CONSTRAINT WortLemma IF NOT EXISTS FOR (e:Wort) REQUIRE (e.lemma) IS UNIQUE` has no effect.} {description: `CONSTRAINT WortLemma FOR (e:Wort) REQUIRE (e.lemma) IS UNIQUE` already exists.} {position: None} for query: 'CREATE CONSTRAINT WortLemma IF NOT EXISTS FOR (w:Wort) REQUIRE w.lemma IS UNIQUE'[0m
[32m[2025-10-30 23:30:41] [INFO    ] [neo4j.notifications] Received notification from DBMS server: {severity: INFORMATION} {code: Neo.ClientNotification.Schema.IndexOrConstraintAlreadyExists} {category: SCHEMA} {title: `CREATE CONSTRAINT KonzeptName IF NOT EXISTS FOR (e:Konzept) REQUIRE (e.name) IS UNIQUE` has no effect.} {description: `CONSTRAINT KonzeptName FOR (e:Konzept) REQUIRE (e.name) IS UNIQUE` already exists.} {position: None} for query: 'CREATE CONSTRAINT KonzeptName IF NOT EXISTS FOR (k:Konzept) REQUIRE k.name IS UNIQUE'[0m
[32m[2025-10-30 23:30:41] [INFO    ] [neo4j.notifications] Received notification from DBMS server: {severity: INFORMATION} {code: Neo.ClientNotification.Schema.IndexOrConstraintAlreadyExists} {category: SCHEMA} {title: `CREATE CONSTRAINT ExtractionRuleType IF NOT EXISTS FOR (e:ExtractionRule) REQUIRE (e.relation_type) IS UNIQUE` has no effect.} {description: `CONSTRAINT ExtractionRuleType FOR (e:ExtractionRule) REQUIRE (e.relation_type) IS UNIQUE` already exists.} {position: None} for query: 'CREATE CONSTRAINT ExtractionRuleType IF NOT EXISTS FOR (r:ExtractionRule) REQUIRE r.relation_type IS UNIQUE'[0m
[32m[2025-10-30 23:30:41] [INFO    ] [neo4j.notifications] Received notification from DBMS server: {severity: INFORMATION} {code: Neo.ClientNotification.Schema.IndexOrConstraintAlreadyExists} {category: SCHEMA} {title: `CREATE CONSTRAINT PatternPrototypeId IF NOT EXISTS FOR (e:PatternPrototype) REQUIRE (e.id) IS UNIQUE` has no effect.} {description: `CONSTRAINT PatternPrototypeId FOR (e:PatternPrototype) REQUIRE (e.id) IS UNIQUE` already exists.} {position: None} for query: 'CREATE CONSTRAINT PatternPrototypeId IF NOT EXISTS FOR (p:PatternPrototype) REQUIRE p.id IS UNIQUE'[0m
[32m[2025-10-30 23:30:41] [INFO    ] [neo4j.notifications] Received notification from DBMS server: {severity: INFORMATION} {code: Neo.ClientNotification.Schema.IndexOrConstraintAlreadyExists} {category: SCHEMA} {title: `CREATE CONSTRAINT LexiconName IF NOT EXISTS FOR (e:Lexicon) REQUIRE (e.name) IS UNIQUE` has no effect.} {description: `CONSTRAINT LexiconName FOR (e:Lexicon) REQUIRE (e.name) IS UNIQUE` already exists.} {position: None} for query: 'CREATE CONSTRAINT LexiconName IF NOT EXISTS FOR (l:Lexicon) REQUIRE l.name IS UNIQUE'[0m
[32m[2025-10-30 23:30:41] [INFO    ] [neo4j.notifications] Received notification from DBMS server: {severity: INFORMATION} {code: Neo.ClientNotification.Schema.IndexOrConstraintAlreadyExists} {category: SCHEMA} {title: `CREATE CONSTRAINT EpisodeId IF NOT EXISTS FOR (e:Episode) REQUIRE (e.id) IS UNIQUE` has no effect.} {description: `CONSTRAINT EpisodeId FOR (e:Episode) REQUIRE (e.id) IS UNIQUE` already exists.} {position: None} for query: 'CREATE CONSTRAINT EpisodeId IF NOT EXISTS FOR (e:Episode) REQUIRE e.id IS UNIQUE'[0m
[32m[2025-10-30 23:30:41] [INFO    ] [neo4j.notifications] Received notification from DBMS server: {severity: INFORMATION} {code: Neo.ClientNotification.Schema.IndexOrConstraintAlreadyExists} {category: SCHEMA} {title: `CREATE CONSTRAINT InferenceEpisodeId IF NOT EXISTS FOR (e:InferenceEpisode) REQUIRE (e.id) IS UNIQUE` has no effect.} {description: `CONSTRAINT InferenceEpisodeId FOR (e:InferenceEpisode) REQUIRE (e.id) IS UNIQUE` already exists.} {position: None} for query: 'CREATE CONSTRAINT InferenceEpisodeId IF NOT EXISTS FOR (ie:InferenceEpisode) REQUIRE ie.id IS UNIQUE'[0m
[32m[2025-10-30 23:30:41] [INFO    ] [neo4j.notifications] Received notification from DBMS server: {severity: INFORMATION} {code: Neo.ClientNotification.Schema.IndexOrConstraintAlreadyExists} {category: SCHEMA} {title: `CREATE CONSTRAINT ProofStepId IF NOT EXISTS FOR (e:ProofStep) REQUIRE (e.id) IS UNIQUE` has no effect.} {description: `CONSTRAINT ProofStepId FOR (e:ProofStep) REQUIRE (e.id) IS UNIQUE` already exists.} {position: None} for query: 'CREATE CONSTRAINT ProofStepId IF NOT EXISTS FOR (ps:ProofStep) REQUIRE ps.id IS UNIQUE'[0m
[32m[2025-10-30 23:30:41] [INFO    ] [neo4j.notifications] Received notification from DBMS server: {severity: INFORMATION} {code: Neo.ClientNotification.Schema.IndexOrConstraintAlreadyExists} {category: SCHEMA} {title: `CREATE CONSTRAINT HypothesisId IF NOT EXISTS FOR (e:Hypothesis) REQUIRE (e.id) IS UNIQUE` has no effect.} {description: `CONSTRAINT HypothesisId FOR (e:Hypothesis) REQUIRE (e.id) IS UNIQUE` already exists.} {position: None} for query: 'CREATE CONSTRAINT HypothesisId IF NOT EXISTS FOR (h:Hypothesis) REQUIRE h.id IS UNIQUE'[0m
[32m[2025-10-30 23:30:41] [INFO    ] [component_1_netzwerk_core] Neo4j Constraints erfolgreich konfiguriert[0m
[32m[2025-10-30 23:30:41] [INFO    ] [neo4j.notifications] Received notification from DBMS server: {severity: INFORMATION} {code: Neo.ClientNotification.Schema.IndexOrConstraintAlreadyExists} {category: SCHEMA} {title: `CREATE CONSTRAINT UsageContextId IF NOT EXISTS FOR (e:UsageContext) REQUIRE (e.id) IS UNIQUE` has no effect.} {description: `CONSTRAINT UsageContextId FOR (e:UsageContext) REQUIRE (e.id) IS UNIQUE` already exists.} {position: None} for query: '\n                CREATE CONSTRAINT UsageContextId IF NOT EXISTS\n                FOR (uc:UsageContext) REQUIRE uc.id IS UNIQUE\n                '[0m
[32m[2025-10-30 23:30:41] [INFO    ] [neo4j.notifications] Received notification from DBMS server: {severity: INFORMATION} {code: Neo.ClientNotification.Schema.IndexOrConstraintAlreadyExists} {category: SCHEMA} {title: `CREATE CONSTRAINT TypoFeedbackId IF NOT EXISTS FOR (e:TypoFeedback) REQUIRE (e.id) IS UNIQUE` has no effect.} {description: `CONSTRAINT TypoFeedbackId FOR (e:TypoFeedback) REQUIRE (e.id) IS UNIQUE` already exists.} {position: None} for query: '\n                CREATE CONSTRAINT TypoFeedbackId IF NOT EXISTS\n                FOR (tf:TypoFeedback) REQUIRE tf.id IS UNIQUE\n                '[0m
[32m[2025-10-30 23:30:41] [INFO    ] [component_11_embedding_service] Lade Embedding-Modell | model_name=paraphrase-multilingual-MiniLM-L12-v2[0m
[32m[2025-10-30 23:30:41] [INFO    ] [sentence_transformers.SentenceTransformer] Use pytorch device_name: cpu[0m
[32m[2025-10-30 23:30:41] [INFO    ] [sentence_transformers.SentenceTransformer] Load pretrained SentenceTransformer: paraphrase-multilingual-MiniLM-L12-v2[0m
[32m[2025-10-30 23:30:43] [INFO    ] [component_11_embedding_service] Embedding-Modell geladen | model_name=paraphrase-multilingual-MiniLM-L12-v2 | vector_dimension=384[0m
[32m[2025-10-30 23:30:43] [INFO    ] [component_6_linguistik_engine] [LinguisticPreprocessor] spaCy-Modell 'de_core_news_sm' erfolgreich geladen.[0m
[32m[2025-10-30 23:30:43] [INFO    ] [component_7_meaning_extractor] MeaningPointExtractor initialisiert mit zweiphasiger Erkennung[0m
[32m[2025-10-30 23:30:43] [INFO    ] [component_7_meaning_extractor] Definition erkannt | cue=auto_detect_is_a | category=DEFINITION[0m
[32m[2025-10-30 23:30:43] [INFO    ] [component_4_goal_planner] High confidence (0.92, threshold=0.85) -> Direct Execution[0m
[32m[2025-10-30 23:30:43] [INFO    ] [component_7_meaning_extractor] Definition erkannt | cue=auto_detect_capable_of | category=DEFINITION[0m
[32m[2025-10-30 23:30:43] [INFO    ] [component_4_goal_planner] High confidence (0.91, threshold=0.85) -> Direct Execution[0m
[32m[2025-10-30 23:30:43] [INFO    ] [component_7_meaning_extractor] Definition erkannt | cue=auto_detect_located_in | category=DEFINITION[0m
[32m[2025-10-30 23:30:43] [INFO    ] [component_4_goal_planner] High confidence (0.93, threshold=0.85) -> Direct Execution[0m
[32m[2025-10-30 23:30:43] [INFO    ] [component_7_meaning_extractor] Definition erkannt | cue=auto_detect_is_a_plural | category=DEFINITION[0m
[32m[2025-10-30 23:30:43] [INFO    ] [component_4_goal_planner] High confidence (0.87, threshold=0.85) -> Direct Execution[0m
[32m[2025-10-30 23:30:43] [INFO    ] [component_7_meaning_extractor] Definition erkannt | cue=auto_detect_part_of | category=DEFINITION[0m
[32m[2025-10-30 23:30:43] [INFO    ] [component_4_goal_planner] High confidence (0.88, threshold=0.85) -> Direct Execution[0m
PASSED
tests/test_autonomous_learning.py::test_medium_confidence_confirmation [32m[2025-10-30 23:30:43] [INFO    ] [component_1_netzwerk_core] Initialisiere Neo4j-Verbindung | uri=bolt://127.0.0.1:7687 | user=neo4j[0m
[32m[2025-10-30 23:30:43] [INFO    ] [component_1_netzwerk_core] Neo4j-Verbindung erfolgreich hergestellt | uri=bolt://127.0.0.1:7687[0m
[32m[2025-10-30 23:30:43] [INFO    ] [neo4j.notifications] Received notification from DBMS server: {severity: INFORMATION} {code: Neo.ClientNotification.Schema.IndexOrConstraintAlreadyExists} {category: SCHEMA} {title: `CREATE CONSTRAINT WortLemma IF NOT EXISTS FOR (e:Wort) REQUIRE (e.lemma) IS UNIQUE` has no effect.} {description: `CONSTRAINT WortLemma FOR (e:Wort) REQUIRE (e.lemma) IS UNIQUE` already exists.} {position: None} for query: 'CREATE CONSTRAINT WortLemma IF NOT EXISTS FOR (w:Wort) REQUIRE w.lemma IS UNIQUE'[0m
[32m[2025-10-30 23:30:43] [INFO    ] [neo4j.notifications] Received notification from DBMS server: {severity: INFORMATION} {code: Neo.ClientNotification.Schema.IndexOrConstraintAlreadyExists} {category: SCHEMA} {title: `CREATE CONSTRAINT KonzeptName IF NOT EXISTS FOR (e:Konzept) REQUIRE (e.name) IS UNIQUE` has no effect.} {description: `CONSTRAINT KonzeptName FOR (e:Konzept) REQUIRE (e.name) IS UNIQUE` already exists.} {position: None} for query: 'CREATE CONSTRAINT KonzeptName IF NOT EXISTS FOR (k:Konzept) REQUIRE k.name IS UNIQUE'[0m
[32m[2025-10-30 23:30:43] [INFO    ] [neo4j.notifications] Received notification from DBMS server: {severity: INFORMATION} {code: Neo.ClientNotification.Schema.IndexOrConstraintAlreadyExists} {category: SCHEMA} {title: `CREATE CONSTRAINT ExtractionRuleType IF NOT EXISTS FOR (e:ExtractionRule) REQUIRE (e.relation_type) IS UNIQUE` has no effect.} {description: `CONSTRAINT ExtractionRuleType FOR (e:ExtractionRule) REQUIRE (e.relation_type) IS UNIQUE` already exists.} {position: None} for query: 'CREATE CONSTRAINT ExtractionRuleType IF NOT EXISTS FOR (r:ExtractionRule) REQUIRE r.relation_type IS UNIQUE'[0m
[32m[2025-10-30 23:30:43] [INFO    ] [neo4j.notifications] Received notification from DBMS server: {severity: INFORMATION} {code: Neo.ClientNotification.Schema.IndexOrConstraintAlreadyExists} {category: SCHEMA} {title: `CREATE CONSTRAINT PatternPrototypeId IF NOT EXISTS FOR (e:PatternPrototype) REQUIRE (e.id) IS UNIQUE` has no effect.} {description: `CONSTRAINT PatternPrototypeId FOR (e:PatternPrototype) REQUIRE (e.id) IS UNIQUE` already exists.} {position: None} for query: 'CREATE CONSTRAINT PatternPrototypeId IF NOT EXISTS FOR (p:PatternPrototype) REQUIRE p.id IS UNIQUE'[0m
[32m[2025-10-30 23:30:43] [INFO    ] [neo4j.notifications] Received notification from DBMS server: {severity: INFORMATION} {code: Neo.ClientNotification.Schema.IndexOrConstraintAlreadyExists} {category: SCHEMA} {title: `CREATE CONSTRAINT LexiconName IF NOT EXISTS FOR (e:Lexicon) REQUIRE (e.name) IS UNIQUE` has no effect.} {description: `CONSTRAINT LexiconName FOR (e:Lexicon) REQUIRE (e.name) IS UNIQUE` already exists.} {position: None} for query: 'CREATE CONSTRAINT LexiconName IF NOT EXISTS FOR (l:Lexicon) REQUIRE l.name IS UNIQUE'[0m
[32m[2025-10-30 23:30:43] [INFO    ] [neo4j.notifications] Received notification from DBMS server: {severity: INFORMATION} {code: Neo.ClientNotification.Schema.IndexOrConstraintAlreadyExists} {category: SCHEMA} {title: `CREATE CONSTRAINT EpisodeId IF NOT EXISTS FOR (e:Episode) REQUIRE (e.id) IS UNIQUE` has no effect.} {description: `CONSTRAINT EpisodeId FOR (e:Episode) REQUIRE (e.id) IS UNIQUE` already exists.} {position: None} for query: 'CREATE CONSTRAINT EpisodeId IF NOT EXISTS FOR (e:Episode) REQUIRE e.id IS UNIQUE'[0m
[32m[2025-10-30 23:30:43] [INFO    ] [neo4j.notifications] Received notification from DBMS server: {severity: INFORMATION} {code: Neo.ClientNotification.Schema.IndexOrConstraintAlreadyExists} {category: SCHEMA} {title: `CREATE CONSTRAINT InferenceEpisodeId IF NOT EXISTS FOR (e:InferenceEpisode) REQUIRE (e.id) IS UNIQUE` has no effect.} {description: `CONSTRAINT InferenceEpisodeId FOR (e:InferenceEpisode) REQUIRE (e.id) IS UNIQUE` already exists.} {position: None} for query: 'CREATE CONSTRAINT InferenceEpisodeId IF NOT EXISTS FOR (ie:InferenceEpisode) REQUIRE ie.id IS UNIQUE'[0m
[32m[2025-10-30 23:30:43] [INFO    ] [neo4j.notifications] Received notification from DBMS server: {severity: INFORMATION} {code: Neo.ClientNotification.Schema.IndexOrConstraintAlreadyExists} {category: SCHEMA} {title: `CREATE CONSTRAINT ProofStepId IF NOT EXISTS FOR (e:ProofStep) REQUIRE (e.id) IS UNIQUE` has no effect.} {description: `CONSTRAINT ProofStepId FOR (e:ProofStep) REQUIRE (e.id) IS UNIQUE` already exists.} {position: None} for query: 'CREATE CONSTRAINT ProofStepId IF NOT EXISTS FOR (ps:ProofStep) REQUIRE ps.id IS UNIQUE'[0m
[32m[2025-10-30 23:30:43] [INFO    ] [neo4j.notifications] Received notification from DBMS server: {severity: INFORMATION} {code: Neo.ClientNotification.Schema.IndexOrConstraintAlreadyExists} {category: SCHEMA} {title: `CREATE CONSTRAINT HypothesisId IF NOT EXISTS FOR (e:Hypothesis) REQUIRE (e.id) IS UNIQUE` has no effect.} {description: `CONSTRAINT HypothesisId FOR (e:Hypothesis) REQUIRE (e.id) IS UNIQUE` already exists.} {position: None} for query: 'CREATE CONSTRAINT HypothesisId IF NOT EXISTS FOR (h:Hypothesis) REQUIRE h.id IS UNIQUE'[0m
[32m[2025-10-30 23:30:43] [INFO    ] [component_1_netzwerk_core] Neo4j Constraints erfolgreich konfiguriert[0m
[32m[2025-10-30 23:30:43] [INFO    ] [neo4j.notifications] Received notification from DBMS server: {severity: INFORMATION} {code: Neo.ClientNotification.Schema.IndexOrConstraintAlreadyExists} {category: SCHEMA} {title: `CREATE CONSTRAINT UsageContextId IF NOT EXISTS FOR (e:UsageContext) REQUIRE (e.id) IS UNIQUE` has no effect.} {description: `CONSTRAINT UsageContextId FOR (e:UsageContext) REQUIRE (e.id) IS UNIQUE` already exists.} {position: None} for query: '\n                CREATE CONSTRAINT UsageContextId IF NOT EXISTS\n                FOR (uc:UsageContext) REQUIRE uc.id IS UNIQUE\n                '[0m
[32m[2025-10-30 23:30:43] [INFO    ] [neo4j.notifications] Received notification from DBMS server: {severity: INFORMATION} {code: Neo.ClientNotification.Schema.IndexOrConstraintAlreadyExists} {category: SCHEMA} {title: `CREATE CONSTRAINT TypoFeedbackId IF NOT EXISTS FOR (e:TypoFeedback) REQUIRE (e.id) IS UNIQUE` has no effect.} {description: `CONSTRAINT TypoFeedbackId FOR (e:TypoFeedback) REQUIRE (e.id) IS UNIQUE` already exists.} {position: None} for query: '\n                CREATE CONSTRAINT TypoFeedbackId IF NOT EXISTS\n                FOR (tf:TypoFeedback) REQUIRE tf.id IS UNIQUE\n                '[0m
[32m[2025-10-30 23:30:43] [INFO    ] [component_11_embedding_service] Lade Embedding-Modell | model_name=paraphrase-multilingual-MiniLM-L12-v2[0m
[32m[2025-10-30 23:30:43] [INFO    ] [sentence_transformers.SentenceTransformer] Use pytorch device_name: cpu[0m
[32m[2025-10-30 23:30:43] [INFO    ] [sentence_transformers.SentenceTransformer] Load pretrained SentenceTransformer: paraphrase-multilingual-MiniLM-L12-v2[0m
[32m[2025-10-30 23:30:46] [INFO    ] [component_11_embedding_service] Embedding-Modell geladen | model_name=paraphrase-multilingual-MiniLM-L12-v2 | vector_dimension=384[0m
[32m[2025-10-30 23:30:46] [INFO    ] [component_6_linguistik_engine] [LinguisticPreprocessor] spaCy-Modell 'de_core_news_sm' erfolgreich geladen.[0m
[32m[2025-10-30 23:30:46] [INFO    ] [component_7_meaning_extractor] MeaningPointExtractor initialisiert mit zweiphasiger Erkennung[0m
[32m[2025-10-30 23:30:46] [INFO    ] [component_7_meaning_extractor] Definition erkannt | cue=auto_detect_is_a_plural | category=DEFINITION[0m
[32m[2025-10-30 23:30:46] [INFO    ] [component_4_goal_planner] High confidence (0.87, threshold=0.85) -> Direct Execution[0m
[32m[2025-10-30 23:30:46] [INFO    ] [component_7_meaning_extractor] Definition erkannt | cue=auto_detect_is_a_plural | category=DEFINITION[0m
[32m[2025-10-30 23:30:46] [INFO    ] [component_4_goal_planner] High confidence (0.87, threshold=0.85) -> Direct Execution[0m
PASSED
tests/test_autonomous_learning.py::test_question_vs_definition_detection [32m[2025-10-30 23:30:46] [INFO    ] [component_1_netzwerk_core] Initialisiere Neo4j-Verbindung | uri=bolt://127.0.0.1:7687 | user=neo4j[0m
[32m[2025-10-30 23:30:46] [INFO    ] [component_1_netzwerk_core] Neo4j-Verbindung erfolgreich hergestellt | uri=bolt://127.0.0.1:7687[0m
[32m[2025-10-30 23:30:46] [INFO    ] [neo4j.notifications] Received notification from DBMS server: {severity: INFORMATION} {code: Neo.ClientNotification.Schema.IndexOrConstraintAlreadyExists} {category: SCHEMA} {title: `CREATE CONSTRAINT WortLemma IF NOT EXISTS FOR (e:Wort) REQUIRE (e.lemma) IS UNIQUE` has no effect.} {description: `CONSTRAINT WortLemma FOR (e:Wort) REQUIRE (e.lemma) IS UNIQUE` already exists.} {position: None} for query: 'CREATE CONSTRAINT WortLemma IF NOT EXISTS FOR (w:Wort) REQUIRE w.lemma IS UNIQUE'[0m
[32m[2025-10-30 23:30:46] [INFO    ] [neo4j.notifications] Received notification from DBMS server: {severity: INFORMATION} {code: Neo.ClientNotification.Schema.IndexOrConstraintAlreadyExists} {category: SCHEMA} {title: `CREATE CONSTRAINT KonzeptName IF NOT EXISTS FOR (e:Konzept) REQUIRE (e.name) IS UNIQUE` has no effect.} {description: `CONSTRAINT KonzeptName FOR (e:Konzept) REQUIRE (e.name) IS UNIQUE` already exists.} {position: None} for query: 'CREATE CONSTRAINT KonzeptName IF NOT EXISTS FOR (k:Konzept) REQUIRE k.name IS UNIQUE'[0m
[32m[2025-10-30 23:30:46] [INFO    ] [neo4j.notifications] Received notification from DBMS server: {severity: INFORMATION} {code: Neo.ClientNotification.Schema.IndexOrConstraintAlreadyExists} {category: SCHEMA} {title: `CREATE CONSTRAINT ExtractionRuleType IF NOT EXISTS FOR (e:ExtractionRule) REQUIRE (e.relation_type) IS UNIQUE` has no effect.} {description: `CONSTRAINT ExtractionRuleType FOR (e:ExtractionRule) REQUIRE (e.relation_type) IS UNIQUE` already exists.} {position: None} for query: 'CREATE CONSTRAINT ExtractionRuleType IF NOT EXISTS FOR (r:ExtractionRule) REQUIRE r.relation_type IS UNIQUE'[0m
[32m[2025-10-30 23:30:46] [INFO    ] [neo4j.notifications] Received notification from DBMS server: {severity: INFORMATION} {code: Neo.ClientNotification.Schema.IndexOrConstraintAlreadyExists} {category: SCHEMA} {title: `CREATE CONSTRAINT PatternPrototypeId IF NOT EXISTS FOR (e:PatternPrototype) REQUIRE (e.id) IS UNIQUE` has no effect.} {description: `CONSTRAINT PatternPrototypeId FOR (e:PatternPrototype) REQUIRE (e.id) IS UNIQUE` already exists.} {position: None} for query: 'CREATE CONSTRAINT PatternPrototypeId IF NOT EXISTS FOR (p:PatternPrototype) REQUIRE p.id IS UNIQUE'[0m
[32m[2025-10-30 23:30:46] [INFO    ] [neo4j.notifications] Received notification from DBMS server: {severity: INFORMATION} {code: Neo.ClientNotification.Schema.IndexOrConstraintAlreadyExists} {category: SCHEMA} {title: `CREATE CONSTRAINT LexiconName IF NOT EXISTS FOR (e:Lexicon) REQUIRE (e.name) IS UNIQUE` has no effect.} {description: `CONSTRAINT LexiconName FOR (e:Lexicon) REQUIRE (e.name) IS UNIQUE` already exists.} {position: None} for query: 'CREATE CONSTRAINT LexiconName IF NOT EXISTS FOR (l:Lexicon) REQUIRE l.name IS UNIQUE'[0m
[32m[2025-10-30 23:30:46] [INFO    ] [neo4j.notifications] Received notification from DBMS server: {severity: INFORMATION} {code: Neo.ClientNotification.Schema.IndexOrConstraintAlreadyExists} {category: SCHEMA} {title: `CREATE CONSTRAINT EpisodeId IF NOT EXISTS FOR (e:Episode) REQUIRE (e.id) IS UNIQUE` has no effect.} {description: `CONSTRAINT EpisodeId FOR (e:Episode) REQUIRE (e.id) IS UNIQUE` already exists.} {position: None} for query: 'CREATE CONSTRAINT EpisodeId IF NOT EXISTS FOR (e:Episode) REQUIRE e.id IS UNIQUE'[0m
[32m[2025-10-30 23:30:46] [INFO    ] [neo4j.notifications] Received notification from DBMS server: {severity: INFORMATION} {code: Neo.ClientNotification.Schema.IndexOrConstraintAlreadyExists} {category: SCHEMA} {title: `CREATE CONSTRAINT InferenceEpisodeId IF NOT EXISTS FOR (e:InferenceEpisode) REQUIRE (e.id) IS UNIQUE` has no effect.} {description: `CONSTRAINT InferenceEpisodeId FOR (e:InferenceEpisode) REQUIRE (e.id) IS UNIQUE` already exists.} {position: None} for query: 'CREATE CONSTRAINT InferenceEpisodeId IF NOT EXISTS FOR (ie:InferenceEpisode) REQUIRE ie.id IS UNIQUE'[0m
[32m[2025-10-30 23:30:46] [INFO    ] [neo4j.notifications] Received notification from DBMS server: {severity: INFORMATION} {code: Neo.ClientNotification.Schema.IndexOrConstraintAlreadyExists} {category: SCHEMA} {title: `CREATE CONSTRAINT ProofStepId IF NOT EXISTS FOR (e:ProofStep) REQUIRE (e.id) IS UNIQUE` has no effect.} {description: `CONSTRAINT ProofStepId FOR (e:ProofStep) REQUIRE (e.id) IS UNIQUE` already exists.} {position: None} for query: 'CREATE CONSTRAINT ProofStepId IF NOT EXISTS FOR (ps:ProofStep) REQUIRE ps.id IS UNIQUE'[0m
[32m[2025-10-30 23:30:46] [INFO    ] [neo4j.notifications] Received notification from DBMS server: {severity: INFORMATION} {code: Neo.ClientNotification.Schema.IndexOrConstraintAlreadyExists} {category: SCHEMA} {title: `CREATE CONSTRAINT HypothesisId IF NOT EXISTS FOR (e:Hypothesis) REQUIRE (e.id) IS UNIQUE` has no effect.} {description: `CONSTRAINT HypothesisId FOR (e:Hypothesis) REQUIRE (e.id) IS UNIQUE` already exists.} {position: None} for query: 'CREATE CONSTRAINT HypothesisId IF NOT EXISTS FOR (h:Hypothesis) REQUIRE h.id IS UNIQUE'[0m
[32m[2025-10-30 23:30:46] [INFO    ] [component_1_netzwerk_core] Neo4j Constraints erfolgreich konfiguriert[0m
[32m[2025-10-30 23:30:46] [INFO    ] [neo4j.notifications] Received notification from DBMS server: {severity: INFORMATION} {code: Neo.ClientNotification.Schema.IndexOrConstraintAlreadyExists} {category: SCHEMA} {title: `CREATE CONSTRAINT UsageContextId IF NOT EXISTS FOR (e:UsageContext) REQUIRE (e.id) IS UNIQUE` has no effect.} {description: `CONSTRAINT UsageContextId FOR (e:UsageContext) REQUIRE (e.id) IS UNIQUE` already exists.} {position: None} for query: '\n                CREATE CONSTRAINT UsageContextId IF NOT EXISTS\n                FOR (uc:UsageContext) REQUIRE uc.id IS UNIQUE\n                '[0m
[32m[2025-10-30 23:30:46] [INFO    ] [neo4j.notifications] Received notification from DBMS server: {severity: INFORMATION} {code: Neo.ClientNotification.Schema.IndexOrConstraintAlreadyExists} {category: SCHEMA} {title: `CREATE CONSTRAINT TypoFeedbackId IF NOT EXISTS FOR (e:TypoFeedback) REQUIRE (e.id) IS UNIQUE` has no effect.} {description: `CONSTRAINT TypoFeedbackId FOR (e:TypoFeedback) REQUIRE (e.id) IS UNIQUE` already exists.} {position: None} for query: '\n                CREATE CONSTRAINT TypoFeedbackId IF NOT EXISTS\n                FOR (tf:TypoFeedback) REQUIRE tf.id IS UNIQUE\n                '[0m
[32m[2025-10-30 23:30:46] [INFO    ] [component_11_embedding_service] Lade Embedding-Modell | model_name=paraphrase-multilingual-MiniLM-L12-v2[0m
[32m[2025-10-30 23:30:46] [INFO    ] [sentence_transformers.SentenceTransformer] Use pytorch device_name: cpu[0m
[32m[2025-10-30 23:30:46] [INFO    ] [sentence_transformers.SentenceTransformer] Load pretrained SentenceTransformer: paraphrase-multilingual-MiniLM-L12-v2[0m
[32m[2025-10-30 23:30:49] [INFO    ] [component_11_embedding_service] Embedding-Modell geladen | model_name=paraphrase-multilingual-MiniLM-L12-v2 | vector_dimension=384[0m
[32m[2025-10-30 23:30:49] [INFO    ] [component_6_linguistik_engine] [LinguisticPreprocessor] spaCy-Modell 'de_core_news_sm' erfolgreich geladen.[0m
[32m[2025-10-30 23:30:49] [INFO    ] [component_7_meaning_extractor] MeaningPointExtractor initialisiert mit zweiphasiger Erkennung[0m

================================================================================
TEST 1: HIGH CONFIDENCE AUTO-SAVE
================================================================================


-> Teste: 'Ein Hund ist ein Tier'
  Kategorie: DEFINITION
  Confidence: 0.92
  Relation: IS_A
  OK Test bestanden: Auto-Save (keine Bestätigung)

-> Teste: 'Ein Vogel kann fliegen'
  Kategorie: DEFINITION
  Confidence: 0.91
  Relation: CAPABLE_OF
  OK Test bestanden: Auto-Save (keine Bestätigung)

-> Teste: 'Berlin liegt in Deutschland'
  Kategorie: DEFINITION
  Confidence: 0.93
  Relation: LOCATED_IN
  OK Test bestanden: Auto-Save (keine Bestätigung)

-> Teste: 'Katzen sind Säugetiere'
  Kategorie: DEFINITION
  Confidence: 0.87
  Relation: IS_A
  OK Test bestanden: Auto-Save (keine Bestätigung)

-> Teste: 'Ein Auto hat Räder'
  Kategorie: DEFINITION
  Confidence: 0.88
  Relation: PART_OF
  OK Test bestanden: Auto-Save (keine Bestätigung)

================================================================================
TEST 1 ABGESCHLOSSEN: Alle High-Confidence Tests bestanden
================================================================================

================================================================================
TEST 2: MEDIUM CONFIDENCE CONFIRMATION
================================================================================


-> Teste: 'Hunde sind intelligent'
  Kategorie: DEFINITION
  Confidence: 0.87
  Relation: IS_A
  [INFO]  Note: High Confidence 0.87 -> Auto-Save (keine Bestätigung)

-> Teste: 'Katzen sind schnell'
  Kategorie: DEFINITION
  Confidence: 0.87
  Relation: IS_A
  [INFO]  Note: High Confidence 0.87 -> Auto-Save (keine Bestätigung)

================================================================================
TEST 2 ABGESCHLOSSEN: Alle Medium-Confidence Tests bestanden
================================================================================

================================================================================
TEST 3: QUESTION VS DEFINITION DETECTION
================================================================================


-> Teste Fragen (sollten NICHT als DEFINITION erkannt werden):
Batches:   0%|          | 0/1 [00:00<?, ?it/s]Batches: 100%|██████████| 1/1 [00:00<00:00, 36.63it/s][33m[2025-10-30 23:30:49] [WARNING ] [component_8_prototype_matcher] Fehler beim Verarbeiten von Prototyp 035eb473-17a0-40b9-8c12-0d1f7f6d6e98: operands could not be broadcast together with shapes (384,) (2,) [0m
[32m[2025-10-30 23:30:49] [INFO    ] [component_7_meaning_extractor] Heuristik-Match gefunden | cue=heuristic_question_wh | category=QUESTION[0m

  'Was ist ein Hund?' -> QUESTION (Confidence: 0.80)
Batches:   0%|          | 0/1 [00:00<?, ?it/s]Batches: 100%|██████████| 1/1 [00:00<00:00, 168.27it/s][33m[2025-10-30 23:30:49] [WARNING ] [component_8_prototype_matcher] Fehler beim Verarbeiten von Prototyp 035eb473-17a0-40b9-8c12-0d1f7f6d6e98: operands could not be broadcast together with shapes (384,) (2,) [0m
[32m[2025-10-30 23:30:49] [INFO    ] [component_7_meaning_extractor] Heuristik-Match gefunden | cue=heuristic_question_where | category=QUESTION[0m

  'Wo liegt Berlin?' -> QUESTION (Confidence: 0.85)
Batches:   0%|          | 0/1 [00:00<?, ?it/s]Batches: 100%|██████████| 1/1 [00:00<00:00, 192.89it/s][33m[2025-10-30 23:30:49] [WARNING ] [component_8_prototype_matcher] Fehler beim Verarbeiten von Prototyp 035eb473-17a0-40b9-8c12-0d1f7f6d6e98: operands could not be broadcast together with shapes (384,) (2,) [0m
[33m[2025-10-30 23:30:49] [WARNING ] [component_7_meaning_extractor] Keine Bedeutung extrahiert | text_preview=Was kann ein Vogel? | text_length=19[0m
[32m[2025-10-30 23:30:49] [INFO    ] [component_7_meaning_extractor] Definition erkannt | cue=auto_detect_is_a | category=DEFINITION[0m
[32m[2025-10-30 23:30:49] [INFO    ] [component_7_meaning_extractor] Definition erkannt | cue=auto_detect_located_in | category=DEFINITION[0m
[32m[2025-10-30 23:30:49] [INFO    ] [component_7_meaning_extractor] Definition erkannt | cue=auto_detect_capable_of | category=DEFINITION[0m
PASSED
tests/test_backward_chaining.py::TestBackwardChaining::test_prove_goal_by_direct_fact [32m[2025-10-30 23:30:49] [INFO    ] [conftest] [CLEANUP] Alle Test-Konzepte mit Praefix 'test_' geloescht.[0m
[32m[2025-10-30 23:30:49] [INFO    ] [component_16_probabilistic_engine] ProbabilisticEngine initialisiert.[0m
[32m[2025-10-30 23:30:49] [INFO    ] [component_9_logik_engine] Logik-Engine initialisiert mit probabilistischer Unterst�tzung.[0m
[32m[2025-10-30 23:30:49] [INFO    ] [component_9_logik_engine] Logik-Engine initialisiert mit SAT-Solver f�r Boolean Reasoning.[0m
[32m[2025-10-30 23:30:49] [INFO    ] [component_9_logik_engine] [BC] Beweise Goal (depth=0): IS_A {'subject': 'test_bc_hund', 'object': 'test_bc_tier'}[0m
[32m[2025-10-30 23:30:49] [INFO    ] [component_9_logik_engine]   [OK] Direkt durch Fakt bewiesen: IS_A[0m
[32m[2025-10-30 23:30:49] [INFO    ] [test_backward_chaining] [SUCCESS] Direct Fact Proof erfolgreich[0m
[32m[2025-10-30 23:30:49] [INFO    ] [test_backward_chaining] Proof Trace:
[Goal] IS_A(subject=test_bc_hund, object=test_bc_tier)
  [OK] Direkt durch Fakt (confidence=1.00)[0m
PASSED[32m[2025-10-30 23:30:49] [INFO    ] [conftest] [CLEANUP] Alle Test-Konzepte mit Praefix 'test_' geloescht.[0m

tests/test_backward_chaining.py::TestBackwardChaining::test_prove_goal_by_rule_with_subgoals [32m[2025-10-30 23:30:49] [INFO    ] [conftest] [CLEANUP] Alle Test-Konzepte mit Praefix 'test_' geloescht.[0m
[32m[2025-10-30 23:30:49] [INFO    ] [component_16_probabilistic_engine] ProbabilisticEngine initialisiert.[0m
[32m[2025-10-30 23:30:49] [INFO    ] [component_9_logik_engine] Logik-Engine initialisiert mit probabilistischer Unterst�tzung.[0m
[32m[2025-10-30 23:30:49] [INFO    ] [component_9_logik_engine] Logik-Engine initialisiert mit SAT-Solver f�r Boolean Reasoning.[0m
[32m[2025-10-30 23:30:49] [INFO    ] [component_9_logik_engine] [BC] Beweise Goal (depth=0): IS_A {'subject': 'test_bc_whale', 'object': 'test_bc_animal'}[0m
[32m[2025-10-30 23:30:49] [INFO    ] [component_9_logik_engine] [BC] Beweise Goal (depth=1): IS_A {'subject': 'test_bc_whale', 'object': 'test_bc_mammal'}[0m
[32m[2025-10-30 23:30:49] [INFO    ] [component_9_logik_engine]   [OK] Direkt durch Fakt bewiesen: IS_A[0m
[32m[2025-10-30 23:30:49] [INFO    ] [component_9_logik_engine]   [OK] Durch Regel bewiesen: IS_A[0m
[32m[2025-10-30 23:30:49] [INFO    ] [test_backward_chaining] [SUCCESS] Rule-Based Proof mit Subgoals erfolgreich[0m
[32m[2025-10-30 23:30:49] [INFO    ] [test_backward_chaining] Proof Trace:
[Goal] IS_A(subject=test_bc_whale, object=test_bc_animal)
  [OK] Durch Regel: test_bc_rule_mammal
    Bindings: {'?x': 'test_bc_whale'}
    [Goal] IS_A(subject=test_bc_whale, object=test_bc_mammal)
      [OK] Direkt durch Fakt (confidence=1.00)[0m
PASSED[32m[2025-10-30 23:30:49] [INFO    ] [conftest] [CLEANUP] Alle Test-Konzepte mit Praefix 'test_' geloescht.[0m

tests/test_backward_chaining.py::TestBackwardChaining::test_prove_goal_with_multi_hop_graph_traversal [32m[2025-10-30 23:30:49] [INFO    ] [conftest] [CLEANUP] Alle Test-Konzepte mit Praefix 'test_' geloescht.[0m
[32m[2025-10-30 23:30:49] [INFO    ] [component_16_probabilistic_engine] ProbabilisticEngine initialisiert.[0m
[32m[2025-10-30 23:30:49] [INFO    ] [component_9_logik_engine] Logik-Engine initialisiert mit probabilistischer Unterst�tzung.[0m
[32m[2025-10-30 23:30:49] [INFO    ] [component_9_logik_engine] Logik-Engine initialisiert mit SAT-Solver f�r Boolean Reasoning.[0m
[32m[2025-10-30 23:30:49] [INFO    ] [component_1_netzwerk_core] Neue Relation erstellt | subject=test_bc_collie | relation=IS_A | object=test_bc_dog | source=test[0m
[32m[2025-10-30 23:30:49] [INFO    ] [component_1_netzwerk_core] Neue Relation erstellt | subject=test_bc_dog | relation=IS_A | object=test_bc_mammal | source=test[0m
[32m[2025-10-30 23:30:49] [INFO    ] [component_1_netzwerk_core] Neue Relation erstellt | subject=test_bc_mammal | relation=IS_A | object=test_bc_creature | source=test[0m
[32m[2025-10-30 23:30:49] [INFO    ] [component_9_logik_engine] [BC] Beweise Goal (depth=0): IS_A {'subject': 'test_bc_collie', 'object': 'test_bc_creature'}[0m
[32m[2025-10-30 23:30:49] [INFO    ] [component_9_logik_engine]   Graph-Pfad gefunden: test_bc_collie -[IS_A*3]-> test_bc_creature[0m
[32m[2025-10-30 23:30:49] [INFO    ] [component_9_logik_engine]   [OK] Durch Graph-Traversal bewiesen: IS_A[0m
[32m[2025-10-30 23:30:49] [INFO    ] [test_backward_chaining] [SUCCESS] Multi-Hop Graph Traversal erfolgreich[0m
[32m[2025-10-30 23:30:49] [INFO    ] [test_backward_chaining] Confidence: 0.25[0m
[32m[2025-10-30 23:30:49] [INFO    ] [test_backward_chaining] Proof Trace:
[Goal] IS_A(subject=test_bc_collie, object=test_bc_creature)
  [OK] Durch Graph-Traversal (confidence=0.25)
    IS_A: {'subject': 'test_bc_collie', 'object': 'test_bc_creature'}[0m
PASSED[32m[2025-10-30 23:30:49] [INFO    ] [conftest] [CLEANUP] Alle Test-Konzepte mit Praefix 'test_' geloescht.[0m

tests/test_backward_chaining.py::TestBackwardChaining::test_prove_goal_with_nested_subgoals [32m[2025-10-30 23:30:49] [INFO    ] [conftest] [CLEANUP] Alle Test-Konzepte mit Praefix 'test_' geloescht.[0m
[32m[2025-10-30 23:30:49] [INFO    ] [component_16_probabilistic_engine] ProbabilisticEngine initialisiert.[0m
[32m[2025-10-30 23:30:49] [INFO    ] [component_9_logik_engine] Logik-Engine initialisiert mit probabilistischer Unterst�tzung.[0m
[32m[2025-10-30 23:30:49] [INFO    ] [component_9_logik_engine] Logik-Engine initialisiert mit SAT-Solver f�r Boolean Reasoning.[0m
[32m[2025-10-30 23:30:49] [INFO    ] [component_9_logik_engine] [BC] Beweise Goal (depth=0): IS_A {'subject': 'test_bc_elephant', 'object': 'test_bc_animal'}[0m
[32m[2025-10-30 23:30:49] [INFO    ] [component_9_logik_engine] [BC] Beweise Goal (depth=1): IS_A {'subject': 'test_bc_elephant', 'object': 'test_bc_mammal'}[0m
[32m[2025-10-30 23:30:49] [INFO    ] [component_9_logik_engine] [BC] Beweise Goal (depth=2): HAS_PROPERTY {'subject': 'test_bc_elephant', 'property': 'test_bc_warm_blooded'}[0m
[32m[2025-10-30 23:30:49] [INFO    ] [component_9_logik_engine]   [OK] Direkt durch Fakt bewiesen: HAS_PROPERTY[0m
[32m[2025-10-30 23:30:49] [INFO    ] [component_9_logik_engine] [BC] Beweise Goal (depth=2): CAPABLE_OF {'subject': 'test_bc_elephant', 'action': 'test_bc_nurse_young'}[0m
[32m[2025-10-30 23:30:49] [INFO    ] [component_9_logik_engine]   [OK] Direkt durch Fakt bewiesen: CAPABLE_OF[0m
[32m[2025-10-30 23:30:49] [INFO    ] [component_9_logik_engine]   [OK] Durch Regel bewiesen: IS_A[0m
[32m[2025-10-30 23:30:49] [INFO    ] [component_9_logik_engine]   [OK] Durch Regel bewiesen: IS_A[0m
[32m[2025-10-30 23:30:49] [INFO    ] [test_backward_chaining] [SUCCESS] Nested Subgoal Reasoning erfolgreich[0m
[32m[2025-10-30 23:30:49] [INFO    ] [test_backward_chaining] Proof Trace:
[Goal] IS_A(subject=test_bc_elephant, object=test_bc_animal)
  [OK] Durch Regel: test_bc_mammal_to_animal
    Bindings: {'?x': 'test_bc_elephant'}
    [Goal] IS_A(subject=test_bc_elephant, object=test_bc_mammal)
      [OK] Durch Regel: test_bc_define_mammal
        Bindings: {'?x': 'test_bc_elephant'}
        [Goal] HAS_PROPERTY(subject=test_bc_elephant, property=test_bc_warm_blooded)
          [OK] Direkt durch Fakt (confidence=1.00)
        [Goal] CAPABLE_OF(subject=test_bc_elephant, action=test_bc_nurse_young)
          [OK] Direkt durch Fakt (confidence=1.00)[0m
PASSED[32m[2025-10-30 23:30:49] [INFO    ] [conftest] [CLEANUP] Alle Test-Konzepte mit Praefix 'test_' geloescht.[0m

tests/test_backward_chaining.py::TestBackwardChaining::test_hybrid_reasoning_forward_and_backward [32m[2025-10-30 23:30:49] [INFO    ] [conftest] [CLEANUP] Alle Test-Konzepte mit Praefix 'test_' geloescht.[0m
[32m[2025-10-30 23:30:49] [INFO    ] [component_16_probabilistic_engine] ProbabilisticEngine initialisiert.[0m
[32m[2025-10-30 23:30:49] [INFO    ] [component_9_logik_engine] Logik-Engine initialisiert mit probabilistischer Unterst�tzung.[0m
[32m[2025-10-30 23:30:49] [INFO    ] [component_9_logik_engine] Logik-Engine initialisiert mit SAT-Solver f�r Boolean Reasoning.[0m
[32m[2025-10-30 23:30:49] [INFO    ] [component_9_logik_engine] === Hybrid Reasoning: Forward + Backward ===[0m
[32m[2025-10-30 23:30:49] [INFO    ] [component_9_logik_engine] Phase 1: Forward-Chaining...[0m
[32m[2025-10-30 23:30:49] [INFO    ] [component_9_logik_engine] FEUERE REGEL: test_bc_hybrid_rule mit Bindings: {'?x': 'test_bc_h_rex'}[0m
[32m[2025-10-30 23:30:49] [INFO    ] [component_9_logik_engine]   => Neuer Fakt: Fact(pred='IS_A', args={'subject': 'test_bc_h_rex', 'object': 'test_bc_h_mammal'}, confidence=1.0, source='rule:test_bc_hybrid_rule', timestamp=1761863449.9436128, status='believed', support=['test_bc_hybrid_rule', 'fact-75da3f'], id='fact-3dc205')[0m
[32m[2025-10-30 23:30:49] [INFO    ] [component_9_logik_engine] Phase 2: Backward-Chaining f�r Goal: IS_A[0m
[32m[2025-10-30 23:30:49] [INFO    ] [component_9_logik_engine] [BC] Beweise Goal (depth=0): IS_A {'subject': 'test_bc_h_rex', 'object': 'test_bc_h_mammal'}[0m
[32m[2025-10-30 23:30:49] [INFO    ] [component_9_logik_engine]   [OK] Direkt durch Fakt bewiesen: IS_A[0m
[32m[2025-10-30 23:30:49] [INFO    ] [component_9_logik_engine] === Goal erfolgreich bewiesen ===[0m
[32m[2025-10-30 23:30:49] [INFO    ] [component_9_logik_engine] [Goal] IS_A(subject=test_bc_h_rex, object=test_bc_h_mammal)
  [OK] Direkt durch Fakt (confidence=1.00)[0m
[32m[2025-10-30 23:30:49] [INFO    ] [test_backward_chaining] [SUCCESS] Hybrid Reasoning (Forward + Backward) erfolgreich[0m
[32m[2025-10-30 23:30:49] [INFO    ] [test_backward_chaining] Abgeleitete Fakten: 1[0m
[32m[2025-10-30 23:30:49] [INFO    ] [test_backward_chaining] Proof Trace:
[Goal] IS_A(subject=test_bc_h_rex, object=test_bc_h_mammal)
  [OK] Direkt durch Fakt (confidence=1.00)[0m
PASSED[32m[2025-10-30 23:30:49] [INFO    ] [conftest] [CLEANUP] Alle Test-Konzepte mit Praefix 'test_' geloescht.[0m

tests/test_backward_chaining.py::TestBackwardChaining::test_cycle_detection_prevents_infinite_loops [32m[2025-10-30 23:30:49] [INFO    ] [conftest] [CLEANUP] Alle Test-Konzepte mit Praefix 'test_' geloescht.[0m
[32m[2025-10-30 23:30:49] [INFO    ] [component_16_probabilistic_engine] ProbabilisticEngine initialisiert.[0m
[32m[2025-10-30 23:30:49] [INFO    ] [component_9_logik_engine] Logik-Engine initialisiert mit probabilistischer Unterst�tzung.[0m
[32m[2025-10-30 23:30:49] [INFO    ] [component_9_logik_engine] Logik-Engine initialisiert mit SAT-Solver f�r Boolean Reasoning.[0m
[32m[2025-10-30 23:30:49] [INFO    ] [component_9_logik_engine] [BC] Beweise Goal (depth=0): IS_A {'subject': 'test_bc_c_entity', 'object': 'test_bc_c_a'}[0m
[32m[2025-10-30 23:30:49] [INFO    ] [component_9_logik_engine] [BC] Beweise Goal (depth=1): IS_A {'subject': 'test_bc_c_entity', 'object': 'test_bc_c_b'}[0m
[32m[2025-10-30 23:30:49] [INFO    ] [component_9_logik_engine]   [X] Goal nicht beweisbar: IS_A[0m
[32m[2025-10-30 23:30:49] [INFO    ] [component_9_logik_engine]   [X] Goal nicht beweisbar: IS_A[0m
[32m[2025-10-30 23:30:49] [INFO    ] [test_backward_chaining] [SUCCESS] Zykluserkennung funktioniert - kein Infinite Loop[0m
PASSED[32m[2025-10-30 23:30:49] [INFO    ] [conftest] [CLEANUP] Alle Test-Konzepte mit Praefix 'test_' geloescht.[0m

tests/test_backward_chaining.py::TestBackwardChaining::test_confidence_propagation_in_proof_chain [32m[2025-10-30 23:30:49] [INFO    ] [conftest] [CLEANUP] Alle Test-Konzepte mit Praefix 'test_' geloescht.[0m
[32m[2025-10-30 23:30:49] [INFO    ] [component_16_probabilistic_engine] ProbabilisticEngine initialisiert.[0m
[32m[2025-10-30 23:30:49] [INFO    ] [component_9_logik_engine] Logik-Engine initialisiert mit probabilistischer Unterst�tzung.[0m
[32m[2025-10-30 23:30:49] [INFO    ] [component_9_logik_engine] Logik-Engine initialisiert mit SAT-Solver f�r Boolean Reasoning.[0m
[32m[2025-10-30 23:30:49] [INFO    ] [component_9_logik_engine] [BC] Beweise Goal (depth=0): IS_A {'subject': 'test_bc_conf_penguin', 'object': 'test_bc_conf_animal'}[0m
[32m[2025-10-30 23:30:49] [INFO    ] [component_9_logik_engine] [BC] Beweise Goal (depth=1): IS_A {'subject': 'test_bc_conf_penguin', 'object': 'test_bc_conf_bird'}[0m
[32m[2025-10-30 23:30:49] [INFO    ] [component_9_logik_engine]   [OK] Direkt durch Fakt bewiesen: IS_A[0m
[32m[2025-10-30 23:30:49] [INFO    ] [component_9_logik_engine]   [OK] Durch Regel bewiesen: IS_A[0m
[32m[2025-10-30 23:30:49] [INFO    ] [test_backward_chaining] [SUCCESS] Confidence Propagation korrekt: 0.80[0m
PASSED[32m[2025-10-30 23:30:49] [INFO    ] [conftest] [CLEANUP] Alle Test-Konzepte mit Praefix 'test_' geloescht.[0m

tests/test_cache_performance.py::test_embedding_cache [32m[2025-10-30 23:30:49] [INFO    ] [component_11_embedding_service] Lade Embedding-Modell | model_name=paraphrase-multilingual-MiniLM-L12-v2[0m
[32m[2025-10-30 23:30:49] [INFO    ] [sentence_transformers.SentenceTransformer] Use pytorch device_name: cpu[0m
[32m[2025-10-30 23:30:49] [INFO    ] [sentence_transformers.SentenceTransformer] Load pretrained SentenceTransformer: paraphrase-multilingual-MiniLM-L12-v2[0m
[32m[2025-10-30 23:30:52] [INFO    ] [component_11_embedding_service] Embedding-Modell geladen | model_name=paraphrase-multilingual-MiniLM-L12-v2 | vector_dimension=384[0m

  'Was kann ein Vogel?' -> UNKNOWN (Confidence: 0.00)

-> Teste Definitionen (sollten als DEFINITION erkannt werden):
  'Ein Hund ist ein Tier.' -> DEFINITION (Confidence: 0.92)
  'Berlin liegt in Deutschland.' -> DEFINITION (Confidence: 0.93)
  'Ein Vogel kann fliegen.' -> DEFINITION (Confidence: 0.91)

================================================================================
TEST 3 ABGESCHLOSSEN: Korrekte Unterscheidung zwischen Fragen und Definitionen
================================================================================

=== Test 1: Embedding Cache ===
Batches:   0%|          | 0/1 [00:00<?, ?it/s]Batches: 100%|██████████| 1/1 [00:00<00:00, 52.59it/s]
Batches:   0%|          | 0/1 [00:00<?, ?it/s]Batches: 100%|██████████| 1/1 [00:00<00:00, 190.76it/s]PASSED
tests/test_cache_performance.py::test_query_cache [32m[2025-10-30 23:30:52] [INFO    ] [component_1_netzwerk_core] Initialisiere Neo4j-Verbindung | uri=bolt://127.0.0.1:7687 | user=neo4j[0m
[32m[2025-10-30 23:30:52] [INFO    ] [component_1_netzwerk_core] Neo4j-Verbindung erfolgreich hergestellt | uri=bolt://127.0.0.1:7687[0m
[32m[2025-10-30 23:30:52] [INFO    ] [neo4j.notifications] Received notification from DBMS server: {severity: INFORMATION} {code: Neo.ClientNotification.Schema.IndexOrConstraintAlreadyExists} {category: SCHEMA} {title: `CREATE CONSTRAINT WortLemma IF NOT EXISTS FOR (e:Wort) REQUIRE (e.lemma) IS UNIQUE` has no effect.} {description: `CONSTRAINT WortLemma FOR (e:Wort) REQUIRE (e.lemma) IS UNIQUE` already exists.} {position: None} for query: 'CREATE CONSTRAINT WortLemma IF NOT EXISTS FOR (w:Wort) REQUIRE w.lemma IS UNIQUE'[0m
[32m[2025-10-30 23:30:52] [INFO    ] [neo4j.notifications] Received notification from DBMS server: {severity: INFORMATION} {code: Neo.ClientNotification.Schema.IndexOrConstraintAlreadyExists} {category: SCHEMA} {title: `CREATE CONSTRAINT KonzeptName IF NOT EXISTS FOR (e:Konzept) REQUIRE (e.name) IS UNIQUE` has no effect.} {description: `CONSTRAINT KonzeptName FOR (e:Konzept) REQUIRE (e.name) IS UNIQUE` already exists.} {position: None} for query: 'CREATE CONSTRAINT KonzeptName IF NOT EXISTS FOR (k:Konzept) REQUIRE k.name IS UNIQUE'[0m
[32m[2025-10-30 23:30:52] [INFO    ] [neo4j.notifications] Received notification from DBMS server: {severity: INFORMATION} {code: Neo.ClientNotification.Schema.IndexOrConstraintAlreadyExists} {category: SCHEMA} {title: `CREATE CONSTRAINT ExtractionRuleType IF NOT EXISTS FOR (e:ExtractionRule) REQUIRE (e.relation_type) IS UNIQUE` has no effect.} {description: `CONSTRAINT ExtractionRuleType FOR (e:ExtractionRule) REQUIRE (e.relation_type) IS UNIQUE` already exists.} {position: None} for query: 'CREATE CONSTRAINT ExtractionRuleType IF NOT EXISTS FOR (r:ExtractionRule) REQUIRE r.relation_type IS UNIQUE'[0m
[32m[2025-10-30 23:30:52] [INFO    ] [neo4j.notifications] Received notification from DBMS server: {severity: INFORMATION} {code: Neo.ClientNotification.Schema.IndexOrConstraintAlreadyExists} {category: SCHEMA} {title: `CREATE CONSTRAINT PatternPrototypeId IF NOT EXISTS FOR (e:PatternPrototype) REQUIRE (e.id) IS UNIQUE` has no effect.} {description: `CONSTRAINT PatternPrototypeId FOR (e:PatternPrototype) REQUIRE (e.id) IS UNIQUE` already exists.} {position: None} for query: 'CREATE CONSTRAINT PatternPrototypeId IF NOT EXISTS FOR (p:PatternPrototype) REQUIRE p.id IS UNIQUE'[0m
[32m[2025-10-30 23:30:52] [INFO    ] [neo4j.notifications] Received notification from DBMS server: {severity: INFORMATION} {code: Neo.ClientNotification.Schema.IndexOrConstraintAlreadyExists} {category: SCHEMA} {title: `CREATE CONSTRAINT LexiconName IF NOT EXISTS FOR (e:Lexicon) REQUIRE (e.name) IS UNIQUE` has no effect.} {description: `CONSTRAINT LexiconName FOR (e:Lexicon) REQUIRE (e.name) IS UNIQUE` already exists.} {position: None} for query: 'CREATE CONSTRAINT LexiconName IF NOT EXISTS FOR (l:Lexicon) REQUIRE l.name IS UNIQUE'[0m
[32m[2025-10-30 23:30:52] [INFO    ] [neo4j.notifications] Received notification from DBMS server: {severity: INFORMATION} {code: Neo.ClientNotification.Schema.IndexOrConstraintAlreadyExists} {category: SCHEMA} {title: `CREATE CONSTRAINT EpisodeId IF NOT EXISTS FOR (e:Episode) REQUIRE (e.id) IS UNIQUE` has no effect.} {description: `CONSTRAINT EpisodeId FOR (e:Episode) REQUIRE (e.id) IS UNIQUE` already exists.} {position: None} for query: 'CREATE CONSTRAINT EpisodeId IF NOT EXISTS FOR (e:Episode) REQUIRE e.id IS UNIQUE'[0m
[32m[2025-10-30 23:30:52] [INFO    ] [neo4j.notifications] Received notification from DBMS server: {severity: INFORMATION} {code: Neo.ClientNotification.Schema.IndexOrConstraintAlreadyExists} {category: SCHEMA} {title: `CREATE CONSTRAINT InferenceEpisodeId IF NOT EXISTS FOR (e:InferenceEpisode) REQUIRE (e.id) IS UNIQUE` has no effect.} {description: `CONSTRAINT InferenceEpisodeId FOR (e:InferenceEpisode) REQUIRE (e.id) IS UNIQUE` already exists.} {position: None} for query: 'CREATE CONSTRAINT InferenceEpisodeId IF NOT EXISTS FOR (ie:InferenceEpisode) REQUIRE ie.id IS UNIQUE'[0m
[32m[2025-10-30 23:30:52] [INFO    ] [neo4j.notifications] Received notification from DBMS server: {severity: INFORMATION} {code: Neo.ClientNotification.Schema.IndexOrConstraintAlreadyExists} {category: SCHEMA} {title: `CREATE CONSTRAINT ProofStepId IF NOT EXISTS FOR (e:ProofStep) REQUIRE (e.id) IS UNIQUE` has no effect.} {description: `CONSTRAINT ProofStepId FOR (e:ProofStep) REQUIRE (e.id) IS UNIQUE` already exists.} {position: None} for query: 'CREATE CONSTRAINT ProofStepId IF NOT EXISTS FOR (ps:ProofStep) REQUIRE ps.id IS UNIQUE'[0m
[32m[2025-10-30 23:30:52] [INFO    ] [neo4j.notifications] Received notification from DBMS server: {severity: INFORMATION} {code: Neo.ClientNotification.Schema.IndexOrConstraintAlreadyExists} {category: SCHEMA} {title: `CREATE CONSTRAINT HypothesisId IF NOT EXISTS FOR (e:Hypothesis) REQUIRE (e.id) IS UNIQUE` has no effect.} {description: `CONSTRAINT HypothesisId FOR (e:Hypothesis) REQUIRE (e.id) IS UNIQUE` already exists.} {position: None} for query: 'CREATE CONSTRAINT HypothesisId IF NOT EXISTS FOR (h:Hypothesis) REQUIRE h.id IS UNIQUE'[0m
[32m[2025-10-30 23:30:52] [INFO    ] [component_1_netzwerk_core] Neo4j Constraints erfolgreich konfiguriert[0m
PASSED
tests/test_cache_performance.py::test_prototype_cache [32m[2025-10-30 23:30:52] [INFO    ] [component_1_netzwerk_core] Initialisiere Neo4j-Verbindung | uri=bolt://127.0.0.1:7687 | user=neo4j[0m
[32m[2025-10-30 23:30:52] [INFO    ] [component_1_netzwerk_core] Neo4j-Verbindung erfolgreich hergestellt | uri=bolt://127.0.0.1:7687[0m
[32m[2025-10-30 23:30:52] [INFO    ] [neo4j.notifications] Received notification from DBMS server: {severity: INFORMATION} {code: Neo.ClientNotification.Schema.IndexOrConstraintAlreadyExists} {category: SCHEMA} {title: `CREATE CONSTRAINT WortLemma IF NOT EXISTS FOR (e:Wort) REQUIRE (e.lemma) IS UNIQUE` has no effect.} {description: `CONSTRAINT WortLemma FOR (e:Wort) REQUIRE (e.lemma) IS UNIQUE` already exists.} {position: None} for query: 'CREATE CONSTRAINT WortLemma IF NOT EXISTS FOR (w:Wort) REQUIRE w.lemma IS UNIQUE'[0m
[32m[2025-10-30 23:30:52] [INFO    ] [neo4j.notifications] Received notification from DBMS server: {severity: INFORMATION} {code: Neo.ClientNotification.Schema.IndexOrConstraintAlreadyExists} {category: SCHEMA} {title: `CREATE CONSTRAINT KonzeptName IF NOT EXISTS FOR (e:Konzept) REQUIRE (e.name) IS UNIQUE` has no effect.} {description: `CONSTRAINT KonzeptName FOR (e:Konzept) REQUIRE (e.name) IS UNIQUE` already exists.} {position: None} for query: 'CREATE CONSTRAINT KonzeptName IF NOT EXISTS FOR (k:Konzept) REQUIRE k.name IS UNIQUE'[0m
[32m[2025-10-30 23:30:52] [INFO    ] [neo4j.notifications] Received notification from DBMS server: {severity: INFORMATION} {code: Neo.ClientNotification.Schema.IndexOrConstraintAlreadyExists} {category: SCHEMA} {title: `CREATE CONSTRAINT ExtractionRuleType IF NOT EXISTS FOR (e:ExtractionRule) REQUIRE (e.relation_type) IS UNIQUE` has no effect.} {description: `CONSTRAINT ExtractionRuleType FOR (e:ExtractionRule) REQUIRE (e.relation_type) IS UNIQUE` already exists.} {position: None} for query: 'CREATE CONSTRAINT ExtractionRuleType IF NOT EXISTS FOR (r:ExtractionRule) REQUIRE r.relation_type IS UNIQUE'[0m
[32m[2025-10-30 23:30:52] [INFO    ] [neo4j.notifications] Received notification from DBMS server: {severity: INFORMATION} {code: Neo.ClientNotification.Schema.IndexOrConstraintAlreadyExists} {category: SCHEMA} {title: `CREATE CONSTRAINT PatternPrototypeId IF NOT EXISTS FOR (e:PatternPrototype) REQUIRE (e.id) IS UNIQUE` has no effect.} {description: `CONSTRAINT PatternPrototypeId FOR (e:PatternPrototype) REQUIRE (e.id) IS UNIQUE` already exists.} {position: None} for query: 'CREATE CONSTRAINT PatternPrototypeId IF NOT EXISTS FOR (p:PatternPrototype) REQUIRE p.id IS UNIQUE'[0m
[32m[2025-10-30 23:30:52] [INFO    ] [neo4j.notifications] Received notification from DBMS server: {severity: INFORMATION} {code: Neo.ClientNotification.Schema.IndexOrConstraintAlreadyExists} {category: SCHEMA} {title: `CREATE CONSTRAINT LexiconName IF NOT EXISTS FOR (e:Lexicon) REQUIRE (e.name) IS UNIQUE` has no effect.} {description: `CONSTRAINT LexiconName FOR (e:Lexicon) REQUIRE (e.name) IS UNIQUE` already exists.} {position: None} for query: 'CREATE CONSTRAINT LexiconName IF NOT EXISTS FOR (l:Lexicon) REQUIRE l.name IS UNIQUE'[0m
[32m[2025-10-30 23:30:52] [INFO    ] [neo4j.notifications] Received notification from DBMS server: {severity: INFORMATION} {code: Neo.ClientNotification.Schema.IndexOrConstraintAlreadyExists} {category: SCHEMA} {title: `CREATE CONSTRAINT EpisodeId IF NOT EXISTS FOR (e:Episode) REQUIRE (e.id) IS UNIQUE` has no effect.} {description: `CONSTRAINT EpisodeId FOR (e:Episode) REQUIRE (e.id) IS UNIQUE` already exists.} {position: None} for query: 'CREATE CONSTRAINT EpisodeId IF NOT EXISTS FOR (e:Episode) REQUIRE e.id IS UNIQUE'[0m
[32m[2025-10-30 23:30:52] [INFO    ] [neo4j.notifications] Received notification from DBMS server: {severity: INFORMATION} {code: Neo.ClientNotification.Schema.IndexOrConstraintAlreadyExists} {category: SCHEMA} {title: `CREATE CONSTRAINT InferenceEpisodeId IF NOT EXISTS FOR (e:InferenceEpisode) REQUIRE (e.id) IS UNIQUE` has no effect.} {description: `CONSTRAINT InferenceEpisodeId FOR (e:InferenceEpisode) REQUIRE (e.id) IS UNIQUE` already exists.} {position: None} for query: 'CREATE CONSTRAINT InferenceEpisodeId IF NOT EXISTS FOR (ie:InferenceEpisode) REQUIRE ie.id IS UNIQUE'[0m
[32m[2025-10-30 23:30:52] [INFO    ] [neo4j.notifications] Received notification from DBMS server: {severity: INFORMATION} {code: Neo.ClientNotification.Schema.IndexOrConstraintAlreadyExists} {category: SCHEMA} {title: `CREATE CONSTRAINT ProofStepId IF NOT EXISTS FOR (e:ProofStep) REQUIRE (e.id) IS UNIQUE` has no effect.} {description: `CONSTRAINT ProofStepId FOR (e:ProofStep) REQUIRE (e.id) IS UNIQUE` already exists.} {position: None} for query: 'CREATE CONSTRAINT ProofStepId IF NOT EXISTS FOR (ps:ProofStep) REQUIRE ps.id IS UNIQUE'[0m
[32m[2025-10-30 23:30:52] [INFO    ] [neo4j.notifications] Received notification from DBMS server: {severity: INFORMATION} {code: Neo.ClientNotification.Schema.IndexOrConstraintAlreadyExists} {category: SCHEMA} {title: `CREATE CONSTRAINT HypothesisId IF NOT EXISTS FOR (e:Hypothesis) REQUIRE (e.id) IS UNIQUE` has no effect.} {description: `CONSTRAINT HypothesisId FOR (e:Hypothesis) REQUIRE (e.id) IS UNIQUE` already exists.} {position: None} for query: 'CREATE CONSTRAINT HypothesisId IF NOT EXISTS FOR (h:Hypothesis) REQUIRE h.id IS UNIQUE'[0m
[32m[2025-10-30 23:30:52] [INFO    ] [component_1_netzwerk_core] Neo4j Constraints erfolgreich konfiguriert[0m
[32m[2025-10-30 23:30:52] [INFO    ] [neo4j.notifications] Received notification from DBMS server: {severity: INFORMATION} {code: Neo.ClientNotification.Schema.IndexOrConstraintAlreadyExists} {category: SCHEMA} {title: `CREATE CONSTRAINT UsageContextId IF NOT EXISTS FOR (e:UsageContext) REQUIRE (e.id) IS UNIQUE` has no effect.} {description: `CONSTRAINT UsageContextId FOR (e:UsageContext) REQUIRE (e.id) IS UNIQUE` already exists.} {position: None} for query: '\n                CREATE CONSTRAINT UsageContextId IF NOT EXISTS\n                FOR (uc:UsageContext) REQUIRE uc.id IS UNIQUE\n                '[0m
[32m[2025-10-30 23:30:52] [INFO    ] [neo4j.notifications] Received notification from DBMS server: {severity: INFORMATION} {code: Neo.ClientNotification.Schema.IndexOrConstraintAlreadyExists} {category: SCHEMA} {title: `CREATE CONSTRAINT TypoFeedbackId IF NOT EXISTS FOR (e:TypoFeedback) REQUIRE (e.id) IS UNIQUE` has no effect.} {description: `CONSTRAINT TypoFeedbackId FOR (e:TypoFeedback) REQUIRE (e.id) IS UNIQUE` already exists.} {position: None} for query: '\n                CREATE CONSTRAINT TypoFeedbackId IF NOT EXISTS\n                FOR (tf:TypoFeedback) REQUIRE tf.id IS UNIQUE\n                '[0m
[32m[2025-10-30 23:30:52] [INFO    ] [component_11_embedding_service] Lade Embedding-Modell | model_name=paraphrase-multilingual-MiniLM-L12-v2[0m
[32m[2025-10-30 23:30:52] [INFO    ] [sentence_transformers.SentenceTransformer] Use pytorch device_name: cpu[0m
[32m[2025-10-30 23:30:52] [INFO    ] [sentence_transformers.SentenceTransformer] Load pretrained SentenceTransformer: paraphrase-multilingual-MiniLM-L12-v2[0m
[32m[2025-10-30 23:30:55] [INFO    ] [component_11_embedding_service] Embedding-Modell geladen | model_name=paraphrase-multilingual-MiniLM-L12-v2 | vector_dimension=384[0m

  Cache-Miss Zeit: 20.40ms
  Cache-Hit Zeit: 0.00ms
  Speedup: 9505.7x
  Cache-Statistiken: {'hits': 1, 'misses': 2, 'maxsize': 1000, 'currsize': 2, 'hit_rate': 0.3333333333333333}
  [OK] Embedding Cache funktioniert korrekt

=== Test 2: Query Cache ===
  Cache-Miss Zeit: 3.88ms
  Cache-Hit Zeit: 0.07ms
  Speedup: 57.4x
  Cache-Statistiken: {'fact_cache': {'size': 1, 'maxsize': 500, 'ttl': 300}, 'known_words_cache': {'size': 0, 'maxsize': 100, 'ttl': 600}}
  [OK] Query Cache funktioniert korrekt

=== Test 3: Prototyp Cache ===
Batches:   0%|          | 0/1 [00:00<?, ?it/s]Batches: 100%|██████████| 1/1 [00:00<00:00, 52.92it/s][33m[2025-10-30 23:30:55] [WARNING ] [component_8_prototype_matcher] Fehler beim Verarbeiten von Prototyp 035eb473-17a0-40b9-8c12-0d1f7f6d6e98: operands could not be broadcast together with shapes (384,) (2,) [0m
[33m[2025-10-30 23:30:55] [WARNING ] [component_8_prototype_matcher] Fehler beim Verarbeiten von Prototyp 035eb473-17a0-40b9-8c12-0d1f7f6d6e98: operands could not be broadcast together with shapes (384,) (2,) [0m
PASSED
tests/test_cache_performance.py::test_extraction_rules_cache [32m[2025-10-30 23:30:55] [INFO    ] [component_1_netzwerk_core] Initialisiere Neo4j-Verbindung | uri=bolt://127.0.0.1:7687 | user=neo4j[0m
[32m[2025-10-30 23:30:55] [INFO    ] [component_1_netzwerk_core] Neo4j-Verbindung erfolgreich hergestellt | uri=bolt://127.0.0.1:7687[0m
[32m[2025-10-30 23:30:55] [INFO    ] [neo4j.notifications] Received notification from DBMS server: {severity: INFORMATION} {code: Neo.ClientNotification.Schema.IndexOrConstraintAlreadyExists} {category: SCHEMA} {title: `CREATE CONSTRAINT WortLemma IF NOT EXISTS FOR (e:Wort) REQUIRE (e.lemma) IS UNIQUE` has no effect.} {description: `CONSTRAINT WortLemma FOR (e:Wort) REQUIRE (e.lemma) IS UNIQUE` already exists.} {position: None} for query: 'CREATE CONSTRAINT WortLemma IF NOT EXISTS FOR (w:Wort) REQUIRE w.lemma IS UNIQUE'[0m
[32m[2025-10-30 23:30:55] [INFO    ] [neo4j.notifications] Received notification from DBMS server: {severity: INFORMATION} {code: Neo.ClientNotification.Schema.IndexOrConstraintAlreadyExists} {category: SCHEMA} {title: `CREATE CONSTRAINT KonzeptName IF NOT EXISTS FOR (e:Konzept) REQUIRE (e.name) IS UNIQUE` has no effect.} {description: `CONSTRAINT KonzeptName FOR (e:Konzept) REQUIRE (e.name) IS UNIQUE` already exists.} {position: None} for query: 'CREATE CONSTRAINT KonzeptName IF NOT EXISTS FOR (k:Konzept) REQUIRE k.name IS UNIQUE'[0m
[32m[2025-10-30 23:30:55] [INFO    ] [neo4j.notifications] Received notification from DBMS server: {severity: INFORMATION} {code: Neo.ClientNotification.Schema.IndexOrConstraintAlreadyExists} {category: SCHEMA} {title: `CREATE CONSTRAINT ExtractionRuleType IF NOT EXISTS FOR (e:ExtractionRule) REQUIRE (e.relation_type) IS UNIQUE` has no effect.} {description: `CONSTRAINT ExtractionRuleType FOR (e:ExtractionRule) REQUIRE (e.relation_type) IS UNIQUE` already exists.} {position: None} for query: 'CREATE CONSTRAINT ExtractionRuleType IF NOT EXISTS FOR (r:ExtractionRule) REQUIRE r.relation_type IS UNIQUE'[0m
[32m[2025-10-30 23:30:55] [INFO    ] [neo4j.notifications] Received notification from DBMS server: {severity: INFORMATION} {code: Neo.ClientNotification.Schema.IndexOrConstraintAlreadyExists} {category: SCHEMA} {title: `CREATE CONSTRAINT PatternPrototypeId IF NOT EXISTS FOR (e:PatternPrototype) REQUIRE (e.id) IS UNIQUE` has no effect.} {description: `CONSTRAINT PatternPrototypeId FOR (e:PatternPrototype) REQUIRE (e.id) IS UNIQUE` already exists.} {position: None} for query: 'CREATE CONSTRAINT PatternPrototypeId IF NOT EXISTS FOR (p:PatternPrototype) REQUIRE p.id IS UNIQUE'[0m
[32m[2025-10-30 23:30:55] [INFO    ] [neo4j.notifications] Received notification from DBMS server: {severity: INFORMATION} {code: Neo.ClientNotification.Schema.IndexOrConstraintAlreadyExists} {category: SCHEMA} {title: `CREATE CONSTRAINT LexiconName IF NOT EXISTS FOR (e:Lexicon) REQUIRE (e.name) IS UNIQUE` has no effect.} {description: `CONSTRAINT LexiconName FOR (e:Lexicon) REQUIRE (e.name) IS UNIQUE` already exists.} {position: None} for query: 'CREATE CONSTRAINT LexiconName IF NOT EXISTS FOR (l:Lexicon) REQUIRE l.name IS UNIQUE'[0m
[32m[2025-10-30 23:30:55] [INFO    ] [neo4j.notifications] Received notification from DBMS server: {severity: INFORMATION} {code: Neo.ClientNotification.Schema.IndexOrConstraintAlreadyExists} {category: SCHEMA} {title: `CREATE CONSTRAINT EpisodeId IF NOT EXISTS FOR (e:Episode) REQUIRE (e.id) IS UNIQUE` has no effect.} {description: `CONSTRAINT EpisodeId FOR (e:Episode) REQUIRE (e.id) IS UNIQUE` already exists.} {position: None} for query: 'CREATE CONSTRAINT EpisodeId IF NOT EXISTS FOR (e:Episode) REQUIRE e.id IS UNIQUE'[0m
[32m[2025-10-30 23:30:55] [INFO    ] [neo4j.notifications] Received notification from DBMS server: {severity: INFORMATION} {code: Neo.ClientNotification.Schema.IndexOrConstraintAlreadyExists} {category: SCHEMA} {title: `CREATE CONSTRAINT InferenceEpisodeId IF NOT EXISTS FOR (e:InferenceEpisode) REQUIRE (e.id) IS UNIQUE` has no effect.} {description: `CONSTRAINT InferenceEpisodeId FOR (e:InferenceEpisode) REQUIRE (e.id) IS UNIQUE` already exists.} {position: None} for query: 'CREATE CONSTRAINT InferenceEpisodeId IF NOT EXISTS FOR (ie:InferenceEpisode) REQUIRE ie.id IS UNIQUE'[0m
[32m[2025-10-30 23:30:55] [INFO    ] [neo4j.notifications] Received notification from DBMS server: {severity: INFORMATION} {code: Neo.ClientNotification.Schema.IndexOrConstraintAlreadyExists} {category: SCHEMA} {title: `CREATE CONSTRAINT ProofStepId IF NOT EXISTS FOR (e:ProofStep) REQUIRE (e.id) IS UNIQUE` has no effect.} {description: `CONSTRAINT ProofStepId FOR (e:ProofStep) REQUIRE (e.id) IS UNIQUE` already exists.} {position: None} for query: 'CREATE CONSTRAINT ProofStepId IF NOT EXISTS FOR (ps:ProofStep) REQUIRE ps.id IS UNIQUE'[0m
[32m[2025-10-30 23:30:55] [INFO    ] [neo4j.notifications] Received notification from DBMS server: {severity: INFORMATION} {code: Neo.ClientNotification.Schema.IndexOrConstraintAlreadyExists} {category: SCHEMA} {title: `CREATE CONSTRAINT HypothesisId IF NOT EXISTS FOR (e:Hypothesis) REQUIRE (e.id) IS UNIQUE` has no effect.} {description: `CONSTRAINT HypothesisId FOR (e:Hypothesis) REQUIRE (e.id) IS UNIQUE` already exists.} {position: None} for query: 'CREATE CONSTRAINT HypothesisId IF NOT EXISTS FOR (h:Hypothesis) REQUIRE h.id IS UNIQUE'[0m
[32m[2025-10-30 23:30:55] [INFO    ] [component_1_netzwerk_core] Neo4j Constraints erfolgreich konfiguriert[0m
[32m[2025-10-30 23:30:55] [INFO    ] [neo4j.notifications] Received notification from DBMS server: {severity: INFORMATION} {code: Neo.ClientNotification.Schema.IndexOrConstraintAlreadyExists} {category: SCHEMA} {title: `CREATE CONSTRAINT UsageContextId IF NOT EXISTS FOR (e:UsageContext) REQUIRE (e.id) IS UNIQUE` has no effect.} {description: `CONSTRAINT UsageContextId FOR (e:UsageContext) REQUIRE (e.id) IS UNIQUE` already exists.} {position: None} for query: '\n                CREATE CONSTRAINT UsageContextId IF NOT EXISTS\n                FOR (uc:UsageContext) REQUIRE uc.id IS UNIQUE\n                '[0m
[32m[2025-10-30 23:30:55] [INFO    ] [neo4j.notifications] Received notification from DBMS server: {severity: INFORMATION} {code: Neo.ClientNotification.Schema.IndexOrConstraintAlreadyExists} {category: SCHEMA} {title: `CREATE CONSTRAINT TypoFeedbackId IF NOT EXISTS FOR (e:TypoFeedback) REQUIRE (e.id) IS UNIQUE` has no effect.} {description: `CONSTRAINT TypoFeedbackId FOR (e:TypoFeedback) REQUIRE (e.id) IS UNIQUE` already exists.} {position: None} for query: '\n                CREATE CONSTRAINT TypoFeedbackId IF NOT EXISTS\n                FOR (tf:TypoFeedback) REQUIRE tf.id IS UNIQUE\n                '[0m
PASSED
tests/test_confidence_feedback.py::TestFeedbackCollection::test_submit_positive_feedback [32m[2025-10-30 23:30:55] [INFO    ] [component_confidence_feedback] ConfidenceFeedbackManager initialisiert[0m
[32m[2025-10-30 23:30:55] [INFO    ] [component_confidence_feedback] Feedback erfasst: correct f�r hund IS_A tier (Original: 0.70 -> Adjusted: 0.73)[0m
PASSED
tests/test_confidence_feedback.py::TestFeedbackCollection::test_submit_negative_feedback [32m[2025-10-30 23:30:55] [INFO    ] [component_confidence_feedback] ConfidenceFeedbackManager initialisiert[0m
[32m[2025-10-30 23:30:55] [INFO    ] [component_confidence_feedback] Feedback erfasst: incorrect f�r wal IS_A fisch (Original: 0.85 -> Adjusted: 0.68)[0m
PASSED
tests/test_confidence_feedback.py::TestFeedbackCollection::test_submit_uncertain_feedback [32m[2025-10-30 23:30:55] [INFO    ] [component_confidence_feedback] ConfidenceFeedbackManager initialisiert[0m
[32m[2025-10-30 23:30:55] [INFO    ] [component_confidence_feedback] Feedback erfasst: uncertain f�r apfel HAS_PROPERTY rot (Original: 0.60 -> Adjusted: 0.55)[0m
PASSED
tests/test_confidence_feedback.py::TestConfidenceAdjustment::test_positive_feedback_increases_confidence [32m[2025-10-30 23:30:55] [INFO    ] [component_confidence_feedback] ConfidenceFeedbackManager initialisiert[0m
[32m[2025-10-30 23:30:55] [INFO    ] [component_confidence_feedback] Feedback erfasst: correct f�r katze IS_A tier (Original: 0.50 -> Adjusted: 0.55)[0m
PASSED
tests/test_confidence_feedback.py::TestConfidenceAdjustment::test_negative_feedback_decreases_confidence [32m[2025-10-30 23:30:55] [INFO    ] [component_confidence_feedback] ConfidenceFeedbackManager initialisiert[0m
[32m[2025-10-30 23:30:55] [INFO    ] [component_confidence_feedback] Feedback erfasst: incorrect f�r sonne IS_A planet (Original: 0.80 -> Adjusted: 0.64)[0m
PASSED
tests/test_confidence_feedback.py::TestConfidenceAdjustment::test_confidence_bounded [32m[2025-10-30 23:30:55] [INFO    ] [component_confidence_feedback] ConfidenceFeedbackManager initialisiert[0m
[32m[2025-10-30 23:30:55] [INFO    ] [component_confidence_feedback] Feedback erfasst: correct f�r test IS_A test (Original: 0.95 -> Adjusted: 0.95)[0m
[32m[2025-10-30 23:30:55] [INFO    ] [component_confidence_feedback] Feedback erfasst: incorrect f�r test IS_A test (Original: 0.10 -> Adjusted: 0.08)[0m
PASSED
tests/test_confidence_feedback.py::TestConfidenceAdjustment::test_adjustment_strength [32m[2025-10-30 23:30:55] [INFO    ] [component_confidence_feedback] ConfidenceFeedbackManager initialisiert[0m
[32m[2025-10-30 23:30:55] [INFO    ] [component_confidence_feedback] Feedback erfasst: correct f�r vogel IS_A tier (Original: 0.50 -> Adjusted: 0.55)[0m
PASSED
tests/test_confidence_feedback.py::TestHistoricalConsensus::test_consensus_from_multiple_feedback [32m[2025-10-30 23:30:55] [INFO    ] [component_confidence_feedback] ConfidenceFeedbackManager initialisiert[0m
[32m[2025-10-30 23:30:55] [INFO    ] [component_confidence_feedback] Feedback erfasst: correct f�r hund IS_A tier (Original: 0.60 -> Adjusted: 0.64)[0m
[32m[2025-10-30 23:30:55] [INFO    ] [component_confidence_feedback] Feedback erfasst: correct f�r hund IS_A tier (Original: 0.60 -> Adjusted: 0.64)[0m
[32m[2025-10-30 23:30:55] [INFO    ] [component_confidence_feedback] Feedback erfasst: correct f�r hund IS_A tier (Original: 0.60 -> Adjusted: 0.64)[0m
[32m[2025-10-30 23:30:55] [INFO    ] [component_confidence_feedback] Feedback erfasst: correct f�r hund IS_A tier (Original: 0.60 -> Adjusted: 0.75)[0m
PASSED
tests/test_confidence_feedback.py::TestHistoricalConsensus::test_mixed_feedback_consensus [32m[2025-10-30 23:30:55] [INFO    ] [component_confidence_feedback] ConfidenceFeedbackManager initialisiert[0m
[32m[2025-10-30 23:30:55] [INFO    ] [component_confidence_feedback] Feedback erfasst: correct f�r rose HAS_PROPERTY rot (Original: 0.70 -> Adjusted: 0.73)[0m
[32m[2025-10-30 23:30:55] [INFO    ] [component_confidence_feedback] Feedback erfasst: correct f�r rose HAS_PROPERTY rot (Original: 0.70 -> Adjusted: 0.73)[0m
[32m[2025-10-30 23:30:55] [INFO    ] [component_confidence_feedback] Feedback erfasst: correct f�r rose HAS_PROPERTY rot (Original: 0.70 -> Adjusted: 0.73)[0m
[32m[2025-10-30 23:30:55] [INFO    ] [component_confidence_feedback] Feedback erfasst: incorrect f�r rose HAS_PROPERTY rot (Original: 0.70 -> Adjusted: 0.56)[0m
[32m[2025-10-30 23:30:55] [INFO    ] [component_confidence_feedback] Feedback erfasst: correct f�r rose HAS_PROPERTY rot (Original: 0.70 -> Adjusted: 0.74)[0m
PASSED
tests/test_confidence_feedback.py::TestHistoricalConsensus::test_consensus_requires_minimum_feedback [32m[2025-10-30 23:30:55] [INFO    ] [component_confidence_feedback] ConfidenceFeedbackManager initialisiert[0m
[32m[2025-10-30 23:30:55] [INFO    ] [component_confidence_feedback] Feedback erfasst: correct f�r test IS_A test (Original: 0.50 -> Adjusted: 0.55)[0m
[32m[2025-10-30 23:30:55] [INFO    ] [component_confidence_feedback] Feedback erfasst: correct f�r test IS_A test (Original: 0.50 -> Adjusted: 0.55)[0m
PASSED
tests/test_confidence_feedback.py::TestFeedbackPersistence::test_feedback_stored_in_history [32m[2025-10-30 23:30:55] [INFO    ] [component_confidence_feedback] ConfidenceFeedbackManager initialisiert[0m
[32m[2025-10-30 23:30:55] [INFO    ] [component_confidence_feedback] Feedback erfasst: correct f�r baum IS_A pflanze (Original: 0.80 -> Adjusted: 0.82)[0m
PASSED
tests/test_confidence_feedback.py::TestFeedbackPersistence::test_persistence_without_netzwerk [32m[2025-10-30 23:30:55] [INFO    ] [component_confidence_feedback] ConfidenceFeedbackManager initialisiert[0m
[32m[2025-10-30 23:30:55] [INFO    ] [component_confidence_feedback] Feedback erfasst: correct f�r test IS_A test (Original: 0.70 -> Adjusted: 0.73)[0m
PASSED
tests/test_confidence_feedback.py::TestFeedbackPersistence::test_get_feedback_for_relation [32m[2025-10-30 23:30:55] [INFO    ] [component_confidence_feedback] ConfidenceFeedbackManager initialisiert[0m
[32m[2025-10-30 23:30:55] [INFO    ] [component_confidence_feedback] Feedback erfasst: correct f�r hund IS_A tier (Original: 0.70 -> Adjusted: 0.73)[0m
[32m[2025-10-30 23:30:55] [INFO    ] [component_confidence_feedback] Feedback erfasst: correct f�r hund IS_A tier (Original: 0.70 -> Adjusted: 0.73)[0m
[32m[2025-10-30 23:30:55] [INFO    ] [component_confidence_feedback] Feedback erfasst: correct f�r hund HAS_PROPERTY vierbeinig (Original: 0.80 -> Adjusted: 0.82)[0m
PASSED
tests/test_confidence_feedback.py::TestStatisticsAndReporting::test_get_feedback_statistics [32m[2025-10-30 23:30:55] [INFO    ] [component_confidence_feedback] ConfidenceFeedbackManager initialisiert[0m
[32m[2025-10-30 23:30:55] [INFO    ] [component_confidence_feedback] Feedback erfasst: correct f�r test1 IS_A test1 (Original: 0.70 -> Adjusted: 0.73)[0m
[32m[2025-10-30 23:30:55] [INFO    ] [component_confidence_feedback] Feedback erfasst: correct f�r test2 IS_A test2 (Original: 0.60 -> Adjusted: 0.64)[0m
[32m[2025-10-30 23:30:55] [INFO    ] [component_confidence_feedback] Feedback erfasst: incorrect f�r test3 IS_A test3 (Original: 0.80 -> Adjusted: 0.64)[0m
[32m[2025-10-30 23:30:55] [INFO    ] [component_confidence_feedback] Feedback erfasst: uncertain f�r test4 IS_A test4 (Original: 0.50 -> Adjusted: 0.45)[0m
PASSED
tests/test_confidence_feedback.py::TestStatisticsAndReporting::test_get_learning_curve [32m[2025-10-30 23:30:55] [INFO    ] [component_confidence_feedback] ConfidenceFeedbackManager initialisiert[0m
[32m[2025-10-30 23:30:55] [INFO    ] [component_confidence_feedback] Feedback erfasst: correct f�r test0 IS_A test0 (Original: 0.70 -> Adjusted: 0.73)[0m
[32m[2025-10-30 23:30:55] [INFO    ] [component_confidence_feedback] Feedback erfasst: correct f�r test1 IS_A test1 (Original: 0.70 -> Adjusted: 0.73)[0m
[32m[2025-10-30 23:30:55] [INFO    ] [component_confidence_feedback] Feedback erfasst: correct f�r test2 IS_A test2 (Original: 0.70 -> Adjusted: 0.73)[0m
[32m[2025-10-30 23:30:55] [INFO    ] [component_confidence_feedback] Feedback erfasst: correct f�r test3 IS_A test3 (Original: 0.70 -> Adjusted: 0.73)[0m
[32m[2025-10-30 23:30:55] [INFO    ] [component_confidence_feedback] Feedback erfasst: correct f�r test4 IS_A test4 (Original: 0.70 -> Adjusted: 0.73)[0m
[32m[2025-10-30 23:30:55] [INFO    ] [component_confidence_feedback] Feedback erfasst: correct f�r test5 IS_A test5 (Original: 0.70 -> Adjusted: 0.73)[0m
[32m[2025-10-30 23:30:55] [INFO    ] [component_confidence_feedback] Feedback erfasst: correct f�r test6 IS_A test6 (Original: 0.70 -> Adjusted: 0.73)[0m
[32m[2025-10-30 23:30:55] [INFO    ] [component_confidence_feedback] Feedback erfasst: correct f�r test7 IS_A test7 (Original: 0.70 -> Adjusted: 0.73)[0m
[32m[2025-10-30 23:30:55] [INFO    ] [component_confidence_feedback] Feedback erfasst: correct f�r test8 IS_A test8 (Original: 0.70 -> Adjusted: 0.73)[0m
[32m[2025-10-30 23:30:55] [INFO    ] [component_confidence_feedback] Feedback erfasst: correct f�r test9 IS_A test9 (Original: 0.70 -> Adjusted: 0.73)[0m
[32m[2025-10-30 23:30:55] [INFO    ] [component_confidence_feedback] Feedback erfasst: correct f�r test10 IS_A test10 (Original: 0.70 -> Adjusted: 0.73)[0m
[32m[2025-10-30 23:30:55] [INFO    ] [component_confidence_feedback] Feedback erfasst: incorrect f�r test11 IS_A test11 (Original: 0.70 -> Adjusted: 0.56)[0m
[32m[2025-10-30 23:30:55] [INFO    ] [component_confidence_feedback] Feedback erfasst: correct f�r test12 IS_A test12 (Original: 0.70 -> Adjusted: 0.73)[0m
[32m[2025-10-30 23:30:55] [INFO    ] [component_confidence_feedback] Feedback erfasst: incorrect f�r test13 IS_A test13 (Original: 0.70 -> Adjusted: 0.56)[0m
[32m[2025-10-30 23:30:55] [INFO    ] [component_confidence_feedback] Feedback erfasst: correct f�r test14 IS_A test14 (Original: 0.70 -> Adjusted: 0.73)[0m
[32m[2025-10-30 23:30:55] [INFO    ] [component_confidence_feedback] Feedback erfasst: incorrect f�r test15 IS_A test15 (Original: 0.70 -> Adjusted: 0.56)[0m
[32m[2025-10-30 23:30:55] [INFO    ] [component_confidence_feedback] Feedback erfasst: correct f�r test16 IS_A test16 (Original: 0.70 -> Adjusted: 0.73)[0m
[32m[2025-10-30 23:30:55] [INFO    ] [component_confidence_feedback] Feedback erfasst: incorrect f�r test17 IS_A test17 (Original: 0.70 -> Adjusted: 0.56)[0m
[32m[2025-10-30 23:30:55] [INFO    ] [component_confidence_feedback] Feedback erfasst: correct f�r test18 IS_A test18 (Original: 0.70 -> Adjusted: 0.73)[0m
[32m[2025-10-30 23:30:55] [INFO    ] [component_confidence_feedback] Feedback erfasst: incorrect f�r test19 IS_A test19 (Original: 0.70 -> Adjusted: 0.56)[0m
PASSED
tests/test_confidence_feedback.py::TestStatisticsAndReporting::test_empty_statistics [32m[2025-10-30 23:30:55] [INFO    ] [component_confidence_feedback] ConfidenceFeedbackManager initialisiert[0m
PASSED
tests/test_confidence_feedback.py::TestGlobalInstance::test_get_feedback_manager_singleton [32m[2025-10-30 23:30:55] [INFO    ] [component_confidence_feedback] ConfidenceFeedbackManager initialisiert[0m
[32m[2025-10-30 23:30:55] [INFO    ] [component_confidence_feedback] Globale ConfidenceFeedbackManager-Instanz erstellt[0m
PASSED
tests/test_confidence_feedback.py::TestEdgeCases::test_feedback_with_very_high_confidence [32m[2025-10-30 23:30:55] [INFO    ] [component_confidence_feedback] ConfidenceFeedbackManager initialisiert[0m
[32m[2025-10-30 23:30:55] [INFO    ] [component_confidence_feedback] Feedback erfasst: correct f�r test IS_A test (Original: 0.99 -> Adjusted: 0.99)[0m
PASSED
tests/test_confidence_feedback.py::TestEdgeCases::test_feedback_with_very_low_confidence [32m[2025-10-30 23:30:55] [INFO    ] [component_confidence_feedback] ConfidenceFeedbackManager initialisiert[0m
[32m[2025-10-30 23:30:55] [INFO    ] [component_confidence_feedback] Feedback erfasst: incorrect f�r test IS_A test (Original: 0.01 -> Adjusted: 0.01)[0m
PASSED
tests/test_confidence_feedback.py::TestEdgeCases::test_rapid_feedback_sequence [32m[2025-10-30 23:30:55] [INFO    ] [component_confidence_feedback] ConfidenceFeedbackManager initialisiert[0m
[32m[2025-10-30 23:30:55] [INFO    ] [component_confidence_feedback] Feedback erfasst: correct f�r test IS_A test (Original: 0.50 -> Adjusted: 0.55)[0m
[32m[2025-10-30 23:30:55] [INFO    ] [component_confidence_feedback] Feedback erfasst: correct f�r test IS_A test (Original: 0.50 -> Adjusted: 0.55)[0m
[32m[2025-10-30 23:30:55] [INFO    ] [component_confidence_feedback] Feedback erfasst: correct f�r test IS_A test (Original: 0.50 -> Adjusted: 0.55)[0m
[32m[2025-10-30 23:30:55] [INFO    ] [component_confidence_feedback] Feedback erfasst: correct f�r test IS_A test (Original: 0.50 -> Adjusted: 0.69)[0m
[32m[2025-10-30 23:30:55] [INFO    ] [component_confidence_feedback] Feedback erfasst: correct f�r test IS_A test (Original: 0.50 -> Adjusted: 0.69)[0m
[32m[2025-10-30 23:30:55] [INFO    ] [component_confidence_feedback] Feedback erfasst: correct f�r test IS_A test (Original: 0.50 -> Adjusted: 0.69)[0m
[32m[2025-10-30 23:30:55] [INFO    ] [component_confidence_feedback] Feedback erfasst: correct f�r test IS_A test (Original: 0.50 -> Adjusted: 0.69)[0m
[32m[2025-10-30 23:30:55] [INFO    ] [component_confidence_feedback] Feedback erfasst: correct f�r test IS_A test (Original: 0.50 -> Adjusted: 0.69)[0m
[32m[2025-10-30 23:30:55] [INFO    ] [component_confidence_feedback] Feedback erfasst: correct f�r test IS_A test (Original: 0.50 -> Adjusted: 0.69)[0m
[32m[2025-10-30 23:30:55] [INFO    ] [component_confidence_feedback] Feedback erfasst: correct f�r test IS_A test (Original: 0.50 -> Adjusted: 0.69)[0m
[32m[2025-10-30 23:30:55] [INFO    ] [component_confidence_feedback] Feedback erfasst: correct f�r test IS_A test (Original: 0.50 -> Adjusted: 0.69)[0m
[32m[2025-10-30 23:30:55] [INFO    ] [component_confidence_feedback] Feedback erfasst: correct f�r test IS_A test (Original: 0.50 -> Adjusted: 0.69)[0m
[32m[2025-10-30 23:30:55] [INFO    ] [component_confidence_feedback] Feedback erfasst: correct f�r test IS_A test (Original: 0.50 -> Adjusted: 0.69)[0m
[32m[2025-10-30 23:30:55] [INFO    ] [component_confidence_feedback] Feedback erfasst: correct f�r test IS_A test (Original: 0.50 -> Adjusted: 0.69)[0m
[32m[2025-10-30 23:30:55] [INFO    ] [component_confidence_feedback] Feedback erfasst: correct f�r test IS_A test (Original: 0.50 -> Adjusted: 0.69)[0m
[32m[2025-10-30 23:30:55] [INFO    ] [component_confidence_feedback] Feedback erfasst: correct f�r test IS_A test (Original: 0.50 -> Adjusted: 0.69)[0m
[32m[2025-10-30 23:30:55] [INFO    ] [component_confidence_feedback] Feedback erfasst: correct f�r test IS_A test (Original: 0.50 -> Adjusted: 0.69)[0m
[32m[2025-10-30 23:30:55] [INFO    ] [component_confidence_feedback] Feedback erfasst: correct f�r test IS_A test (Original: 0.50 -> Adjusted: 0.69)[0m
[32m[2025-10-30 23:30:55] [INFO    ] [component_confidence_feedback] Feedback erfasst: correct f�r test IS_A test (Original: 0.50 -> Adjusted: 0.69)[0m
[32m[2025-10-30 23:30:55] [INFO    ] [component_confidence_feedback] Feedback erfasst: correct f�r test IS_A test (Original: 0.50 -> Adjusted: 0.69)[0m
[32m[2025-10-30 23:30:55] [INFO    ] [component_confidence_feedback] Feedback erfasst: correct f�r test IS_A test (Original: 0.50 -> Adjusted: 0.69)[0m
[32m[2025-10-30 23:30:55] [INFO    ] [component_confidence_feedback] Feedback erfasst: correct f�r test IS_A test (Original: 0.50 -> Adjusted: 0.69)[0m
[32m[2025-10-30 23:30:55] [INFO    ] [component_confidence_feedback] Feedback erfasst: correct f�r test IS_A test (Original: 0.50 -> Adjusted: 0.69)[0m
[32m[2025-10-30 23:30:55] [INFO    ] [component_confidence_feedback] Feedback erfasst: correct f�r test IS_A test (Original: 0.50 -> Adjusted: 0.69)[0m
[32m[2025-10-30 23:30:55] [INFO    ] [component_confidence_feedback] Feedback erfasst: correct f�r test IS_A test (Original: 0.50 -> Adjusted: 0.69)[0m
[32m[2025-10-30 23:30:55] [INFO    ] [component_confidence_feedback] Feedback erfasst: correct f�r test IS_A test (Original: 0.50 -> Adjusted: 0.69)[0m
[32m[2025-10-30 23:30:55] [INFO    ] [component_confidence_feedback] Feedback erfasst: correct f�r test IS_A test (Original: 0.50 -> Adjusted: 0.69)[0m
[32m[2025-10-30 23:30:55] [INFO    ] [component_confidence_feedback] Feedback erfasst: correct f�r test IS_A test (Original: 0.50 -> Adjusted: 0.69)[0m
[32m[2025-10-30 23:30:55] [INFO    ] [component_confidence_feedback] Feedback erfasst: correct f�r test IS_A test (Original: 0.50 -> Adjusted: 0.69)[0m
[32m[2025-10-30 23:30:55] [INFO    ] [component_confidence_feedback] Feedback erfasst: correct f�r test IS_A test (Original: 0.50 -> Adjusted: 0.69)[0m
[32m[2025-10-30 23:30:55] [INFO    ] [component_confidence_feedback] Feedback erfasst: correct f�r test IS_A test (Original: 0.50 -> Adjusted: 0.69)[0m
[32m[2025-10-30 23:30:55] [INFO    ] [component_confidence_feedback] Feedback erfasst: correct f�r test IS_A test (Original: 0.50 -> Adjusted: 0.69)[0m
[32m[2025-10-30 23:30:55] [INFO    ] [component_confidence_feedback] Feedback erfasst: correct f�r test IS_A test (Original: 0.50 -> Adjusted: 0.69)[0m
[32m[2025-10-30 23:30:55] [INFO    ] [component_confidence_feedback] Feedback erfasst: correct f�r test IS_A test (Original: 0.50 -> Adjusted: 0.69)[0m
[32m[2025-10-30 23:30:55] [INFO    ] [component_confidence_feedback] Feedback erfasst: correct f�r test IS_A test (Original: 0.50 -> Adjusted: 0.69)[0m
[32m[2025-10-30 23:30:55] [INFO    ] [component_confidence_feedback] Feedback erfasst: correct f�r test IS_A test (Original: 0.50 -> Adjusted: 0.69)[0m
[32m[2025-10-30 23:30:55] [INFO    ] [component_confidence_feedback] Feedback erfasst: correct f�r test IS_A test (Original: 0.50 -> Adjusted: 0.69)[0m
[32m[2025-10-30 23:30:55] [INFO    ] [component_confidence_feedback] Feedback erfasst: correct f�r test IS_A test (Original: 0.50 -> Adjusted: 0.69)[0m
[32m[2025-10-30 23:30:55] [INFO    ] [component_confidence_feedback] Feedback erfasst: correct f�r test IS_A test (Original: 0.50 -> Adjusted: 0.69)[0m
[32m[2025-10-30 23:30:55] [INFO    ] [component_confidence_feedback] Feedback erfasst: correct f�r test IS_A test (Original: 0.50 -> Adjusted: 0.69)[0m
[32m[2025-10-30 23:30:55] [INFO    ] [component_confidence_feedback] Feedback erfasst: correct f�r test IS_A test (Original: 0.50 -> Adjusted: 0.69)[0m
[32m[2025-10-30 23:30:55] [INFO    ] [component_confidence_feedback] Feedback erfasst: correct f�r test IS_A test (Original: 0.50 -> Adjusted: 0.69)[0m
[32m[2025-10-30 23:30:55] [INFO    ] [component_confidence_feedback] Feedback erfasst: correct f�r test IS_A test (Original: 0.50 -> Adjusted: 0.69)[0m
[32m[2025-10-30 23:30:55] [INFO    ] [component_confidence_feedback] Feedback erfasst: correct f�r test IS_A test (Original: 0.50 -> Adjusted: 0.69)[0m
[32m[2025-10-30 23:30:55] [INFO    ] [component_confidence_feedback] Feedback erfasst: correct f�r test IS_A test (Original: 0.50 -> Adjusted: 0.69)[0m
[32m[2025-10-30 23:30:55] [INFO    ] [component_confidence_feedback] Feedback erfasst: correct f�r test IS_A test (Original: 0.50 -> Adjusted: 0.69)[0m
[32m[2025-10-30 23:30:55] [INFO    ] [component_confidence_feedback] Feedback erfasst: correct f�r test IS_A test (Original: 0.50 -> Adjusted: 0.69)[0m
[32m[2025-10-30 23:30:55] [INFO    ] [component_confidence_feedback] Feedback erfasst: correct f�r test IS_A test (Original: 0.50 -> Adjusted: 0.69)[0m
[32m[2025-10-30 23:30:55] [INFO    ] [component_confidence_feedback] Feedback erfasst: correct f�r test IS_A test (Original: 0.50 -> Adjusted: 0.69)[0m
[32m[2025-10-30 23:30:55] [INFO    ] [component_confidence_feedback] Feedback erfasst: correct f�r test IS_A test (Original: 0.50 -> Adjusted: 0.69)[0m
[32m[2025-10-30 23:30:55] [INFO    ] [component_confidence_feedback] Feedback erfasst: correct f�r test IS_A test (Original: 0.50 -> Adjusted: 0.69)[0m
[32m[2025-10-30 23:30:55] [INFO    ] [component_confidence_feedback] Feedback erfasst: correct f�r test IS_A test (Original: 0.50 -> Adjusted: 0.69)[0m
[32m[2025-10-30 23:30:55] [INFO    ] [component_confidence_feedback] Feedback erfasst: correct f�r test IS_A test (Original: 0.50 -> Adjusted: 0.69)[0m
[32m[2025-10-30 23:30:55] [INFO    ] [component_confidence_feedback] Feedback erfasst: correct f�r test IS_A test (Original: 0.50 -> Adjusted: 0.69)[0m
[32m[2025-10-30 23:30:55] [INFO    ] [component_confidence_feedback] Feedback erfasst: correct f�r test IS_A test (Original: 0.50 -> Adjusted: 0.69)[0m
[32m[2025-10-30 23:30:55] [INFO    ] [component_confidence_feedback] Feedback erfasst: correct f�r test IS_A test (Original: 0.50 -> Adjusted: 0.69)[0m
[32m[2025-10-30 23:30:55] [INFO    ] [component_confidence_feedback] Feedback erfasst: correct f�r test IS_A test (Original: 0.50 -> Adjusted: 0.69)[0m
[32m[2025-10-30 23:30:55] [INFO    ] [component_confidence_feedback] Feedback erfasst: correct f�r test IS_A test (Original: 0.50 -> Adjusted: 0.69)[0m
[32m[2025-10-30 23:30:55] [INFO    ] [component_confidence_feedback] Feedback erfasst: correct f�r test IS_A test (Original: 0.50 -> Adjusted: 0.69)[0m
[32m[2025-10-30 23:30:55] [INFO    ] [component_confidence_feedback] Feedback erfasst: correct f�r test IS_A test (Original: 0.50 -> Adjusted: 0.69)[0m
[32m[2025-10-30 23:30:55] [INFO    ] [component_confidence_feedback] Feedback erfasst: correct f�r test IS_A test (Original: 0.50 -> Adjusted: 0.69)[0m
[32m[2025-10-30 23:30:55] [INFO    ] [component_confidence_feedback] Feedback erfasst: correct f�r test IS_A test (Original: 0.50 -> Adjusted: 0.69)[0m
[32m[2025-10-30 23:30:55] [INFO    ] [component_confidence_feedback] Feedback erfasst: correct f�r test IS_A test (Original: 0.50 -> Adjusted: 0.69)[0m
[32m[2025-10-30 23:30:55] [INFO    ] [component_confidence_feedback] Feedback erfasst: correct f�r test IS_A test (Original: 0.50 -> Adjusted: 0.69)[0m
[32m[2025-10-30 23:30:55] [INFO    ] [component_confidence_feedback] Feedback erfasst: correct f�r test IS_A test (Original: 0.50 -> Adjusted: 0.69)[0m
[32m[2025-10-30 23:30:55] [INFO    ] [component_confidence_feedback] Feedback erfasst: correct f�r test IS_A test (Original: 0.50 -> Adjusted: 0.69)[0m
[32m[2025-10-30 23:30:55] [INFO    ] [component_confidence_feedback] Feedback erfasst: correct f�r test IS_A test (Original: 0.50 -> Adjusted: 0.69)[0m
[32m[2025-10-30 23:30:55] [INFO    ] [component_confidence_feedback] Feedback erfasst: correct f�r test IS_A test (Original: 0.50 -> Adjusted: 0.69)[0m
[32m[2025-10-30 23:30:55] [INFO    ] [component_confidence_feedback] Feedback erfasst: correct f�r test IS_A test (Original: 0.50 -> Adjusted: 0.69)[0m
[32m[2025-10-30 23:30:55] [INFO    ] [component_confidence_feedback] Feedback erfasst: correct f�r test IS_A test (Original: 0.50 -> Adjusted: 0.69)[0m
[32m[2025-10-30 23:30:55] [INFO    ] [component_confidence_feedback] Feedback erfasst: correct f�r test IS_A test (Original: 0.50 -> Adjusted: 0.69)[0m
[32m[2025-10-30 23:30:55] [INFO    ] [component_confidence_feedback] Feedback erfasst: correct f�r test IS_A test (Original: 0.50 -> Adjusted: 0.69)[0m
[32m[2025-10-30 23:30:55] [INFO    ] [component_confidence_feedback] Feedback erfasst: correct f�r test IS_A test (Original: 0.50 -> Adjusted: 0.69)[0m
[32m[2025-10-30 23:30:55] [INFO    ] [component_confidence_feedback] Feedback erfasst: correct f�r test IS_A test (Original: 0.50 -> Adjusted: 0.69)[0m
[32m[2025-10-30 23:30:55] [INFO    ] [component_confidence_feedback] Feedback erfasst: correct f�r test IS_A test (Original: 0.50 -> Adjusted: 0.69)[0m
[32m[2025-10-30 23:30:55] [INFO    ] [component_confidence_feedback] Feedback erfasst: correct f�r test IS_A test (Original: 0.50 -> Adjusted: 0.69)[0m
[32m[2025-10-30 23:30:55] [INFO    ] [component_confidence_feedback] Feedback erfasst: correct f�r test IS_A test (Original: 0.50 -> Adjusted: 0.69)[0m
[32m[2025-10-30 23:30:55] [INFO    ] [component_confidence_feedback] Feedback erfasst: correct f�r test IS_A test (Original: 0.50 -> Adjusted: 0.69)[0m
[32m[2025-10-30 23:30:55] [INFO    ] [component_confidence_feedback] Feedback erfasst: correct f�r test IS_A test (Original: 0.50 -> Adjusted: 0.69)[0m
[32m[2025-10-30 23:30:55] [INFO    ] [component_confidence_feedback] Feedback erfasst: correct f�r test IS_A test (Original: 0.50 -> Adjusted: 0.69)[0m
[32m[2025-10-30 23:30:55] [INFO    ] [component_confidence_feedback] Feedback erfasst: correct f�r test IS_A test (Original: 0.50 -> Adjusted: 0.69)[0m
[32m[2025-10-30 23:30:55] [INFO    ] [component_confidence_feedback] Feedback erfasst: correct f�r test IS_A test (Original: 0.50 -> Adjusted: 0.69)[0m
[32m[2025-10-30 23:30:55] [INFO    ] [component_confidence_feedback] Feedback erfasst: correct f�r test IS_A test (Original: 0.50 -> Adjusted: 0.69)[0m
[32m[2025-10-30 23:30:55] [INFO    ] [component_confidence_feedback] Feedback erfasst: correct f�r test IS_A test (Original: 0.50 -> Adjusted: 0.69)[0m
[32m[2025-10-30 23:30:55] [INFO    ] [component_confidence_feedback] Feedback erfasst: correct f�r test IS_A test (Original: 0.50 -> Adjusted: 0.69)[0m
[32m[2025-10-30 23:30:55] [INFO    ] [component_confidence_feedback] Feedback erfasst: correct f�r test IS_A test (Original: 0.50 -> Adjusted: 0.69)[0m
[32m[2025-10-30 23:30:55] [INFO    ] [component_confidence_feedback] Feedback erfasst: correct f�r test IS_A test (Original: 0.50 -> Adjusted: 0.69)[0m
[32m[2025-10-30 23:30:55] [INFO    ] [component_confidence_feedback] Feedback erfasst: correct f�r test IS_A test (Original: 0.50 -> Adjusted: 0.69)[0m
[32m[2025-10-30 23:30:55] [INFO    ] [component_confidence_feedback] Feedback erfasst: correct f�r test IS_A test (Original: 0.50 -> Adjusted: 0.69)[0m
[32m[2025-10-30 23:30:55] [INFO    ] [component_confidence_feedback] Feedback erfasst: correct f�r test IS_A test (Original: 0.50 -> Adjusted: 0.69)[0m
[32m[2025-10-30 23:30:55] [INFO    ] [component_confidence_feedback] Feedback erfasst: correct f�r test IS_A test (Original: 0.50 -> Adjusted: 0.69)[0m
[32m[2025-10-30 23:30:55] [INFO    ] [component_confidence_feedback] Feedback erfasst: correct f�r test IS_A test (Original: 0.50 -> Adjusted: 0.69)[0m
[32m[2025-10-30 23:30:55] [INFO    ] [component_confidence_feedback] Feedback erfasst: correct f�r test IS_A test (Original: 0.50 -> Adjusted: 0.69)[0m
[32m[2025-10-30 23:30:55] [INFO    ] [component_confidence_feedback] Feedback erfasst: correct f�r test IS_A test (Original: 0.50 -> Adjusted: 0.69)[0m
[32m[2025-10-30 23:30:55] [INFO    ] [component_confidence_feedback] Feedback erfasst: correct f�r test IS_A test (Original: 0.50 -> Adjusted: 0.69)[0m
[32m[2025-10-30 23:30:55] [INFO    ] [component_confidence_feedback] Feedback erfasst: correct f�r test IS_A test (Original: 0.50 -> Adjusted: 0.69)[0m
[32m[2025-10-30 23:30:55] [INFO    ] [component_confidence_feedback] Feedback erfasst: correct f�r test IS_A test (Original: 0.50 -> Adjusted: 0.69)[0m
[32m[2025-10-30 23:30:55] [INFO    ] [component_confidence_feedback] Feedback erfasst: correct f�r test IS_A test (Original: 0.50 -> Adjusted: 0.69)[0m
[32m[2025-10-30 23:30:55] [INFO    ] [component_confidence_feedback] Feedback erfasst: correct f�r test IS_A test (Original: 0.50 -> Adjusted: 0.69)[0m
[32m[2025-10-30 23:30:55] [INFO    ] [component_confidence_feedback] Feedback erfasst: correct f�r test IS_A test (Original: 0.50 -> Adjusted: 0.69)[0m
PASSED
tests/test_confidence_manager.py::TestConfidenceClassification::test_classify_high_confidence [32m[2025-10-30 23:30:55] [INFO    ] [component_confidence_manager] ConfidenceManager initialisiert mit Standard-Thresholds[0m
PASSED
tests/test_confidence_manager.py::TestConfidenceClassification::test_classify_medium_confidence [32m[2025-10-30 23:30:55] [INFO    ] [component_confidence_manager] ConfidenceManager initialisiert mit Standard-Thresholds[0m
PASSED
tests/test_confidence_manager.py::TestConfidenceClassification::test_classify_low_confidence [32m[2025-10-30 23:30:55] [INFO    ] [component_confidence_manager] ConfidenceManager initialisiert mit Standard-Thresholds[0m
PASSED
tests/test_confidence_manager.py::TestConfidenceClassification::test_classify_unknown_confidence [32m[2025-10-30 23:30:55] [INFO    ] [component_confidence_manager] ConfidenceManager initialisiert mit Standard-Thresholds[0m
PASSED
tests/test_confidence_manager.py::TestThresholdDecisions::test_should_auto_accept_standard [32m[2025-10-30 23:30:55] [INFO    ] [component_confidence_manager] ConfidenceManager initialisiert mit Standard-Thresholds[0m
PASSED
tests/test_confidence_manager.py::TestThresholdDecisions::test_should_auto_accept_auto_detected [32m[2025-10-30 23:30:55] [INFO    ] [component_confidence_manager] ConfidenceManager initialisiert mit Standard-Thresholds[0m
PASSED
tests/test_confidence_manager.py::TestThresholdDecisions::test_should_ask_user [32m[2025-10-30 23:30:55] [INFO    ] [component_confidence_manager] ConfidenceManager initialisiert mit Standard-Thresholds[0m
PASSED
tests/test_confidence_manager.py::TestThresholdDecisions::test_should_reject [32m[2025-10-30 23:30:55] [INFO    ] [component_confidence_manager] ConfidenceManager initialisiert mit Standard-Thresholds[0m
PASSED
tests/test_confidence_manager.py::TestConfidenceCombination::test_combine_minimum [32m[2025-10-30 23:30:55] [INFO    ] [component_confidence_manager] ConfidenceManager initialisiert mit Standard-Thresholds[0m
PASSED
tests/test_confidence_manager.py::TestConfidenceCombination::test_combine_maximum [32m[2025-10-30 23:30:55] [INFO    ] [component_confidence_manager] ConfidenceManager initialisiert mit Standard-Thresholds[0m
PASSED
tests/test_confidence_manager.py::TestConfidenceCombination::test_combine_average [32m[2025-10-30 23:30:55] [INFO    ] [component_confidence_manager] ConfidenceManager initialisiert mit Standard-Thresholds[0m
PASSED
tests/test_confidence_manager.py::TestConfidenceCombination::test_combine_weighted_average [32m[2025-10-30 23:30:55] [INFO    ] [component_confidence_manager] ConfidenceManager initialisiert mit Standard-Thresholds[0m
PASSED
tests/test_confidence_manager.py::TestConfidenceCombination::test_combine_bayesian [32m[2025-10-30 23:30:55] [INFO    ] [component_confidence_manager] ConfidenceManager initialisiert mit Standard-Thresholds[0m
PASSED
tests/test_confidence_manager.py::TestConfidenceCombination::test_combine_empty_list [32m[2025-10-30 23:30:55] [INFO    ] [component_confidence_manager] ConfidenceManager initialisiert mit Standard-Thresholds[0m
[33m[2025-10-30 23:30:55] [WARNING ] [component_confidence_manager] Leere Confidence-Liste �bergeben[0m
PASSED
tests/test_confidence_manager.py::TestConfidenceDecay::test_no_decay_for_recent_facts [32m[2025-10-30 23:30:55] [INFO    ] [component_confidence_manager] ConfidenceManager initialisiert mit Standard-Thresholds[0m
PASSED
tests/test_confidence_manager.py::TestConfidenceDecay::test_decay_for_old_facts [32m[2025-10-30 23:30:55] [INFO    ] [component_confidence_manager] ConfidenceManager initialisiert mit Standard-Thresholds[0m
PASSED
tests/test_confidence_manager.py::TestConfidenceDecay::test_decay_respects_minimum [32m[2025-10-30 23:30:55] [INFO    ] [component_confidence_manager] ConfidenceManager initialisiert mit Standard-Thresholds[0m
PASSED
tests/test_confidence_manager.py::TestConfidenceDecay::test_decay_half_life [32m[2025-10-30 23:30:55] [INFO    ] [component_confidence_manager] ConfidenceManager initialisiert mit Standard-Thresholds[0m
PASSED
tests/test_confidence_manager.py::TestSpecializedMethods::test_graph_traversal_confidence [32m[2025-10-30 23:30:55] [INFO    ] [component_confidence_manager] ConfidenceManager initialisiert mit Standard-Thresholds[0m
PASSED
tests/test_confidence_manager.py::TestSpecializedMethods::test_rule_confidence [32m[2025-10-30 23:30:55] [INFO    ] [component_confidence_manager] ConfidenceManager initialisiert mit Standard-Thresholds[0m
PASSED
tests/test_confidence_manager.py::TestSpecializedMethods::test_hypothesis_confidence [32m[2025-10-30 23:30:55] [INFO    ] [component_confidence_manager] ConfidenceManager initialisiert mit Standard-Thresholds[0m
PASSED
tests/test_confidence_manager.py::TestConfidenceMetrics::test_metrics_creation PASSED
tests/test_confidence_manager.py::TestConfidenceMetrics::test_metrics_validation PASSED
tests/test_confidence_manager.py::TestUIFeedback::test_generate_ui_feedback_high [32m[2025-10-30 23:30:55] [INFO    ] [component_confidence_manager] ConfidenceManager initialisiert mit Standard-Thresholds[0m
PASSED
tests/test_confidence_manager.py::TestUIFeedback::test_generate_ui_feedback_medium [32m[2025-10-30 23:30:55] [INFO    ] [component_confidence_manager] ConfidenceManager initialisiert mit Standard-Thresholds[0m
PASSED
tests/test_confidence_manager.py::TestUIFeedback::test_generate_ui_feedback_low [32m[2025-10-30 23:30:55] [INFO    ] [component_confidence_manager] ConfidenceManager initialisiert mit Standard-Thresholds[0m
PASSED
tests/test_confidence_manager.py::TestUIFeedback::test_explain_confidence_verbose [32m[2025-10-30 23:30:55] [INFO    ] [component_confidence_manager] ConfidenceManager initialisiert mit Standard-Thresholds[0m
PASSED
tests/test_confidence_manager.py::TestGlobalInstance::test_get_confidence_manager_singleton [32m[2025-10-30 23:30:55] [INFO    ] [component_confidence_manager] ConfidenceManager initialisiert mit Standard-Thresholds[0m
[32m[2025-10-30 23:30:55] [INFO    ] [component_confidence_manager] Globale ConfidenceManager-Instanz erstellt[0m
PASSED
tests/test_confidence_manager.py::TestGlobalInstance::test_confidence_manager_initialization PASSED
tests/test_confidence_manager.py::TestEdgeCases::test_combine_single_confidence [32m[2025-10-30 23:30:55] [INFO    ] [component_confidence_manager] ConfidenceManager initialisiert mit Standard-Thresholds[0m
PASSED
tests/test_confidence_manager.py::TestEdgeCases::test_weighted_average_invalid_weights [32m[2025-10-30 23:30:55] [INFO    ] [component_confidence_manager] ConfidenceManager initialisiert mit Standard-Thresholds[0m
PASSED
tests/test_confidence_manager.py::TestEdgeCases::test_rule_confidence_invalid_strength [32m[2025-10-30 23:30:55] [INFO    ] [component_confidence_manager] ConfidenceManager initialisiert mit Standard-Thresholds[0m
PASSED
tests/test_confidence_manager.py::TestEdgeCases::test_get_threshold_invalid_action [32m[2025-10-30 23:30:55] [INFO    ] [component_confidence_manager] ConfidenceManager initialisiert mit Standard-Thresholds[0m
PASSED
tests/test_constraint_logic_integration.py::TestConstraintLogicIntegration::test_solve_with_constraints_basic [32m[2025-10-30 23:30:55] [INFO    ] [component_9_logik_engine] Logik-Engine initialisiert im deterministischen Modus.[0m
[32m[2025-10-30 23:30:55] [INFO    ] [component_9_logik_engine] Logik-Engine initialisiert mit SAT-Solver f�r Boolean Reasoning.[0m
[32m[2025-10-30 23:30:55] [INFO    ] [component_9_logik_engine] [BC+CSP] Beweise Goal mit Constraints: HAS_PROPERTY {'subject': '?x', 'object': 'rot'}[0m
[32m[2025-10-30 23:30:55] [INFO    ] [component_9_logik_engine] Extrahierte 1 Variablen: ['?x'][0m
[32m[2025-10-30 23:30:55] [INFO    ] [component_9_logik_engine] Gesamt 0 Constraints (0 explizit, 0 implizit)[0m
[32m[2025-10-30 23:30:55] [INFO    ] [component_29_constraint_reasoning] Starting CSP solve | problem=CSP_HAS_PROPERTY_goal-8a6267 | variables=1 | constraints=0 | use_ac3=True | use_mrv=True | use_lcv=True[0m
[32m[2025-10-30 23:30:55] [INFO    ] [component_29_constraint_reasoning] CSP solve completed | problem=CSP_HAS_PROPERTY_goal-8a6267 | solution_found=True | backtracks=0 | constraint_checks=1[0m
[32m[2025-10-30 23:30:55] [INFO    ] [component_9_logik_engine] CSP-L�sung gefunden: {'?x': 'apfel'}[0m
[32m[2025-10-30 23:30:55] [INFO    ] [component_9_logik_engine] [BC] Beweise Goal (depth=0): HAS_PROPERTY {'subject': 'apfel', 'object': 'rot'}[0m
[32m[2025-10-30 23:30:55] [INFO    ] [component_9_logik_engine]   [OK] Direkt durch Fakt bewiesen: HAS_PROPERTY[0m
[32m[2025-10-30 23:30:55] [INFO    ] [component_9_logik_engine] CSP-L�sung erfolgreich verifiziert[0m
PASSED
tests/test_constraint_logic_integration.py::TestConstraintLogicIntegration::test_solve_with_constraints_no_solution [32m[2025-10-30 23:30:55] [INFO    ] [component_9_logik_engine] Logik-Engine initialisiert im deterministischen Modus.[0m
[32m[2025-10-30 23:30:55] [INFO    ] [component_9_logik_engine] Logik-Engine initialisiert mit SAT-Solver f�r Boolean Reasoning.[0m
[32m[2025-10-30 23:30:55] [INFO    ] [component_9_logik_engine] [BC+CSP] Beweise Goal mit Constraints: HAS_PROPERTY {'subject': '?x', 'object': 'lila'}[0m
[33m[2025-10-30 23:30:55] [WARNING ] [component_9_logik_engine] Keine Domain f�r Variable ?x gefunden[0m
PASSED
tests/test_constraint_logic_integration.py::TestConstraintLogicIntegration::test_solve_with_constraints_multiple_variables [32m[2025-10-30 23:30:55] [INFO    ] [component_9_logik_engine] Logik-Engine initialisiert im deterministischen Modus.[0m
[32m[2025-10-30 23:30:55] [INFO    ] [component_9_logik_engine] Logik-Engine initialisiert mit SAT-Solver f�r Boolean Reasoning.[0m
[32m[2025-10-30 23:30:55] [INFO    ] [component_9_logik_engine] [BC+CSP] Beweise Goal mit Constraints: HAS_PROPERTY {'subject': '?x', 'object': '?y'}[0m
[32m[2025-10-30 23:30:55] [INFO    ] [component_9_logik_engine] Extrahierte 2 Variablen: ['?x', '?y'][0m
[32m[2025-10-30 23:30:55] [INFO    ] [component_9_logik_engine] Gesamt 0 Constraints (0 explizit, 0 implizit)[0m
[32m[2025-10-30 23:30:55] [INFO    ] [component_29_constraint_reasoning] Starting CSP solve | problem=CSP_HAS_PROPERTY_goal-6ac13e | variables=2 | constraints=0 | use_ac3=True | use_mrv=True | use_lcv=True[0m
[32m[2025-10-30 23:30:55] [INFO    ] [component_29_constraint_reasoning] CSP solve completed | problem=CSP_HAS_PROPERTY_goal-6ac13e | solution_found=True | backtracks=0 | constraint_checks=2[0m
[32m[2025-10-30 23:30:55] [INFO    ] [component_9_logik_engine] CSP-L�sung gefunden: {'?x': 'apfel', '?y': 'rot'}[0m
[32m[2025-10-30 23:30:55] [INFO    ] [component_9_logik_engine] [BC] Beweise Goal (depth=0): HAS_PROPERTY {'subject': 'apfel', 'object': 'rot'}[0m
[32m[2025-10-30 23:30:55] [INFO    ] [component_9_logik_engine]   [OK] Direkt durch Fakt bewiesen: HAS_PROPERTY[0m
[32m[2025-10-30 23:30:55] [INFO    ] [component_9_logik_engine] CSP-L�sung erfolgreich verifiziert[0m
PASSED
tests/test_constraint_logic_integration.py::TestConstraintLogicIntegration::test_solve_with_constraints_with_explicit_constraint [32m[2025-10-30 23:30:55] [INFO    ] [component_9_logik_engine] Logik-Engine initialisiert im deterministischen Modus.[0m
[32m[2025-10-30 23:30:55] [INFO    ] [component_9_logik_engine] Logik-Engine initialisiert mit SAT-Solver f�r Boolean Reasoning.[0m
[32m[2025-10-30 23:30:55] [INFO    ] [component_9_logik_engine] [BC+CSP] Beweise Goal mit Constraints: IS_A {'subject': '?x', 'object': 'frucht'}[0m
[32m[2025-10-30 23:30:55] [INFO    ] [component_9_logik_engine] Extrahierte 1 Variablen: ['?x'][0m
[32m[2025-10-30 23:30:55] [INFO    ] [component_9_logik_engine] Gesamt 1 Constraints (1 explizit, 0 implizit)[0m
[32m[2025-10-30 23:30:55] [INFO    ] [component_29_constraint_reasoning] Starting CSP solve | problem=CSP_IS_A_goal-dc4adf | variables=1 | constraints=1 | use_ac3=True | use_mrv=True | use_lcv=True[0m
[32m[2025-10-30 23:30:55] [INFO    ] [component_29_constraint_reasoning] CSP solve completed | problem=CSP_IS_A_goal-dc4adf | solution_found=True | backtracks=1 | constraint_checks=2[0m
[32m[2025-10-30 23:30:55] [INFO    ] [component_9_logik_engine] CSP-L�sung gefunden: {'?x': 'banane'}[0m
[32m[2025-10-30 23:30:55] [INFO    ] [component_9_logik_engine] [BC] Beweise Goal (depth=0): IS_A {'subject': 'banane', 'object': 'frucht'}[0m
[32m[2025-10-30 23:30:55] [INFO    ] [component_9_logik_engine]   [OK] Direkt durch Fakt bewiesen: IS_A[0m
[32m[2025-10-30 23:30:55] [INFO    ] [component_9_logik_engine] CSP-L�sung erfolgreich verifiziert[0m
PASSED
tests/test_constraint_logic_integration.py::TestConstraintLogicIntegration::test_solve_with_constraints_binary_constraint [32m[2025-10-30 23:30:55] [INFO    ] [component_9_logik_engine] Logik-Engine initialisiert im deterministischen Modus.[0m
[32m[2025-10-30 23:30:55] [INFO    ] [component_9_logik_engine] Logik-Engine initialisiert mit SAT-Solver f�r Boolean Reasoning.[0m
[32m[2025-10-30 23:30:55] [INFO    ] [component_9_logik_engine] [BC+CSP] Beweise Goal mit Constraints: LOCATED_IN {'subject': '?x', 'object': 'deutschland'}[0m
[32m[2025-10-30 23:30:55] [INFO    ] [component_9_logik_engine] Extrahierte 1 Variablen: ['?x'][0m
[32m[2025-10-30 23:30:55] [INFO    ] [component_9_logik_engine] Gesamt 0 Constraints (0 explizit, 0 implizit)[0m
[32m[2025-10-30 23:30:55] [INFO    ] [component_29_constraint_reasoning] Starting CSP solve | problem=CSP_LOCATED_IN_goal-36f049 | variables=1 | constraints=0 | use_ac3=True | use_mrv=True | use_lcv=True[0m
[32m[2025-10-30 23:30:55] [INFO    ] [component_29_constraint_reasoning] CSP solve completed | problem=CSP_LOCATED_IN_goal-36f049 | solution_found=True | backtracks=0 | constraint_checks=1[0m
[32m[2025-10-30 23:30:55] [INFO    ] [component_9_logik_engine] CSP-L�sung gefunden: {'?x': 'berlin'}[0m
[32m[2025-10-30 23:30:55] [INFO    ] [component_9_logik_engine] [BC] Beweise Goal (depth=0): LOCATED_IN {'subject': 'berlin', 'object': 'deutschland'}[0m
[32m[2025-10-30 23:30:55] [INFO    ] [component_9_logik_engine]   [OK] Direkt durch Fakt bewiesen: LOCATED_IN[0m
[32m[2025-10-30 23:30:55] [INFO    ] [component_9_logik_engine] CSP-L�sung erfolgreich verifiziert[0m
PASSED
tests/test_constraint_logic_integration.py::TestConstraintLogicIntegration::test_solve_with_constraints_fallback_to_normal_bc [32m[2025-10-30 23:30:55] [INFO    ] [component_9_logik_engine] Logik-Engine initialisiert im deterministischen Modus.[0m
[32m[2025-10-30 23:30:55] [INFO    ] [component_9_logik_engine] Logik-Engine initialisiert mit SAT-Solver f�r Boolean Reasoning.[0m
[32m[2025-10-30 23:30:55] [INFO    ] [component_9_logik_engine] [BC+CSP] Beweise Goal mit Constraints: HAS_PROPERTY {'subject': 'apfel', 'object': 'rot'}[0m
[32m[2025-10-30 23:30:55] [INFO    ] [component_9_logik_engine] Keine Variablen im Goal - nutze normales Backward-Chaining[0m
[32m[2025-10-30 23:30:55] [INFO    ] [component_9_logik_engine] [BC] Beweise Goal (depth=0): HAS_PROPERTY {'subject': 'apfel', 'object': 'rot'}[0m
[32m[2025-10-30 23:30:55] [INFO    ] [component_9_logik_engine]   [OK] Direkt durch Fakt bewiesen: HAS_PROPERTY[0m
PASSED
tests/test_constraint_logic_integration.py::TestConstraintLogicIntegration::test_solve_with_constraints_domain_building [32m[2025-10-30 23:30:55] [INFO    ] [component_9_logik_engine] Logik-Engine initialisiert im deterministischen Modus.[0m
[32m[2025-10-30 23:30:55] [INFO    ] [component_9_logik_engine] Logik-Engine initialisiert mit SAT-Solver f�r Boolean Reasoning.[0m
PASSED
tests/test_constraint_logic_integration.py::TestConstraintLogicIntegration::test_solve_with_constraints_verification [32m[2025-10-30 23:30:55] [INFO    ] [component_9_logik_engine] Logik-Engine initialisiert im deterministischen Modus.[0m
[32m[2025-10-30 23:30:55] [INFO    ] [component_9_logik_engine] Logik-Engine initialisiert mit SAT-Solver f�r Boolean Reasoning.[0m
[32m[2025-10-30 23:30:55] [INFO    ] [component_9_logik_engine] [BC+CSP] Beweise Goal mit Constraints: HAS_PROPERTY {'subject': '?x', 'object': 'rot'}[0m
[32m[2025-10-30 23:30:55] [INFO    ] [component_9_logik_engine] Extrahierte 1 Variablen: ['?x'][0m
[32m[2025-10-30 23:30:55] [INFO    ] [component_9_logik_engine] Gesamt 0 Constraints (0 explizit, 0 implizit)[0m
[32m[2025-10-30 23:30:55] [INFO    ] [component_29_constraint_reasoning] Starting CSP solve | problem=CSP_HAS_PROPERTY_goal-1ee260 | variables=1 | constraints=0 | use_ac3=True | use_mrv=True | use_lcv=True[0m
[32m[2025-10-30 23:30:55] [INFO    ] [component_29_constraint_reasoning] CSP solve completed | problem=CSP_HAS_PROPERTY_goal-1ee260 | solution_found=True | backtracks=0 | constraint_checks=1[0m
[32m[2025-10-30 23:30:55] [INFO    ] [component_9_logik_engine] CSP-L�sung gefunden: {'?x': 'apfel'}[0m
[32m[2025-10-30 23:30:55] [INFO    ] [component_9_logik_engine] [BC] Beweise Goal (depth=0): HAS_PROPERTY {'subject': 'apfel', 'object': 'rot'}[0m
[32m[2025-10-30 23:30:55] [INFO    ] [component_9_logik_engine]   [OK] Direkt durch Fakt bewiesen: HAS_PROPERTY[0m
[32m[2025-10-30 23:30:55] [INFO    ] [component_9_logik_engine] CSP-L�sung erfolgreich verifiziert[0m
PASSED
tests/test_constraint_logic_integration.py::TestConstraintLogicIntegration::test_solve_with_constraints_proof_formatting [32m[2025-10-30 23:30:55] [INFO    ] [component_9_logik_engine] Logik-Engine initialisiert im deterministischen Modus.[0m
[32m[2025-10-30 23:30:55] [INFO    ] [component_9_logik_engine] Logik-Engine initialisiert mit SAT-Solver f�r Boolean Reasoning.[0m
[32m[2025-10-30 23:30:55] [INFO    ] [component_9_logik_engine] [BC+CSP] Beweise Goal mit Constraints: HAS_PROPERTY {'subject': '?x', 'object': 'rot'}[0m
[32m[2025-10-30 23:30:55] [INFO    ] [component_9_logik_engine] Extrahierte 1 Variablen: ['?x'][0m
[32m[2025-10-30 23:30:55] [INFO    ] [component_9_logik_engine] Gesamt 0 Constraints (0 explizit, 0 implizit)[0m
[32m[2025-10-30 23:30:55] [INFO    ] [component_29_constraint_reasoning] Starting CSP solve | problem=CSP_HAS_PROPERTY_goal-f7ccad | variables=1 | constraints=0 | use_ac3=True | use_mrv=True | use_lcv=True[0m
[32m[2025-10-30 23:30:55] [INFO    ] [component_29_constraint_reasoning] CSP solve completed | problem=CSP_HAS_PROPERTY_goal-f7ccad | solution_found=True | backtracks=0 | constraint_checks=1[0m
[32m[2025-10-30 23:30:55] [INFO    ] [component_9_logik_engine] CSP-L�sung gefunden: {'?x': 'apfel'}[0m
[32m[2025-10-30 23:30:55] [INFO    ] [component_9_logik_engine] [BC] Beweise Goal (depth=0): HAS_PROPERTY {'subject': 'apfel', 'object': 'rot'}[0m
[32m[2025-10-30 23:30:55] [INFO    ] [component_9_logik_engine]   [OK] Direkt durch Fakt bewiesen: HAS_PROPERTY[0m
[32m[2025-10-30 23:30:55] [INFO    ] [component_9_logik_engine] CSP-L�sung erfolgreich verifiziert[0m
PASSED
tests/test_constraint_logic_integration.py::TestConstraintLogicIntegration::test_solve_with_constraints_all_different [32m[2025-10-30 23:30:55] [INFO    ] [component_9_logik_engine] Logik-Engine initialisiert im deterministischen Modus.[0m
[32m[2025-10-30 23:30:55] [INFO    ] [component_9_logik_engine] Logik-Engine initialisiert mit SAT-Solver f�r Boolean Reasoning.[0m
[32m[2025-10-30 23:30:55] [INFO    ] [component_9_logik_engine] [BC+CSP] Beweise Goal mit Constraints: POSITION {'queen': 'q1', 'column': '?x'}[0m
[32m[2025-10-30 23:30:55] [INFO    ] [component_9_logik_engine] Extrahierte 1 Variablen: ['?x'][0m
[32m[2025-10-30 23:30:55] [INFO    ] [component_9_logik_engine] Gesamt 0 Constraints (0 explizit, 0 implizit)[0m
[32m[2025-10-30 23:30:55] [INFO    ] [component_29_constraint_reasoning] Starting CSP solve | problem=CSP_POSITION_goal-05eb30 | variables=1 | constraints=0 | use_ac3=True | use_mrv=True | use_lcv=True[0m
[32m[2025-10-30 23:30:55] [INFO    ] [component_29_constraint_reasoning] CSP solve completed | problem=CSP_POSITION_goal-05eb30 | solution_found=True | backtracks=0 | constraint_checks=1[0m
[32m[2025-10-30 23:30:55] [INFO    ] [component_9_logik_engine] CSP-L�sung gefunden: {'?x': '1'}[0m
[32m[2025-10-30 23:30:55] [INFO    ] [component_9_logik_engine] [BC] Beweise Goal (depth=0): POSITION {'queen': 'q1', 'column': '1'}[0m
[32m[2025-10-30 23:30:55] [INFO    ] [component_9_logik_engine]   [OK] Direkt durch Fakt bewiesen: POSITION[0m
[32m[2025-10-30 23:30:55] [INFO    ] [component_9_logik_engine] CSP-L�sung erfolgreich verifiziert[0m
PASSED
tests/test_constraint_logic_integration.py::TestConstraintLogicIntegration::test_solve_with_constraints_empty_domain [32m[2025-10-30 23:30:55] [INFO    ] [component_9_logik_engine] Logik-Engine initialisiert im deterministischen Modus.[0m
[32m[2025-10-30 23:30:55] [INFO    ] [component_9_logik_engine] Logik-Engine initialisiert mit SAT-Solver f�r Boolean Reasoning.[0m
[32m[2025-10-30 23:30:55] [INFO    ] [component_9_logik_engine] [BC+CSP] Beweise Goal mit Constraints: UNKNOWN_PREDICATE {'subject': '?x', 'object': '?y'}[0m
[33m[2025-10-30 23:30:55] [WARNING ] [component_9_logik_engine] Keine Domain f�r Variable ?x gefunden[0m
PASSED
tests/test_constraint_logic_integration.py::TestConstraintLogicIntegration::test_solve_with_constraints_integration_with_normal_bc [32m[2025-10-30 23:30:55] [INFO    ] [component_9_logik_engine] Logik-Engine initialisiert im deterministischen Modus.[0m
[32m[2025-10-30 23:30:55] [INFO    ] [component_9_logik_engine] Logik-Engine initialisiert mit SAT-Solver f�r Boolean Reasoning.[0m
[32m[2025-10-30 23:30:55] [INFO    ] [component_9_logik_engine] [BC+CSP] Beweise Goal mit Constraints: HAS_PROPERTY {'subject': '?x', 'object': 'rot'}[0m
[32m[2025-10-30 23:30:55] [INFO    ] [component_9_logik_engine] Extrahierte 1 Variablen: ['?x'][0m
[32m[2025-10-30 23:30:55] [INFO    ] [component_9_logik_engine] Gesamt 0 Constraints (0 explizit, 0 implizit)[0m
[32m[2025-10-30 23:30:55] [INFO    ] [component_29_constraint_reasoning] Starting CSP solve | problem=CSP_HAS_PROPERTY_goal-378693 | variables=1 | constraints=0 | use_ac3=True | use_mrv=True | use_lcv=True[0m
[32m[2025-10-30 23:30:55] [INFO    ] [component_29_constraint_reasoning] CSP solve completed | problem=CSP_HAS_PROPERTY_goal-378693 | solution_found=True | backtracks=0 | constraint_checks=1[0m
[32m[2025-10-30 23:30:55] [INFO    ] [component_9_logik_engine] CSP-L�sung gefunden: {'?x': 'apfel'}[0m
[32m[2025-10-30 23:30:55] [INFO    ] [component_9_logik_engine] [BC] Beweise Goal (depth=0): HAS_PROPERTY {'subject': 'apfel', 'object': 'rot'}[0m
[32m[2025-10-30 23:30:55] [INFO    ] [component_9_logik_engine]   [OK] Direkt durch Fakt bewiesen: HAS_PROPERTY[0m
[32m[2025-10-30 23:30:55] [INFO    ] [component_9_logik_engine] CSP-L�sung erfolgreich verifiziert[0m
[32m[2025-10-30 23:30:55] [INFO    ] [component_9_logik_engine] [BC] Beweise Goal (depth=0): HAS_PROPERTY {'subject': 'apfel', 'object': 'rot'}[0m
[32m[2025-10-30 23:30:55] [INFO    ] [component_9_logik_engine]   [OK] Direkt durch Fakt bewiesen: HAS_PROPERTY[0m
PASSED
tests/test_constraint_logic_integration.py::TestConstraintLogicEdgeCases::test_solve_with_constraints_no_facts [32m[2025-10-30 23:30:55] [INFO    ] [component_9_logik_engine] Logik-Engine initialisiert im deterministischen Modus.[0m
[32m[2025-10-30 23:30:55] [INFO    ] [component_9_logik_engine] Logik-Engine initialisiert mit SAT-Solver f�r Boolean Reasoning.[0m
[32m[2025-10-30 23:30:55] [INFO    ] [component_9_logik_engine] [BC+CSP] Beweise Goal mit Constraints: HAS_PROPERTY {'subject': '?x', 'object': 'rot'}[0m
[33m[2025-10-30 23:30:55] [WARNING ] [component_9_logik_engine] Keine Domain f�r Variable ?x gefunden[0m
PASSED
tests/test_constraint_logic_integration.py::TestConstraintLogicEdgeCases::test_solve_with_constraints_none_constraints [32m[2025-10-30 23:30:55] [INFO    ] [component_9_logik_engine] Logik-Engine initialisiert im deterministischen Modus.[0m
[32m[2025-10-30 23:30:55] [INFO    ] [component_9_logik_engine] Logik-Engine initialisiert mit SAT-Solver f�r Boolean Reasoning.[0m
[32m[2025-10-30 23:30:55] [INFO    ] [component_9_logik_engine] [BC+CSP] Beweise Goal mit Constraints: IS_A {'subject': '?x', 'object': 'tier'}[0m
[32m[2025-10-30 23:30:55] [INFO    ] [component_9_logik_engine] Extrahierte 1 Variablen: ['?x'][0m
[32m[2025-10-30 23:30:55] [INFO    ] [component_9_logik_engine] Gesamt 0 Constraints (0 explizit, 0 implizit)[0m
[32m[2025-10-30 23:30:55] [INFO    ] [component_29_constraint_reasoning] Starting CSP solve | problem=CSP_IS_A_goal-b2007e | variables=1 | constraints=0 | use_ac3=True | use_mrv=True | use_lcv=True[0m
[32m[2025-10-30 23:30:55] [INFO    ] [component_29_constraint_reasoning] CSP solve completed | problem=CSP_IS_A_goal-b2007e | solution_found=True | backtracks=0 | constraint_checks=1[0m
[32m[2025-10-30 23:30:55] [INFO    ] [component_9_logik_engine] CSP-L�sung gefunden: {'?x': 'hund'}[0m
[32m[2025-10-30 23:30:55] [INFO    ] [component_9_logik_engine] [BC] Beweise Goal (depth=0): IS_A {'subject': 'hund', 'object': 'tier'}[0m
[32m[2025-10-30 23:30:55] [INFO    ] [component_9_logik_engine]   [OK] Direkt durch Fakt bewiesen: IS_A[0m
[32m[2025-10-30 23:30:55] [INFO    ] [component_9_logik_engine] CSP-L�sung erfolgreich verifiziert[0m
PASSED
tests/test_constraint_logic_integration.py::TestConstraintLogicEdgeCases::test_solve_with_constraints_mixed_args [32m[2025-10-30 23:30:55] [INFO    ] [component_9_logik_engine] Logik-Engine initialisiert im deterministischen Modus.[0m
[32m[2025-10-30 23:30:55] [INFO    ] [component_9_logik_engine] Logik-Engine initialisiert mit SAT-Solver f�r Boolean Reasoning.[0m
[32m[2025-10-30 23:30:55] [INFO    ] [component_9_logik_engine] [BC+CSP] Beweise Goal mit Constraints: IS_A {'subject': '?x', 'object': 'tier'}[0m
[32m[2025-10-30 23:30:55] [INFO    ] [component_9_logik_engine] Extrahierte 1 Variablen: ['?x'][0m
[32m[2025-10-30 23:30:55] [INFO    ] [component_9_logik_engine] Gesamt 0 Constraints (0 explizit, 0 implizit)[0m
[32m[2025-10-30 23:30:55] [INFO    ] [component_29_constraint_reasoning] Starting CSP solve | problem=CSP_IS_A_goal-95dc62 | variables=1 | constraints=0 | use_ac3=True | use_mrv=True | use_lcv=True[0m
[32m[2025-10-30 23:30:55] [INFO    ] [component_29_constraint_reasoning] CSP solve completed | problem=CSP_IS_A_goal-95dc62 | solution_found=True | backtracks=0 | constraint_checks=1[0m
[32m[2025-10-30 23:30:55] [INFO    ] [component_9_logik_engine] CSP-L�sung gefunden: {'?x': 'hund'}[0m
[32m[2025-10-30 23:30:55] [INFO    ] [component_9_logik_engine] [BC] Beweise Goal (depth=0): IS_A {'subject': 'hund', 'object': 'tier'}[0m
[32m[2025-10-30 23:30:55] [INFO    ] [component_9_logik_engine]   [OK] Direkt durch Fakt bewiesen: IS_A[0m
[32m[2025-10-30 23:30:55] [INFO    ] [component_9_logik_engine] CSP-L�sung erfolgreich verifiziert[0m
PASSED
tests/test_constraint_reasoning.py::TestVariable::test_variable_creation PASSED
tests/test_constraint_reasoning.py::TestVariable::test_variable_assignment PASSED
tests/test_constraint_reasoning.py::TestVariable::test_variable_invalid_assignment [33m[2025-10-30 23:30:55] [WARNING ] [component_29_constraint_reasoning] Attempted to assign invalid value | variable=X | value=5 | domain={1, 2, 3}[0m
PASSED
tests/test_constraint_reasoning.py::TestVariable::test_variable_unassign PASSED
tests/test_constraint_reasoning.py::TestVariable::test_variable_reset_domain PASSED
tests/test_constraint_reasoning.py::TestConstraint::test_unary_constraint PASSED
tests/test_constraint_reasoning.py::TestConstraint::test_binary_constraint PASSED
tests/test_constraint_reasoning.py::TestConstraint::test_nary_constraint PASSED
tests/test_constraint_reasoning.py::TestConstraint::test_constraint_satisfaction PASSED
tests/test_constraint_reasoning.py::TestConstraint::test_all_different_constraint PASSED
tests/test_constraint_reasoning.py::TestConstraint::test_custom_constraint PASSED
tests/test_constraint_reasoning.py::TestConstraintProblem::test_problem_creation PASSED
tests/test_constraint_reasoning.py::TestConstraintProblem::test_get_variable PASSED
tests/test_constraint_reasoning.py::TestConstraintProblem::test_get_constraints_for_variable PASSED
tests/test_constraint_reasoning.py::TestConstraintProblem::test_get_neighbors PASSED
tests/test_constraint_reasoning.py::TestConstraintProblem::test_is_complete PASSED
tests/test_constraint_reasoning.py::TestConstraintProblem::test_is_consistent PASSED
tests/test_constraint_reasoning.py::TestConstraintSolver::test_simple_binary_csp [32m[2025-10-30 23:30:55] [INFO    ] [component_29_constraint_reasoning] Starting CSP solve | problem=Simple Binary | variables=2 | constraints=1 | use_ac3=True | use_mrv=True | use_lcv=True[0m
[32m[2025-10-30 23:30:55] [INFO    ] [component_29_constraint_reasoning] CSP solve completed | problem=Simple Binary | solution_found=True | backtracks=1 | constraint_checks=3[0m
PASSED
tests/test_constraint_reasoning.py::TestConstraintSolver::test_no_solution_csp [32m[2025-10-30 23:30:55] [INFO    ] [component_29_constraint_reasoning] Starting CSP solve | problem=Impossible | variables=2 | constraints=1 | use_ac3=True | use_mrv=True | use_lcv=True[0m
[33m[2025-10-30 23:30:55] [WARNING ] [component_29_constraint_reasoning] AC-3 detected inconsistency - no solution exists[0m
PASSED
tests/test_constraint_reasoning.py::TestConstraintSolver::test_ac3_domain_reduction PASSED
tests/test_constraint_reasoning.py::TestConstraintSolver::test_solver_without_heuristics [32m[2025-10-30 23:30:55] [INFO    ] [component_29_constraint_reasoning] Starting CSP solve | problem=No Heuristics | variables=2 | constraints=1 | use_ac3=False | use_mrv=False | use_lcv=False[0m
[32m[2025-10-30 23:30:55] [INFO    ] [component_29_constraint_reasoning] CSP solve completed | problem=No Heuristics | solution_found=True | backtracks=1 | constraint_checks=3[0m
PASSED
tests/test_constraint_reasoning.py::TestNQueensProblem::test_4queens [32m[2025-10-30 23:30:55] [INFO    ] [component_29_constraint_reasoning] Starting CSP solve | problem=4-Queens Problem | variables=4 | constraints=12 | use_ac3=True | use_mrv=True | use_lcv=True[0m
[32m[2025-10-30 23:30:55] [INFO    ] [component_29_constraint_reasoning] CSP solve completed | problem=4-Queens Problem | solution_found=True | backtracks=19 | constraint_checks=23[0m
PASSED
tests/test_constraint_reasoning.py::TestNQueensProblem::test_8queens [32m[2025-10-30 23:30:55] [INFO    ] [component_29_constraint_reasoning] Starting CSP solve | problem=8-Queens Problem | variables=8 | constraints=56 | use_ac3=True | use_mrv=True | use_lcv=True[0m
[32m[2025-10-30 23:30:55] [INFO    ] [component_29_constraint_reasoning] CSP solve completed | problem=8-Queens Problem | solution_found=True | backtracks=382 | constraint_checks=390[0m
PASSED
tests/test_constraint_reasoning.py::TestNQueensProblem::test_12queens [32m[2025-10-30 23:30:55] [INFO    ] [component_29_constraint_reasoning] Starting CSP solve | problem=12-Queens Problem | variables=12 | constraints=132 | use_ac3=True | use_mrv=True | use_lcv=True[0m
[32m[2025-10-30 23:30:57] [INFO    ] [component_29_constraint_reasoning] CSP solve completed | problem=12-Queens Problem | solution_found=True | backtracks=2965 | constraint_checks=2977[0m
PASSED
tests/test_constraint_reasoning.py::TestGraphColoringProblem::test_simple_triangle [32m[2025-10-30 23:30:57] [INFO    ] [component_29_constraint_reasoning] Starting CSP solve | problem=Graph Coloring | variables=3 | constraints=3 | use_ac3=True | use_mrv=True | use_lcv=True[0m
[32m[2025-10-30 23:30:57] [INFO    ] [component_29_constraint_reasoning] CSP solve completed | problem=Graph Coloring | solution_found=True | backtracks=2 | constraint_checks=5[0m
PASSED
tests/test_constraint_reasoning.py::TestGraphColoringProblem::test_australia_map_coloring [32m[2025-10-30 23:30:57] [INFO    ] [component_29_constraint_reasoning] Starting CSP solve | problem=Graph Coloring | variables=7 | constraints=9 | use_ac3=True | use_mrv=True | use_lcv=True[0m
[32m[2025-10-30 23:30:57] [INFO    ] [component_29_constraint_reasoning] CSP solve completed | problem=Graph Coloring | solution_found=True | backtracks=0 | constraint_checks=7[0m
PASSED
tests/test_constraint_reasoning.py::TestGraphColoringProblem::test_impossible_coloring [32m[2025-10-30 23:30:57] [INFO    ] [component_29_constraint_reasoning] Starting CSP solve | problem=Graph Coloring | variables=3 | constraints=3 | use_ac3=True | use_mrv=True | use_lcv=True[0m
[32m[2025-10-30 23:30:57] [INFO    ] [component_29_constraint_reasoning] CSP solve completed | problem=Graph Coloring | solution_found=False | backtracks=10 | constraint_checks=10[0m
PASSED
tests/test_constraint_reasoning.py::TestLogicGridPuzzle::test_simple_logic_puzzle [32m[2025-10-30 23:30:57] [INFO    ] [component_29_constraint_reasoning] Starting CSP solve | problem=Logic Grid Puzzle | variables=6 | constraints=6 | use_ac3=True | use_mrv=True | use_lcv=True[0m
[32m[2025-10-30 23:30:57] [INFO    ] [component_29_constraint_reasoning] CSP solve completed | problem=Logic Grid Puzzle | solution_found=True | backtracks=87 | constraint_checks=93[0m
PASSED
tests/test_constraint_reasoning.py::TestProofTreeIntegration::test_proof_tree_structure [32m[2025-10-30 23:30:57] [INFO    ] [component_29_constraint_reasoning] Starting CSP solve | problem=Simple | variables=2 | constraints=1 | use_ac3=True | use_mrv=True | use_lcv=True[0m
[32m[2025-10-30 23:30:57] [INFO    ] [component_29_constraint_reasoning] CSP solve completed | problem=Simple | solution_found=True | backtracks=1 | constraint_checks=3[0m
PASSED
tests/test_constraint_reasoning.py::TestProofTreeIntegration::test_proof_tree_disabled [32m[2025-10-30 23:30:57] [INFO    ] [component_29_constraint_reasoning] Starting CSP solve | problem=Simple | variables=2 | constraints=1 | use_ac3=True | use_mrv=True | use_lcv=True[0m
[32m[2025-10-30 23:30:57] [INFO    ] [component_29_constraint_reasoning] CSP solve completed | problem=Simple | solution_found=True | backtracks=1 | constraint_checks=3[0m
PASSED
tests/test_constraint_reasoning.py::TestPerformanceMetrics::test_backtrack_counting [32m[2025-10-30 23:30:57] [INFO    ] [component_29_constraint_reasoning] Starting CSP solve | problem=Test | variables=3 | constraints=1 | use_ac3=False | use_mrv=True | use_lcv=True[0m
[32m[2025-10-30 23:30:57] [INFO    ] [component_29_constraint_reasoning] CSP solve completed | problem=Test | solution_found=True | backtracks=2 | constraint_checks=5[0m
PASSED
tests/test_constraint_reasoning.py::TestPerformanceMetrics::test_constraint_check_counting [32m[2025-10-30 23:30:57] [INFO    ] [component_29_constraint_reasoning] Starting CSP solve | problem=Test | variables=2 | constraints=1 | use_ac3=True | use_mrv=True | use_lcv=True[0m
[32m[2025-10-30 23:30:57] [INFO    ] [component_29_constraint_reasoning] CSP solve completed | problem=Test | solution_found=True | backtracks=1 | constraint_checks=3[0m
PASSED
tests/test_contradiction_detection.py::test_contradicts_mutually_exclusive_types PASSED
tests/test_contradiction_detection.py::test_no_contradiction_hierarchical_types PASSED
tests/test_contradiction_detection.py::test_no_contradiction_same_type PASSED
tests/test_contradiction_detection.py::test_contradicts_color_properties PASSED
tests/test_contradiction_detection.py::test_contradicts_size_properties PASSED
tests/test_contradiction_detection.py::test_contradicts_temperature_properties PASSED
tests/test_contradiction_detection.py::test_no_contradiction_compatible_properties PASSED
tests/test_contradiction_detection.py::test_contradicts_binary_states PASSED
tests/test_contradiction_detection.py::test_contradicts_locations_no_hierarchy PASSED
tests/test_contradiction_detection.py::test_no_contradiction_location_hierarchy PASSED
tests/test_contradiction_detection.py::test_are_types_mutually_exclusive PASSED
tests/test_contradiction_detection.py::test_is_subtype_of PASSED
tests/test_contradiction_detection.py::test_are_properties_contradictory PASSED
tests/test_contradiction_detection.py::test_is_location_hierarchy PASSED
tests/test_contradiction_detection.py::test_contradicts_with_missing_args PASSED
tests/test_contradiction_detection.py::test_contradicts_with_empty_knowledge_base PASSED
tests/test_contradiction_detection.py::test_contradicts_with_unicode PASSED
tests/test_contradiction_detection.py::test_coherence_scoring_with_contradictions PASSED
tests/test_contradiction_detection.py::test_hypothesis_generation_filters_contradictions FAILED
tests/test_definition_strategy.py::test_extract_relation_triple [32m[2025-10-30 23:30:57] [INFO    ] [test_definition_strategy] 
======================================================================[0m
[32m[2025-10-30 23:30:57] [INFO    ] [test_definition_strategy] TEST 1: EXTRAKTION VON RELATION-TRIPEL[0m
[32m[2025-10-30 23:30:57] [INFO    ] [test_definition_strategy] ======================================================================[0m
[32m[2025-10-30 23:30:57] [INFO    ] [test_definition_strategy]   [OK] Subject extrahiert: hund[0m
[32m[2025-10-30 23:30:57] [INFO    ] [test_definition_strategy]   [OK] Relation extrahiert: IS_A[0m
[32m[2025-10-30 23:30:57] [INFO    ] [test_definition_strategy]   [OK] Object extrahiert: tier[0m
[32m[2025-10-30 23:30:57] [INFO    ] [test_definition_strategy]   [SUCCESS] TEST BESTANDEN[0m
PASSED
tests/test_definition_strategy.py::test_store_relation [32m[2025-10-30 23:30:57] [INFO    ] [test_definition_strategy] 
======================================================================[0m
[32m[2025-10-30 23:30:57] [INFO    ] [test_definition_strategy] TEST 2: SPEICHERUNG VON RELATIONEN[0m
[32m[2025-10-30 23:30:57] [INFO    ] [test_definition_strategy] ======================================================================[0m
[32m[2025-10-30 23:30:57] [INFO    ] [test_definition_strategy]   -> Mock-Speicherung: (v�gel)-[CAPABLE_OF]->(fliegen)[0m
[32m[2025-10-30 23:30:57] [INFO    ] [kai_sub_goal_executor] Auto-erkannte Relation gespeichert: (v�gel)-[CAPABLE_OF]->(fliegen) (created=True)[0m
[32m[2025-10-30 23:30:57] [INFO    ] [test_definition_strategy]   [OK] Relation gespeichert: (v�gel)-[CAPABLE_OF]->(fliegen)[0m
[32m[2025-10-30 23:30:57] [INFO    ] [test_definition_strategy]   [SUCCESS] TEST BESTANDEN[0m
PASSED
tests/test_definition_strategy.py::test_formulate_confirmation [32m[2025-10-30 23:30:57] [INFO    ] [test_definition_strategy] 
======================================================================[0m
[32m[2025-10-30 23:30:57] [INFO    ] [test_definition_strategy] TEST 3: FORMULIERUNG DER BEST�TIGUNG[0m
[32m[2025-10-30 23:30:57] [INFO    ] [test_definition_strategy] ======================================================================[0m
[32m[2025-10-30 23:30:57] [INFO    ] [test_definition_strategy] 
-> Teste: IS_A Relation (neu erstellt)[0m
[32m[2025-10-30 23:30:57] [INFO    ] [test_definition_strategy]   -> Antwort: 'Ok, ich habe mir gemerkt: 'hund' -> 'tier'.'[0m
[32m[2025-10-30 23:30:57] [INFO    ] [test_definition_strategy]     [OK] Enth�lt 'hund'[0m
[32m[2025-10-30 23:30:57] [INFO    ] [test_definition_strategy]     [OK] Enth�lt 'tier'[0m
[32m[2025-10-30 23:30:57] [INFO    ] [test_definition_strategy]     [OK] Enth�lt 'gemerkt'[0m
[32m[2025-10-30 23:30:57] [INFO    ] [test_definition_strategy]   [SUCCESS] TEST BESTANDEN f�r IS_A Relation (neu erstellt)[0m
[32m[2025-10-30 23:30:57] [INFO    ] [test_definition_strategy] 
-> Teste: CAPABLE_OF Relation (bereits bekannt)[0m
[32m[2025-10-30 23:30:57] [INFO    ] [test_definition_strategy]   -> Antwort: 'Ok, diese Information �ber 'vogel' kannte ich bereits.'[0m
[32m[2025-10-30 23:30:57] [INFO    ] [test_definition_strategy]     [OK] Enth�lt 'vogel'[0m
[32m[2025-10-30 23:30:57] [INFO    ] [test_definition_strategy]     [OK] Enth�lt 'bereits'[0m
[32m[2025-10-30 23:30:57] [INFO    ] [test_definition_strategy]     [OK] Enth�lt 'kannte'[0m
[32m[2025-10-30 23:30:57] [INFO    ] [test_definition_strategy]   [SUCCESS] TEST BESTANDEN f�r CAPABLE_OF Relation (bereits bekannt)[0m
[32m[2025-10-30 23:30:57] [INFO    ] [test_definition_strategy] 
======================================================================[0m
[32m[2025-10-30 23:30:57] [INFO    ] [test_definition_strategy] [SUCCESS] TEST 3 ERFOLGREICH: Best�tigungsnachrichten korrekt[0m
[32m[2025-10-30 23:30:57] [INFO    ] [test_definition_strategy] ======================================================================[0m
PASSED
tests/test_definition_strategy.py::test_can_handle_definition_subgoals [32m[2025-10-30 23:30:57] [INFO    ] [test_definition_strategy] 
======================================================================[0m
[32m[2025-10-30 23:30:57] [INFO    ] [test_definition_strategy] TEST 4: SUBGOAL-ERKENNUNG[0m
[32m[2025-10-30 23:30:57] [INFO    ] [test_definition_strategy] ======================================================================[0m
[32m[2025-10-30 23:30:57] [INFO    ] [test_definition_strategy] 
-> Teste erwartete SubGoals:[0m
[32m[2025-10-30 23:30:57] [INFO    ] [test_definition_strategy]   [OK] Kann handhaben: 'Extrahiere Subjekt, Relation und Objekt....'[0m
[32m[2025-10-30 23:30:57] [INFO    ] [test_definition_strategy]   [OK] Kann handhaben: 'Speichere die Relation im Wissensgraphen....'[0m
[32m[2025-10-30 23:30:57] [INFO    ] [test_definition_strategy]   [OK] Kann handhaben: 'Formuliere eine Lernbest�tigung....'[0m
[32m[2025-10-30 23:30:57] [INFO    ] [test_definition_strategy]   [OK] Kann handhaben: 'Extrahiere Thema, Informationstyp und Inhalt....'[0m
[32m[2025-10-30 23:30:57] [INFO    ] [test_definition_strategy]   [OK] Kann handhaben: 'Speichere die Information direkt im Wissensgraphen...'[0m
[32m[2025-10-30 23:30:57] [INFO    ] [test_definition_strategy]   [OK] Kann handhaben: 'Formuliere eine Best�tigungsantwort....'[0m
[32m[2025-10-30 23:30:57] [INFO    ] [test_definition_strategy] 
-> Teste unerwartete SubGoals:[0m
[32m[2025-10-30 23:30:57] [INFO    ] [test_definition_strategy]   [OK] Kann nicht handhaben: 'Identifiziere das Thema der Frage....'[0m
[32m[2025-10-30 23:30:57] [INFO    ] [test_definition_strategy]   [OK] Kann nicht handhaben: 'Verarbeite Beispielsatz zu Vektor....'[0m
[32m[2025-10-30 23:30:57] [INFO    ] [test_definition_strategy]   [OK] Kann nicht handhaben: 'Extrahiere den zu ingestierenden Text....'[0m
[32m[2025-10-30 23:30:57] [INFO    ] [test_definition_strategy] 
  [SUCCESS] TEST BESTANDEN[0m
PASSED
tests/test_dialog_system.py::TestMultiTurnDialogSystem::test_context_snapshot_creation [32m[2025-10-30 23:30:57] [INFO    ] [component_11_embedding_service] Lade Embedding-Modell | model_name=paraphrase-multilingual-MiniLM-L12-v2[0m
[32m[2025-10-30 23:30:57] [INFO    ] [sentence_transformers.SentenceTransformer] Use pytorch device_name: cpu[0m
[32m[2025-10-30 23:30:57] [INFO    ] [sentence_transformers.SentenceTransformer] Load pretrained SentenceTransformer: paraphrase-multilingual-MiniLM-L12-v2[0m
[32m[2025-10-30 23:30:59] [INFO    ] [component_11_embedding_service] Embedding-Modell geladen | model_name=paraphrase-multilingual-MiniLM-L12-v2 | vector_dimension=384[0m
[32m[2025-10-30 23:31:00] [INFO    ] [component_6_linguistik_engine] [LinguisticPreprocessor] spaCy-Modell 'de_core_news_sm' erfolgreich geladen.[0m
[32m[2025-10-30 23:31:00] [INFO    ] [component_16_probabilistic_engine] ProbabilisticEngine initialisiert.[0m
[32m[2025-10-30 23:31:00] [INFO    ] [component_9_logik_engine] Logik-Engine initialisiert mit probabilistischer Unterst�tzung.[0m
[32m[2025-10-30 23:31:00] [INFO    ] [component_9_logik_engine] Logik-Engine initialisiert mit SAT-Solver f�r Boolean Reasoning.[0m
[32m[2025-10-30 23:31:00] [INFO    ] [component_9_logik_engine] Lade Regeln aus dem Wissensgraphen...[0m
[32m[2025-10-30 23:31:00] [INFO    ] [component_9_logik_engine] 0 Regeln aus dem Graphen geladen und sortiert.[0m
[32m[2025-10-30 23:31:00] [INFO    ] [component_7_meaning_extractor] MeaningPointExtractor initialisiert mit zweiphasiger Erkennung[0m
[32m[2025-10-30 23:31:00] [INFO    ] [kai_response_formatter] KaiResponseFormatter initialisiert mit ConfidenceManager[0m
[32m[2025-10-30 23:31:00] [INFO    ] [kai_response_formatter] KaiResponseFormatter initialisiert mit ConfidenceManager[0m
[32m[2025-10-30 23:31:00] [INFO    ] [kai_inference_handler] InferenceHandler initialisiert mit ConfidenceManager[0m
[32m[2025-10-30 23:31:00] [INFO    ] [kai_reasoning_orchestrator] ReasoningOrchestrator initialisiert: aggregation=noisy_or, parallel=False, caching=True[0m
[32m[2025-10-30 23:31:00] [INFO    ] [kai_inference_handler] [OK] Hybrid Reasoning Orchestrator aktiviert[0m
[32m[2025-10-30 23:31:00] [INFO    ] [kai_response_formatter] KaiResponseFormatter initialisiert mit ConfidenceManager[0m
[32m[2025-10-30 23:31:00] [INFO    ] [component_24_pattern_orchestrator] PatternOrchestrator initialisiert mit adaptiven Thresholds | phase=warming | vocab_size=550 | typo_threshold=10 | seq_threshold=5 | auto_correct_gate=0.85 | ask_user_gate=0.6[0m
[32m[2025-10-30 23:31:00] [INFO    ] [kai_worker] Pattern Recognition Orchestrator aktiviert[0m
[32m[2025-10-30 23:31:00] [INFO    ] [component_26_command_suggestions] CommandSuggester initialisiert | threshold=0.6[0m
[32m[2025-10-30 23:31:00] [INFO    ] [kai_worker] Command Suggester aktiviert[0m
[32m[2025-10-30 23:31:00] [INFO    ] [kai_worker] KAI Worker & alle Subsysteme erfolgreich initialisiert.[0m
[32m[2025-10-30 23:31:00] [INFO    ] [test_dialog_system] [SUCCESS] Context-Snapshot erfolgreich erstellt: ctx-d9436e2e[0m
PASSED
tests/test_dialog_system.py::TestMultiTurnDialogSystem::test_context_snapshot_restore [32m[2025-10-30 23:31:00] [INFO    ] [component_11_embedding_service] Lade Embedding-Modell | model_name=paraphrase-multilingual-MiniLM-L12-v2[0m
[32m[2025-10-30 23:31:00] [INFO    ] [sentence_transformers.SentenceTransformer] Use pytorch device_name: cpu[0m
[32m[2025-10-30 23:31:00] [INFO    ] [sentence_transformers.SentenceTransformer] Load pretrained SentenceTransformer: paraphrase-multilingual-MiniLM-L12-v2[0m
[32m[2025-10-30 23:31:02] [INFO    ] [component_11_embedding_service] Embedding-Modell geladen | model_name=paraphrase-multilingual-MiniLM-L12-v2 | vector_dimension=384[0m
[32m[2025-10-30 23:31:03] [INFO    ] [component_6_linguistik_engine] [LinguisticPreprocessor] spaCy-Modell 'de_core_news_sm' erfolgreich geladen.[0m
[32m[2025-10-30 23:31:03] [INFO    ] [component_16_probabilistic_engine] ProbabilisticEngine initialisiert.[0m
[32m[2025-10-30 23:31:03] [INFO    ] [component_9_logik_engine] Logik-Engine initialisiert mit probabilistischer Unterst�tzung.[0m
[32m[2025-10-30 23:31:03] [INFO    ] [component_9_logik_engine] Logik-Engine initialisiert mit SAT-Solver f�r Boolean Reasoning.[0m
[32m[2025-10-30 23:31:03] [INFO    ] [component_9_logik_engine] Lade Regeln aus dem Wissensgraphen...[0m
[32m[2025-10-30 23:31:03] [INFO    ] [component_9_logik_engine] 0 Regeln aus dem Graphen geladen und sortiert.[0m
[32m[2025-10-30 23:31:03] [INFO    ] [component_7_meaning_extractor] MeaningPointExtractor initialisiert mit zweiphasiger Erkennung[0m
[32m[2025-10-30 23:31:03] [INFO    ] [kai_response_formatter] KaiResponseFormatter initialisiert mit ConfidenceManager[0m
[32m[2025-10-30 23:31:03] [INFO    ] [kai_response_formatter] KaiResponseFormatter initialisiert mit ConfidenceManager[0m
[32m[2025-10-30 23:31:03] [INFO    ] [kai_inference_handler] InferenceHandler initialisiert mit ConfidenceManager[0m
[32m[2025-10-30 23:31:03] [INFO    ] [kai_reasoning_orchestrator] ReasoningOrchestrator initialisiert: aggregation=noisy_or, parallel=False, caching=True[0m
[32m[2025-10-30 23:31:03] [INFO    ] [kai_inference_handler] [OK] Hybrid Reasoning Orchestrator aktiviert[0m
[32m[2025-10-30 23:31:03] [INFO    ] [kai_response_formatter] KaiResponseFormatter initialisiert mit ConfidenceManager[0m
[32m[2025-10-30 23:31:03] [INFO    ] [component_24_pattern_orchestrator] PatternOrchestrator initialisiert mit adaptiven Thresholds | phase=warming | vocab_size=550 | typo_threshold=10 | seq_threshold=5 | auto_correct_gate=0.85 | ask_user_gate=0.6[0m
[32m[2025-10-30 23:31:03] [INFO    ] [kai_worker] Pattern Recognition Orchestrator aktiviert[0m
[32m[2025-10-30 23:31:03] [INFO    ] [kai_worker] Command Suggester aktiviert[0m
[32m[2025-10-30 23:31:03] [INFO    ] [kai_worker] KAI Worker & alle Subsysteme erfolgreich initialisiert.[0m
[32m[2025-10-30 23:31:03] [INFO    ] [test_dialog_system] [SUCCESS] Context-Snapshot erfolgreich wiederhergestellt: ctx-b5d26a14[0m
PASSED
tests/test_dialog_system.py::TestMultiTurnDialogSystem::test_context_history_limit [32m[2025-10-30 23:31:03] [INFO    ] [component_11_embedding_service] Lade Embedding-Modell | model_name=paraphrase-multilingual-MiniLM-L12-v2[0m
[32m[2025-10-30 23:31:03] [INFO    ] [sentence_transformers.SentenceTransformer] Use pytorch device_name: cpu[0m
[32m[2025-10-30 23:31:03] [INFO    ] [sentence_transformers.SentenceTransformer] Load pretrained SentenceTransformer: paraphrase-multilingual-MiniLM-L12-v2[0m
[32m[2025-10-30 23:31:05] [INFO    ] [component_11_embedding_service] Embedding-Modell geladen | model_name=paraphrase-multilingual-MiniLM-L12-v2 | vector_dimension=384[0m
[32m[2025-10-30 23:31:06] [INFO    ] [component_6_linguistik_engine] [LinguisticPreprocessor] spaCy-Modell 'de_core_news_sm' erfolgreich geladen.[0m
[32m[2025-10-30 23:31:06] [INFO    ] [component_16_probabilistic_engine] ProbabilisticEngine initialisiert.[0m
[32m[2025-10-30 23:31:06] [INFO    ] [component_9_logik_engine] Logik-Engine initialisiert mit probabilistischer Unterst�tzung.[0m
[32m[2025-10-30 23:31:06] [INFO    ] [component_9_logik_engine] Logik-Engine initialisiert mit SAT-Solver f�r Boolean Reasoning.[0m
[32m[2025-10-30 23:31:06] [INFO    ] [component_9_logik_engine] Lade Regeln aus dem Wissensgraphen...[0m
[32m[2025-10-30 23:31:06] [INFO    ] [component_9_logik_engine] 0 Regeln aus dem Graphen geladen und sortiert.[0m
[32m[2025-10-30 23:31:06] [INFO    ] [component_7_meaning_extractor] MeaningPointExtractor initialisiert mit zweiphasiger Erkennung[0m
[32m[2025-10-30 23:31:06] [INFO    ] [kai_response_formatter] KaiResponseFormatter initialisiert mit ConfidenceManager[0m
[32m[2025-10-30 23:31:06] [INFO    ] [kai_response_formatter] KaiResponseFormatter initialisiert mit ConfidenceManager[0m
[32m[2025-10-30 23:31:06] [INFO    ] [kai_inference_handler] InferenceHandler initialisiert mit ConfidenceManager[0m
[32m[2025-10-30 23:31:06] [INFO    ] [kai_reasoning_orchestrator] ReasoningOrchestrator initialisiert: aggregation=noisy_or, parallel=False, caching=True[0m
[32m[2025-10-30 23:31:06] [INFO    ] [kai_inference_handler] [OK] Hybrid Reasoning Orchestrator aktiviert[0m
[32m[2025-10-30 23:31:06] [INFO    ] [kai_response_formatter] KaiResponseFormatter initialisiert mit ConfidenceManager[0m
[32m[2025-10-30 23:31:06] [INFO    ] [component_24_pattern_orchestrator] PatternOrchestrator initialisiert mit adaptiven Thresholds | phase=warming | vocab_size=550 | typo_threshold=10 | seq_threshold=5 | auto_correct_gate=0.85 | ask_user_gate=0.6[0m
[32m[2025-10-30 23:31:06] [INFO    ] [kai_worker] Pattern Recognition Orchestrator aktiviert[0m
[32m[2025-10-30 23:31:06] [INFO    ] [kai_worker] Command Suggester aktiviert[0m
[32m[2025-10-30 23:31:06] [INFO    ] [kai_worker] KAI Worker & alle Subsysteme erfolgreich initialisiert.[0m
[32m[2025-10-30 23:31:06] [INFO    ] [test_dialog_system] [SUCCESS] Context-History korrekt auf 10 Eintr�ge begrenzt[0m
PASSED
tests/test_dialog_system.py::TestMultiTurnDialogSystem::test_entity_tracking_across_queries [32m[2025-10-30 23:31:06] [INFO    ] [component_11_embedding_service] Lade Embedding-Modell | model_name=paraphrase-multilingual-MiniLM-L12-v2[0m
[32m[2025-10-30 23:31:06] [INFO    ] [sentence_transformers.SentenceTransformer] Use pytorch device_name: cpu[0m
[32m[2025-10-30 23:31:06] [INFO    ] [sentence_transformers.SentenceTransformer] Load pretrained SentenceTransformer: paraphrase-multilingual-MiniLM-L12-v2[0m
[32m[2025-10-30 23:31:08] [INFO    ] [component_11_embedding_service] Embedding-Modell geladen | model_name=paraphrase-multilingual-MiniLM-L12-v2 | vector_dimension=384[0m
[32m[2025-10-30 23:31:08] [INFO    ] [component_6_linguistik_engine] [LinguisticPreprocessor] spaCy-Modell 'de_core_news_sm' erfolgreich geladen.[0m
[32m[2025-10-30 23:31:08] [INFO    ] [component_16_probabilistic_engine] ProbabilisticEngine initialisiert.[0m
[32m[2025-10-30 23:31:08] [INFO    ] [component_9_logik_engine] Logik-Engine initialisiert mit probabilistischer Unterst�tzung.[0m
[32m[2025-10-30 23:31:08] [INFO    ] [component_9_logik_engine] Logik-Engine initialisiert mit SAT-Solver f�r Boolean Reasoning.[0m
[32m[2025-10-30 23:31:08] [INFO    ] [component_9_logik_engine] Lade Regeln aus dem Wissensgraphen...[0m
[32m[2025-10-30 23:31:08] [INFO    ] [component_9_logik_engine] 0 Regeln aus dem Graphen geladen und sortiert.[0m
[32m[2025-10-30 23:31:08] [INFO    ] [component_7_meaning_extractor] MeaningPointExtractor initialisiert mit zweiphasiger Erkennung[0m
[32m[2025-10-30 23:31:08] [INFO    ] [kai_response_formatter] KaiResponseFormatter initialisiert mit ConfidenceManager[0m
[32m[2025-10-30 23:31:08] [INFO    ] [kai_response_formatter] KaiResponseFormatter initialisiert mit ConfidenceManager[0m
[32m[2025-10-30 23:31:08] [INFO    ] [kai_inference_handler] InferenceHandler initialisiert mit ConfidenceManager[0m
[32m[2025-10-30 23:31:08] [INFO    ] [kai_reasoning_orchestrator] ReasoningOrchestrator initialisiert: aggregation=noisy_or, parallel=False, caching=True[0m
[32m[2025-10-30 23:31:08] [INFO    ] [kai_inference_handler] [OK] Hybrid Reasoning Orchestrator aktiviert[0m
[32m[2025-10-30 23:31:08] [INFO    ] [kai_response_formatter] KaiResponseFormatter initialisiert mit ConfidenceManager[0m
[32m[2025-10-30 23:31:08] [INFO    ] [component_24_pattern_orchestrator] PatternOrchestrator initialisiert mit adaptiven Thresholds | phase=warming | vocab_size=550 | typo_threshold=10 | seq_threshold=5 | auto_correct_gate=0.85 | ask_user_gate=0.6[0m
[32m[2025-10-30 23:31:08] [INFO    ] [kai_worker] Pattern Recognition Orchestrator aktiviert[0m
[32m[2025-10-30 23:31:08] [INFO    ] [kai_worker] Command Suggester aktiviert[0m
[32m[2025-10-30 23:31:08] [INFO    ] [kai_worker] KAI Worker & alle Subsysteme erfolgreich initialisiert.[0m
[32m[2025-10-30 23:31:08] [INFO    ] [conftest] [CLEANUP] Alle Test-Konzepte mit Praefix 'test_' geloescht.[0m
[32m[2025-10-30 23:31:09] [INFO    ] [component_26_command_suggestions] Fuzzy-Match gefunden | original=was ist eine katze? | suggestion=was ist | similarity=1.0[0m
FAILED[32m[2025-10-30 23:31:09] [INFO    ] [conftest] [CLEANUP] Alle Test-Konzepte mit Praefix 'test_' geloescht.[0m

tests/test_dialog_system.py::TestMultiTurnDialogSystem::test_context_summary_generation [32m[2025-10-30 23:31:09] [INFO    ] [component_11_embedding_service] Lade Embedding-Modell | model_name=paraphrase-multilingual-MiniLM-L12-v2[0m
[32m[2025-10-30 23:31:09] [INFO    ] [sentence_transformers.SentenceTransformer] Use pytorch device_name: cpu[0m
[32m[2025-10-30 23:31:09] [INFO    ] [sentence_transformers.SentenceTransformer] Load pretrained SentenceTransformer: paraphrase-multilingual-MiniLM-L12-v2[0m
[32m[2025-10-30 23:31:12] [INFO    ] [component_11_embedding_service] Embedding-Modell geladen | model_name=paraphrase-multilingual-MiniLM-L12-v2 | vector_dimension=384[0m
[32m[2025-10-30 23:31:12] [INFO    ] [component_6_linguistik_engine] [LinguisticPreprocessor] spaCy-Modell 'de_core_news_sm' erfolgreich geladen.[0m
[32m[2025-10-30 23:31:12] [INFO    ] [component_16_probabilistic_engine] ProbabilisticEngine initialisiert.[0m
[32m[2025-10-30 23:31:12] [INFO    ] [component_9_logik_engine] Logik-Engine initialisiert mit probabilistischer Unterst�tzung.[0m
[32m[2025-10-30 23:31:12] [INFO    ] [component_9_logik_engine] Logik-Engine initialisiert mit SAT-Solver f�r Boolean Reasoning.[0m
[32m[2025-10-30 23:31:12] [INFO    ] [component_9_logik_engine] Lade Regeln aus dem Wissensgraphen...[0m
[32m[2025-10-30 23:31:12] [INFO    ] [component_9_logik_engine] 0 Regeln aus dem Graphen geladen und sortiert.[0m
[32m[2025-10-30 23:31:12] [INFO    ] [component_7_meaning_extractor] MeaningPointExtractor initialisiert mit zweiphasiger Erkennung[0m
[32m[2025-10-30 23:31:12] [INFO    ] [kai_response_formatter] KaiResponseFormatter initialisiert mit ConfidenceManager[0m
[32m[2025-10-30 23:31:12] [INFO    ] [kai_response_formatter] KaiResponseFormatter initialisiert mit ConfidenceManager[0m
[32m[2025-10-30 23:31:12] [INFO    ] [kai_inference_handler] InferenceHandler initialisiert mit ConfidenceManager[0m
[32m[2025-10-30 23:31:12] [INFO    ] [kai_reasoning_orchestrator] ReasoningOrchestrator initialisiert: aggregation=noisy_or, parallel=False, caching=True[0m
[32m[2025-10-30 23:31:12] [INFO    ] [kai_inference_handler] [OK] Hybrid Reasoning Orchestrator aktiviert[0m
[32m[2025-10-30 23:31:12] [INFO    ] [kai_response_formatter] KaiResponseFormatter initialisiert mit ConfidenceManager[0m
[32m[2025-10-30 23:31:12] [INFO    ] [component_24_pattern_orchestrator] PatternOrchestrator initialisiert mit adaptiven Thresholds | phase=warming | vocab_size=550 | typo_threshold=10 | seq_threshold=5 | auto_correct_gate=0.85 | ask_user_gate=0.6[0m
[32m[2025-10-30 23:31:12] [INFO    ] [kai_worker] Pattern Recognition Orchestrator aktiviert[0m
[32m[2025-10-30 23:31:12] [INFO    ] [kai_worker] Command Suggester aktiviert[0m
[32m[2025-10-30 23:31:12] [INFO    ] [kai_worker] KAI Worker & alle Subsysteme erfolgreich initialisiert.[0m
[32m[2025-10-30 23:31:12] [INFO    ] [test_dialog_system] [SUCCESS] Context-Summary: 'Thema: test_thema | Erwarte Definition | Entit�ten: entity1, entity2'[0m
PASSED
tests/test_dialog_system.py::TestMultiTurnDialogSystem::test_context_update_signal_emission [32m[2025-10-30 23:31:12] [INFO    ] [component_11_embedding_service] Lade Embedding-Modell | model_name=paraphrase-multilingual-MiniLM-L12-v2[0m
[32m[2025-10-30 23:31:12] [INFO    ] [sentence_transformers.SentenceTransformer] Use pytorch device_name: cpu[0m
[32m[2025-10-30 23:31:12] [INFO    ] [sentence_transformers.SentenceTransformer] Load pretrained SentenceTransformer: paraphrase-multilingual-MiniLM-L12-v2[0m
[32m[2025-10-30 23:31:14] [INFO    ] [component_11_embedding_service] Embedding-Modell geladen | model_name=paraphrase-multilingual-MiniLM-L12-v2 | vector_dimension=384[0m
[32m[2025-10-30 23:31:15] [INFO    ] [component_6_linguistik_engine] [LinguisticPreprocessor] spaCy-Modell 'de_core_news_sm' erfolgreich geladen.[0m
[32m[2025-10-30 23:31:15] [INFO    ] [component_16_probabilistic_engine] ProbabilisticEngine initialisiert.[0m
[32m[2025-10-30 23:31:15] [INFO    ] [component_9_logik_engine] Logik-Engine initialisiert mit probabilistischer Unterst�tzung.[0m
[32m[2025-10-30 23:31:15] [INFO    ] [component_9_logik_engine] Logik-Engine initialisiert mit SAT-Solver f�r Boolean Reasoning.[0m
[32m[2025-10-30 23:31:15] [INFO    ] [component_9_logik_engine] Lade Regeln aus dem Wissensgraphen...[0m
[32m[2025-10-30 23:31:15] [INFO    ] [component_9_logik_engine] 0 Regeln aus dem Graphen geladen und sortiert.[0m
[32m[2025-10-30 23:31:15] [INFO    ] [component_7_meaning_extractor] MeaningPointExtractor initialisiert mit zweiphasiger Erkennung[0m
[32m[2025-10-30 23:31:15] [INFO    ] [kai_response_formatter] KaiResponseFormatter initialisiert mit ConfidenceManager[0m
[32m[2025-10-30 23:31:15] [INFO    ] [kai_response_formatter] KaiResponseFormatter initialisiert mit ConfidenceManager[0m
[32m[2025-10-30 23:31:15] [INFO    ] [kai_inference_handler] InferenceHandler initialisiert mit ConfidenceManager[0m
[32m[2025-10-30 23:31:15] [INFO    ] [kai_reasoning_orchestrator] ReasoningOrchestrator initialisiert: aggregation=noisy_or, parallel=False, caching=True[0m
[32m[2025-10-30 23:31:15] [INFO    ] [kai_inference_handler] [OK] Hybrid Reasoning Orchestrator aktiviert[0m
[32m[2025-10-30 23:31:15] [INFO    ] [kai_response_formatter] KaiResponseFormatter initialisiert mit ConfidenceManager[0m
[32m[2025-10-30 23:31:15] [INFO    ] [component_24_pattern_orchestrator] PatternOrchestrator initialisiert mit adaptiven Thresholds | phase=warming | vocab_size=550 | typo_threshold=10 | seq_threshold=5 | auto_correct_gate=0.85 | ask_user_gate=0.6[0m
[32m[2025-10-30 23:31:15] [INFO    ] [kai_worker] Pattern Recognition Orchestrator aktiviert[0m
[32m[2025-10-30 23:31:15] [INFO    ] [kai_worker] Command Suggester aktiviert[0m
[32m[2025-10-30 23:31:15] [INFO    ] [kai_worker] KAI Worker & alle Subsysteme erfolgreich initialisiert.[0m
[32m[2025-10-30 23:31:15] [INFO    ] [conftest] [CLEANUP] Alle Test-Konzepte mit Praefix 'test_' geloescht.[0m
[32m[2025-10-30 23:31:15] [INFO    ] [component_26_command_suggestions] Fuzzy-Match gefunden | original=was ist ein test_unk | suggestion=was ist | similarity=1.0[0m
FAILED[32m[2025-10-30 23:31:15] [INFO    ] [conftest] [CLEANUP] Alle Test-Konzepte mit Praefix 'test_' geloescht.[0m

tests/test_dialog_system.py::TestMultiTurnDialogSystem::test_context_clear_preserves_history [32m[2025-10-30 23:31:15] [INFO    ] [component_11_embedding_service] Lade Embedding-Modell | model_name=paraphrase-multilingual-MiniLM-L12-v2[0m
[32m[2025-10-30 23:31:15] [INFO    ] [sentence_transformers.SentenceTransformer] Use pytorch device_name: cpu[0m
[32m[2025-10-30 23:31:15] [INFO    ] [sentence_transformers.SentenceTransformer] Load pretrained SentenceTransformer: paraphrase-multilingual-MiniLM-L12-v2[0m
[32m[2025-10-30 23:31:17] [INFO    ] [component_11_embedding_service] Embedding-Modell geladen | model_name=paraphrase-multilingual-MiniLM-L12-v2 | vector_dimension=384[0m
[32m[2025-10-30 23:31:18] [INFO    ] [component_6_linguistik_engine] [LinguisticPreprocessor] spaCy-Modell 'de_core_news_sm' erfolgreich geladen.[0m
[32m[2025-10-30 23:31:18] [INFO    ] [component_16_probabilistic_engine] ProbabilisticEngine initialisiert.[0m
[32m[2025-10-30 23:31:18] [INFO    ] [component_9_logik_engine] Logik-Engine initialisiert mit probabilistischer Unterst�tzung.[0m
[32m[2025-10-30 23:31:18] [INFO    ] [component_9_logik_engine] Logik-Engine initialisiert mit SAT-Solver f�r Boolean Reasoning.[0m
[32m[2025-10-30 23:31:18] [INFO    ] [component_9_logik_engine] Lade Regeln aus dem Wissensgraphen...[0m
[32m[2025-10-30 23:31:18] [INFO    ] [component_9_logik_engine] 0 Regeln aus dem Graphen geladen und sortiert.[0m
[32m[2025-10-30 23:31:18] [INFO    ] [component_7_meaning_extractor] MeaningPointExtractor initialisiert mit zweiphasiger Erkennung[0m
[32m[2025-10-30 23:31:18] [INFO    ] [kai_response_formatter] KaiResponseFormatter initialisiert mit ConfidenceManager[0m
[32m[2025-10-30 23:31:18] [INFO    ] [kai_response_formatter] KaiResponseFormatter initialisiert mit ConfidenceManager[0m
[32m[2025-10-30 23:31:18] [INFO    ] [kai_inference_handler] InferenceHandler initialisiert mit ConfidenceManager[0m
[32m[2025-10-30 23:31:18] [INFO    ] [kai_reasoning_orchestrator] ReasoningOrchestrator initialisiert: aggregation=noisy_or, parallel=False, caching=True[0m
[32m[2025-10-30 23:31:18] [INFO    ] [kai_inference_handler] [OK] Hybrid Reasoning Orchestrator aktiviert[0m
[32m[2025-10-30 23:31:18] [INFO    ] [kai_response_formatter] KaiResponseFormatter initialisiert mit ConfidenceManager[0m
[32m[2025-10-30 23:31:18] [INFO    ] [component_24_pattern_orchestrator] PatternOrchestrator initialisiert mit adaptiven Thresholds | phase=warming | vocab_size=550 | typo_threshold=10 | seq_threshold=5 | auto_correct_gate=0.85 | ask_user_gate=0.6[0m
[32m[2025-10-30 23:31:18] [INFO    ] [kai_worker] Pattern Recognition Orchestrator aktiviert[0m
[32m[2025-10-30 23:31:18] [INFO    ] [kai_worker] Command Suggester aktiviert[0m
[32m[2025-10-30 23:31:18] [INFO    ] [kai_worker] KAI Worker & alle Subsysteme erfolgreich initialisiert.[0m
[32m[2025-10-30 23:31:18] [INFO    ] [test_dialog_system] [SUCCESS] clear() speichert Snapshot und beh�lt History[0m
PASSED
tests/test_dialog_system.py::TestMultiTurnDialogSystem::test_context_clear_all [32m[2025-10-30 23:31:18] [INFO    ] [component_11_embedding_service] Lade Embedding-Modell | model_name=paraphrase-multilingual-MiniLM-L12-v2[0m
[32m[2025-10-30 23:31:18] [INFO    ] [sentence_transformers.SentenceTransformer] Use pytorch device_name: cpu[0m
[32m[2025-10-30 23:31:18] [INFO    ] [sentence_transformers.SentenceTransformer] Load pretrained SentenceTransformer: paraphrase-multilingual-MiniLM-L12-v2[0m
[32m[2025-10-30 23:31:20] [INFO    ] [component_11_embedding_service] Embedding-Modell geladen | model_name=paraphrase-multilingual-MiniLM-L12-v2 | vector_dimension=384[0m
[32m[2025-10-30 23:31:20] [INFO    ] [component_6_linguistik_engine] [LinguisticPreprocessor] spaCy-Modell 'de_core_news_sm' erfolgreich geladen.[0m
[32m[2025-10-30 23:31:20] [INFO    ] [component_16_probabilistic_engine] ProbabilisticEngine initialisiert.[0m
[32m[2025-10-30 23:31:20] [INFO    ] [component_9_logik_engine] Logik-Engine initialisiert mit probabilistischer Unterst�tzung.[0m
[32m[2025-10-30 23:31:20] [INFO    ] [component_9_logik_engine] Logik-Engine initialisiert mit SAT-Solver f�r Boolean Reasoning.[0m
[32m[2025-10-30 23:31:20] [INFO    ] [component_9_logik_engine] Lade Regeln aus dem Wissensgraphen...[0m
[32m[2025-10-30 23:31:20] [INFO    ] [component_9_logik_engine] 0 Regeln aus dem Graphen geladen und sortiert.[0m
[32m[2025-10-30 23:31:20] [INFO    ] [component_7_meaning_extractor] MeaningPointExtractor initialisiert mit zweiphasiger Erkennung[0m
[32m[2025-10-30 23:31:20] [INFO    ] [kai_response_formatter] KaiResponseFormatter initialisiert mit ConfidenceManager[0m
[32m[2025-10-30 23:31:20] [INFO    ] [kai_response_formatter] KaiResponseFormatter initialisiert mit ConfidenceManager[0m
[32m[2025-10-30 23:31:20] [INFO    ] [kai_inference_handler] InferenceHandler initialisiert mit ConfidenceManager[0m
[32m[2025-10-30 23:31:20] [INFO    ] [kai_reasoning_orchestrator] ReasoningOrchestrator initialisiert: aggregation=noisy_or, parallel=False, caching=True[0m
[32m[2025-10-30 23:31:20] [INFO    ] [kai_inference_handler] [OK] Hybrid Reasoning Orchestrator aktiviert[0m
[32m[2025-10-30 23:31:20] [INFO    ] [kai_response_formatter] KaiResponseFormatter initialisiert mit ConfidenceManager[0m
[32m[2025-10-30 23:31:20] [INFO    ] [component_24_pattern_orchestrator] PatternOrchestrator initialisiert mit adaptiven Thresholds | phase=warming | vocab_size=550 | typo_threshold=10 | seq_threshold=5 | auto_correct_gate=0.85 | ask_user_gate=0.6[0m
[32m[2025-10-30 23:31:20] [INFO    ] [kai_worker] Pattern Recognition Orchestrator aktiviert[0m
[32m[2025-10-30 23:31:20] [INFO    ] [kai_worker] Command Suggester aktiviert[0m
[32m[2025-10-30 23:31:20] [INFO    ] [kai_worker] KAI Worker & alle Subsysteme erfolgreich initialisiert.[0m
[32m[2025-10-30 23:31:20] [INFO    ] [test_dialog_system] [SUCCESS] clear_all() l�scht Kontext und History komplett[0m
PASSED
tests/test_document_parser.py::TestDocumentParserBase::test_validate_file_not_found [31m[2025-10-30 23:31:20] [ERROR   ] [component_28_document_parser] Datei nicht gefunden: C:\Users\gehri\AppData\Local\Temp\pytest-of-gehri\pytest-7\test_validate_file_not_found0\does_not_exist.txt[0m
PASSED
tests/test_document_parser.py::TestDocumentParserBase::test_validate_file_not_readable [31m[2025-10-30 23:31:20] [ERROR   ] [component_28_document_parser] Pfad ist keine Datei: C:\Users\gehri\AppData\Local\Temp\pytest-of-gehri\pytest-7\test_validate_file_not_readabl0\test_dir[0m
PASSED
tests/test_document_parser.py::TestDocxParser::test_docx_parser_initialization PASSED
tests/test_document_parser.py::TestDocxParser::test_get_supported_extensions PASSED
tests/test_document_parser.py::TestDocxParser::test_extract_text_success [32m[2025-10-30 23:31:20] [INFO    ] [component_28_document_parser] Extrahiere Text aus DOCX: C:\Users\gehri\AppData\Local\Temp\pytest-of-gehri\pytest-7\test_extract_text_success0\test.docx[0m
[32m[2025-10-30 23:31:20] [INFO    ] [component_28_document_parser] DOCX erfolgreich geparst: 2 Abs�tze, 33 Zeichen[0m
PASSED
tests/test_document_parser.py::TestDocxParser::test_extract_text_error [32m[2025-10-30 23:31:20] [INFO    ] [component_28_document_parser] Extrahiere Text aus DOCX: C:\Users\gehri\AppData\Local\Temp\pytest-of-gehri\pytest-7\test_extract_text_error0\corrupt.docx[0m
[31m[2025-10-30 23:31:20] [ERROR   ] [component_28_document_parser] Fehler beim Parsen von DOCX-Datei: Corrupt file[0m
PASSED
tests/test_document_parser.py::TestPdfParser::test_pdf_parser_initialization PASSED
tests/test_document_parser.py::TestPdfParser::test_get_supported_extensions PASSED
tests/test_document_parser.py::TestPdfParser::test_extract_text_success [32m[2025-10-30 23:31:20] [INFO    ] [component_28_document_parser] Extrahiere Text aus PDF: C:\Users\gehri\AppData\Local\Temp\pytest-of-gehri\pytest-7\test_extract_text_success1\test.pdf[0m
[32m[2025-10-30 23:31:20] [INFO    ] [component_28_document_parser] PDF erfolgreich geparst: 2 Seiten, 30 Zeichen[0m
PASSED
tests/test_document_parser.py::TestPdfParser::test_extract_text_empty_page [32m[2025-10-30 23:31:20] [INFO    ] [component_28_document_parser] Extrahiere Text aus PDF: C:\Users\gehri\AppData\Local\Temp\pytest-of-gehri\pytest-7\test_extract_text_empty_page0\test.pdf[0m
[33m[2025-10-30 23:31:20] [WARNING ] [component_28_document_parser] Seite 2/2: Kein Text gefunden (m�glicherweise Bild-basiert)[0m
[32m[2025-10-30 23:31:20] [INFO    ] [component_28_document_parser] PDF erfolgreich geparst: 2 Seiten, 14 Zeichen[0m
PASSED
tests/test_document_parser.py::TestPdfParser::test_extract_text_error [32m[2025-10-30 23:31:20] [INFO    ] [component_28_document_parser] Extrahiere Text aus PDF: C:\Users\gehri\AppData\Local\Temp\pytest-of-gehri\pytest-7\test_extract_text_error1\corrupt.pdf[0m
[31m[2025-10-30 23:31:20] [ERROR   ] [component_28_document_parser] Fehler beim Parsen von PDF-Datei: Corrupt file[0m
PASSED
tests/test_document_parser.py::TestDocumentParserFactory::test_get_supported_extensions FAILED
tests/test_document_parser.py::TestDocumentParserFactory::test_is_supported_pdf PASSED
tests/test_document_parser.py::TestDocumentParserFactory::test_is_supported_docx PASSED
tests/test_document_parser.py::TestDocumentParserFactory::test_is_supported_unsupported FAILED
tests/test_document_parser.py::TestDocumentParserFactory::test_create_parser_pdf PASSED
tests/test_document_parser.py::TestDocumentParserFactory::test_create_parser_docx PASSED
tests/test_document_parser.py::TestDocumentParserFactory::test_create_parser_case_insensitive PASSED
tests/test_document_parser.py::TestDocumentParserFactory::test_create_parser_no_extension [31m[2025-10-30 23:31:20] [ERROR   ] [component_28_document_parser] Datei hat keine Erweiterung: file_without_extension[0m
PASSED
tests/test_document_parser.py::TestDocumentParserFactory::test_create_parser_unsupported FAILED
tests/test_document_parser.py::TestUtilityFunctions::test_extract_text_from_document_docx [32m[2025-10-30 23:31:20] [INFO    ] [component_28_document_parser] Extrahiere Text aus DOCX: C:\Users\gehri\AppData\Local\Temp\pytest-of-gehri\pytest-7\test_extract_text_from_documen0\test.docx[0m
[32m[2025-10-30 23:31:20] [INFO    ] [component_28_document_parser] DOCX erfolgreich geparst: 1 Abs�tze, 12 Zeichen[0m
PASSED
tests/test_document_parser.py::TestUtilityFunctions::test_extract_text_from_document_pdf [32m[2025-10-30 23:31:20] [INFO    ] [component_28_document_parser] Extrahiere Text aus PDF: C:\Users\gehri\AppData\Local\Temp\pytest-of-gehri\pytest-7\test_extract_text_from_documen1\test.pdf[0m
[32m[2025-10-30 23:31:20] [INFO    ] [component_28_document_parser] PDF erfolgreich geparst: 1 Seiten, 16 Zeichen[0m
PASSED
tests/test_document_parser.py::TestUtilityFunctions::test_get_document_info PASSED
tests/test_document_parser.py::TestUtilityFunctions::test_get_document_info_not_found PASSED
tests/test_document_parser.py::TestUtilityFunctions::test_get_document_info_unsupported FAILED
tests/test_document_parser.py::TestErrorHandling::test_exception_context_preservation_docx [32m[2025-10-30 23:31:20] [INFO    ] [component_28_document_parser] Extrahiere Text aus DOCX: C:\Users\gehri\AppData\Local\Temp\pytest-of-gehri\pytest-7\test_exception_context_preserv0\test.docx[0m
[31m[2025-10-30 23:31:20] [ERROR   ] [component_28_document_parser] Fehler beim Parsen von DOCX-Datei: Specific error message[0m
PASSED
tests/test_document_parser.py::TestErrorHandling::test_pdf_error_context [32m[2025-10-30 23:31:20] [INFO    ] [component_28_document_parser] Extrahiere Text aus PDF: C:\Users\gehri\AppData\Local\Temp\pytest-of-gehri\pytest-7\test_pdf_error_context0\test.pdf[0m
[31m[2025-10-30 23:31:20] [ERROR   ] [component_28_document_parser] Fehler beim Parsen von PDF-Datei: File corrupted[0m
PASSED
tests/test_document_parser.py::TestIntegration::test_full_workflow_docx [32m[2025-10-30 23:31:20] [INFO    ] [component_28_document_parser] Extrahiere Text aus DOCX: C:\Users\gehri\AppData\Local\Temp\pytest-of-gehri\pytest-7\test_full_workflow_docx0\integration_test.docx[0m
[32m[2025-10-30 23:31:20] [INFO    ] [component_28_document_parser] DOCX erfolgreich geparst: 1 Abs�tze, 24 Zeichen[0m
PASSED
tests/test_document_parser.py::TestIntegration::test_full_workflow_pdf [32m[2025-10-30 23:31:20] [INFO    ] [component_28_document_parser] Extrahiere Text aus PDF: C:\Users\gehri\AppData\Local\Temp\pytest-of-gehri\pytest-7\test_full_workflow_pdf0\integration_test.pdf[0m
[32m[2025-10-30 23:31:20] [INFO    ] [component_28_document_parser] PDF erfolgreich geparst: 1 Seiten, 28 Zeichen[0m
PASSED
tests/test_document_parser.py::TestIntegration::test_mixed_format_detection PASSED
tests/test_embedding_service.py::TestEmbeddingService::test_embedding_service_initialization [32m[2025-10-30 23:31:20] [INFO    ] [component_11_embedding_service] Lade Embedding-Modell | model_name=paraphrase-multilingual-MiniLM-L12-v2[0m
[32m[2025-10-30 23:31:20] [INFO    ] [sentence_transformers.SentenceTransformer] Use pytorch device_name: cpu[0m
[32m[2025-10-30 23:31:20] [INFO    ] [sentence_transformers.SentenceTransformer] Load pretrained SentenceTransformer: paraphrase-multilingual-MiniLM-L12-v2[0m
[32m[2025-10-30 23:31:23] [INFO    ] [component_11_embedding_service] Embedding-Modell geladen | model_name=paraphrase-multilingual-MiniLM-L12-v2 | vector_dimension=384[0m
PASSED
tests/test_embedding_service.py::TestEmbeddingService::test_embedding_vector_dimensions 
  Cache-Miss Zeit: 9.32ms
  Cache-Hit Zeit: 0.21ms
  Speedup: 44.4x
  Cache-Statistiken: {'cache_hits': 1, 'cache_misses': 1, 'hit_rate': 0.5, 'cached': True, 'cached_count': 7}
  [OK] Prototyp Cache funktioniert korrekt

=== Test 4: Extraktionsregeln Cache ===
  Cache-Miss Zeit: 1.51ms
  Cache-Hit Zeit: 0.05ms
  Speedup: 30.3x
  Regel-Anzahl: 6
  [OK] Extraktionsregeln Cache funktioniert korrekt
OK Mutually exclusive types check: False
[OK] Hierarchische IS_A Beziehung akzeptiert
[OK] Redundantes Fact wird akzeptiert
[OK] Farb-Widerspruch erkannt: braun ≠ rot
[OK] Größen-Widerspruch erkannt: groß ≠ klein
[OK] Temperatur-Widerspruch erkannt: heiß ≠ kalt
[OK] Kompatible Properties akzeptiert: groß + freundlich
[OK] Binärer Zustand-Widerspruch erkannt: lebendig ≠ tot
[OK] Location-Widerspruch erkannt: Deutschland ≠ Frankreich
[OK] Hierarchische Locations akzeptiert: Berlin -> Deutschland
[OK] Konkrete Typen: hund ≠ katze
[OK] Abstrakte Typen: tier + lebewesen OK
[OK] Gemischt: hund + tier OK
[OK] Subtype erkannt: hund -> tier
[OK] Nicht-Subtype erkannt: hund ≠ katze
[OK] Farb-Logik funktioniert
[OK] Größen-Logik funktioniert
[OK] Temperatur-Logik funktioniert
[OK] Binäre Zustände-Logik funktioniert
[OK] Kompatible Properties erkannt
[OK] Location-Hierarchie erkannt: berlin -> deutschland
[OK] Nicht-hierarchische Locations erkannt
[OK] Malformed Fact (kein subject) behandelt
[OK] Malformed Fact (kein object) behandelt
[OK] Leere Knowledge Base behandelt
[OK] Unicode in Facts behandelt
[OK] Coherence Scoring erkennt Widersprüche: 0.00
Batches:   0%|          | 0/1 [00:00<?, ?it/s]Batches: 100%|██████████| 1/1 [00:00<00:00, 49.23it/s]PASSED
tests/test_embedding_service.py::TestEmbeddingService::test_embedding_similarity 
Batches:   0%|          | 0/1 [00:00<?, ?it/s]Batches: 100%|██████████| 1/1 [00:00<00:00, 161.33it/s]
Batches:   0%|          | 0/1 [00:00<?, ?it/s]Batches: 100%|██████████| 1/1 [00:00<00:00, 149.28it/s]
Batches:   0%|          | 0/1 [00:00<?, ?it/s]Batches: 100%|██████████| 1/1 [00:00<00:00, 196.68it/s][32m[2025-10-30 23:31:23] [INFO    ] [test_embedding_service] [SUCCESS] Leerer Text korrekt abgefangen: Leerer Text f�r Embedding �bergeben.[0m
[32m[2025-10-30 23:31:23] [INFO    ] [test_embedding_service] [SUCCESS] �hnlichkeiten: �hnlich=0.9060, un�hnlich=-0.0247, identisch=1.0000[0m
PASSED
tests/test_enhanced_nlp.py::TestEnhancedNLP::test_find_similar_words_basic [32m[2025-10-30 23:31:23] [INFO    ] [conftest] [CLEANUP] Alle Test-Konzepte mit Praefix 'test_' geloescht.[0m

Batches:   0%|          | 0/1 [00:00<?, ?it/s]Batches: 100%|██████████| 1/1 [00:00<00:00, 185.91it/s]
Batches:   0%|          | 0/1 [00:00<?, ?it/s]Batches: 100%|██████████| 1/1 [00:00<00:00, 204.34it/s]
Batches:   0%|          | 0/1 [00:00<?, ?it/s]Batches: 100%|██████████| 1/1 [00:00<00:00, 199.33it/s]
Batches:   0%|          | 0/1 [00:00<?, ?it/s]Batches: 100%|██████████| 1/1 [00:00<00:00, 270.46it/s]
Batches:   0%|          | 0/1 [00:00<?, ?it/s]Batches: 100%|██████████| 1/1 [00:00<00:00, 265.61it/s]
Batches:   0%|          | 0/1 [00:00<?, ?it/s]Batches: 100%|██████████| 1/1 [00:00<00:00, 296.86it/s]
Batches:   0%|          | 0/1 [00:00<?, ?it/s]Batches: 100%|██████████| 1/1 [00:00<00:00, 318.16it/s]
Batches:   0%|          | 0/1 [00:00<?, ?it/s]Batches: 100%|██████████| 1/1 [00:00<00:00, 248.80it/s]
Batches:   0%|          | 0/1 [00:00<?, ?it/s]Batches: 100%|██████████| 1/1 [00:00<00:00, 266.95it/s]
Batches:   0%|          | 0/1 [00:00<?, ?it/s]Batches: 100%|██████████| 1/1 [00:00<00:00, 327.48it/s]
Batches:   0%|          | 0/1 [00:00<?, ?it/s]Batches: 100%|██████████| 1/1 [00:00<00:00, 335.71it/s]
Batches:   0%|          | 0/1 [00:00<?, ?it/s]Batches: 100%|██████████| 1/1 [00:00<00:00, 308.18it/s]
Batches:   0%|          | 0/1 [00:00<?, ?it/s]Batches: 100%|██████████| 1/1 [00:00<00:00, 297.28it/s]
Batches:   0%|          | 0/1 [00:00<?, ?it/s]Batches: 100%|██████████| 1/1 [00:00<00:00, 330.05it/s]
Batches:   0%|          | 0/1 [00:00<?, ?it/s]Batches: 100%|██████████| 1/1 [00:00<00:00, 327.88it/s]
Batches:   0%|          | 0/1 [00:00<?, ?it/s]Batches: 100%|██████████| 1/1 [00:00<00:00, 301.36it/s]
Batches:   0%|          | 0/1 [00:00<?, ?it/s]Batches: 100%|██████████| 1/1 [00:00<00:00, 320.59it/s]
Batches:   0%|          | 0/1 [00:00<?, ?it/s]Batches: 100%|██████████| 1/1 [00:00<00:00, 328.84it/s]
Batches:   0%|          | 0/1 [00:00<?, ?it/s]Batches: 100%|██████████| 1/1 [00:00<00:00, 293.49it/s]
Batches:   0%|          | 0/1 [00:00<?, ?it/s]Batches: 100%|██████████| 1/1 [00:00<00:00, 340.70it/s]
Batches:   0%|          | 0/1 [00:00<?, ?it/s]Batches: 100%|██████████| 1/1 [00:00<00:00, 344.39it/s]
Batches:   0%|          | 0/1 [00:00<?, ?it/s]Batches: 100%|██████████| 1/1 [00:00<00:00, 347.50it/s]
Batches:   0%|          | 0/1 [00:00<?, ?it/s]Batches: 100%|██████████| 1/1 [00:00<00:00, 300.71it/s]
Batches:   0%|          | 0/1 [00:00<?, ?it/s]Batches: 100%|██████████| 1/1 [00:00<00:00, 343.37it/s]
Batches:   0%|          | 0/1 [00:00<?, ?it/s]Batches: 100%|██████████| 1/1 [00:00<00:00, 343.85it/s]
Batches:   0%|          | 0/1 [00:00<?, ?it/s]Batches: 100%|██████████| 1/1 [00:00<00:00, 327.63it/s]
Batches:   0%|          | 0/1 [00:00<?, ?it/s]Batches: 100%|██████████| 1/1 [00:00<00:00, 283.05it/s]
Batches:   0%|          | 0/1 [00:00<?, ?it/s]Batches: 100%|██████████| 1/1 [00:00<00:00, 318.45it/s]
Batches:   0%|          | 0/1 [00:00<?, ?it/s]Batches: 100%|██████████| 1/1 [00:00<00:00, 338.17it/s]
Batches:   0%|          | 0/1 [00:00<?, ?it/s]Batches: 100%|██████████| 1/1 [00:00<00:00, 289.06it/s]
Batches:   0%|          | 0/1 [00:00<?, ?it/s]Batches: 100%|██████████| 1/1 [00:00<00:00, 296.15it/s]
Batches:   0%|          | 0/1 [00:00<?, ?it/s]Batches: 100%|██████████| 1/1 [00:00<00:00, 328.37it/s]
Batches:   0%|          | 0/1 [00:00<?, ?it/s]Batches: 100%|██████████| 1/1 [00:00<00:00, 325.27it/s]
Batches:   0%|          | 0/1 [00:00<?, ?it/s]Batches: 100%|██████████| 1/1 [00:00<00:00, 335.20it/s]
Batches:   0%|          | 0/1 [00:00<?, ?it/s]Batches: 100%|██████████| 1/1 [00:00<00:00, 314.53it/s]
Batches:   0%|          | 0/1 [00:00<?, ?it/s]Batches: 100%|██████████| 1/1 [00:00<00:00, 344.87it/s]
Batches:   0%|          | 0/1 [00:00<?, ?it/s]Batches: 100%|██████████| 1/1 [00:00<00:00, 295.54it/s]
Batches:   0%|          | 0/1 [00:00<?, ?it/s]Batches: 100%|██████████| 1/1 [00:00<00:00, 329.61it/s]
Batches:   0%|          | 0/1 [00:00<?, ?it/s]Batches: 100%|██████████| 1/1 [00:00<00:00, 342.64it/s]
Batches:   0%|          | 0/1 [00:00<?, ?it/s]Batches: 100%|██████████| 1/1 [00:00<00:00, 350.34it/s]
Batches:   0%|          | 0/1 [00:00<?, ?it/s]Batches: 100%|██████████| 1/1 [00:00<00:00, 331.49it/s]
Batches:   0%|          | 0/1 [00:00<?, ?it/s]Batches: 100%|██████████| 1/1 [00:00<00:00, 255.27it/s]
Batches:   0%|          | 0/1 [00:00<?, ?it/s]Batches: 100%|██████████| 1/1 [00:00<00:00, 325.39it/s]
Batches:   0%|          | 0/1 [00:00<?, ?it/s]Batches: 100%|██████████| 1/1 [00:00<00:00, 293.86it/s]
Batches:   0%|          | 0/1 [00:00<?, ?it/s]Batches: 100%|██████████| 1/1 [00:00<00:00, 288.84it/s]
Batches:   0%|          | 0/1 [00:00<?, ?it/s]Batches: 100%|██████████| 1/1 [00:00<00:00, 284.42it/s]
Batches:   0%|          | 0/1 [00:00<?, ?it/s]Batches: 100%|██████████| 1/1 [00:00<00:00, 312.42it/s]
Batches:   0%|          | 0/1 [00:00<?, ?it/s]Batches: 100%|██████████| 1/1 [00:00<00:00, 330.75it/s]
Batches:   0%|          | 0/1 [00:00<?, ?it/s]Batches: 100%|██████████| 1/1 [00:00<00:00, 346.75it/s]
Batches:   0%|          | 0/1 [00:00<?, ?it/s]Batches: 100%|██████████| 1/1 [00:00<00:00, 285.02it/s]
Batches:   0%|          | 0/1 [00:00<?, ?it/s]Batches: 100%|██████████| 1/1 [00:00<00:00, 259.21it/s]
Batches:   0%|          | 0/1 [00:00<?, ?it/s]Batches: 100%|██████████| 1/1 [00:00<00:00, 274.77it/s]
Batches:   0%|          | 0/1 [00:00<?, ?it/s]Batches: 100%|██████████| 1/1 [00:00<00:00, 257.15it/s]
Batches:   0%|          | 0/1 [00:00<?, ?it/s]Batches: 100%|██████████| 1/1 [00:00<00:00, 271.25it/s]
Batches:   0%|          | 0/1 [00:00<?, ?it/s]Batches: 100%|██████████| 1/1 [00:00<00:00, 276.65it/s]
Batches:   0%|          | 0/1 [00:00<?, ?it/s]Batches: 100%|██████████| 1/1 [00:00<00:00, 250.87it/s]
Batches:   0%|          | 0/1 [00:00<?, ?it/s]Batches: 100%|██████████| 1/1 [00:00<00:00, 271.37it/s]
Batches:   0%|          | 0/1 [00:00<?, ?it/s]Batches: 100%|██████████| 1/1 [00:00<00:00, 280.31it/s]
Batches:   0%|          | 0/1 [00:00<?, ?it/s]Batches: 100%|██████████| 1/1 [00:00<00:00, 307.21it/s]
Batches:   0%|          | 0/1 [00:00<?, ?it/s]Batches: 100%|██████████| 1/1 [00:00<00:00, 292.57it/s]
Batches:   0%|          | 0/1 [00:00<?, ?it/s]Batches: 100%|██████████| 1/1 [00:00<00:00, 284.92it/s]
Batches:   0%|          | 0/1 [00:00<?, ?it/s]Batches: 100%|██████████| 1/1 [00:00<00:00, 239.59it/s]
Batches:   0%|          | 0/1 [00:00<?, ?it/s]Batches: 100%|██████████| 1/1 [00:00<00:00, 286.12it/s]
Batches:   0%|          | 0/1 [00:00<?, ?it/s]Batches: 100%|██████████| 1/1 [00:00<00:00, 316.81it/s]
Batches:   0%|          | 0/1 [00:00<?, ?it/s]Batches: 100%|██████████| 1/1 [00:00<00:00, 333.54it/s]
Batches:   0%|          | 0/1 [00:00<?, ?it/s]Batches: 100%|██████████| 1/1 [00:00<00:00, 344.05it/s]
Batches:   0%|          | 0/1 [00:00<?, ?it/s]Batches: 100%|██████████| 1/1 [00:00<00:00, 300.00it/s]
Batches:   0%|          | 0/1 [00:00<?, ?it/s]Batches: 100%|██████████| 1/1 [00:00<00:00, 324.11it/s]
Batches:   0%|          | 0/1 [00:00<?, ?it/s]Batches: 100%|██████████| 1/1 [00:00<00:00, 335.73it/s]
Batches:   0%|          | 0/1 [00:00<?, ?it/s]Batches: 100%|██████████| 1/1 [00:00<00:00, 343.12it/s]
Batches:   0%|          | 0/1 [00:00<?, ?it/s]Batches: 100%|██████████| 1/1 [00:00<00:00, 331.28it/s]
Batches:   0%|          | 0/1 [00:00<?, ?it/s]Batches: 100%|██████████| 1/1 [00:00<00:00, 344.95it/s]
Batches:   0%|          | 0/1 [00:00<?, ?it/s]Batches: 100%|██████████| 1/1 [00:00<00:00, 352.88it/s]
Batches:   0%|          | 0/1 [00:00<?, ?it/s]Batches: 100%|██████████| 1/1 [00:00<00:00, 307.50it/s]
Batches:   0%|          | 0/1 [00:00<?, ?it/s]Batches: 100%|██████████| 1/1 [00:00<00:00, 248.36it/s]
Batches:   0%|          | 0/1 [00:00<?, ?it/s]Batches: 100%|██████████| 1/1 [00:00<00:00, 215.68it/s]
Batches:   0%|          | 0/1 [00:00<?, ?it/s]Batches: 100%|██████████| 1/1 [00:00<00:00, 223.32it/s]
Batches:   0%|          | 0/1 [00:00<?, ?it/s]Batches: 100%|██████████| 1/1 [00:00<00:00, 227.06it/s]
Batches:   0%|          | 0/1 [00:00<?, ?it/s]Batches: 100%|██████████| 1/1 [00:00<00:00, 242.67it/s]
Batches:   0%|          | 0/1 [00:00<?, ?it/s]Batches: 100%|██████████| 1/1 [00:00<00:00, 235.61it/s]
Batches:   0%|          | 0/1 [00:00<?, ?it/s]Batches: 100%|██████████| 1/1 [00:00<00:00, 278.04it/s]
Batches:   0%|          | 0/1 [00:00<?, ?it/s]Batches: 100%|██████████| 1/1 [00:00<00:00, 270.86it/s]
Batches:   0%|          | 0/1 [00:00<?, ?it/s]Batches: 100%|██████████| 1/1 [00:00<00:00, 272.32it/s]
Batches:   0%|          | 0/1 [00:00<?, ?it/s]Batches: 100%|██████████| 1/1 [00:00<00:00, 286.40it/s]
Batches:   0%|          | 0/1 [00:00<?, ?it/s]Batches: 100%|██████████| 1/1 [00:00<00:00, 293.41it/s]
Batches:   0%|          | 0/1 [00:00<?, ?it/s]Batches: 100%|██████████| 1/1 [00:00<00:00, 301.40it/s]
Batches:   0%|          | 0/1 [00:00<?, ?it/s]Batches: 100%|██████████| 1/1 [00:00<00:00, 317.44it/s]
Batches:   0%|          | 0/1 [00:00<?, ?it/s]Batches: 100%|██████████| 1/1 [00:00<00:00, 333.76it/s]
Batches:   0%|          | 0/1 [00:00<?, ?it/s]Batches: 100%|██████████| 1/1 [00:00<00:00, 231.47it/s]
Batches:   0%|          | 0/1 [00:00<?, ?it/s]Batches: 100%|██████████| 1/1 [00:00<00:00, 319.91it/s]
Batches:   0%|          | 0/1 [00:00<?, ?it/s]Batches: 100%|██████████| 1/1 [00:00<00:00, 340.97it/s]
Batches:   0%|          | 0/1 [00:00<?, ?it/s]Batches: 100%|██████████| 1/1 [00:00<00:00, 345.75it/s]
Batches:   0%|          | 0/1 [00:00<?, ?it/s]Batches: 100%|██████████| 1/1 [00:00<00:00, 332.70it/s]
Batches:   0%|          | 0/1 [00:00<?, ?it/s]Batches: 100%|██████████| 1/1 [00:00<00:00, 315.93it/s]
Batches:   0%|          | 0/1 [00:00<?, ?it/s]Batches: 100%|██████████| 1/1 [00:00<00:00, 328.99it/s]
Batches:   0%|          | 0/1 [00:00<?, ?it/s]Batches: 100%|██████████| 1/1 [00:00<00:00, 339.02it/s]
Batches:   0%|          | 0/1 [00:00<?, ?it/s]Batches: 100%|██████████| 1/1 [00:00<00:00, 330.08it/s]
Batches:   0%|          | 0/1 [00:00<?, ?it/s]Batches: 100%|██████████| 1/1 [00:00<00:00, 337.05it/s]
Batches:   0%|          | 0/1 [00:00<?, ?it/s]Batches: 100%|██████████| 1/1 [00:00<00:00, 344.90it/s]
Batches:   0%|          | 0/1 [00:00<?, ?it/s]Batches: 100%|██████████| 1/1 [00:00<00:00, 347.56it/s]
Batches:   0%|          | 0/1 [00:00<?, ?it/s]Batches: 100%|██████████| 1/1 [00:00<00:00, 308.25it/s]
Batches:   0%|          | 0/1 [00:00<?, ?it/s]Batches: 100%|██████████| 1/1 [00:00<00:00, 308.52it/s]
Batches:   0%|          | 0/1 [00:00<?, ?it/s]Batches: 100%|██████████| 1/1 [00:00<00:00, 315.98it/s]
Batches:   0%|          | 0/1 [00:00<?, ?it/s]Batches: 100%|██████████| 1/1 [00:00<00:00, 318.89it/s]
Batches:   0%|          | 0/1 [00:00<?, ?it/s]Batches: 100%|██████████| 1/1 [00:00<00:00, 310.99it/s]
Batches:   0%|          | 0/1 [00:00<?, ?it/s]Batches: 100%|██████████| 1/1 [00:00<00:00, 320.10it/s]
Batches:   0%|          | 0/1 [00:00<?, ?it/s]Batches: 100%|██████████| 1/1 [00:00<00:00, 328.24it/s]
Batches:   0%|          | 0/1 [00:00<?, ?it/s]Batches: 100%|██████████| 1/1 [00:00<00:00, 305.84it/s]
Batches:   0%|          | 0/1 [00:00<?, ?it/s]Batches: 100%|██████████| 1/1 [00:00<00:00, 305.33it/s]
Batches:   0%|          | 0/1 [00:00<?, ?it/s]Batches: 100%|██████████| 1/1 [00:00<00:00, 318.50it/s]
Batches:   0%|          | 0/1 [00:00<?, ?it/s]Batches: 100%|██████████| 1/1 [00:00<00:00, 327.27it/s]
Batches:   0%|          | 0/1 [00:00<?, ?it/s]Batches: 100%|██████████| 1/1 [00:00<00:00, 327.35it/s]
Batches:   0%|          | 0/1 [00:00<?, ?it/s]Batches: 100%|██████████| 1/1 [00:00<00:00, 329.40it/s]
Batches:   0%|          | 0/1 [00:00<?, ?it/s]Batches: 100%|██████████| 1/1 [00:00<00:00, 331.72it/s]
Batches:   0%|          | 0/1 [00:00<?, ?it/s]Batches: 100%|██████████| 1/1 [00:00<00:00, 323.36it/s]
Batches:   0%|          | 0/1 [00:00<?, ?it/s]Batches: 100%|██████████| 1/1 [00:00<00:00, 321.92it/s]
Batches:   0%|          | 0/1 [00:00<?, ?it/s]Batches: 100%|██████████| 1/1 [00:00<00:00, 328.30it/s]
Batches:   0%|          | 0/1 [00:00<?, ?it/s]Batches: 100%|██████████| 1/1 [00:00<00:00, 328.97it/s]
Batches:   0%|          | 0/1 [00:00<?, ?it/s]Batches: 100%|██████████| 1/1 [00:00<00:00, 307.14it/s]
Batches:   0%|          | 0/1 [00:00<?, ?it/s]Batches: 100%|██████████| 1/1 [00:00<00:00, 310.71it/s]
Batches:   0%|          | 0/1 [00:00<?, ?it/s]Batches: 100%|██████████| 1/1 [00:00<00:00, 327.27it/s]
Batches:   0%|          | 0/1 [00:00<?, ?it/s]Batches: 100%|██████████| 1/1 [00:00<00:00, 322.66it/s]
Batches:   0%|          | 0/1 [00:00<?, ?it/s]Batches: 100%|██████████| 1/1 [00:00<00:00, 273.92it/s]
Batches:   0%|          | 0/1 [00:00<?, ?it/s]Batches: 100%|██████████| 1/1 [00:00<00:00, 308.68it/s]
Batches:   0%|          | 0/1 [00:00<?, ?it/s]Batches: 100%|██████████| 1/1 [00:00<00:00, 333.81it/s]
Batches:   0%|          | 0/1 [00:00<?, ?it/s]Batches: 100%|██████████| 1/1 [00:00<00:00, 348.22it/s]
Batches:   0%|          | 0/1 [00:00<?, ?it/s]Batches: 100%|██████████| 1/1 [00:00<00:00, 336.89it/s]
Batches:   0%|          | 0/1 [00:00<?, ?it/s]Batches: 100%|██████████| 1/1 [00:00<00:00, 345.27it/s]
Batches:   0%|          | 0/1 [00:00<?, ?it/s]Batches: 100%|██████████| 1/1 [00:00<00:00, 341.44it/s]
Batches:   0%|          | 0/1 [00:00<?, ?it/s]Batches: 100%|██████████| 1/1 [00:00<00:00, 338.28it/s]
Batches:   0%|          | 0/1 [00:00<?, ?it/s]Batches: 100%|██████████| 1/1 [00:00<00:00, 303.21it/s]
Batches:   0%|          | 0/1 [00:00<?, ?it/s]Batches: 100%|██████████| 1/1 [00:00<00:00, 315.41it/s]
Batches:   0%|          | 0/1 [00:00<?, ?it/s]Batches: 100%|██████████| 1/1 [00:00<00:00, 224.92it/s]
Batches:   0%|          | 0/1 [00:00<?, ?it/s]Batches: 100%|██████████| 1/1 [00:00<00:00, 275.58it/s]
Batches:   0%|          | 0/1 [00:00<?, ?it/s]Batches: 100%|██████████| 1/1 [00:00<00:00, 322.44it/s]
Batches:   0%|          | 0/1 [00:00<?, ?it/s]Batches: 100%|██████████| 1/1 [00:00<00:00, 330.57it/s]
Batches:   0%|          | 0/1 [00:00<?, ?it/s]Batches: 100%|██████████| 1/1 [00:00<00:00, 321.40it/s]
Batches:   0%|          | 0/1 [00:00<?, ?it/s]Batches: 100%|██████████| 1/1 [00:00<00:00, 289.30it/s]
Batches:   0%|          | 0/1 [00:00<?, ?it/s]Batches: 100%|██████████| 1/1 [00:00<00:00, 309.02it/s]
Batches:   0%|          | 0/1 [00:00<?, ?it/s]Batches: 100%|██████████| 1/1 [00:00<00:00, 318.76it/s]
Batches:   0%|          | 0/1 [00:00<?, ?it/s]Batches: 100%|██████████| 1/1 [00:00<00:00, 316.53it/s]
Batches:   0%|          | 0/1 [00:00<?, ?it/s]Batches: 100%|██████████| 1/1 [00:00<00:00, 325.22it/s]
Batches:   0%|          | 0/1 [00:00<?, ?it/s]Batches: 100%|██████████| 1/1 [00:00<00:00, 339.54it/s]
Batches:   0%|          | 0/1 [00:00<?, ?it/s]Batches: 100%|██████████| 1/1 [00:00<00:00, 344.16it/s]
Batches:   0%|          | 0/1 [00:00<?, ?it/s]Batches: 100%|██████████| 1/1 [00:00<00:00, 325.44it/s]
Batches:   0%|          | 0/1 [00:00<?, ?it/s]Batches: 100%|██████████| 1/1 [00:00<00:00, 336.14it/s]
Batches:   0%|          | 0/1 [00:00<?, ?it/s]Batches: 100%|██████████| 1/1 [00:00<00:00, 345.41it/s]
Batches:   0%|          | 0/1 [00:00<?, ?it/s]Batches: 100%|██████████| 1/1 [00:00<00:00, 327.83it/s]
Batches:   0%|          | 0/1 [00:00<?, ?it/s]Batches: 100%|██████████| 1/1 [00:00<00:00, 342.11it/s]
Batches:   0%|          | 0/1 [00:00<?, ?it/s]Batches: 100%|██████████| 1/1 [00:00<00:00, 348.62it/s]
Batches:   0%|          | 0/1 [00:00<?, ?it/s]Batches: 100%|██████████| 1/1 [00:00<00:00, 350.96it/s]
Batches:   0%|          | 0/1 [00:00<?, ?it/s]Batches: 100%|██████████| 1/1 [00:00<00:00, 331.07it/s]
Batches:   0%|          | 0/1 [00:00<?, ?it/s]Batches: 100%|██████████| 1/1 [00:00<00:00, 334.23it/s]
Batches:   0%|          | 0/1 [00:00<?, ?it/s]Batches: 100%|██████████| 1/1 [00:00<00:00, 346.44it/s]
Batches:   0%|          | 0/1 [00:00<?, ?it/s]Batches: 100%|██████████| 1/1 [00:00<00:00, 347.76it/s]
Batches:   0%|          | 0/1 [00:00<?, ?it/s]Batches: 100%|██████████| 1/1 [00:00<00:00, 342.17it/s]
Batches:   0%|          | 0/1 [00:00<?, ?it/s]Batches: 100%|██████████| 1/1 [00:00<00:00, 339.37it/s]
Batches:   0%|          | 0/1 [00:00<?, ?it/s]Batches: 100%|██████████| 1/1 [00:00<00:00, 350.34it/s]
Batches:   0%|          | 0/1 [00:00<?, ?it/s]Batches: 100%|██████████| 1/1 [00:00<00:00, 348.31it/s]
Batches:   0%|          | 0/1 [00:00<?, ?it/s]Batches: 100%|██████████| 1/1 [00:00<00:00, 337.22it/s]
Batches:   0%|          | 0/1 [00:00<?, ?it/s]Batches: 100%|██████████| 1/1 [00:00<00:00, 348.13it/s]
Batches:   0%|          | 0/1 [00:00<?, ?it/s]Batches: 100%|██████████| 1/1 [00:00<00:00, 348.54it/s]
Batches:   0%|          | 0/1 [00:00<?, ?it/s]Batches: 100%|██████████| 1/1 [00:00<00:00, 350.17it/s]
Batches:   0%|          | 0/1 [00:00<?, ?it/s]Batches: 100%|██████████| 1/1 [00:00<00:00, 334.98it/s]
Batches:   0%|          | 0/1 [00:00<?, ?it/s]Batches: 100%|██████████| 1/1 [00:00<00:00, 350.11it/s]
Batches:   0%|          | 0/1 [00:00<?, ?it/s]Batches: 100%|██████████| 1/1 [00:00<00:00, 349.79it/s]
Batches:   0%|          | 0/1 [00:00<?, ?it/s]Batches: 100%|██████████| 1/1 [00:00<00:00, 350.58it/s]
Batches:   0%|          | 0/1 [00:00<?, ?it/s]Batches: 100%|██████████| 1/1 [00:00<00:00, 268.32it/s]
Batches:   0%|          | 0/1 [00:00<?, ?it/s]Batches: 100%|██████████| 1/1 [00:00<00:00, 261.46it/s]
Batches:   0%|          | 0/1 [00:00<?, ?it/s]Batches: 100%|██████████| 1/1 [00:00<00:00, 312.54it/s]
Batches:   0%|          | 0/1 [00:00<?, ?it/s]Batches: 100%|██████████| 1/1 [00:00<00:00, 298.04it/s]
Batches:   0%|          | 0/1 [00:00<?, ?it/s]Batches: 100%|██████████| 1/1 [00:00<00:00, 316.98it/s]
Batches:   0%|          | 0/1 [00:00<?, ?it/s]Batches: 100%|██████████| 1/1 [00:00<00:00, 310.76it/s]
Batches:   0%|          | 0/1 [00:00<?, ?it/s]Batches: 100%|██████████| 1/1 [00:00<00:00, 338.58it/s]
Batches:   0%|          | 0/1 [00:00<?, ?it/s]Batches: 100%|██████████| 1/1 [00:00<00:00, 339.48it/s]
Batches:   0%|          | 0/1 [00:00<?, ?it/s]Batches: 100%|██████████| 1/1 [00:00<00:00, 343.40it/s]
Batches:   0%|          | 0/1 [00:00<?, ?it/s]Batches: 100%|██████████| 1/1 [00:00<00:00, 322.79it/s]
Batches:   0%|          | 0/1 [00:00<?, ?it/s]Batches: 100%|██████████| 1/1 [00:00<00:00, 300.39it/s]
Batches:   0%|          | 0/1 [00:00<?, ?it/s]Batches: 100%|██████████| 1/1 [00:00<00:00, 272.23it/s]
Batches:   0%|          | 0/1 [00:00<?, ?it/s]Batches: 100%|██████████| 1/1 [00:00<00:00, 260.19it/s]
Batches:   0%|          | 0/1 [00:00<?, ?it/s]Batches: 100%|██████████| 1/1 [00:00<00:00, 291.29it/s]
Batches:   0%|          | 0/1 [00:00<?, ?it/s]Batches: 100%|██████████| 1/1 [00:00<00:00, 283.71it/s]
Batches:   0%|          | 0/1 [00:00<?, ?it/s]Batches: 100%|██████████| 1/1 [00:00<00:00, 320.67it/s]
Batches:   0%|          | 0/1 [00:00<?, ?it/s]Batches: 100%|██████████| 1/1 [00:00<00:00, 290.52it/s]
Batches:   0%|          | 0/1 [00:00<?, ?it/s]Batches: 100%|██████████| 1/1 [00:00<00:00, 303.03it/s]
Batches:   0%|          | 0/1 [00:00<?, ?it/s]Batches: 100%|██████████| 1/1 [00:00<00:00, 331.49it/s]
Batches:   0%|          | 0/1 [00:00<?, ?it/s]Batches: 100%|██████████| 1/1 [00:00<00:00, 340.17it/s]
Batches:   0%|          | 0/1 [00:00<?, ?it/s]Batches: 100%|██████████| 1/1 [00:00<00:00, 331.54it/s]
Batches:   0%|          | 0/1 [00:00<?, ?it/s]Batches: 100%|██████████| 1/1 [00:00<00:00, 318.72it/s]
Batches:   0%|          | 0/1 [00:00<?, ?it/s]Batches: 100%|██████████| 1/1 [00:00<00:00, 337.35it/s]
Batches:   0%|          | 0/1 [00:00<?, ?it/s]Batches: 100%|██████████| 1/1 [00:00<00:00, 334.37it/s]
Batches:   0%|          | 0/1 [00:00<?, ?it/s]Batches: 100%|██████████| 1/1 [00:00<00:00, 341.64it/s]
Batches:   0%|          | 0/1 [00:00<?, ?it/s]Batches: 100%|██████████| 1/1 [00:00<00:00, 334.98it/s]
Batches:   0%|          | 0/1 [00:00<?, ?it/s]Batches: 100%|██████████| 1/1 [00:00<00:00, 322.99it/s]
Batches:   0%|          | 0/1 [00:00<?, ?it/s]Batches: 100%|██████████| 1/1 [00:00<00:00, 340.17it/s]
Batches:   0%|          | 0/1 [00:00<?, ?it/s]Batches: 100%|██████████| 1/1 [00:00<00:00, 297.72it/s]
Batches:   0%|          | 0/1 [00:00<?, ?it/s]Batches: 100%|██████████| 1/1 [00:00<00:00, 297.09it/s]
Batches:   0%|          | 0/1 [00:00<?, ?it/s]Batches: 100%|██████████| 1/1 [00:00<00:00, 317.68it/s]
Batches:   0%|          | 0/1 [00:00<?, ?it/s]Batches: 100%|██████████| 1/1 [00:00<00:00, 344.08it/s]
Batches:   0%|          | 0/1 [00:00<?, ?it/s]Batches: 100%|██████████| 1/1 [00:00<00:00, 327.99it/s]
Batches:   0%|          | 0/1 [00:00<?, ?it/s]Batches: 100%|██████████| 1/1 [00:00<00:00, 344.81it/s]
Batches:   0%|          | 0/1 [00:00<?, ?it/s]Batches: 100%|██████████| 1/1 [00:00<00:00, 346.29it/s]
Batches:   0%|          | 0/1 [00:00<?, ?it/s]Batches: 100%|██████████| 1/1 [00:00<00:00, 335.38it/s]
Batches:   0%|          | 0/1 [00:00<?, ?it/s]Batches: 100%|██████████| 1/1 [00:00<00:00, 207.43it/s]
Batches:   0%|          | 0/1 [00:00<?, ?it/s]Batches: 100%|██████████| 1/1 [00:00<00:00, 184.92it/s]
Batches:   0%|          | 0/1 [00:00<?, ?it/s]Batches: 100%|██████████| 1/1 [00:00<00:00, 177.90it/s]
Batches:   0%|          | 0/1 [00:00<?, ?it/s]Batches: 100%|██████████| 1/1 [00:00<00:00, 242.91it/s]
Batches:   0%|          | 0/1 [00:00<?, ?it/s]Batches: 100%|██████████| 1/1 [00:00<00:00, 294.42it/s]
Batches:   0%|          | 0/1 [00:00<?, ?it/s]Batches: 100%|██████████| 1/1 [00:00<00:00, 293.02it/s]
Batches:   0%|          | 0/1 [00:00<?, ?it/s]Batches: 100%|██████████| 1/1 [00:00<00:00, 221.99it/s]
Batches:   0%|          | 0/1 [00:00<?, ?it/s]Batches: 100%|██████████| 1/1 [00:00<00:00, 328.27it/s]
Batches:   0%|          | 0/1 [00:00<?, ?it/s]Batches: 100%|██████████| 1/1 [00:00<00:00, 337.98it/s]
Batches:   0%|          | 0/1 [00:00<?, ?it/s]Batches: 100%|██████████| 1/1 [00:00<00:00, 232.51it/s]
Batches:   0%|          | 0/1 [00:00<?, ?it/s]Batches: 100%|██████████| 1/1 [00:00<00:00, 277.03it/s]
Batches:   0%|          | 0/1 [00:00<?, ?it/s]Batches: 100%|██████████| 1/1 [00:00<00:00, 208.97it/s]
Batches:   0%|          | 0/1 [00:00<?, ?it/s]Batches: 100%|██████████| 1/1 [00:00<00:00, 229.57it/s]
Batches:   0%|          | 0/1 [00:00<?, ?it/s]Batches: 100%|██████████| 1/1 [00:00<00:00, 259.64it/s]
Batches:   0%|          | 0/1 [00:00<?, ?it/s]Batches: 100%|██████████| 1/1 [00:00<00:00, 256.34it/s]
Batches:   0%|          | 0/1 [00:00<?, ?it/s]Batches: 100%|██████████| 1/1 [00:00<00:00, 257.46it/s]
Batches:   0%|          | 0/1 [00:00<?, ?it/s]Batches: 100%|██████████| 1/1 [00:00<00:00, 287.36it/s]
Batches:   0%|          | 0/1 [00:00<?, ?it/s]Batches: 100%|██████████| 1/1 [00:00<00:00, 304.20it/s]
Batches:   0%|          | 0/1 [00:00<?, ?it/s]Batches: 100%|██████████| 1/1 [00:00<00:00, 274.12it/s]
Batches:   0%|          | 0/1 [00:00<?, ?it/s]Batches: 100%|██████████| 1/1 [00:00<00:00, 269.45it/s]
Batches:   0%|          | 0/1 [00:00<?, ?it/s]Batches: 100%|██████████| 1/1 [00:00<00:00, 328.32it/s]
Batches:   0%|          | 0/1 [00:00<?, ?it/s]Batches: 100%|██████████| 1/1 [00:00<00:00, 305.02it/s]
Batches:   0%|          | 0/1 [00:00<?, ?it/s]Batches: 100%|██████████| 1/1 [00:00<00:00, 231.46it/s]
Batches:   0%|          | 0/1 [00:00<?, ?it/s]Batches: 100%|██████████| 1/1 [00:00<00:00, 248.63it/s]
Batches:   0%|          | 0/1 [00:00<?, ?it/s]Batches: 100%|██████████| 1/1 [00:00<00:00, 210.24it/s]
Batches:   0%|          | 0/1 [00:00<?, ?it/s]Batches: 100%|██████████| 1/1 [00:00<00:00, 205.99it/s]
Batches:   0%|          | 0/1 [00:00<?, ?it/s]Batches: 100%|██████████| 1/1 [00:00<00:00, 233.29it/s]
Batches:   0%|          | 0/1 [00:00<?, ?it/s]Batches: 100%|██████████| 1/1 [00:00<00:00, 315.38it/s]
Batches:   0%|          | 0/1 [00:00<?, ?it/s]Batches: 100%|██████████| 1/1 [00:00<00:00, 241.96it/s]
Batches:   0%|          | 0/1 [00:00<?, ?it/s]Batches: 100%|██████████| 1/1 [00:00<00:00, 210.31it/s]
Batches:   0%|          | 0/1 [00:00<?, ?it/s]Batches: 100%|██████████| 1/1 [00:00<00:00, 269.52it/s]
Batches:   0%|          | 0/1 [00:00<?, ?it/s]Batches: 100%|██████████| 1/1 [00:00<00:00, 225.40it/s]
Batches:   0%|          | 0/1 [00:00<?, ?it/s]Batches: 100%|██████████| 1/1 [00:00<00:00, 267.70it/s]
Batches:   0%|          | 0/1 [00:00<?, ?it/s]Batches: 100%|██████████| 1/1 [00:00<00:00, 285.17it/s]
Batches:   0%|          | 0/1 [00:00<?, ?it/s]Batches: 100%|██████████| 1/1 [00:00<00:00, 275.56it/s]
Batches:   0%|          | 0/1 [00:00<?, ?it/s]Batches: 100%|██████████| 1/1 [00:00<00:00, 170.35it/s]
Batches:   0%|          | 0/1 [00:00<?, ?it/s]Batches: 100%|██████████| 1/1 [00:00<00:00, 263.18it/s]
Batches:   0%|          | 0/1 [00:00<?, ?it/s]Batches: 100%|██████████| 1/1 [00:00<00:00, 283.36it/s]
Batches:   0%|          | 0/1 [00:00<?, ?it/s]Batches: 100%|██████████| 1/1 [00:00<00:00, 214.56it/s]
Batches:   0%|          | 0/1 [00:00<?, ?it/s]Batches: 100%|██████████| 1/1 [00:00<00:00, 284.46it/s]
Batches:   0%|          | 0/1 [00:00<?, ?it/s]Batches: 100%|██████████| 1/1 [00:00<00:00, 155.30it/s]
Batches:   0%|          | 0/1 [00:00<?, ?it/s]Batches: 100%|██████████| 1/1 [00:00<00:00, 201.55it/s]
Batches:   0%|          | 0/1 [00:00<?, ?it/s]Batches: 100%|██████████| 1/1 [00:00<00:00, 228.52it/s]
Batches:   0%|          | 0/1 [00:00<?, ?it/s]Batches: 100%|██████████| 1/1 [00:00<00:00, 198.61it/s]
Batches:   0%|          | 0/1 [00:00<?, ?it/s]Batches: 100%|██████████| 1/1 [00:00<00:00, 300.77it/s]
Batches:   0%|          | 0/1 [00:00<?, ?it/s]Batches: 100%|██████████| 1/1 [00:00<00:00, 313.41it/s]
Batches:   0%|          | 0/1 [00:00<?, ?it/s]Batches: 100%|██████████| 1/1 [00:00<00:00, 312.91it/s]
Batches:   0%|          | 0/1 [00:00<?, ?it/s]Batches: 100%|██████████| 1/1 [00:00<00:00, 319.76it/s]
Batches:   0%|          | 0/1 [00:00<?, ?it/s]Batches: 100%|██████████| 1/1 [00:00<00:00, 207.88it/s]
Batches:   0%|          | 0/1 [00:00<?, ?it/s]Batches: 100%|██████████| 1/1 [00:00<00:00, 222.23it/s]
Batches:   0%|          | 0/1 [00:00<?, ?it/s]Batches: 100%|██████████| 1/1 [00:00<00:00, 233.33it/s]
Batches:   0%|          | 0/1 [00:00<?, ?it/s]Batches: 100%|██████████| 1/1 [00:00<00:00, 242.61it/s]
Batches:   0%|          | 0/1 [00:00<?, ?it/s]Batches: 100%|██████████| 1/1 [00:00<00:00, 283.28it/s]
Batches:   0%|          | 0/1 [00:00<?, ?it/s]Batches: 100%|██████████| 1/1 [00:00<00:00, 315.46it/s]
Batches:   0%|          | 0/1 [00:00<?, ?it/s]Batches: 100%|██████████| 1/1 [00:00<00:00, 305.02it/s]
Batches:   0%|          | 0/1 [00:00<?, ?it/s]Batches: 100%|██████████| 1/1 [00:00<00:00, 177.22it/s]
Batches:   0%|          | 0/1 [00:00<?, ?it/s]Batches: 100%|██████████| 1/1 [00:00<00:00, 272.23it/s]
Batches:   0%|          | 0/1 [00:00<?, ?it/s]Batches: 100%|██████████| 1/1 [00:00<00:00, 250.96it/s]
Batches:   0%|          | 0/1 [00:00<?, ?it/s]Batches: 100%|██████████| 1/1 [00:00<00:00, 261.46it/s]
Batches:   0%|          | 0/1 [00:00<?, ?it/s]Batches: 100%|██████████| 1/1 [00:00<00:00, 241.11it/s]
Batches:   0%|          | 0/1 [00:00<?, ?it/s]Batches: 100%|██████████| 1/1 [00:00<00:00, 301.84it/s]
Batches:   0%|          | 0/1 [00:00<?, ?it/s]Batches: 100%|██████████| 1/1 [00:00<00:00, 235.00it/s]
Batches:   0%|          | 0/1 [00:00<?, ?it/s]Batches: 100%|██████████| 1/1 [00:00<00:00, 248.24it/s]
Batches:   0%|          | 0/1 [00:00<?, ?it/s]Batches: 100%|██████████| 1/1 [00:00<00:00, 243.50it/s]
Batches:   0%|          | 0/1 [00:00<?, ?it/s]Batches: 100%|██████████| 1/1 [00:00<00:00, 269.90it/s]
Batches:   0%|          | 0/1 [00:00<?, ?it/s]Batches: 100%|██████████| 1/1 [00:00<00:00, 241.25it/s]
Batches:   0%|          | 0/1 [00:00<?, ?it/s]Batches: 100%|██████████| 1/1 [00:00<00:00, 309.45it/s]
Batches:   0%|          | 0/1 [00:00<?, ?it/s]Batches: 100%|██████████| 1/1 [00:00<00:00, 186.10it/s]
Batches:   0%|          | 0/1 [00:00<?, ?it/s]Batches: 100%|██████████| 1/1 [00:00<00:00, 180.76it/s]
Batches:   0%|          | 0/1 [00:00<?, ?it/s]Batches: 100%|██████████| 1/1 [00:00<00:00, 186.63it/s]
Batches:   0%|          | 0/1 [00:00<?, ?it/s]Batches: 100%|██████████| 1/1 [00:00<00:00, 214.65it/s]
Batches:   0%|          | 0/1 [00:00<?, ?it/s]Batches: 100%|██████████| 1/1 [00:00<00:00, 173.56it/s]
Batches:   0%|          | 0/1 [00:00<?, ?it/s]Batches: 100%|██████████| 1/1 [00:00<00:00, 220.85it/s]
Batches:   0%|          | 0/1 [00:00<?, ?it/s]Batches: 100%|██████████| 1/1 [00:00<00:00, 202.14it/s]
Batches:   0%|          | 0/1 [00:00<?, ?it/s]Batches: 100%|██████████| 1/1 [00:00<00:00, 183.79it/s]
Batches:   0%|          | 0/1 [00:00<?, ?it/s]Batches: 100%|██████████| 1/1 [00:00<00:00, 183.38it/s]
Batches:   0%|          | 0/1 [00:00<?, ?it/s]Batches: 100%|██████████| 1/1 [00:00<00:00, 193.72it/s]
Batches:   0%|          | 0/1 [00:00<?, ?it/s]Batches: 100%|██████████| 1/1 [00:00<00:00, 201.17it/s]
Batches:   0%|          | 0/1 [00:00<?, ?it/s]Batches: 100%|██████████| 1/1 [00:00<00:00, 194.63it/s]
Batches:   0%|          | 0/1 [00:00<?, ?it/s]Batches: 100%|██████████| 1/1 [00:00<00:00, 187.80it/s]
Batches:   0%|          | 0/1 [00:00<?, ?it/s]Batches: 100%|██████████| 1/1 [00:00<00:00, 217.90it/s]
Batches:   0%|          | 0/1 [00:00<?, ?it/s]Batches: 100%|██████████| 1/1 [00:00<00:00, 208.58it/s]
Batches:   0%|          | 0/1 [00:00<?, ?it/s]Batches: 100%|██████████| 1/1 [00:00<00:00, 204.80it/s]
Batches:   0%|          | 0/1 [00:00<?, ?it/s]Batches: 100%|██████████| 1/1 [00:00<00:00, 232.19it/s]
Batches:   0%|          | 0/1 [00:00<?, ?it/s]Batches: 100%|██████████| 1/1 [00:00<00:00, 263.48it/s]
Batches:   0%|          | 0/1 [00:00<?, ?it/s]Batches: 100%|██████████| 1/1 [00:00<00:00, 256.97it/s]
Batches:   0%|          | 0/1 [00:00<?, ?it/s]Batches: 100%|██████████| 1/1 [00:00<00:00, 253.42it/s]
Batches:   0%|          | 0/1 [00:00<?, ?it/s]Batches: 100%|██████████| 1/1 [00:00<00:00, 257.52it/s]
Batches:   0%|          | 0/1 [00:00<?, ?it/s]Batches: 100%|██████████| 1/1 [00:00<00:00, 233.81it/s]
Batches:   0%|          | 0/1 [00:00<?, ?it/s]Batches: 100%|██████████| 1/1 [00:00<00:00, 238.57it/s]
Batches:   0%|          | 0/1 [00:00<?, ?it/s]Batches: 100%|██████████| 1/1 [00:00<00:00, 233.34it/s]
Batches:   0%|          | 0/1 [00:00<?, ?it/s]Batches: 100%|██████████| 1/1 [00:00<00:00, 303.17it/s]
Batches:   0%|          | 0/1 [00:00<?, ?it/s]Batches: 100%|██████████| 1/1 [00:00<00:00, 233.98it/s]
Batches:   0%|          | 0/1 [00:00<?, ?it/s]Batches: 100%|██████████| 1/1 [00:00<00:00, 252.30it/s]
Batches:   0%|          | 0/1 [00:00<?, ?it/s]Batches: 100%|██████████| 1/1 [00:00<00:00, 321.11it/s]
Batches:   0%|          | 0/1 [00:00<?, ?it/s]Batches: 100%|██████████| 1/1 [00:00<00:00, 172.36it/s]
Batches:   0%|          | 0/1 [00:00<?, ?it/s]Batches: 100%|██████████| 1/1 [00:00<00:00, 296.63it/s]
Batches:   0%|          | 0/1 [00:00<?, ?it/s]Batches: 100%|██████████| 1/1 [00:00<00:00, 289.74it/s]
Batches:   0%|          | 0/1 [00:00<?, ?it/s]Batches: 100%|██████████| 1/1 [00:00<00:00, 216.54it/s]
Batches:   0%|          | 0/1 [00:00<?, ?it/s]Batches: 100%|██████████| 1/1 [00:00<00:00, 221.90it/s]
Batches:   0%|          | 0/1 [00:00<?, ?it/s]Batches: 100%|██████████| 1/1 [00:00<00:00, 231.91it/s]
Batches:   0%|          | 0/1 [00:00<?, ?it/s]Batches: 100%|██████████| 1/1 [00:00<00:00, 224.84it/s]
Batches:   0%|          | 0/1 [00:00<?, ?it/s]Batches: 100%|██████████| 1/1 [00:00<00:00, 239.51it/s]
Batches:   0%|          | 0/1 [00:00<?, ?it/s]Batches: 100%|██████████| 1/1 [00:00<00:00, 235.85it/s]
Batches:   0%|          | 0/1 [00:00<?, ?it/s]Batches: 100%|██████████| 1/1 [00:00<00:00, 232.38it/s]
Batches:   0%|          | 0/1 [00:00<?, ?it/s]Batches: 100%|██████████| 1/1 [00:00<00:00, 240.32it/s]
Batches:   0%|          | 0/1 [00:00<?, ?it/s]Batches: 100%|██████████| 1/1 [00:00<00:00, 236.22it/s]
Batches:   0%|          | 0/1 [00:00<?, ?it/s]Batches: 100%|██████████| 1/1 [00:00<00:00, 238.18it/s]
Batches:   0%|          | 0/1 [00:00<?, ?it/s]Batches: 100%|██████████| 1/1 [00:00<00:00, 244.59it/s]
Batches:   0%|          | 0/1 [00:00<?, ?it/s]Batches: 100%|██████████| 1/1 [00:00<00:00, 250.54it/s]
Batches:   0%|          | 0/1 [00:00<?, ?it/s]Batches: 100%|██████████| 1/1 [00:00<00:00, 236.38it/s]
Batches:   0%|          | 0/1 [00:00<?, ?it/s]Batches: 100%|██████████| 1/1 [00:00<00:00, 248.96it/s]
Batches:   0%|          | 0/1 [00:00<?, ?it/s]Batches: 100%|██████████| 1/1 [00:00<00:00, 237.81it/s]
Batches:   0%|          | 0/1 [00:00<?, ?it/s]Batches: 100%|██████████| 1/1 [00:00<00:00, 248.23it/s]
Batches:   0%|          | 0/1 [00:00<?, ?it/s]Batches: 100%|██████████| 1/1 [00:00<00:00, 247.19it/s]
Batches:   0%|          | 0/1 [00:00<?, ?it/s]Batches: 100%|██████████| 1/1 [00:00<00:00, 240.36it/s]
Batches:   0%|          | 0/1 [00:00<?, ?it/s]Batches: 100%|██████████| 1/1 [00:00<00:00, 248.58it/s]
Batches:   0%|          | 0/1 [00:00<?, ?it/s]Batches: 100%|██████████| 1/1 [00:00<00:00, 249.11it/s]
Batches:   0%|          | 0/1 [00:00<?, ?it/s]Batches: 100%|██████████| 1/1 [00:00<00:00, 218.46it/s]
Batches:   0%|          | 0/1 [00:00<?, ?it/s]Batches: 100%|██████████| 1/1 [00:00<00:00, 195.92it/s]
Batches:   0%|          | 0/1 [00:00<?, ?it/s]Batches: 100%|██████████| 1/1 [00:00<00:00, 222.54it/s]
Batches:   0%|          | 0/1 [00:00<?, ?it/s]Batches: 100%|██████████| 1/1 [00:00<00:00, 217.64it/s]
Batches:   0%|          | 0/1 [00:00<?, ?it/s]Batches: 100%|██████████| 1/1 [00:00<00:00, 210.90it/s]
Batches:   0%|          | 0/1 [00:00<?, ?it/s]Batches: 100%|██████████| 1/1 [00:00<00:00, 218.75it/s]
Batches:   0%|          | 0/1 [00:00<?, ?it/s]Batches: 100%|██████████| 1/1 [00:00<00:00, 239.02it/s]
Batches:   0%|          | 0/1 [00:00<?, ?it/s]Batches: 100%|██████████| 1/1 [00:00<00:00, 246.19it/s]
Batches:   0%|          | 0/1 [00:00<?, ?it/s]Batches: 100%|██████████| 1/1 [00:00<00:00, 233.37it/s]
Batches:   0%|          | 0/1 [00:00<?, ?it/s]Batches: 100%|██████████| 1/1 [00:00<00:00, 241.86it/s]
Batches:   0%|          | 0/1 [00:00<?, ?it/s]Batches: 100%|██████████| 1/1 [00:00<00:00, 231.46it/s]
Batches:   0%|          | 0/1 [00:00<?, ?it/s]Batches: 100%|██████████| 1/1 [00:00<00:00, 227.58it/s]
Batches:   0%|          | 0/1 [00:00<?, ?it/s]Batches: 100%|██████████| 1/1 [00:00<00:00, 213.85it/s]
Batches:   0%|          | 0/1 [00:00<?, ?it/s]Batches: 100%|██████████| 1/1 [00:00<00:00, 225.52it/s]
Batches:   0%|          | 0/1 [00:00<?, ?it/s]Batches: 100%|██████████| 1/1 [00:00<00:00, 223.41it/s]
Batches:   0%|          | 0/1 [00:00<?, ?it/s]Batches: 100%|██████████| 1/1 [00:00<00:00, 243.80it/s]
Batches:   0%|          | 0/1 [00:00<?, ?it/s]Batches: 100%|██████████| 1/1 [00:00<00:00, 246.85it/s]
Batches:   0%|          | 0/1 [00:00<?, ?it/s]Batches: 100%|██████████| 1/1 [00:00<00:00, 224.61it/s]
Batches:   0%|          | 0/1 [00:00<?, ?it/s]Batches: 100%|██████████| 1/1 [00:00<00:00, 227.06it/s]
Batches:   0%|          | 0/1 [00:00<?, ?it/s]Batches: 100%|██████████| 1/1 [00:00<00:00, 225.44it/s]
Batches:   0%|          | 0/1 [00:00<?, ?it/s]Batches: 100%|██████████| 1/1 [00:00<00:00, 222.03it/s]
Batches:   0%|          | 0/1 [00:00<?, ?it/s]Batches: 100%|██████████| 1/1 [00:00<00:00, 235.66it/s]
Batches:   0%|          | 0/1 [00:00<?, ?it/s]Batches: 100%|██████████| 1/1 [00:00<00:00, 209.32it/s]
Batches:   0%|          | 0/1 [00:00<?, ?it/s]Batches: 100%|██████████| 1/1 [00:00<00:00, 224.41it/s]
Batches:   0%|          | 0/1 [00:00<?, ?it/s]Batches: 100%|██████████| 1/1 [00:00<00:00, 241.72it/s]
Batches:   0%|          | 0/1 [00:00<?, ?it/s]Batches: 100%|██████████| 1/1 [00:00<00:00, 242.10it/s]
Batches:   0%|          | 0/1 [00:00<?, ?it/s]Batches: 100%|██████████| 1/1 [00:00<00:00, 244.82it/s]
Batches:   0%|          | 0/1 [00:00<?, ?it/s]Batches: 100%|██████████| 1/1 [00:00<00:00, 247.48it/s]
Batches:   0%|          | 0/1 [00:00<?, ?it/s]Batches: 100%|██████████| 1/1 [00:00<00:00, 206.25it/s]
Batches:   0%|          | 0/1 [00:00<?, ?it/s]Batches: 100%|██████████| 1/1 [00:00<00:00, 225.40it/s]
Batches:   0%|          | 0/1 [00:00<?, ?it/s]Batches: 100%|██████████| 1/1 [00:00<00:00, 227.70it/s]
Batches:   0%|          | 0/1 [00:00<?, ?it/s]Batches: 100%|██████████| 1/1 [00:00<00:00, 225.76it/s]
Batches:   0%|          | 0/1 [00:00<?, ?it/s]Batches: 100%|██████████| 1/1 [00:00<00:00, 236.94it/s]
Batches:   0%|          | 0/1 [00:00<?, ?it/s]Batches: 100%|██████████| 1/1 [00:00<00:00, 234.55it/s]
Batches:   0%|          | 0/1 [00:00<?, ?it/s]Batches: 100%|██████████| 1/1 [00:00<00:00, 224.85it/s]
Batches:   0%|          | 0/1 [00:00<?, ?it/s]Batches: 100%|██████████| 1/1 [00:00<00:00, 235.74it/s]
Batches:   0%|          | 0/1 [00:00<?, ?it/s]Batches: 100%|██████████| 1/1 [00:00<00:00, 228.00it/s]
Batches:   0%|          | 0/1 [00:00<?, ?it/s]Batches: 100%|██████████| 1/1 [00:00<00:00, 236.90it/s]
Batches:   0%|          | 0/1 [00:00<?, ?it/s]Batches: 100%|██████████| 1/1 [00:00<00:00, 238.46it/s]
Batches:   0%|          | 0/1 [00:00<?, ?it/s]Batches: 100%|██████████| 1/1 [00:00<00:00, 221.21it/s]
Batches:   0%|          | 0/1 [00:00<?, ?it/s]Batches: 100%|██████████| 1/1 [00:00<00:00, 211.31it/s]
Batches:   0%|          | 0/1 [00:00<?, ?it/s]Batches: 100%|██████████| 1/1 [00:00<00:00, 217.95it/s]
Batches:   0%|          | 0/1 [00:00<?, ?it/s]Batches: 100%|██████████| 1/1 [00:00<00:00, 181.27it/s]
Batches:   0%|          | 0/1 [00:00<?, ?it/s]Batches: 100%|██████████| 1/1 [00:00<00:00, 198.42it/s]
Batches:   0%|          | 0/1 [00:00<?, ?it/s]Batches: 100%|██████████| 1/1 [00:00<00:00, 205.24it/s]
Batches:   0%|          | 0/1 [00:00<?, ?it/s]Batches: 100%|██████████| 1/1 [00:00<00:00, 204.33it/s]
Batches:   0%|          | 0/1 [00:00<?, ?it/s]Batches: 100%|██████████| 1/1 [00:00<00:00, 207.01it/s]
Batches:   0%|          | 0/1 [00:00<?, ?it/s]Batches: 100%|██████████| 1/1 [00:00<00:00, 204.15it/s]
Batches:   0%|          | 0/1 [00:00<?, ?it/s]Batches: 100%|██████████| 1/1 [00:00<00:00, 240.84it/s]
Batches:   0%|          | 0/1 [00:00<?, ?it/s]Batches: 100%|██████████| 1/1 [00:00<00:00, 232.28it/s]
Batches:   0%|          | 0/1 [00:00<?, ?it/s]Batches: 100%|██████████| 1/1 [00:00<00:00, 242.95it/s]
Batches:   0%|          | 0/1 [00:00<?, ?it/s]Batches: 100%|██████████| 1/1 [00:00<00:00, 248.07it/s]
Batches:   0%|          | 0/1 [00:00<?, ?it/s]Batches: 100%|██████████| 1/1 [00:00<00:00, 191.12it/s]
Batches:   0%|          | 0/1 [00:00<?, ?it/s]Batches: 100%|██████████| 1/1 [00:00<00:00, 188.79it/s]
Batches:   0%|          | 0/1 [00:00<?, ?it/s]Batches: 100%|██████████| 1/1 [00:00<00:00, 191.33it/s]
Batches:   0%|          | 0/1 [00:00<?, ?it/s]Batches: 100%|██████████| 1/1 [00:00<00:00, 185.61it/s]
Batches:   0%|          | 0/1 [00:00<?, ?it/s]Batches: 100%|██████████| 1/1 [00:00<00:00, 201.38it/s]
Batches:   0%|          | 0/1 [00:00<?, ?it/s]Batches: 100%|██████████| 1/1 [00:00<00:00, 227.57it/s]
Batches:   0%|          | 0/1 [00:00<?, ?it/s]Batches: 100%|██████████| 1/1 [00:00<00:00, 240.97it/s]
Batches:   0%|          | 0/1 [00:00<?, ?it/s]Batches: 100%|██████████| 1/1 [00:00<00:00, 236.58it/s]
Batches:   0%|          | 0/1 [00:00<?, ?it/s]Batches: 100%|██████████| 1/1 [00:00<00:00, 221.08it/s]
Batches:   0%|          | 0/1 [00:00<?, ?it/s]Batches: 100%|██████████| 1/1 [00:00<00:00, 240.82it/s]
Batches:   0%|          | 0/1 [00:00<?, ?it/s]Batches: 100%|██████████| 1/1 [00:00<00:00, 185.42it/s]
Batches:   0%|          | 0/1 [00:00<?, ?it/s]Batches: 100%|██████████| 1/1 [00:00<00:00, 194.50it/s]
Batches:   0%|          | 0/1 [00:00<?, ?it/s]Batches: 100%|██████████| 1/1 [00:00<00:00, 212.25it/s]
Batches:   0%|          | 0/1 [00:00<?, ?it/s]Batches: 100%|██████████| 1/1 [00:00<00:00, 220.59it/s]
Batches:   0%|          | 0/1 [00:00<?, ?it/s]Batches: 100%|██████████| 1/1 [00:00<00:00, 213.04it/s]
Batches:   0%|          | 0/1 [00:00<?, ?it/s]Batches: 100%|██████████| 1/1 [00:00<00:00, 201.14it/s]
Batches:   0%|          | 0/1 [00:00<?, ?it/s]Batches: 100%|██████████| 1/1 [00:00<00:00, 261.46it/s]
Batches:   0%|          | 0/1 [00:00<?, ?it/s]Batches: 100%|██████████| 1/1 [00:00<00:00, 230.61it/s]
Batches:   0%|          | 0/1 [00:00<?, ?it/s]Batches: 100%|██████████| 1/1 [00:00<00:00, 248.36it/s]
Batches:   0%|          | 0/1 [00:00<?, ?it/s]Batches: 100%|██████████| 1/1 [00:00<00:00, 241.19it/s]
Batches:   0%|          | 0/1 [00:00<?, ?it/s]Batches: 100%|██████████| 1/1 [00:00<00:00, 238.57it/s]
Batches:   0%|          | 0/1 [00:00<?, ?it/s]Batches: 100%|██████████| 1/1 [00:00<00:00, 257.30it/s]
Batches:   0%|          | 0/1 [00:00<?, ?it/s]Batches: 100%|██████████| 1/1 [00:00<00:00, 256.06it/s]
Batches:   0%|          | 0/1 [00:00<?, ?it/s]Batches: 100%|██████████| 1/1 [00:00<00:00, 231.91it/s]
Batches:   0%|          | 0/1 [00:00<?, ?it/s]Batches: 100%|██████████| 1/1 [00:00<00:00, 249.96it/s]
Batches:   0%|          | 0/1 [00:00<?, ?it/s]Batches: 100%|██████████| 1/1 [00:00<00:00, 269.02it/s]
Batches:   0%|          | 0/1 [00:00<?, ?it/s]Batches: 100%|██████████| 1/1 [00:00<00:00, 222.37it/s]
Batches:   0%|          | 0/1 [00:00<?, ?it/s]Batches: 100%|██████████| 1/1 [00:00<00:00, 211.37it/s]
Batches:   0%|          | 0/1 [00:00<?, ?it/s]Batches: 100%|██████████| 1/1 [00:00<00:00, 245.77it/s]
Batches:   0%|          | 0/1 [00:00<?, ?it/s]Batches: 100%|██████████| 1/1 [00:00<00:00, 215.85it/s]
Batches:   0%|          | 0/1 [00:00<?, ?it/s]Batches: 100%|██████████| 1/1 [00:00<00:00, 232.71it/s]
Batches:   0%|          | 0/1 [00:00<?, ?it/s]Batches: 100%|██████████| 1/1 [00:00<00:00, 258.33it/s]
Batches:   0%|          | 0/1 [00:00<?, ?it/s]Batches: 100%|██████████| 1/1 [00:00<00:00, 224.81it/s]
Batches:   0%|          | 0/1 [00:00<?, ?it/s]Batches: 100%|██████████| 1/1 [00:00<00:00, 237.83it/s]
Batches:   0%|          | 0/1 [00:00<?, ?it/s]Batches: 100%|██████████| 1/1 [00:00<00:00, 247.04it/s]
Batches:   0%|          | 0/1 [00:00<?, ?it/s]Batches: 100%|██████████| 1/1 [00:00<00:00, 221.62it/s]
Batches:   0%|          | 0/1 [00:00<?, ?it/s]Batches: 100%|██████████| 1/1 [00:00<00:00, 240.68it/s]
Batches:   0%|          | 0/1 [00:00<?, ?it/s]Batches: 100%|██████████| 1/1 [00:00<00:00, 236.70it/s]
Batches:   0%|          | 0/1 [00:00<?, ?it/s]Batches: 100%|██████████| 1/1 [00:00<00:00, 212.28it/s]
Batches:   0%|          | 0/1 [00:00<?, ?it/s]Batches: 100%|██████████| 1/1 [00:00<00:00, 244.98it/s]
Batches:   0%|          | 0/1 [00:00<?, ?it/s]Batches: 100%|██████████| 1/1 [00:00<00:00, 233.69it/s]
Batches:   0%|          | 0/1 [00:00<?, ?it/s]Batches: 100%|██████████| 1/1 [00:00<00:00, 229.16it/s]
Batches:   0%|          | 0/1 [00:00<?, ?it/s]Batches: 100%|██████████| 1/1 [00:00<00:00, 236.31it/s]
Batches:   0%|          | 0/1 [00:00<?, ?it/s]Batches: 100%|██████████| 1/1 [00:00<00:00, 239.10it/s]
Batches:   0%|          | 0/1 [00:00<?, ?it/s]Batches: 100%|██████████| 1/1 [00:00<00:00, 234.91it/s]
Batches:   0%|          | 0/1 [00:00<?, ?it/s]Batches: 100%|██████████| 1/1 [00:00<00:00, 243.09it/s]
Batches:   0%|          | 0/1 [00:00<?, ?it/s]Batches: 100%|██████████| 1/1 [00:00<00:00, 177.31it/s]
Batches:   0%|          | 0/1 [00:00<?, ?it/s]Batches: 100%|██████████| 1/1 [00:00<00:00, 194.15it/s]
Batches:   0%|          | 0/1 [00:00<?, ?it/s]Batches: 100%|██████████| 1/1 [00:00<00:00, 225.29it/s]
Batches:   0%|          | 0/1 [00:00<?, ?it/s]Batches: 100%|██████████| 1/1 [00:00<00:00, 222.21it/s]
Batches:   0%|          | 0/1 [00:00<?, ?it/s]Batches: 100%|██████████| 1/1 [00:00<00:00, 239.77it/s]
Batches:   0%|          | 0/1 [00:00<?, ?it/s]Batches: 100%|██████████| 1/1 [00:00<00:00, 194.37it/s]
Batches:   0%|          | 0/1 [00:00<?, ?it/s]Batches: 100%|██████████| 1/1 [00:00<00:00, 213.96it/s]
Batches:   0%|          | 0/1 [00:00<?, ?it/s]Batches: 100%|██████████| 1/1 [00:00<00:00, 231.19it/s]
Batches:   0%|          | 0/1 [00:00<?, ?it/s]Batches: 100%|██████████| 1/1 [00:00<00:00, 229.47it/s]
Batches:   0%|          | 0/1 [00:00<?, ?it/s]Batches: 100%|██████████| 1/1 [00:00<00:00, 228.52it/s]
Batches:   0%|          | 0/1 [00:00<?, ?it/s]Batches: 100%|██████████| 1/1 [00:00<00:00, 224.97it/s]
Batches:   0%|          | 0/1 [00:00<?, ?it/s]Batches: 100%|██████████| 1/1 [00:00<00:00, 220.64it/s]
Batches:   0%|          | 0/1 [00:00<?, ?it/s]Batches: 100%|██████████| 1/1 [00:00<00:00, 232.93it/s]
Batches:   0%|          | 0/1 [00:00<?, ?it/s]Batches: 100%|██████████| 1/1 [00:00<00:00, 219.05it/s]
Batches:   0%|          | 0/1 [00:00<?, ?it/s]Batches: 100%|██████████| 1/1 [00:00<00:00, 218.98it/s]
Batches:   0%|          | 0/1 [00:00<?, ?it/s]Batches: 100%|██████████| 1/1 [00:00<00:00, 229.13it/s]
Batches:   0%|          | 0/1 [00:00<?, ?it/s]Batches: 100%|██████████| 1/1 [00:00<00:00, 219.09it/s]
Batches:   0%|          | 0/1 [00:00<?, ?it/s]Batches: 100%|██████████| 1/1 [00:00<00:00, 233.06it/s]
Batches:   0%|          | 0/1 [00:00<?, ?it/s]Batches: 100%|██████████| 1/1 [00:00<00:00, 224.40it/s]
Batches:   0%|          | 0/1 [00:00<?, ?it/s]Batches: 100%|██████████| 1/1 [00:00<00:00, 219.80it/s]
Batches:   0%|          | 0/1 [00:00<?, ?it/s]Batches: 100%|██████████| 1/1 [00:00<00:00, 231.24it/s]
Batches:   0%|          | 0/1 [00:00<?, ?it/s]Batches: 100%|██████████| 1/1 [00:00<00:00, 235.91it/s]
Batches:   0%|          | 0/1 [00:00<?, ?it/s]Batches: 100%|██████████| 1/1 [00:00<00:00, 207.97it/s]
Batches:   0%|          | 0/1 [00:00<?, ?it/s]Batches: 100%|██████████| 1/1 [00:00<00:00, 227.09it/s]
Batches:   0%|          | 0/1 [00:00<?, ?it/s]Batches: 100%|██████████| 1/1 [00:00<00:00, 216.49it/s]
Batches:   0%|          | 0/1 [00:00<?, ?it/s]Batches: 100%|██████████| 1/1 [00:00<00:00, 201.60it/s]
Batches:   0%|          | 0/1 [00:00<?, ?it/s]Batches: 100%|██████████| 1/1 [00:00<00:00, 224.13it/s]
Batches:   0%|          | 0/1 [00:00<?, ?it/s]Batches: 100%|██████████| 1/1 [00:00<00:00, 193.51it/s]
Batches:   0%|          | 0/1 [00:00<?, ?it/s]Batches: 100%|██████████| 1/1 [00:00<00:00, 206.51it/s]
Batches:   0%|          | 0/1 [00:00<?, ?it/s]Batches: 100%|██████████| 1/1 [00:00<00:00, 205.28it/s]
Batches:   0%|          | 0/1 [00:00<?, ?it/s]Batches: 100%|██████████| 1/1 [00:00<00:00, 208.29it/s]
Batches:   0%|          | 0/1 [00:00<?, ?it/s]Batches: 100%|██████████| 1/1 [00:00<00:00, 190.82it/s]
Batches:   0%|          | 0/1 [00:00<?, ?it/s]Batches: 100%|██████████| 1/1 [00:00<00:00, 189.46it/s]
Batches:   0%|          | 0/1 [00:00<?, ?it/s]Batches: 100%|██████████| 1/1 [00:00<00:00, 184.38it/s]
Batches:   0%|          | 0/1 [00:00<?, ?it/s]Batches: 100%|██████████| 1/1 [00:00<00:00, 194.63it/s]
Batches:   0%|          | 0/1 [00:00<?, ?it/s]Batches: 100%|██████████| 1/1 [00:00<00:00, 190.97it/s]
Batches:   0%|          | 0/1 [00:00<?, ?it/s]Batches: 100%|██████████| 1/1 [00:00<00:00, 206.33it/s]
Batches:   0%|          | 0/1 [00:00<?, ?it/s]Batches: 100%|██████████| 1/1 [00:00<00:00, 200.88it/s]
Batches:   0%|          | 0/1 [00:00<?, ?it/s]Batches: 100%|██████████| 1/1 [00:00<00:00, 222.16it/s]
Batches:   0%|          | 0/1 [00:00<?, ?it/s]Batches: 100%|██████████| 1/1 [00:00<00:00, 209.05it/s]
Batches:   0%|          | 0/1 [00:00<?, ?it/s]Batches: 100%|██████████| 1/1 [00:00<00:00, 216.25it/s]
Batches:   0%|          | 0/1 [00:00<?, ?it/s]Batches: 100%|██████████| 1/1 [00:00<00:00, 228.08it/s]
Batches:   0%|          | 0/1 [00:00<?, ?it/s]Batches: 100%|██████████| 1/1 [00:00<00:00, 210.24it/s]
Batches:   0%|          | 0/1 [00:00<?, ?it/s]Batches: 100%|██████████| 1/1 [00:00<00:00, 236.70it/s]
Batches:   0%|          | 0/1 [00:00<?, ?it/s]Batches: 100%|██████████| 1/1 [00:00<00:00, 226.69it/s]
Batches:   0%|          | 0/1 [00:00<?, ?it/s]Batches: 100%|██████████| 1/1 [00:00<00:00, 237.05it/s]
Batches:   0%|          | 0/1 [00:00<?, ?it/s]Batches: 100%|██████████| 1/1 [00:00<00:00, 235.81it/s]
Batches:   0%|          | 0/1 [00:00<?, ?it/s]Batches: 100%|██████████| 1/1 [00:00<00:00, 235.66it/s]
Batches:   0%|          | 0/1 [00:00<?, ?it/s]Batches: 100%|██████████| 1/1 [00:00<00:00, 235.95it/s]
Batches:   0%|          | 0/1 [00:00<?, ?it/s]Batches: 100%|██████████| 1/1 [00:00<00:00, 238.80it/s]
Batches:   0%|          | 0/1 [00:00<?, ?it/s]Batches: 100%|██████████| 1/1 [00:00<00:00, 230.62it/s]
Batches:   0%|          | 0/1 [00:00<?, ?it/s]Batches: 100%|██████████| 1/1 [00:00<00:00, 235.61it/s]
Batches:   0%|          | 0/1 [00:00<?, ?it/s]Batches: 100%|██████████| 1/1 [00:00<00:00, 240.46it/s]
Batches:   0%|          | 0/1 [00:00<?, ?it/s]Batches: 100%|██████████| 1/1 [00:00<00:00, 219.33it/s]
Batches:   0%|          | 0/1 [00:00<?, ?it/s]Batches: 100%|██████████| 1/1 [00:00<00:00, 242.14it/s]
Batches:   0%|          | 0/1 [00:00<?, ?it/s]Batches: 100%|██████████| 1/1 [00:00<00:00, 227.78it/s]
Batches:   0%|          | 0/1 [00:00<?, ?it/s]Batches: 100%|██████████| 1/1 [00:00<00:00, 200.75it/s]
Batches:   0%|          | 0/1 [00:00<?, ?it/s]Batches: 100%|██████████| 1/1 [00:00<00:00, 239.28it/s]
Batches:   0%|          | 0/1 [00:00<?, ?it/s]Batches: 100%|██████████| 1/1 [00:00<00:00, 227.52it/s]
Batches:   0%|          | 0/1 [00:00<?, ?it/s]Batches: 100%|██████████| 1/1 [00:00<00:00, 222.70it/s]
Batches:   0%|          | 0/1 [00:00<?, ?it/s]Batches: 100%|██████████| 1/1 [00:00<00:00, 241.22it/s]
Batches:   0%|          | 0/1 [00:00<?, ?it/s]Batches: 100%|██████████| 1/1 [00:00<00:00, 233.82it/s]
Batches:   0%|          | 0/1 [00:00<?, ?it/s]Batches: 100%|██████████| 1/1 [00:00<00:00, 223.99it/s]
Batches:   0%|          | 0/1 [00:00<?, ?it/s]Batches: 100%|██████████| 1/1 [00:00<00:00, 223.79it/s]
Batches:   0%|          | 0/1 [00:00<?, ?it/s]Batches: 100%|██████████| 1/1 [00:00<00:00, 233.82it/s]
Batches:   0%|          | 0/1 [00:00<?, ?it/s]Batches: 100%|██████████| 1/1 [00:00<00:00, 239.13it/s]
Batches:   0%|          | 0/1 [00:00<?, ?it/s]Batches: 100%|██████████| 1/1 [00:00<00:00, 225.25it/s]
Batches:   0%|          | 0/1 [00:00<?, ?it/s]Batches: 100%|██████████| 1/1 [00:00<00:00, 233.81it/s]
Batches:   0%|          | 0/1 [00:00<?, ?it/s]Batches: 100%|██████████| 1/1 [00:00<00:00, 239.29it/s]
Batches:   0%|          | 0/1 [00:00<?, ?it/s]Batches: 100%|██████████| 1/1 [00:00<00:00, 228.17it/s]
Batches:   0%|          | 0/1 [00:00<?, ?it/s]Batches: 100%|██████████| 1/1 [00:00<00:00, 243.35it/s]
Batches:   0%|          | 0/1 [00:00<?, ?it/s]Batches: 100%|██████████| 1/1 [00:00<00:00, 246.74it/s]
Batches:   0%|          | 0/1 [00:00<?, ?it/s]Batches: 100%|██████████| 1/1 [00:00<00:00, 183.22it/s]
Batches:   0%|          | 0/1 [00:00<?, ?it/s]Batches: 100%|██████████| 1/1 [00:00<00:00, 212.48it/s]
Batches:   0%|          | 0/1 [00:00<?, ?it/s]Batches: 100%|██████████| 1/1 [00:00<00:00, 182.96it/s]
Batches:   0%|          | 0/1 [00:00<?, ?it/s]Batches: 100%|██████████| 1/1 [00:00<00:00, 195.68it/s]
Batches:   0%|          | 0/1 [00:00<?, ?it/s]Batches: 100%|██████████| 1/1 [00:00<00:00, 191.93it/s]
Batches:   0%|          | 0/1 [00:00<?, ?it/s]Batches: 100%|██████████| 1/1 [00:00<00:00, 189.34it/s]
Batches:   0%|          | 0/1 [00:00<?, ?it/s]Batches: 100%|██████████| 1/1 [00:00<00:00, 183.10it/s]
Batches:   0%|          | 0/1 [00:00<?, ?it/s]Batches: 100%|██████████| 1/1 [00:00<00:00, 246.93it/s]
Batches:   0%|          | 0/1 [00:00<?, ?it/s]Batches: 100%|██████████| 1/1 [00:00<00:00, 257.15it/s]
Batches:   0%|          | 0/1 [00:00<?, ?it/s]Batches: 100%|██████████| 1/1 [00:00<00:00, 224.97it/s]
Batches:   0%|          | 0/1 [00:00<?, ?it/s]Batches: 100%|██████████| 1/1 [00:00<00:00, 186.80it/s]
Batches:   0%|          | 0/1 [00:00<?, ?it/s]Batches: 100%|██████████| 1/1 [00:00<00:00, 250.74it/s]
Batches:   0%|          | 0/1 [00:00<?, ?it/s]Batches: 100%|██████████| 1/1 [00:00<00:00, 76.51it/s]
Batches:   0%|          | 0/1 [00:00<?, ?it/s]Batches: 100%|██████████| 1/1 [00:00<00:00, 233.43it/s]
Batches:   0%|          | 0/1 [00:00<?, ?it/s]Batches: 100%|██████████| 1/1 [00:00<00:00, 269.57it/s]
Batches:   0%|          | 0/1 [00:00<?, ?it/s]Batches: 100%|██████████| 1/1 [00:00<00:00, 152.18it/s]
Batches:   0%|          | 0/1 [00:00<?, ?it/s]Batches: 100%|██████████| 1/1 [00:00<00:00, 208.28it/s]
Batches:   0%|          | 0/1 [00:00<?, ?it/s]Batches: 100%|██████████| 1/1 [00:00<00:00, 224.76it/s]
Batches:   0%|          | 0/1 [00:00<?, ?it/s]Batches: 100%|██████████| 1/1 [00:00<00:00, 261.21it/s]
Batches:   0%|          | 0/1 [00:00<?, ?it/s]Batches: 100%|██████████| 1/1 [00:00<00:00, 199.38it/s]
Batches:   0%|          | 0/1 [00:00<?, ?it/s]Batches: 100%|██████████| 1/1 [00:00<00:00, 209.96it/s]
Batches:   0%|          | 0/1 [00:00<?, ?it/s]Batches: 100%|██████████| 1/1 [00:00<00:00, 210.89it/s]
Batches:   0%|          | 0/1 [00:00<?, ?it/s]Batches: 100%|██████████| 1/1 [00:00<00:00, 212.71it/s]
Batches:   0%|          | 0/1 [00:00<?, ?it/s]Batches: 100%|██████████| 1/1 [00:00<00:00, 206.70it/s]
Batches:   0%|          | 0/1 [00:00<?, ?it/s]Batches: 100%|██████████| 1/1 [00:00<00:00, 164.00it/s]
Batches:   0%|          | 0/1 [00:00<?, ?it/s]Batches: 100%|██████████| 1/1 [00:00<00:00, 184.62it/s]
Batches:   0%|          | 0/1 [00:00<?, ?it/s]Batches: 100%|██████████| 1/1 [00:00<00:00, 135.86it/s]
Batches:   0%|          | 0/1 [00:00<?, ?it/s]Batches: 100%|██████████| 1/1 [00:00<00:00, 172.33it/s]
Batches:   0%|          | 0/1 [00:00<?, ?it/s]Batches: 100%|██████████| 1/1 [00:00<00:00, 169.74it/s]
Batches:   0%|          | 0/1 [00:00<?, ?it/s]Batches: 100%|██████████| 1/1 [00:00<00:00, 194.03it/s]
Batches:   0%|          | 0/1 [00:00<?, ?it/s]Batches: 100%|██████████| 1/1 [00:00<00:00, 195.27it/s]
Batches:   0%|          | 0/1 [00:00<?, ?it/s]Batches: 100%|██████████| 1/1 [00:00<00:00, 193.68it/s]
Batches:   0%|          | 0/1 [00:00<?, ?it/s]Batches: 100%|██████████| 1/1 [00:00<00:00, 157.43it/s]
Batches:   0%|          | 0/1 [00:00<?, ?it/s]Batches: 100%|██████████| 1/1 [00:00<00:00, 131.71it/s]
Batches:   0%|          | 0/1 [00:00<?, ?it/s]Batches: 100%|██████████| 1/1 [00:00<00:00, 176.45it/s]
Batches:   0%|          | 0/1 [00:00<?, ?it/s]Batches: 100%|██████████| 1/1 [00:00<00:00, 166.93it/s]
Batches:   0%|          | 0/1 [00:00<?, ?it/s]Batches: 100%|██████████| 1/1 [00:00<00:00, 184.45it/s]
Batches:   0%|          | 0/1 [00:00<?, ?it/s]Batches: 100%|██████████| 1/1 [00:00<00:00, 272.45it/s]
Batches:   0%|          | 0/1 [00:00<?, ?it/s]Batches: 100%|██████████| 1/1 [00:00<00:00, 297.57it/s]
Batches:   0%|          | 0/1 [00:00<?, ?it/s]Batches: 100%|██████████| 1/1 [00:00<00:00, 256.25it/s]
Batches:   0%|          | 0/1 [00:00<?, ?it/s]Batches: 100%|██████████| 1/1 [00:00<00:00, 255.69it/s]
Batches:   0%|          | 0/1 [00:00<?, ?it/s]Batches: 100%|██████████| 1/1 [00:00<00:00, 294.15it/s]
Batches:   0%|          | 0/1 [00:00<?, ?it/s]Batches: 100%|██████████| 1/1 [00:00<00:00, 300.13it/s]
Batches:   0%|          | 0/1 [00:00<?, ?it/s]Batches: 100%|██████████| 1/1 [00:00<00:00, 259.68it/s]
Batches:   0%|          | 0/1 [00:00<?, ?it/s]Batches: 100%|██████████| 1/1 [00:00<00:00, 262.74it/s]
Batches:   0%|          | 0/1 [00:00<?, ?it/s]Batches: 100%|██████████| 1/1 [00:00<00:00, 283.53it/s]
Batches:   0%|          | 0/1 [00:00<?, ?it/s]Batches: 100%|██████████| 1/1 [00:00<00:00, 198.27it/s]
Batches:   0%|          | 0/1 [00:00<?, ?it/s]Batches: 100%|██████████| 1/1 [00:00<00:00, 298.70it/s]
Batches:   0%|          | 0/1 [00:00<?, ?it/s]Batches: 100%|██████████| 1/1 [00:00<00:00, 329.12it/s]
Batches:   0%|          | 0/1 [00:00<?, ?it/s]Batches: 100%|██████████| 1/1 [00:00<00:00, 303.91it/s]
Batches:   0%|          | 0/1 [00:00<?, ?it/s]Batches: 100%|██████████| 1/1 [00:00<00:00, 322.24it/s]
Batches:   0%|          | 0/1 [00:00<?, ?it/s]Batches: 100%|██████████| 1/1 [00:00<00:00, 302.34it/s]
Batches:   0%|          | 0/1 [00:00<?, ?it/s]Batches: 100%|██████████| 1/1 [00:00<00:00, 281.93it/s]
Batches:   0%|          | 0/1 [00:00<?, ?it/s]Batches: 100%|██████████| 1/1 [00:00<00:00, 223.76it/s]
Batches:   0%|          | 0/1 [00:00<?, ?it/s]Batches: 100%|██████████| 1/1 [00:00<00:00, 245.54it/s]
Batches:   0%|          | 0/1 [00:00<?, ?it/s]Batches: 100%|██████████| 1/1 [00:00<00:00, 257.46it/s]
Batches:   0%|          | 0/1 [00:00<?, ?it/s]Batches: 100%|██████████| 1/1 [00:00<00:00, 274.84it/s]
Batches:   0%|          | 0/1 [00:00<?, ?it/s]Batches: 100%|██████████| 1/1 [00:00<00:00, 280.65it/s]
Batches:   0%|          | 0/1 [00:00<?, ?it/s]Batches: 100%|██████████| 1/1 [00:00<00:00, 263.76it/s]FAILED[32m[2025-10-30 23:31:26] [INFO    ] [conftest] [CLEANUP] Alle Test-Konzepte mit Praefix 'test_' geloescht.[0m

tests/test_enhanced_nlp.py::TestEnhancedNLP::test_fuzzy_matching_in_question_workflow [32m[2025-10-30 23:31:26] [INFO    ] [component_11_embedding_service] Lade Embedding-Modell | model_name=paraphrase-multilingual-MiniLM-L12-v2[0m
[32m[2025-10-30 23:31:26] [INFO    ] [sentence_transformers.SentenceTransformer] Use pytorch device_name: cpu[0m
[32m[2025-10-30 23:31:26] [INFO    ] [sentence_transformers.SentenceTransformer] Load pretrained SentenceTransformer: paraphrase-multilingual-MiniLM-L12-v2[0m
[32m[2025-10-30 23:31:29] [INFO    ] [component_11_embedding_service] Embedding-Modell geladen | model_name=paraphrase-multilingual-MiniLM-L12-v2 | vector_dimension=384[0m
[32m[2025-10-30 23:31:29] [INFO    ] [component_6_linguistik_engine] [LinguisticPreprocessor] spaCy-Modell 'de_core_news_sm' erfolgreich geladen.[0m
[32m[2025-10-30 23:31:29] [INFO    ] [component_16_probabilistic_engine] ProbabilisticEngine initialisiert.[0m
[32m[2025-10-30 23:31:29] [INFO    ] [component_9_logik_engine] Logik-Engine initialisiert mit probabilistischer Unterst�tzung.[0m
[32m[2025-10-30 23:31:29] [INFO    ] [component_9_logik_engine] Logik-Engine initialisiert mit SAT-Solver f�r Boolean Reasoning.[0m
[32m[2025-10-30 23:31:29] [INFO    ] [component_9_logik_engine] Lade Regeln aus dem Wissensgraphen...[0m
[32m[2025-10-30 23:31:29] [INFO    ] [component_9_logik_engine] 0 Regeln aus dem Graphen geladen und sortiert.[0m
[32m[2025-10-30 23:31:29] [INFO    ] [component_7_meaning_extractor] MeaningPointExtractor initialisiert mit zweiphasiger Erkennung[0m
[32m[2025-10-30 23:31:29] [INFO    ] [kai_response_formatter] KaiResponseFormatter initialisiert mit ConfidenceManager[0m
[32m[2025-10-30 23:31:29] [INFO    ] [kai_response_formatter] KaiResponseFormatter initialisiert mit ConfidenceManager[0m
[32m[2025-10-30 23:31:29] [INFO    ] [kai_inference_handler] InferenceHandler initialisiert mit ConfidenceManager[0m
[32m[2025-10-30 23:31:29] [INFO    ] [kai_reasoning_orchestrator] ReasoningOrchestrator initialisiert: aggregation=noisy_or, parallel=False, caching=True[0m
[32m[2025-10-30 23:31:29] [INFO    ] [kai_inference_handler] [OK] Hybrid Reasoning Orchestrator aktiviert[0m
[32m[2025-10-30 23:31:29] [INFO    ] [kai_response_formatter] KaiResponseFormatter initialisiert mit ConfidenceManager[0m
[32m[2025-10-30 23:31:29] [INFO    ] [component_24_pattern_orchestrator] PatternOrchestrator initialisiert mit adaptiven Thresholds | phase=warming | vocab_size=550 | typo_threshold=10 | seq_threshold=5 | auto_correct_gate=0.85 | ask_user_gate=0.6[0m
[32m[2025-10-30 23:31:29] [INFO    ] [kai_worker] Pattern Recognition Orchestrator aktiviert[0m
[32m[2025-10-30 23:31:29] [INFO    ] [kai_worker] Command Suggester aktiviert[0m
[32m[2025-10-30 23:31:29] [INFO    ] [kai_worker] KAI Worker & alle Subsysteme erfolgreich initialisiert.[0m
[32m[2025-10-30 23:31:29] [INFO    ] [conftest] [CLEANUP] Alle Test-Konzepte mit Praefix 'test_' geloescht.[0m
[32m[2025-10-30 23:31:29] [INFO    ] [component_1_netzwerk_core] Neue Relation erstellt | subject=test_apfel_fuzzy | relation=IS_A | object=test_frucht_fuzzy | source=test[0m
[32m[2025-10-30 23:31:29] [INFO    ] [component_26_command_suggestions] Fuzzy-Match gefunden | original=was ist ein test_apf | suggestion=was ist | similarity=1.0[0m
[32m[2025-10-30 23:31:29] [INFO    ] [test_enhanced_nlp] [SUCCESS] Fuzzy-Matching im Frage-Workflow funktioniert[0m
PASSED[32m[2025-10-30 23:31:29] [INFO    ] [conftest] [CLEANUP] Alle Test-Konzepte mit Praefix 'test_' geloescht.[0m

tests/test_enhanced_nlp.py::TestEnhancedNLP::test_show_all_knowledge_query [32m[2025-10-30 23:31:29] [INFO    ] [component_11_embedding_service] Lade Embedding-Modell | model_name=paraphrase-multilingual-MiniLM-L12-v2[0m
[32m[2025-10-30 23:31:29] [INFO    ] [sentence_transformers.SentenceTransformer] Use pytorch device_name: cpu[0m
[32m[2025-10-30 23:31:29] [INFO    ] [sentence_transformers.SentenceTransformer] Load pretrained SentenceTransformer: paraphrase-multilingual-MiniLM-L12-v2[0m
[32m[2025-10-30 23:31:32] [INFO    ] [component_11_embedding_service] Embedding-Modell geladen | model_name=paraphrase-multilingual-MiniLM-L12-v2 | vector_dimension=384[0m
[32m[2025-10-30 23:31:32] [INFO    ] [component_6_linguistik_engine] [LinguisticPreprocessor] spaCy-Modell 'de_core_news_sm' erfolgreich geladen.[0m
[32m[2025-10-30 23:31:32] [INFO    ] [component_16_probabilistic_engine] ProbabilisticEngine initialisiert.[0m
[32m[2025-10-30 23:31:32] [INFO    ] [component_9_logik_engine] Logik-Engine initialisiert mit probabilistischer Unterst�tzung.[0m
[32m[2025-10-30 23:31:32] [INFO    ] [component_9_logik_engine] Logik-Engine initialisiert mit SAT-Solver f�r Boolean Reasoning.[0m
[32m[2025-10-30 23:31:32] [INFO    ] [component_9_logik_engine] Lade Regeln aus dem Wissensgraphen...[0m
[32m[2025-10-30 23:31:32] [INFO    ] [component_9_logik_engine] 0 Regeln aus dem Graphen geladen und sortiert.[0m
[32m[2025-10-30 23:31:32] [INFO    ] [component_7_meaning_extractor] MeaningPointExtractor initialisiert mit zweiphasiger Erkennung[0m
[32m[2025-10-30 23:31:32] [INFO    ] [kai_response_formatter] KaiResponseFormatter initialisiert mit ConfidenceManager[0m
[32m[2025-10-30 23:31:32] [INFO    ] [kai_response_formatter] KaiResponseFormatter initialisiert mit ConfidenceManager[0m
[32m[2025-10-30 23:31:32] [INFO    ] [kai_inference_handler] InferenceHandler initialisiert mit ConfidenceManager[0m
[32m[2025-10-30 23:31:32] [INFO    ] [kai_reasoning_orchestrator] ReasoningOrchestrator initialisiert: aggregation=noisy_or, parallel=False, caching=True[0m
[32m[2025-10-30 23:31:32] [INFO    ] [kai_inference_handler] [OK] Hybrid Reasoning Orchestrator aktiviert[0m
[32m[2025-10-30 23:31:32] [INFO    ] [kai_response_formatter] KaiResponseFormatter initialisiert mit ConfidenceManager[0m
[32m[2025-10-30 23:31:32] [INFO    ] [component_24_pattern_orchestrator] PatternOrchestrator initialisiert mit adaptiven Thresholds | phase=warming | vocab_size=550 | typo_threshold=10 | seq_threshold=5 | auto_correct_gate=0.85 | ask_user_gate=0.6[0m
[32m[2025-10-30 23:31:32] [INFO    ] [kai_worker] Pattern Recognition Orchestrator aktiviert[0m
[32m[2025-10-30 23:31:32] [INFO    ] [kai_worker] Command Suggester aktiviert[0m
[32m[2025-10-30 23:31:32] [INFO    ] [kai_worker] KAI Worker & alle Subsysteme erfolgreich initialisiert.[0m
[32m[2025-10-30 23:31:32] [INFO    ] [conftest] [CLEANUP] Alle Test-Konzepte mit Praefix 'test_' geloescht.[0m
[32m[2025-10-30 23:31:32] [INFO    ] [component_1_netzwerk_core] Neue Relation erstellt | subject=test_comprehensive_test | relation=IS_A | object=test_tier | source=test1[0m
[32m[2025-10-30 23:31:32] [INFO    ] [component_1_netzwerk_core] Neue Relation erstellt | subject=test_comprehensive_test | relation=HAS_PROPERTY | object=test_gro� | source=test2[0m
[32m[2025-10-30 23:31:32] [INFO    ] [component_1_netzwerk_core] Neue Relation erstellt | subject=test_comprehensive_test | relation=CAPABLE_OF | object=test_laufen | source=test3[0m
[32m[2025-10-30 23:31:32] [INFO    ] [component_26_command_suggestions] Fuzzy-Match gefunden | original=was wei�t du �ber te | suggestion=was ist | similarity=1.0[0m
FAILED[32m[2025-10-30 23:31:32] [INFO    ] [conftest] [CLEANUP] Alle Test-Konzepte mit Praefix 'test_' geloescht.[0m

tests/test_enhanced_nlp.py::TestEnhancedNLP::test_alternative_show_all_query_format [32m[2025-10-30 23:31:32] [INFO    ] [component_11_embedding_service] Lade Embedding-Modell | model_name=paraphrase-multilingual-MiniLM-L12-v2[0m
[32m[2025-10-30 23:31:32] [INFO    ] [sentence_transformers.SentenceTransformer] Use pytorch device_name: cpu[0m
[32m[2025-10-30 23:31:32] [INFO    ] [sentence_transformers.SentenceTransformer] Load pretrained SentenceTransformer: paraphrase-multilingual-MiniLM-L12-v2[0m
[32m[2025-10-30 23:31:35] [INFO    ] [component_11_embedding_service] Embedding-Modell geladen | model_name=paraphrase-multilingual-MiniLM-L12-v2 | vector_dimension=384[0m
[32m[2025-10-30 23:31:35] [INFO    ] [component_6_linguistik_engine] [LinguisticPreprocessor] spaCy-Modell 'de_core_news_sm' erfolgreich geladen.[0m
[32m[2025-10-30 23:31:35] [INFO    ] [component_16_probabilistic_engine] ProbabilisticEngine initialisiert.[0m
[32m[2025-10-30 23:31:35] [INFO    ] [component_9_logik_engine] Logik-Engine initialisiert mit probabilistischer Unterst�tzung.[0m
[32m[2025-10-30 23:31:35] [INFO    ] [component_9_logik_engine] Logik-Engine initialisiert mit SAT-Solver f�r Boolean Reasoning.[0m
[32m[2025-10-30 23:31:35] [INFO    ] [component_9_logik_engine] Lade Regeln aus dem Wissensgraphen...[0m
[32m[2025-10-30 23:31:35] [INFO    ] [component_9_logik_engine] 0 Regeln aus dem Graphen geladen und sortiert.[0m
[32m[2025-10-30 23:31:35] [INFO    ] [component_7_meaning_extractor] MeaningPointExtractor initialisiert mit zweiphasiger Erkennung[0m
[32m[2025-10-30 23:31:35] [INFO    ] [kai_response_formatter] KaiResponseFormatter initialisiert mit ConfidenceManager[0m
[32m[2025-10-30 23:31:35] [INFO    ] [kai_response_formatter] KaiResponseFormatter initialisiert mit ConfidenceManager[0m
[32m[2025-10-30 23:31:35] [INFO    ] [kai_inference_handler] InferenceHandler initialisiert mit ConfidenceManager[0m
[32m[2025-10-30 23:31:35] [INFO    ] [kai_reasoning_orchestrator] ReasoningOrchestrator initialisiert: aggregation=noisy_or, parallel=False, caching=True[0m
[32m[2025-10-30 23:31:35] [INFO    ] [kai_inference_handler] [OK] Hybrid Reasoning Orchestrator aktiviert[0m
[32m[2025-10-30 23:31:35] [INFO    ] [kai_response_formatter] KaiResponseFormatter initialisiert mit ConfidenceManager[0m
[32m[2025-10-30 23:31:35] [INFO    ] [component_24_pattern_orchestrator] PatternOrchestrator initialisiert mit adaptiven Thresholds | phase=warming | vocab_size=550 | typo_threshold=10 | seq_threshold=5 | auto_correct_gate=0.85 | ask_user_gate=0.6[0m
[32m[2025-10-30 23:31:35] [INFO    ] [kai_worker] Pattern Recognition Orchestrator aktiviert[0m
[32m[2025-10-30 23:31:35] [INFO    ] [kai_worker] Command Suggester aktiviert[0m
[32m[2025-10-30 23:31:35] [INFO    ] [kai_worker] KAI Worker & alle Subsysteme erfolgreich initialisiert.[0m
[32m[2025-10-30 23:31:35] [INFO    ] [conftest] [CLEANUP] Alle Test-Konzepte mit Praefix 'test_' geloescht.[0m
[32m[2025-10-30 23:31:35] [INFO    ] [component_1_netzwerk_core] Neue Relation erstellt | subject=test_show_test | relation=IS_A | object=test_objekt | source=test[0m
FAILED[32m[2025-10-30 23:31:37] [INFO    ] [conftest] [CLEANUP] Alle Test-Konzepte mit Praefix 'test_' geloescht.[0m

tests/test_enhanced_nlp.py::TestEnhancedNLP::test_flexible_question_word_recognition [32m[2025-10-30 23:31:37] [INFO    ] [component_11_embedding_service] Lade Embedding-Modell | model_name=paraphrase-multilingual-MiniLM-L12-v2[0m
[32m[2025-10-30 23:31:37] [INFO    ] [sentence_transformers.SentenceTransformer] Use pytorch device_name: cpu[0m
[32m[2025-10-30 23:31:37] [INFO    ] [sentence_transformers.SentenceTransformer] Load pretrained SentenceTransformer: paraphrase-multilingual-MiniLM-L12-v2[0m
[32m[2025-10-30 23:31:39] [INFO    ] [component_11_embedding_service] Embedding-Modell geladen | model_name=paraphrase-multilingual-MiniLM-L12-v2 | vector_dimension=384[0m
[32m[2025-10-30 23:31:40] [INFO    ] [component_6_linguistik_engine] [LinguisticPreprocessor] spaCy-Modell 'de_core_news_sm' erfolgreich geladen.[0m
[32m[2025-10-30 23:31:40] [INFO    ] [component_16_probabilistic_engine] ProbabilisticEngine initialisiert.[0m
[32m[2025-10-30 23:31:40] [INFO    ] [component_9_logik_engine] Logik-Engine initialisiert mit probabilistischer Unterst�tzung.[0m
[32m[2025-10-30 23:31:40] [INFO    ] [component_9_logik_engine] Logik-Engine initialisiert mit SAT-Solver f�r Boolean Reasoning.[0m
[32m[2025-10-30 23:31:40] [INFO    ] [component_9_logik_engine] Lade Regeln aus dem Wissensgraphen...[0m
[32m[2025-10-30 23:31:40] [INFO    ] [component_9_logik_engine] 0 Regeln aus dem Graphen geladen und sortiert.[0m
[32m[2025-10-30 23:31:40] [INFO    ] [component_7_meaning_extractor] MeaningPointExtractor initialisiert mit zweiphasiger Erkennung[0m
[32m[2025-10-30 23:31:40] [INFO    ] [kai_response_formatter] KaiResponseFormatter initialisiert mit ConfidenceManager[0m
[32m[2025-10-30 23:31:40] [INFO    ] [kai_response_formatter] KaiResponseFormatter initialisiert mit ConfidenceManager[0m
[32m[2025-10-30 23:31:40] [INFO    ] [kai_inference_handler] InferenceHandler initialisiert mit ConfidenceManager[0m
[32m[2025-10-30 23:31:40] [INFO    ] [kai_reasoning_orchestrator] ReasoningOrchestrator initialisiert: aggregation=noisy_or, parallel=False, caching=True[0m
[32m[2025-10-30 23:31:40] [INFO    ] [kai_inference_handler] [OK] Hybrid Reasoning Orchestrator aktiviert[0m
[32m[2025-10-30 23:31:40] [INFO    ] [kai_response_formatter] KaiResponseFormatter initialisiert mit ConfidenceManager[0m
[32m[2025-10-30 23:31:40] [INFO    ] [component_24_pattern_orchestrator] PatternOrchestrator initialisiert mit adaptiven Thresholds | phase=warming | vocab_size=550 | typo_threshold=10 | seq_threshold=5 | auto_correct_gate=0.85 | ask_user_gate=0.6[0m
[32m[2025-10-30 23:31:40] [INFO    ] [kai_worker] Pattern Recognition Orchestrator aktiviert[0m
[32m[2025-10-30 23:31:40] [INFO    ] [kai_worker] Command Suggester aktiviert[0m
[32m[2025-10-30 23:31:40] [INFO    ] [kai_worker] KAI Worker & alle Subsysteme erfolgreich initialisiert.[0m
[32m[2025-10-30 23:31:40] [INFO    ] [conftest] [CLEANUP] Alle Test-Konzepte mit Praefix 'test_' geloescht.[0m
[32m[2025-10-30 23:31:40] [INFO    ] [component_1_netzwerk_core] Neue Relation erstellt | subject=test_flexible_q | relation=IS_A | object=test_konzept | source=test[0m
[32m[2025-10-30 23:31:40] [INFO    ] [component_26_command_suggestions] Fuzzy-Match gefunden | original=wie funktioniert tes | suggestion=wie | similarity=1.0[0m
[32m[2025-10-30 23:31:40] [INFO    ] [component_26_command_suggestions] Fuzzy-Match gefunden | original=warum ist test_flexi | suggestion=warum | similarity=1.0[0m
[32m[2025-10-30 23:31:40] [INFO    ] [component_26_command_suggestions] Fuzzy-Match gefunden | original=wer kennt test_flexi | suggestion=wer ist | similarity=1.0[0m
[32m[2025-10-30 23:31:40] [INFO    ] [test_enhanced_nlp] [SUCCESS] Flexible Fragewort-Erkennung funktioniert[0m
PASSED[32m[2025-10-30 23:31:40] [INFO    ] [conftest] [CLEANUP] Alle Test-Konzepte mit Praefix 'test_' geloescht.[0m

tests/test_enhanced_nlp.py::TestEnhancedNLP::test_fuzzy_matching_no_suggestions_when_exact_match [32m[2025-10-30 23:31:40] [INFO    ] [conftest] [CLEANUP] Alle Test-Konzepte mit Praefix 'test_' geloescht.[0m

Batches:   0%|          | 0/1 [00:00<?, ?it/s]Batches: 100%|██████████| 1/1 [00:00<00:00, 107.24it/s][32m[2025-10-30 23:31:40] [INFO    ] [test_enhanced_nlp] [SUCCESS] Fuzzy-Matching filtert exakte �bereinstimmungen korrekt aus (2 andere �hnliche W�rter gefunden)[0m
PASSED[32m[2025-10-30 23:31:40] [INFO    ] [conftest] [CLEANUP] Alle Test-Konzepte mit Praefix 'test_' geloescht.[0m

tests/test_enhanced_nlp.py::TestEnhancedNLP::test_fuzzy_matching_threshold_behavior [32m[2025-10-30 23:31:40] [INFO    ] [conftest] [CLEANUP] Alle Test-Konzepte mit Praefix 'test_' geloescht.[0m

Batches:   0%|          | 0/1 [00:00<?, ?it/s]Batches: 100%|██████████| 1/1 [00:00<00:00, 153.43it/s][32m[2025-10-30 23:31:40] [INFO    ] [test_enhanced_nlp] [SUCCESS] Threshold-Verhalten korrekt: High=0, Low=3[0m
PASSED[32m[2025-10-30 23:31:40] [INFO    ] [conftest] [CLEANUP] Alle Test-Konzepte mit Praefix 'test_' geloescht.[0m

tests/test_enhanced_nlp.py::TestEnhancedNLP::test_get_all_known_words [32m[2025-10-30 23:31:40] [INFO    ] [conftest] [CLEANUP] Alle Test-Konzepte mit Praefix 'test_' geloescht.[0m
FAILED[32m[2025-10-30 23:31:40] [INFO    ] [conftest] [CLEANUP] Alle Test-Konzepte mit Praefix 'test_' geloescht.[0m

tests/test_episodic_memory_basic.py::TestEpisodicMemory::test_episode_creation_during_ingestion [32m[2025-10-30 23:31:40] [INFO    ] [component_6_linguistik_engine] [LinguisticPreprocessor] spaCy-Modell 'de_core_news_sm' erfolgreich geladen.[0m
[32m[2025-10-30 23:31:40] [INFO    ] [component_16_probabilistic_engine] ProbabilisticEngine initialisiert.[0m
[32m[2025-10-30 23:31:40] [INFO    ] [component_9_logik_engine] Logik-Engine initialisiert mit probabilistischer Unterst�tzung.[0m
[32m[2025-10-30 23:31:40] [INFO    ] [component_9_logik_engine] Logik-Engine initialisiert mit SAT-Solver f�r Boolean Reasoning.[0m
[32m[2025-10-30 23:31:40] [INFO    ] [component_9_logik_engine] Lade Regeln aus dem Wissensgraphen...[0m
[32m[2025-10-30 23:31:40] [INFO    ] [component_9_logik_engine] 0 Regeln aus dem Graphen geladen und sortiert.[0m
[32m[2025-10-30 23:31:40] [INFO    ] [component_7_meaning_extractor] MeaningPointExtractor initialisiert mit zweiphasiger Erkennung[0m
[32m[2025-10-30 23:31:40] [INFO    ] [kai_response_formatter] KaiResponseFormatter initialisiert mit ConfidenceManager[0m
[32m[2025-10-30 23:31:40] [INFO    ] [kai_response_formatter] KaiResponseFormatter initialisiert mit ConfidenceManager[0m
[32m[2025-10-30 23:31:40] [INFO    ] [kai_inference_handler] InferenceHandler initialisiert mit ConfidenceManager[0m
[32m[2025-10-30 23:31:40] [INFO    ] [kai_reasoning_orchestrator] ReasoningOrchestrator initialisiert: aggregation=noisy_or, parallel=False, caching=True[0m
[32m[2025-10-30 23:31:40] [INFO    ] [kai_inference_handler] [OK] Hybrid Reasoning Orchestrator aktiviert[0m
[32m[2025-10-30 23:31:40] [INFO    ] [kai_response_formatter] KaiResponseFormatter initialisiert mit ConfidenceManager[0m
[32m[2025-10-30 23:31:40] [INFO    ] [component_24_pattern_orchestrator] PatternOrchestrator initialisiert mit adaptiven Thresholds | phase=warming | vocab_size=550 | typo_threshold=10 | seq_threshold=5 | auto_correct_gate=0.85 | ask_user_gate=0.6[0m
[32m[2025-10-30 23:31:40] [INFO    ] [kai_worker] Pattern Recognition Orchestrator aktiviert[0m
[32m[2025-10-30 23:31:40] [INFO    ] [kai_worker] Command Suggester aktiviert[0m
[32m[2025-10-30 23:31:40] [INFO    ] [kai_worker] KAI Worker & alle Subsysteme erfolgreich initialisiert.[0m
[32m[2025-10-30 23:31:40] [INFO    ] [component_1_netzwerk_memory] Episode erstellt: ingestion | episode_id=e2a92368-9abc-4fb2-acaa-fa2c6da09406 | content_preview=Ein test_katze_episodic ist ein test_tier_episodic[0m

Batches:   0%|          | 0/1 [00:00<?, ?it/s]Batches: 100%|██████████| 1/1 [00:00<00:00, 136.82it/s][32m[2025-10-30 23:31:40] [INFO    ] [component_1_netzwerk_word_usage] Neuer UsageContext erstellt | word=test_katze_episodic | fragment=Ein test_katze_episodic ist ein test_tier_episodic | context_id=65ad2df0-583c-4b24-8298-d7fe3b0e5e29[0m
[32m[2025-10-30 23:31:40] [INFO    ] [component_1_netzwerk_word_usage] Neuer UsageContext erstellt | word=test_tier_episodic | fragment=test_katze_episodic ist ein test_tier_episodic . | context_id=08523dac-77cf-47df-ae5f-0b6b6a5314be[0m
[33m[2025-10-30 23:31:40] [WARNING ] [component_8_prototype_matcher] Fehler beim Verarbeiten von Prototyp 035eb473-17a0-40b9-8c12-0d1f7f6d6e98: operands could not be broadcast together with shapes (384,) (2,) [0m
[32m[2025-10-30 23:31:40] [INFO    ] [component_1_netzwerk_core] Neue Relation erstellt | subject=test_katze_episodic | relation=IS_A | object=test_tier_episodic | source=Ein test_katze_episodic ist ein test_tier_episodic.[0m
[32m[2025-10-30 23:31:40] [INFO    ] [kai_ingestion_handler]   -> GESPEICHERT: (test_katze_episodic)-[IS_A]->(test_tier_episodic)[0m
[32m[2025-10-30 23:31:40] [INFO    ] [kai_ingestion_handler] Ingestion abgeschlossen: 1 Fakten (0 via Prototypen, 1 via Brute-Force)[0m
[32m[2025-10-30 23:31:40] [INFO    ] [test_episodic_memory_basic] [SUCCESS] Episode bei Ingestion erstellt: e2a92368[0m
[32m[2025-10-30 23:31:40] [INFO    ] [test_episodic_memory_basic] [SUCCESS] 1 Fakten mit Episode verkn�pft[0m
[33m[2025-10-30 23:31:40] [WARNING ] [neo4j.notifications] Received notification from DBMS server: {severity: WARNING} {code: Neo.ClientNotification.Statement.FeatureDeprecationWarning} {category: DEPRECATION} {title: This feature is deprecated and will be removed in future versions.} {description: CALL subquery without a variable scope clause is now deprecated. Use CALL (fact) { ... }} {position: line: 6, column: 25, offset: 291} for query: '\n                        MATCH (e:Episode {id: $episode_id})-[:LEARNED_FACT]->(f:Fact)\n                        WITH e, collect(f) AS facts\n                        UNWIND facts AS fact\n                        // L�sche die tats�chliche Relation zwischen den Konzepten\n                        CALL {\n                            WITH fact\n                            MATCH (s:Konzept {name: fact.subject})-[r]->(o:Konzept {name: fact.object})\n                            WHERE type(r) = fact.relation\n                            DELETE r\n                        }\n                        // L�sche den Fact-Node\n                        DETACH DELETE fact\n                        // L�sche die Episode\n                        WITH e\n                        DETACH DELETE e\n                        RETURN count(e) AS deleted_count\n                        '[0m
[32m[2025-10-30 23:31:40] [INFO    ] [component_1_netzwerk_memory] Episode gel�scht: e2a92368-9abc-4fb2-acaa-fa2c6da09406 | cascade=True[0m
PASSED
tests/test_episodic_memory_basic.py::TestEpisodicMemory::test_query_episodes_about_topic [32m[2025-10-30 23:31:40] [INFO    ] [component_1_netzwerk_memory] Episode erstellt: ingestion | episode_id=73faad72-20a2-416a-8e44-c8b42a2caa90 | content_preview=Ein test_hund_ep ist ein test_tier_ep.[0m
[32m[2025-10-30 23:31:40] [INFO    ] [component_1_netzwerk_core] Neue Relation erstellt | subject=test_hund_ep | relation=IS_A | object=test_tier_ep | source=Ein test_hund_ep ist ein test_tier_ep.[0m
[32m[2025-10-30 23:31:40] [INFO    ] [test_episodic_memory_basic] [SUCCESS] Query nach Episoden �ber 'test_hund_ep' erfolgreich[0m
[32m[2025-10-30 23:31:40] [INFO    ] [test_episodic_memory_basic] [SUCCESS] Episode 73faad72 gefunden mit 1 Fakten[0m
[33m[2025-10-30 23:31:40] [WARNING ] [neo4j.notifications] Received notification from DBMS server: {severity: WARNING} {code: Neo.ClientNotification.Statement.FeatureDeprecationWarning} {category: DEPRECATION} {title: This feature is deprecated and will be removed in future versions.} {description: CALL subquery without a variable scope clause is now deprecated. Use CALL (fact) { ... }} {position: line: 6, column: 25, offset: 291} for query: '\n                        MATCH (e:Episode {id: $episode_id})-[:LEARNED_FACT]->(f:Fact)\n                        WITH e, collect(f) AS facts\n                        UNWIND facts AS fact\n                        // L�sche die tats�chliche Relation zwischen den Konzepten\n                        CALL {\n                            WITH fact\n                            MATCH (s:Konzept {name: fact.subject})-[r]->(o:Konzept {name: fact.object})\n                            WHERE type(r) = fact.relation\n                            DELETE r\n                        }\n                        // L�sche den Fact-Node\n                        DETACH DELETE fact\n                        // L�sche die Episode\n                        WITH e\n                        DETACH DELETE e\n                        RETURN count(e) AS deleted_count\n                        '[0m
[32m[2025-10-30 23:31:40] [INFO    ] [component_1_netzwerk_memory] Episode gel�scht: 73faad72-20a2-416a-8e44-c8b42a2caa90 | cascade=True[0m
PASSED
tests/test_episodic_memory_basic.py::TestEpisodicMemory::test_episode_deletion_with_cascade [32m[2025-10-30 23:31:40] [INFO    ] [component_1_netzwerk_memory] Episode erstellt: test | episode_id=9e61e94b-354b-4044-8773-d42891a712ab | content_preview=Ein test_delete_ep ist ein test_delete_ep_tier.[0m
[32m[2025-10-30 23:31:40] [INFO    ] [component_1_netzwerk_core] Neue Relation erstellt | subject=test_delete_ep | relation=IS_A | object=test_delete_ep_tier | source=Ein test_delete_ep ist ein test_delete_ep_tier.[0m
[33m[2025-10-30 23:31:40] [WARNING ] [neo4j.notifications] Received notification from DBMS server: {severity: WARNING} {code: Neo.ClientNotification.Statement.FeatureDeprecationWarning} {category: DEPRECATION} {title: This feature is deprecated and will be removed in future versions.} {description: CALL subquery without a variable scope clause is now deprecated. Use CALL (fact) { ... }} {position: line: 6, column: 25, offset: 291} for query: '\n                        MATCH (e:Episode {id: $episode_id})-[:LEARNED_FACT]->(f:Fact)\n                        WITH e, collect(f) AS facts\n                        UNWIND facts AS fact\n                        // L�sche die tats�chliche Relation zwischen den Konzepten\n                        CALL {\n                            WITH fact\n                            MATCH (s:Konzept {name: fact.subject})-[r]->(o:Konzept {name: fact.object})\n                            WHERE type(r) = fact.relation\n                            DELETE r\n                        }\n                        // L�sche den Fact-Node\n                        DETACH DELETE fact\n                        // L�sche die Episode\n                        WITH e\n                        DETACH DELETE e\n                        RETURN count(e) AS deleted_count\n                        '[0m
[32m[2025-10-30 23:31:40] [INFO    ] [component_1_netzwerk_memory] Episode gel�scht: 9e61e94b-354b-4044-8773-d42891a712ab | cascade=True[0m
FAILED
tests/test_episodic_memory_basic.py::TestEpisodicMemory::test_episode_deletion_without_cascade [32m[2025-10-30 23:31:40] [INFO    ] [component_1_netzwerk_memory] Episode erstellt: test | episode_id=9c7597de-1407-4074-99f3-867362e52897 | content_preview=Ein test_keep_ep ist ein test_keep_ep_tier.[0m
[32m[2025-10-30 23:31:40] [INFO    ] [component_1_netzwerk_core] Neue Relation erstellt | subject=test_keep_ep | relation=IS_A | object=test_keep_ep_tier | source=Ein test_keep_ep ist ein test_keep_ep_tier.[0m
[32m[2025-10-30 23:31:40] [INFO    ] [component_1_netzwerk_memory] Episode gel�scht: 9c7597de-1407-4074-99f3-867362e52897 | cascade=False[0m
[32m[2025-10-30 23:31:40] [INFO    ] [test_episodic_memory_basic] [SUCCESS] Episode gel�scht ohne cascade[0m
[32m[2025-10-30 23:31:40] [INFO    ] [test_episodic_memory_basic] [SUCCESS] Fakten wurden beibehalten[0m
PASSED
tests/test_episodic_query_ui.py::TestEpisodicQueryRecognition::test_recognize_when_learned_query [32m[2025-10-30 23:31:40] [INFO    ] [component_7_meaning_extractor] MeaningPointExtractor initialisiert mit zweiphasiger Erkennung[0m
FAILED
tests/test_episodic_query_ui.py::TestEpisodicQueryRecognition::test_recognize_show_episodes_query [32m[2025-10-30 23:31:40] [INFO    ] [component_7_meaning_extractor] MeaningPointExtractor initialisiert mit zweiphasiger Erkennung[0m
FAILED
tests/test_episodic_query_ui.py::TestEpisodicQueryRecognition::test_recognize_learning_history_query [32m[2025-10-30 23:31:40] [INFO    ] [component_7_meaning_extractor] MeaningPointExtractor initialisiert mit zweiphasiger Erkennung[0m
FAILED
tests/test_episodic_query_ui.py::TestEpisodicQueryRecognition::test_recognize_what_learned_query [32m[2025-10-30 23:31:40] [INFO    ] [component_7_meaning_extractor] MeaningPointExtractor initialisiert mit zweiphasiger Erkennung[0m
FAILED
tests/test_episodic_query_ui.py::TestEpisodicQueryRecognition::test_episodic_query_without_topic [32m[2025-10-30 23:31:40] [INFO    ] [component_7_meaning_extractor] MeaningPointExtractor initialisiert mit zweiphasiger Erkennung[0m
FAILED
tests/test_episodic_query_ui.py::TestEpisodicQueryPlanning::test_plan_for_episodic_query [32m[2025-10-30 23:31:40] [INFO    ] [component_4_goal_planner] High confidence (0.92, threshold=0.8) -> Direct Execution[0m
FAILED
tests/test_episodic_query_ui.py::TestEpisodicQueryPlanning::test_plan_confidence_gate [32m[2025-10-30 23:31:40] [INFO    ] [component_4_goal_planner] High confidence (0.93, threshold=0.8) -> Direct Execution[0m
PASSED
tests/test_episodic_query_ui.py::TestEpisodicResponseFormatting::test_format_episodic_answer_with_episodes ERROR
tests/test_episodic_query_ui.py::TestEpisodicResponseFormatting::test_format_episodic_answer_empty ERROR
tests/test_episodic_query_ui.py::TestEpisodicResponseFormatting::test_format_episodic_answer_no_topic ERROR
tests/test_episodic_query_ui.py::TestEpisodicResponseFormatting::test_format_many_episodes_truncation ERROR
tests/test_episodic_query_ui.py::TestEpisodicMemoryStrategy::test_strategy_can_handle PASSED
tests/test_episodic_reasoning.py::TestInferenceEpisodeCreation::test_create_inference_episode [32m[2025-10-30 23:31:40] [INFO    ] [component_1_netzwerk_core] Initialisiere Neo4j-Verbindung | uri=bolt://127.0.0.1:7687 | user=neo4j[0m
[32m[2025-10-30 23:31:40] [INFO    ] [component_1_netzwerk_core] Neo4j-Verbindung erfolgreich hergestellt | uri=bolt://127.0.0.1:7687[0m
[32m[2025-10-30 23:31:40] [INFO    ] [neo4j.notifications] Received notification from DBMS server: {severity: INFORMATION} {code: Neo.ClientNotification.Schema.IndexOrConstraintAlreadyExists} {category: SCHEMA} {title: `CREATE CONSTRAINT WortLemma IF NOT EXISTS FOR (e:Wort) REQUIRE (e.lemma) IS UNIQUE` has no effect.} {description: `CONSTRAINT WortLemma FOR (e:Wort) REQUIRE (e.lemma) IS UNIQUE` already exists.} {position: None} for query: 'CREATE CONSTRAINT WortLemma IF NOT EXISTS FOR (w:Wort) REQUIRE w.lemma IS UNIQUE'[0m
[32m[2025-10-30 23:31:40] [INFO    ] [neo4j.notifications] Received notification from DBMS server: {severity: INFORMATION} {code: Neo.ClientNotification.Schema.IndexOrConstraintAlreadyExists} {category: SCHEMA} {title: `CREATE CONSTRAINT KonzeptName IF NOT EXISTS FOR (e:Konzept) REQUIRE (e.name) IS UNIQUE` has no effect.} {description: `CONSTRAINT KonzeptName FOR (e:Konzept) REQUIRE (e.name) IS UNIQUE` already exists.} {position: None} for query: 'CREATE CONSTRAINT KonzeptName IF NOT EXISTS FOR (k:Konzept) REQUIRE k.name IS UNIQUE'[0m
[32m[2025-10-30 23:31:40] [INFO    ] [neo4j.notifications] Received notification from DBMS server: {severity: INFORMATION} {code: Neo.ClientNotification.Schema.IndexOrConstraintAlreadyExists} {category: SCHEMA} {title: `CREATE CONSTRAINT ExtractionRuleType IF NOT EXISTS FOR (e:ExtractionRule) REQUIRE (e.relation_type) IS UNIQUE` has no effect.} {description: `CONSTRAINT ExtractionRuleType FOR (e:ExtractionRule) REQUIRE (e.relation_type) IS UNIQUE` already exists.} {position: None} for query: 'CREATE CONSTRAINT ExtractionRuleType IF NOT EXISTS FOR (r:ExtractionRule) REQUIRE r.relation_type IS UNIQUE'[0m
[32m[2025-10-30 23:31:40] [INFO    ] [neo4j.notifications] Received notification from DBMS server: {severity: INFORMATION} {code: Neo.ClientNotification.Schema.IndexOrConstraintAlreadyExists} {category: SCHEMA} {title: `CREATE CONSTRAINT PatternPrototypeId IF NOT EXISTS FOR (e:PatternPrototype) REQUIRE (e.id) IS UNIQUE` has no effect.} {description: `CONSTRAINT PatternPrototypeId FOR (e:PatternPrototype) REQUIRE (e.id) IS UNIQUE` already exists.} {position: None} for query: 'CREATE CONSTRAINT PatternPrototypeId IF NOT EXISTS FOR (p:PatternPrototype) REQUIRE p.id IS UNIQUE'[0m
[32m[2025-10-30 23:31:40] [INFO    ] [neo4j.notifications] Received notification from DBMS server: {severity: INFORMATION} {code: Neo.ClientNotification.Schema.IndexOrConstraintAlreadyExists} {category: SCHEMA} {title: `CREATE CONSTRAINT LexiconName IF NOT EXISTS FOR (e:Lexicon) REQUIRE (e.name) IS UNIQUE` has no effect.} {description: `CONSTRAINT LexiconName FOR (e:Lexicon) REQUIRE (e.name) IS UNIQUE` already exists.} {position: None} for query: 'CREATE CONSTRAINT LexiconName IF NOT EXISTS FOR (l:Lexicon) REQUIRE l.name IS UNIQUE'[0m
[32m[2025-10-30 23:31:40] [INFO    ] [neo4j.notifications] Received notification from DBMS server: {severity: INFORMATION} {code: Neo.ClientNotification.Schema.IndexOrConstraintAlreadyExists} {category: SCHEMA} {title: `CREATE CONSTRAINT EpisodeId IF NOT EXISTS FOR (e:Episode) REQUIRE (e.id) IS UNIQUE` has no effect.} {description: `CONSTRAINT EpisodeId FOR (e:Episode) REQUIRE (e.id) IS UNIQUE` already exists.} {position: None} for query: 'CREATE CONSTRAINT EpisodeId IF NOT EXISTS FOR (e:Episode) REQUIRE e.id IS UNIQUE'[0m
[32m[2025-10-30 23:31:40] [INFO    ] [neo4j.notifications] Received notification from DBMS server: {severity: INFORMATION} {code: Neo.ClientNotification.Schema.IndexOrConstraintAlreadyExists} {category: SCHEMA} {title: `CREATE CONSTRAINT InferenceEpisodeId IF NOT EXISTS FOR (e:InferenceEpisode) REQUIRE (e.id) IS UNIQUE` has no effect.} {description: `CONSTRAINT InferenceEpisodeId FOR (e:InferenceEpisode) REQUIRE (e.id) IS UNIQUE` already exists.} {position: None} for query: 'CREATE CONSTRAINT InferenceEpisodeId IF NOT EXISTS FOR (ie:InferenceEpisode) REQUIRE ie.id IS UNIQUE'[0m
[32m[2025-10-30 23:31:40] [INFO    ] [neo4j.notifications] Received notification from DBMS server: {severity: INFORMATION} {code: Neo.ClientNotification.Schema.IndexOrConstraintAlreadyExists} {category: SCHEMA} {title: `CREATE CONSTRAINT ProofStepId IF NOT EXISTS FOR (e:ProofStep) REQUIRE (e.id) IS UNIQUE` has no effect.} {description: `CONSTRAINT ProofStepId FOR (e:ProofStep) REQUIRE (e.id) IS UNIQUE` already exists.} {position: None} for query: 'CREATE CONSTRAINT ProofStepId IF NOT EXISTS FOR (ps:ProofStep) REQUIRE ps.id IS UNIQUE'[0m
[32m[2025-10-30 23:31:40] [INFO    ] [neo4j.notifications] Received notification from DBMS server: {severity: INFORMATION} {code: Neo.ClientNotification.Schema.IndexOrConstraintAlreadyExists} {category: SCHEMA} {title: `CREATE CONSTRAINT HypothesisId IF NOT EXISTS FOR (e:Hypothesis) REQUIRE (e.id) IS UNIQUE` has no effect.} {description: `CONSTRAINT HypothesisId FOR (e:Hypothesis) REQUIRE (e.id) IS UNIQUE` already exists.} {position: None} for query: 'CREATE CONSTRAINT HypothesisId IF NOT EXISTS FOR (h:Hypothesis) REQUIRE h.id IS UNIQUE'[0m
[32m[2025-10-30 23:31:40] [INFO    ] [component_1_netzwerk_core] Neo4j Constraints erfolgreich konfiguriert[0m
[32m[2025-10-30 23:31:40] [INFO    ] [neo4j.notifications] Received notification from DBMS server: {severity: INFORMATION} {code: Neo.ClientNotification.Schema.IndexOrConstraintAlreadyExists} {category: SCHEMA} {title: `CREATE CONSTRAINT UsageContextId IF NOT EXISTS FOR (e:UsageContext) REQUIRE (e.id) IS UNIQUE` has no effect.} {description: `CONSTRAINT UsageContextId FOR (e:UsageContext) REQUIRE (e.id) IS UNIQUE` already exists.} {position: None} for query: '\n                CREATE CONSTRAINT UsageContextId IF NOT EXISTS\n                FOR (uc:UsageContext) REQUIRE uc.id IS UNIQUE\n                '[0m
[32m[2025-10-30 23:31:40] [INFO    ] [neo4j.notifications] Received notification from DBMS server: {severity: INFORMATION} {code: Neo.ClientNotification.Schema.IndexOrConstraintAlreadyExists} {category: SCHEMA} {title: `CREATE CONSTRAINT TypoFeedbackId IF NOT EXISTS FOR (e:TypoFeedback) REQUIRE (e.id) IS UNIQUE` has no effect.} {description: `CONSTRAINT TypoFeedbackId FOR (e:TypoFeedback) REQUIRE (e.id) IS UNIQUE` already exists.} {position: None} for query: '\n                CREATE CONSTRAINT TypoFeedbackId IF NOT EXISTS\n                FOR (tf:TypoFeedback) REQUIRE tf.id IS UNIQUE\n                '[0m
[32m[2025-10-30 23:31:40] [INFO    ] [component_1_netzwerk_memory] InferenceEpisode erstellt: test_backward_chaining | episode_id=722459bc-12e5-4d73-b057-01ceee28a0ea | query=test_query: Was ist ein Hund?[0m
PASSED
tests/test_episodic_reasoning.py::TestInferenceEpisodeCreation::test_create_proof_step [32m[2025-10-30 23:31:40] [INFO    ] [component_1_netzwerk_core] Initialisiere Neo4j-Verbindung | uri=bolt://127.0.0.1:7687 | user=neo4j[0m
[32m[2025-10-30 23:31:41] [INFO    ] [component_1_netzwerk_core] Neo4j-Verbindung erfolgreich hergestellt | uri=bolt://127.0.0.1:7687[0m
[32m[2025-10-30 23:31:41] [INFO    ] [neo4j.notifications] Received notification from DBMS server: {severity: INFORMATION} {code: Neo.ClientNotification.Schema.IndexOrConstraintAlreadyExists} {category: SCHEMA} {title: `CREATE CONSTRAINT WortLemma IF NOT EXISTS FOR (e:Wort) REQUIRE (e.lemma) IS UNIQUE` has no effect.} {description: `CONSTRAINT WortLemma FOR (e:Wort) REQUIRE (e.lemma) IS UNIQUE` already exists.} {position: None} for query: 'CREATE CONSTRAINT WortLemma IF NOT EXISTS FOR (w:Wort) REQUIRE w.lemma IS UNIQUE'[0m
[32m[2025-10-30 23:31:41] [INFO    ] [neo4j.notifications] Received notification from DBMS server: {severity: INFORMATION} {code: Neo.ClientNotification.Schema.IndexOrConstraintAlreadyExists} {category: SCHEMA} {title: `CREATE CONSTRAINT KonzeptName IF NOT EXISTS FOR (e:Konzept) REQUIRE (e.name) IS UNIQUE` has no effect.} {description: `CONSTRAINT KonzeptName FOR (e:Konzept) REQUIRE (e.name) IS UNIQUE` already exists.} {position: None} for query: 'CREATE CONSTRAINT KonzeptName IF NOT EXISTS FOR (k:Konzept) REQUIRE k.name IS UNIQUE'[0m
[32m[2025-10-30 23:31:41] [INFO    ] [neo4j.notifications] Received notification from DBMS server: {severity: INFORMATION} {code: Neo.ClientNotification.Schema.IndexOrConstraintAlreadyExists} {category: SCHEMA} {title: `CREATE CONSTRAINT ExtractionRuleType IF NOT EXISTS FOR (e:ExtractionRule) REQUIRE (e.relation_type) IS UNIQUE` has no effect.} {description: `CONSTRAINT ExtractionRuleType FOR (e:ExtractionRule) REQUIRE (e.relation_type) IS UNIQUE` already exists.} {position: None} for query: 'CREATE CONSTRAINT ExtractionRuleType IF NOT EXISTS FOR (r:ExtractionRule) REQUIRE r.relation_type IS UNIQUE'[0m
[32m[2025-10-30 23:31:41] [INFO    ] [neo4j.notifications] Received notification from DBMS server: {severity: INFORMATION} {code: Neo.ClientNotification.Schema.IndexOrConstraintAlreadyExists} {category: SCHEMA} {title: `CREATE CONSTRAINT PatternPrototypeId IF NOT EXISTS FOR (e:PatternPrototype) REQUIRE (e.id) IS UNIQUE` has no effect.} {description: `CONSTRAINT PatternPrototypeId FOR (e:PatternPrototype) REQUIRE (e.id) IS UNIQUE` already exists.} {position: None} for query: 'CREATE CONSTRAINT PatternPrototypeId IF NOT EXISTS FOR (p:PatternPrototype) REQUIRE p.id IS UNIQUE'[0m
[32m[2025-10-30 23:31:41] [INFO    ] [neo4j.notifications] Received notification from DBMS server: {severity: INFORMATION} {code: Neo.ClientNotification.Schema.IndexOrConstraintAlreadyExists} {category: SCHEMA} {title: `CREATE CONSTRAINT LexiconName IF NOT EXISTS FOR (e:Lexicon) REQUIRE (e.name) IS UNIQUE` has no effect.} {description: `CONSTRAINT LexiconName FOR (e:Lexicon) REQUIRE (e.name) IS UNIQUE` already exists.} {position: None} for query: 'CREATE CONSTRAINT LexiconName IF NOT EXISTS FOR (l:Lexicon) REQUIRE l.name IS UNIQUE'[0m
[32m[2025-10-30 23:31:41] [INFO    ] [neo4j.notifications] Received notification from DBMS server: {severity: INFORMATION} {code: Neo.ClientNotification.Schema.IndexOrConstraintAlreadyExists} {category: SCHEMA} {title: `CREATE CONSTRAINT EpisodeId IF NOT EXISTS FOR (e:Episode) REQUIRE (e.id) IS UNIQUE` has no effect.} {description: `CONSTRAINT EpisodeId FOR (e:Episode) REQUIRE (e.id) IS UNIQUE` already exists.} {position: None} for query: 'CREATE CONSTRAINT EpisodeId IF NOT EXISTS FOR (e:Episode) REQUIRE e.id IS UNIQUE'[0m
[32m[2025-10-30 23:31:41] [INFO    ] [neo4j.notifications] Received notification from DBMS server: {severity: INFORMATION} {code: Neo.ClientNotification.Schema.IndexOrConstraintAlreadyExists} {category: SCHEMA} {title: `CREATE CONSTRAINT InferenceEpisodeId IF NOT EXISTS FOR (e:InferenceEpisode) REQUIRE (e.id) IS UNIQUE` has no effect.} {description: `CONSTRAINT InferenceEpisodeId FOR (e:InferenceEpisode) REQUIRE (e.id) IS UNIQUE` already exists.} {position: None} for query: 'CREATE CONSTRAINT InferenceEpisodeId IF NOT EXISTS FOR (ie:InferenceEpisode) REQUIRE ie.id IS UNIQUE'[0m
[32m[2025-10-30 23:31:41] [INFO    ] [neo4j.notifications] Received notification from DBMS server: {severity: INFORMATION} {code: Neo.ClientNotification.Schema.IndexOrConstraintAlreadyExists} {category: SCHEMA} {title: `CREATE CONSTRAINT ProofStepId IF NOT EXISTS FOR (e:ProofStep) REQUIRE (e.id) IS UNIQUE` has no effect.} {description: `CONSTRAINT ProofStepId FOR (e:ProofStep) REQUIRE (e.id) IS UNIQUE` already exists.} {position: None} for query: 'CREATE CONSTRAINT ProofStepId IF NOT EXISTS FOR (ps:ProofStep) REQUIRE ps.id IS UNIQUE'[0m
[32m[2025-10-30 23:31:41] [INFO    ] [neo4j.notifications] Received notification from DBMS server: {severity: INFORMATION} {code: Neo.ClientNotification.Schema.IndexOrConstraintAlreadyExists} {category: SCHEMA} {title: `CREATE CONSTRAINT HypothesisId IF NOT EXISTS FOR (e:Hypothesis) REQUIRE (e.id) IS UNIQUE` has no effect.} {description: `CONSTRAINT HypothesisId FOR (e:Hypothesis) REQUIRE (e.id) IS UNIQUE` already exists.} {position: None} for query: 'CREATE CONSTRAINT HypothesisId IF NOT EXISTS FOR (h:Hypothesis) REQUIRE h.id IS UNIQUE'[0m
[32m[2025-10-30 23:31:41] [INFO    ] [component_1_netzwerk_core] Neo4j Constraints erfolgreich konfiguriert[0m
[32m[2025-10-30 23:31:41] [INFO    ] [neo4j.notifications] Received notification from DBMS server: {severity: INFORMATION} {code: Neo.ClientNotification.Schema.IndexOrConstraintAlreadyExists} {category: SCHEMA} {title: `CREATE CONSTRAINT UsageContextId IF NOT EXISTS FOR (e:UsageContext) REQUIRE (e.id) IS UNIQUE` has no effect.} {description: `CONSTRAINT UsageContextId FOR (e:UsageContext) REQUIRE (e.id) IS UNIQUE` already exists.} {position: None} for query: '\n                CREATE CONSTRAINT UsageContextId IF NOT EXISTS\n                FOR (uc:UsageContext) REQUIRE uc.id IS UNIQUE\n                '[0m
[32m[2025-10-30 23:31:41] [INFO    ] [neo4j.notifications] Received notification from DBMS server: {severity: INFORMATION} {code: Neo.ClientNotification.Schema.IndexOrConstraintAlreadyExists} {category: SCHEMA} {title: `CREATE CONSTRAINT TypoFeedbackId IF NOT EXISTS FOR (e:TypoFeedback) REQUIRE (e.id) IS UNIQUE` has no effect.} {description: `CONSTRAINT TypoFeedbackId FOR (e:TypoFeedback) REQUIRE (e.id) IS UNIQUE` already exists.} {position: None} for query: '\n                CREATE CONSTRAINT TypoFeedbackId IF NOT EXISTS\n                FOR (tf:TypoFeedback) REQUIRE tf.id IS UNIQUE\n                '[0m
PASSED
tests/test_episodic_reasoning.py::TestInferenceEpisodeCreation::test_link_inference_to_proof [32m[2025-10-30 23:31:41] [INFO    ] [component_1_netzwerk_core] Initialisiere Neo4j-Verbindung | uri=bolt://127.0.0.1:7687 | user=neo4j[0m
[32m[2025-10-30 23:31:41] [INFO    ] [component_1_netzwerk_core] Neo4j-Verbindung erfolgreich hergestellt | uri=bolt://127.0.0.1:7687[0m
[32m[2025-10-30 23:31:41] [INFO    ] [neo4j.notifications] Received notification from DBMS server: {severity: INFORMATION} {code: Neo.ClientNotification.Schema.IndexOrConstraintAlreadyExists} {category: SCHEMA} {title: `CREATE CONSTRAINT WortLemma IF NOT EXISTS FOR (e:Wort) REQUIRE (e.lemma) IS UNIQUE` has no effect.} {description: `CONSTRAINT WortLemma FOR (e:Wort) REQUIRE (e.lemma) IS UNIQUE` already exists.} {position: None} for query: 'CREATE CONSTRAINT WortLemma IF NOT EXISTS FOR (w:Wort) REQUIRE w.lemma IS UNIQUE'[0m
[32m[2025-10-30 23:31:41] [INFO    ] [neo4j.notifications] Received notification from DBMS server: {severity: INFORMATION} {code: Neo.ClientNotification.Schema.IndexOrConstraintAlreadyExists} {category: SCHEMA} {title: `CREATE CONSTRAINT KonzeptName IF NOT EXISTS FOR (e:Konzept) REQUIRE (e.name) IS UNIQUE` has no effect.} {description: `CONSTRAINT KonzeptName FOR (e:Konzept) REQUIRE (e.name) IS UNIQUE` already exists.} {position: None} for query: 'CREATE CONSTRAINT KonzeptName IF NOT EXISTS FOR (k:Konzept) REQUIRE k.name IS UNIQUE'[0m
[32m[2025-10-30 23:31:41] [INFO    ] [neo4j.notifications] Received notification from DBMS server: {severity: INFORMATION} {code: Neo.ClientNotification.Schema.IndexOrConstraintAlreadyExists} {category: SCHEMA} {title: `CREATE CONSTRAINT ExtractionRuleType IF NOT EXISTS FOR (e:ExtractionRule) REQUIRE (e.relation_type) IS UNIQUE` has no effect.} {description: `CONSTRAINT ExtractionRuleType FOR (e:ExtractionRule) REQUIRE (e.relation_type) IS UNIQUE` already exists.} {position: None} for query: 'CREATE CONSTRAINT ExtractionRuleType IF NOT EXISTS FOR (r:ExtractionRule) REQUIRE r.relation_type IS UNIQUE'[0m
[32m[2025-10-30 23:31:41] [INFO    ] [neo4j.notifications] Received notification from DBMS server: {severity: INFORMATION} {code: Neo.ClientNotification.Schema.IndexOrConstraintAlreadyExists} {category: SCHEMA} {title: `CREATE CONSTRAINT PatternPrototypeId IF NOT EXISTS FOR (e:PatternPrototype) REQUIRE (e.id) IS UNIQUE` has no effect.} {description: `CONSTRAINT PatternPrototypeId FOR (e:PatternPrototype) REQUIRE (e.id) IS UNIQUE` already exists.} {position: None} for query: 'CREATE CONSTRAINT PatternPrototypeId IF NOT EXISTS FOR (p:PatternPrototype) REQUIRE p.id IS UNIQUE'[0m
[32m[2025-10-30 23:31:41] [INFO    ] [neo4j.notifications] Received notification from DBMS server: {severity: INFORMATION} {code: Neo.ClientNotification.Schema.IndexOrConstraintAlreadyExists} {category: SCHEMA} {title: `CREATE CONSTRAINT LexiconName IF NOT EXISTS FOR (e:Lexicon) REQUIRE (e.name) IS UNIQUE` has no effect.} {description: `CONSTRAINT LexiconName FOR (e:Lexicon) REQUIRE (e.name) IS UNIQUE` already exists.} {position: None} for query: 'CREATE CONSTRAINT LexiconName IF NOT EXISTS FOR (l:Lexicon) REQUIRE l.name IS UNIQUE'[0m
[32m[2025-10-30 23:31:41] [INFO    ] [neo4j.notifications] Received notification from DBMS server: {severity: INFORMATION} {code: Neo.ClientNotification.Schema.IndexOrConstraintAlreadyExists} {category: SCHEMA} {title: `CREATE CONSTRAINT EpisodeId IF NOT EXISTS FOR (e:Episode) REQUIRE (e.id) IS UNIQUE` has no effect.} {description: `CONSTRAINT EpisodeId FOR (e:Episode) REQUIRE (e.id) IS UNIQUE` already exists.} {position: None} for query: 'CREATE CONSTRAINT EpisodeId IF NOT EXISTS FOR (e:Episode) REQUIRE e.id IS UNIQUE'[0m
[32m[2025-10-30 23:31:41] [INFO    ] [neo4j.notifications] Received notification from DBMS server: {severity: INFORMATION} {code: Neo.ClientNotification.Schema.IndexOrConstraintAlreadyExists} {category: SCHEMA} {title: `CREATE CONSTRAINT InferenceEpisodeId IF NOT EXISTS FOR (e:InferenceEpisode) REQUIRE (e.id) IS UNIQUE` has no effect.} {description: `CONSTRAINT InferenceEpisodeId FOR (e:InferenceEpisode) REQUIRE (e.id) IS UNIQUE` already exists.} {position: None} for query: 'CREATE CONSTRAINT InferenceEpisodeId IF NOT EXISTS FOR (ie:InferenceEpisode) REQUIRE ie.id IS UNIQUE'[0m
[32m[2025-10-30 23:31:41] [INFO    ] [neo4j.notifications] Received notification from DBMS server: {severity: INFORMATION} {code: Neo.ClientNotification.Schema.IndexOrConstraintAlreadyExists} {category: SCHEMA} {title: `CREATE CONSTRAINT ProofStepId IF NOT EXISTS FOR (e:ProofStep) REQUIRE (e.id) IS UNIQUE` has no effect.} {description: `CONSTRAINT ProofStepId FOR (e:ProofStep) REQUIRE (e.id) IS UNIQUE` already exists.} {position: None} for query: 'CREATE CONSTRAINT ProofStepId IF NOT EXISTS FOR (ps:ProofStep) REQUIRE ps.id IS UNIQUE'[0m
[32m[2025-10-30 23:31:41] [INFO    ] [neo4j.notifications] Received notification from DBMS server: {severity: INFORMATION} {code: Neo.ClientNotification.Schema.IndexOrConstraintAlreadyExists} {category: SCHEMA} {title: `CREATE CONSTRAINT HypothesisId IF NOT EXISTS FOR (e:Hypothesis) REQUIRE (e.id) IS UNIQUE` has no effect.} {description: `CONSTRAINT HypothesisId FOR (e:Hypothesis) REQUIRE (e.id) IS UNIQUE` already exists.} {position: None} for query: 'CREATE CONSTRAINT HypothesisId IF NOT EXISTS FOR (h:Hypothesis) REQUIRE h.id IS UNIQUE'[0m
[32m[2025-10-30 23:31:41] [INFO    ] [component_1_netzwerk_core] Neo4j Constraints erfolgreich konfiguriert[0m
[32m[2025-10-30 23:31:41] [INFO    ] [neo4j.notifications] Received notification from DBMS server: {severity: INFORMATION} {code: Neo.ClientNotification.Schema.IndexOrConstraintAlreadyExists} {category: SCHEMA} {title: `CREATE CONSTRAINT UsageContextId IF NOT EXISTS FOR (e:UsageContext) REQUIRE (e.id) IS UNIQUE` has no effect.} {description: `CONSTRAINT UsageContextId FOR (e:UsageContext) REQUIRE (e.id) IS UNIQUE` already exists.} {position: None} for query: '\n                CREATE CONSTRAINT UsageContextId IF NOT EXISTS\n                FOR (uc:UsageContext) REQUIRE uc.id IS UNIQUE\n                '[0m
[32m[2025-10-30 23:31:41] [INFO    ] [neo4j.notifications] Received notification from DBMS server: {severity: INFORMATION} {code: Neo.ClientNotification.Schema.IndexOrConstraintAlreadyExists} {category: SCHEMA} {title: `CREATE CONSTRAINT TypoFeedbackId IF NOT EXISTS FOR (e:TypoFeedback) REQUIRE (e.id) IS UNIQUE` has no effect.} {description: `CONSTRAINT TypoFeedbackId FOR (e:TypoFeedback) REQUIRE (e.id) IS UNIQUE` already exists.} {position: None} for query: '\n                CREATE CONSTRAINT TypoFeedbackId IF NOT EXISTS\n                FOR (tf:TypoFeedback) REQUIRE tf.id IS UNIQUE\n                '[0m
[32m[2025-10-30 23:31:41] [INFO    ] [component_1_netzwerk_memory] InferenceEpisode erstellt: test_hybrid | episode_id=6fdac247-0ebe-444e-b9dd-a6c8a19e996c | query=test_link_query[0m
PASSED
tests/test_episodic_reasoning.py::TestProofStepHierarchy::test_create_proof_tree [32m[2025-10-30 23:31:41] [INFO    ] [component_1_netzwerk_core] Initialisiere Neo4j-Verbindung | uri=bolt://127.0.0.1:7687 | user=neo4j[0m
[32m[2025-10-30 23:31:41] [INFO    ] [component_1_netzwerk_core] Neo4j-Verbindung erfolgreich hergestellt | uri=bolt://127.0.0.1:7687[0m
[32m[2025-10-30 23:31:41] [INFO    ] [neo4j.notifications] Received notification from DBMS server: {severity: INFORMATION} {code: Neo.ClientNotification.Schema.IndexOrConstraintAlreadyExists} {category: SCHEMA} {title: `CREATE CONSTRAINT WortLemma IF NOT EXISTS FOR (e:Wort) REQUIRE (e.lemma) IS UNIQUE` has no effect.} {description: `CONSTRAINT WortLemma FOR (e:Wort) REQUIRE (e.lemma) IS UNIQUE` already exists.} {position: None} for query: 'CREATE CONSTRAINT WortLemma IF NOT EXISTS FOR (w:Wort) REQUIRE w.lemma IS UNIQUE'[0m
[32m[2025-10-30 23:31:41] [INFO    ] [neo4j.notifications] Received notification from DBMS server: {severity: INFORMATION} {code: Neo.ClientNotification.Schema.IndexOrConstraintAlreadyExists} {category: SCHEMA} {title: `CREATE CONSTRAINT KonzeptName IF NOT EXISTS FOR (e:Konzept) REQUIRE (e.name) IS UNIQUE` has no effect.} {description: `CONSTRAINT KonzeptName FOR (e:Konzept) REQUIRE (e.name) IS UNIQUE` already exists.} {position: None} for query: 'CREATE CONSTRAINT KonzeptName IF NOT EXISTS FOR (k:Konzept) REQUIRE k.name IS UNIQUE'[0m
[32m[2025-10-30 23:31:41] [INFO    ] [neo4j.notifications] Received notification from DBMS server: {severity: INFORMATION} {code: Neo.ClientNotification.Schema.IndexOrConstraintAlreadyExists} {category: SCHEMA} {title: `CREATE CONSTRAINT ExtractionRuleType IF NOT EXISTS FOR (e:ExtractionRule) REQUIRE (e.relation_type) IS UNIQUE` has no effect.} {description: `CONSTRAINT ExtractionRuleType FOR (e:ExtractionRule) REQUIRE (e.relation_type) IS UNIQUE` already exists.} {position: None} for query: 'CREATE CONSTRAINT ExtractionRuleType IF NOT EXISTS FOR (r:ExtractionRule) REQUIRE r.relation_type IS UNIQUE'[0m
[32m[2025-10-30 23:31:41] [INFO    ] [neo4j.notifications] Received notification from DBMS server: {severity: INFORMATION} {code: Neo.ClientNotification.Schema.IndexOrConstraintAlreadyExists} {category: SCHEMA} {title: `CREATE CONSTRAINT PatternPrototypeId IF NOT EXISTS FOR (e:PatternPrototype) REQUIRE (e.id) IS UNIQUE` has no effect.} {description: `CONSTRAINT PatternPrototypeId FOR (e:PatternPrototype) REQUIRE (e.id) IS UNIQUE` already exists.} {position: None} for query: 'CREATE CONSTRAINT PatternPrototypeId IF NOT EXISTS FOR (p:PatternPrototype) REQUIRE p.id IS UNIQUE'[0m
[32m[2025-10-30 23:31:41] [INFO    ] [neo4j.notifications] Received notification from DBMS server: {severity: INFORMATION} {code: Neo.ClientNotification.Schema.IndexOrConstraintAlreadyExists} {category: SCHEMA} {title: `CREATE CONSTRAINT LexiconName IF NOT EXISTS FOR (e:Lexicon) REQUIRE (e.name) IS UNIQUE` has no effect.} {description: `CONSTRAINT LexiconName FOR (e:Lexicon) REQUIRE (e.name) IS UNIQUE` already exists.} {position: None} for query: 'CREATE CONSTRAINT LexiconName IF NOT EXISTS FOR (l:Lexicon) REQUIRE l.name IS UNIQUE'[0m
[32m[2025-10-30 23:31:41] [INFO    ] [neo4j.notifications] Received notification from DBMS server: {severity: INFORMATION} {code: Neo.ClientNotification.Schema.IndexOrConstraintAlreadyExists} {category: SCHEMA} {title: `CREATE CONSTRAINT EpisodeId IF NOT EXISTS FOR (e:Episode) REQUIRE (e.id) IS UNIQUE` has no effect.} {description: `CONSTRAINT EpisodeId FOR (e:Episode) REQUIRE (e.id) IS UNIQUE` already exists.} {position: None} for query: 'CREATE CONSTRAINT EpisodeId IF NOT EXISTS FOR (e:Episode) REQUIRE e.id IS UNIQUE'[0m
[32m[2025-10-30 23:31:41] [INFO    ] [neo4j.notifications] Received notification from DBMS server: {severity: INFORMATION} {code: Neo.ClientNotification.Schema.IndexOrConstraintAlreadyExists} {category: SCHEMA} {title: `CREATE CONSTRAINT InferenceEpisodeId IF NOT EXISTS FOR (e:InferenceEpisode) REQUIRE (e.id) IS UNIQUE` has no effect.} {description: `CONSTRAINT InferenceEpisodeId FOR (e:InferenceEpisode) REQUIRE (e.id) IS UNIQUE` already exists.} {position: None} for query: 'CREATE CONSTRAINT InferenceEpisodeId IF NOT EXISTS FOR (ie:InferenceEpisode) REQUIRE ie.id IS UNIQUE'[0m
[32m[2025-10-30 23:31:41] [INFO    ] [neo4j.notifications] Received notification from DBMS server: {severity: INFORMATION} {code: Neo.ClientNotification.Schema.IndexOrConstraintAlreadyExists} {category: SCHEMA} {title: `CREATE CONSTRAINT ProofStepId IF NOT EXISTS FOR (e:ProofStep) REQUIRE (e.id) IS UNIQUE` has no effect.} {description: `CONSTRAINT ProofStepId FOR (e:ProofStep) REQUIRE (e.id) IS UNIQUE` already exists.} {position: None} for query: 'CREATE CONSTRAINT ProofStepId IF NOT EXISTS FOR (ps:ProofStep) REQUIRE ps.id IS UNIQUE'[0m
[32m[2025-10-30 23:31:41] [INFO    ] [neo4j.notifications] Received notification from DBMS server: {severity: INFORMATION} {code: Neo.ClientNotification.Schema.IndexOrConstraintAlreadyExists} {category: SCHEMA} {title: `CREATE CONSTRAINT HypothesisId IF NOT EXISTS FOR (e:Hypothesis) REQUIRE (e.id) IS UNIQUE` has no effect.} {description: `CONSTRAINT HypothesisId FOR (e:Hypothesis) REQUIRE (e.id) IS UNIQUE` already exists.} {position: None} for query: 'CREATE CONSTRAINT HypothesisId IF NOT EXISTS FOR (h:Hypothesis) REQUIRE h.id IS UNIQUE'[0m
[32m[2025-10-30 23:31:41] [INFO    ] [component_1_netzwerk_core] Neo4j Constraints erfolgreich konfiguriert[0m
[32m[2025-10-30 23:31:41] [INFO    ] [neo4j.notifications] Received notification from DBMS server: {severity: INFORMATION} {code: Neo.ClientNotification.Schema.IndexOrConstraintAlreadyExists} {category: SCHEMA} {title: `CREATE CONSTRAINT UsageContextId IF NOT EXISTS FOR (e:UsageContext) REQUIRE (e.id) IS UNIQUE` has no effect.} {description: `CONSTRAINT UsageContextId FOR (e:UsageContext) REQUIRE (e.id) IS UNIQUE` already exists.} {position: None} for query: '\n                CREATE CONSTRAINT UsageContextId IF NOT EXISTS\n                FOR (uc:UsageContext) REQUIRE uc.id IS UNIQUE\n                '[0m
[32m[2025-10-30 23:31:41] [INFO    ] [neo4j.notifications] Received notification from DBMS server: {severity: INFORMATION} {code: Neo.ClientNotification.Schema.IndexOrConstraintAlreadyExists} {category: SCHEMA} {title: `CREATE CONSTRAINT TypoFeedbackId IF NOT EXISTS FOR (e:TypoFeedback) REQUIRE (e.id) IS UNIQUE` has no effect.} {description: `CONSTRAINT TypoFeedbackId FOR (e:TypoFeedback) REQUIRE (e.id) IS UNIQUE` already exists.} {position: None} for query: '\n                CREATE CONSTRAINT TypoFeedbackId IF NOT EXISTS\n                FOR (tf:TypoFeedback) REQUIRE tf.id IS UNIQUE\n                '[0m
PASSED
tests/test_episodic_reasoning.py::TestInferenceTracking::test_run_with_tracking [32m[2025-10-30 23:31:41] [INFO    ] [component_1_netzwerk_core] Initialisiere Neo4j-Verbindung | uri=bolt://127.0.0.1:7687 | user=neo4j[0m
[32m[2025-10-30 23:31:41] [INFO    ] [component_1_netzwerk_core] Neo4j-Verbindung erfolgreich hergestellt | uri=bolt://127.0.0.1:7687[0m
[32m[2025-10-30 23:31:41] [INFO    ] [neo4j.notifications] Received notification from DBMS server: {severity: INFORMATION} {code: Neo.ClientNotification.Schema.IndexOrConstraintAlreadyExists} {category: SCHEMA} {title: `CREATE CONSTRAINT WortLemma IF NOT EXISTS FOR (e:Wort) REQUIRE (e.lemma) IS UNIQUE` has no effect.} {description: `CONSTRAINT WortLemma FOR (e:Wort) REQUIRE (e.lemma) IS UNIQUE` already exists.} {position: None} for query: 'CREATE CONSTRAINT WortLemma IF NOT EXISTS FOR (w:Wort) REQUIRE w.lemma IS UNIQUE'[0m
[32m[2025-10-30 23:31:41] [INFO    ] [neo4j.notifications] Received notification from DBMS server: {severity: INFORMATION} {code: Neo.ClientNotification.Schema.IndexOrConstraintAlreadyExists} {category: SCHEMA} {title: `CREATE CONSTRAINT KonzeptName IF NOT EXISTS FOR (e:Konzept) REQUIRE (e.name) IS UNIQUE` has no effect.} {description: `CONSTRAINT KonzeptName FOR (e:Konzept) REQUIRE (e.name) IS UNIQUE` already exists.} {position: None} for query: 'CREATE CONSTRAINT KonzeptName IF NOT EXISTS FOR (k:Konzept) REQUIRE k.name IS UNIQUE'[0m
[32m[2025-10-30 23:31:41] [INFO    ] [neo4j.notifications] Received notification from DBMS server: {severity: INFORMATION} {code: Neo.ClientNotification.Schema.IndexOrConstraintAlreadyExists} {category: SCHEMA} {title: `CREATE CONSTRAINT ExtractionRuleType IF NOT EXISTS FOR (e:ExtractionRule) REQUIRE (e.relation_type) IS UNIQUE` has no effect.} {description: `CONSTRAINT ExtractionRuleType FOR (e:ExtractionRule) REQUIRE (e.relation_type) IS UNIQUE` already exists.} {position: None} for query: 'CREATE CONSTRAINT ExtractionRuleType IF NOT EXISTS FOR (r:ExtractionRule) REQUIRE r.relation_type IS UNIQUE'[0m
[32m[2025-10-30 23:31:41] [INFO    ] [neo4j.notifications] Received notification from DBMS server: {severity: INFORMATION} {code: Neo.ClientNotification.Schema.IndexOrConstraintAlreadyExists} {category: SCHEMA} {title: `CREATE CONSTRAINT PatternPrototypeId IF NOT EXISTS FOR (e:PatternPrototype) REQUIRE (e.id) IS UNIQUE` has no effect.} {description: `CONSTRAINT PatternPrototypeId FOR (e:PatternPrototype) REQUIRE (e.id) IS UNIQUE` already exists.} {position: None} for query: 'CREATE CONSTRAINT PatternPrototypeId IF NOT EXISTS FOR (p:PatternPrototype) REQUIRE p.id IS UNIQUE'[0m
[32m[2025-10-30 23:31:41] [INFO    ] [neo4j.notifications] Received notification from DBMS server: {severity: INFORMATION} {code: Neo.ClientNotification.Schema.IndexOrConstraintAlreadyExists} {category: SCHEMA} {title: `CREATE CONSTRAINT LexiconName IF NOT EXISTS FOR (e:Lexicon) REQUIRE (e.name) IS UNIQUE` has no effect.} {description: `CONSTRAINT LexiconName FOR (e:Lexicon) REQUIRE (e.name) IS UNIQUE` already exists.} {position: None} for query: 'CREATE CONSTRAINT LexiconName IF NOT EXISTS FOR (l:Lexicon) REQUIRE l.name IS UNIQUE'[0m
[32m[2025-10-30 23:31:41] [INFO    ] [neo4j.notifications] Received notification from DBMS server: {severity: INFORMATION} {code: Neo.ClientNotification.Schema.IndexOrConstraintAlreadyExists} {category: SCHEMA} {title: `CREATE CONSTRAINT EpisodeId IF NOT EXISTS FOR (e:Episode) REQUIRE (e.id) IS UNIQUE` has no effect.} {description: `CONSTRAINT EpisodeId FOR (e:Episode) REQUIRE (e.id) IS UNIQUE` already exists.} {position: None} for query: 'CREATE CONSTRAINT EpisodeId IF NOT EXISTS FOR (e:Episode) REQUIRE e.id IS UNIQUE'[0m
[32m[2025-10-30 23:31:41] [INFO    ] [neo4j.notifications] Received notification from DBMS server: {severity: INFORMATION} {code: Neo.ClientNotification.Schema.IndexOrConstraintAlreadyExists} {category: SCHEMA} {title: `CREATE CONSTRAINT InferenceEpisodeId IF NOT EXISTS FOR (e:InferenceEpisode) REQUIRE (e.id) IS UNIQUE` has no effect.} {description: `CONSTRAINT InferenceEpisodeId FOR (e:InferenceEpisode) REQUIRE (e.id) IS UNIQUE` already exists.} {position: None} for query: 'CREATE CONSTRAINT InferenceEpisodeId IF NOT EXISTS FOR (ie:InferenceEpisode) REQUIRE ie.id IS UNIQUE'[0m
[32m[2025-10-30 23:31:41] [INFO    ] [neo4j.notifications] Received notification from DBMS server: {severity: INFORMATION} {code: Neo.ClientNotification.Schema.IndexOrConstraintAlreadyExists} {category: SCHEMA} {title: `CREATE CONSTRAINT ProofStepId IF NOT EXISTS FOR (e:ProofStep) REQUIRE (e.id) IS UNIQUE` has no effect.} {description: `CONSTRAINT ProofStepId FOR (e:ProofStep) REQUIRE (e.id) IS UNIQUE` already exists.} {position: None} for query: 'CREATE CONSTRAINT ProofStepId IF NOT EXISTS FOR (ps:ProofStep) REQUIRE ps.id IS UNIQUE'[0m
[32m[2025-10-30 23:31:41] [INFO    ] [neo4j.notifications] Received notification from DBMS server: {severity: INFORMATION} {code: Neo.ClientNotification.Schema.IndexOrConstraintAlreadyExists} {category: SCHEMA} {title: `CREATE CONSTRAINT HypothesisId IF NOT EXISTS FOR (e:Hypothesis) REQUIRE (e.id) IS UNIQUE` has no effect.} {description: `CONSTRAINT HypothesisId FOR (e:Hypothesis) REQUIRE (e.id) IS UNIQUE` already exists.} {position: None} for query: 'CREATE CONSTRAINT HypothesisId IF NOT EXISTS FOR (h:Hypothesis) REQUIRE h.id IS UNIQUE'[0m
[32m[2025-10-30 23:31:41] [INFO    ] [component_1_netzwerk_core] Neo4j Constraints erfolgreich konfiguriert[0m
[32m[2025-10-30 23:31:41] [INFO    ] [neo4j.notifications] Received notification from DBMS server: {severity: INFORMATION} {code: Neo.ClientNotification.Schema.IndexOrConstraintAlreadyExists} {category: SCHEMA} {title: `CREATE CONSTRAINT UsageContextId IF NOT EXISTS FOR (e:UsageContext) REQUIRE (e.id) IS UNIQUE` has no effect.} {description: `CONSTRAINT UsageContextId FOR (e:UsageContext) REQUIRE (e.id) IS UNIQUE` already exists.} {position: None} for query: '\n                CREATE CONSTRAINT UsageContextId IF NOT EXISTS\n                FOR (uc:UsageContext) REQUIRE uc.id IS UNIQUE\n                '[0m
[32m[2025-10-30 23:31:41] [INFO    ] [neo4j.notifications] Received notification from DBMS server: {severity: INFORMATION} {code: Neo.ClientNotification.Schema.IndexOrConstraintAlreadyExists} {category: SCHEMA} {title: `CREATE CONSTRAINT TypoFeedbackId IF NOT EXISTS FOR (e:TypoFeedback) REQUIRE (e.id) IS UNIQUE` has no effect.} {description: `CONSTRAINT TypoFeedbackId FOR (e:TypoFeedback) REQUIRE (e.id) IS UNIQUE` already exists.} {position: None} for query: '\n                CREATE CONSTRAINT TypoFeedbackId IF NOT EXISTS\n                FOR (tf:TypoFeedback) REQUIRE tf.id IS UNIQUE\n                '[0m
[32m[2025-10-30 23:31:41] [INFO    ] [component_16_probabilistic_engine] ProbabilisticEngine initialisiert.[0m
[32m[2025-10-30 23:31:41] [INFO    ] [component_9_logik_engine] Logik-Engine initialisiert mit probabilistischer Unterst�tzung.[0m
[32m[2025-10-30 23:31:41] [INFO    ] [component_9_logik_engine] Logik-Engine initialisiert mit SAT-Solver f�r Boolean Reasoning.[0m
[32m[2025-10-30 23:31:41] [INFO    ] [component_9_logik_engine] === Tracking-f�higes Reasoning: test_backward_chaining ===[0m
[32m[2025-10-30 23:31:41] [INFO    ] [component_1_netzwerk_memory] InferenceEpisode erstellt: test_backward_chaining | episode_id=acd7478f-1c14-4fa1-8721-76ae38066dc7 | query=test_Was ist ein Hund?[0m
[32m[2025-10-30 23:31:41] [INFO    ] [component_9_logik_engine] === Hybrid Reasoning: Forward + Backward ===[0m
[32m[2025-10-30 23:31:41] [INFO    ] [component_9_logik_engine] Phase 1: Forward-Chaining...[0m
[32m[2025-10-30 23:31:41] [INFO    ] [component_9_logik_engine] Phase 2: Backward-Chaining f�r Goal: test_IS_A[0m
[32m[2025-10-30 23:31:41] [INFO    ] [component_9_logik_engine] [BC] Beweise Goal (depth=0): test_IS_A {'subject': 'test_hund', 'object': None}[0m
[32m[2025-10-30 23:31:41] [INFO    ] [component_9_logik_engine]   [OK] Direkt durch Fakt bewiesen: test_IS_A[0m
[32m[2025-10-30 23:31:41] [INFO    ] [component_9_logik_engine] === Goal erfolgreich bewiesen ===[0m
[32m[2025-10-30 23:31:41] [INFO    ] [component_9_logik_engine] [Goal] test_IS_A(subject=test_hund, object=None)
  [OK] Direkt durch Fakt (confidence=1.00)[0m
[32m[2025-10-30 23:31:41] [INFO    ] [component_9_logik_engine] === Tracked Reasoning abgeschlossen in 0.01s ===
Episode ID: acd7478f
Fakten verwendet: 1
Regeln angewendet: 0[0m
[33m[2025-10-30 23:31:41] [WARNING ] [neo4j.notifications] Received notification from DBMS server: {severity: WARNING} {code: Neo.ClientNotification.Statement.UnknownRelationshipTypeWarning} {category: UNRECOGNIZED} {title: The provided relationship type is not in the database.} {description: One of the relationship types in your query is not available in the database, make sure you didn't misspell it or that the label is available when you run this statement in your application (the missing relationship type is: APPLIED_RULE)} {position: line: 6, column: 43, offset: 300} for query: '\n                    MATCH (ie:InferenceEpisode)\n                    WHERE (ie.query CONTAINS $topic OR ie.metadata CONTAINS $topic)\n                    OPTIONAL MATCH (ie)-[:USED_FACT]->(f:InferenceFact)\n                    WITH ie, count(f) AS facts_count\n                    OPTIONAL MATCH (ie)-[:APPLIED_RULE]->(r:Regel)\n                    WITH ie, facts_count, count(r) AS rules_count\n                    OPTIONAL MATCH (ie)-[:PRODUCED]->(ps:ProofStep)\n                    RETURN ie.id AS episode_id,\n                           ie.inference_type AS inference_type,\n                           ie.query AS query,\n                           ie.timestamp AS timestamp,\n                           ie.metadata AS metadata,\n                           facts_count AS used_facts_count,\n                           rules_count AS applied_rules_count,\n                           collect(ps.id) AS proof_step_ids\n                    ORDER BY ie.timestamp DESC\n                    LIMIT $limit\n                '[0m
PASSED
tests/test_episodic_reasoning.py::TestInferenceTracking::test_inference_history_query [32m[2025-10-30 23:31:41] [INFO    ] [component_1_netzwerk_core] Initialisiere Neo4j-Verbindung | uri=bolt://127.0.0.1:7687 | user=neo4j[0m
[32m[2025-10-30 23:31:41] [INFO    ] [component_1_netzwerk_core] Neo4j-Verbindung erfolgreich hergestellt | uri=bolt://127.0.0.1:7687[0m
[32m[2025-10-30 23:31:41] [INFO    ] [neo4j.notifications] Received notification from DBMS server: {severity: INFORMATION} {code: Neo.ClientNotification.Schema.IndexOrConstraintAlreadyExists} {category: SCHEMA} {title: `CREATE CONSTRAINT WortLemma IF NOT EXISTS FOR (e:Wort) REQUIRE (e.lemma) IS UNIQUE` has no effect.} {description: `CONSTRAINT WortLemma FOR (e:Wort) REQUIRE (e.lemma) IS UNIQUE` already exists.} {position: None} for query: 'CREATE CONSTRAINT WortLemma IF NOT EXISTS FOR (w:Wort) REQUIRE w.lemma IS UNIQUE'[0m
[32m[2025-10-30 23:31:41] [INFO    ] [neo4j.notifications] Received notification from DBMS server: {severity: INFORMATION} {code: Neo.ClientNotification.Schema.IndexOrConstraintAlreadyExists} {category: SCHEMA} {title: `CREATE CONSTRAINT KonzeptName IF NOT EXISTS FOR (e:Konzept) REQUIRE (e.name) IS UNIQUE` has no effect.} {description: `CONSTRAINT KonzeptName FOR (e:Konzept) REQUIRE (e.name) IS UNIQUE` already exists.} {position: None} for query: 'CREATE CONSTRAINT KonzeptName IF NOT EXISTS FOR (k:Konzept) REQUIRE k.name IS UNIQUE'[0m
[32m[2025-10-30 23:31:41] [INFO    ] [neo4j.notifications] Received notification from DBMS server: {severity: INFORMATION} {code: Neo.ClientNotification.Schema.IndexOrConstraintAlreadyExists} {category: SCHEMA} {title: `CREATE CONSTRAINT ExtractionRuleType IF NOT EXISTS FOR (e:ExtractionRule) REQUIRE (e.relation_type) IS UNIQUE` has no effect.} {description: `CONSTRAINT ExtractionRuleType FOR (e:ExtractionRule) REQUIRE (e.relation_type) IS UNIQUE` already exists.} {position: None} for query: 'CREATE CONSTRAINT ExtractionRuleType IF NOT EXISTS FOR (r:ExtractionRule) REQUIRE r.relation_type IS UNIQUE'[0m
[32m[2025-10-30 23:31:41] [INFO    ] [neo4j.notifications] Received notification from DBMS server: {severity: INFORMATION} {code: Neo.ClientNotification.Schema.IndexOrConstraintAlreadyExists} {category: SCHEMA} {title: `CREATE CONSTRAINT PatternPrototypeId IF NOT EXISTS FOR (e:PatternPrototype) REQUIRE (e.id) IS UNIQUE` has no effect.} {description: `CONSTRAINT PatternPrototypeId FOR (e:PatternPrototype) REQUIRE (e.id) IS UNIQUE` already exists.} {position: None} for query: 'CREATE CONSTRAINT PatternPrototypeId IF NOT EXISTS FOR (p:PatternPrototype) REQUIRE p.id IS UNIQUE'[0m
[32m[2025-10-30 23:31:41] [INFO    ] [neo4j.notifications] Received notification from DBMS server: {severity: INFORMATION} {code: Neo.ClientNotification.Schema.IndexOrConstraintAlreadyExists} {category: SCHEMA} {title: `CREATE CONSTRAINT LexiconName IF NOT EXISTS FOR (e:Lexicon) REQUIRE (e.name) IS UNIQUE` has no effect.} {description: `CONSTRAINT LexiconName FOR (e:Lexicon) REQUIRE (e.name) IS UNIQUE` already exists.} {position: None} for query: 'CREATE CONSTRAINT LexiconName IF NOT EXISTS FOR (l:Lexicon) REQUIRE l.name IS UNIQUE'[0m
[32m[2025-10-30 23:31:41] [INFO    ] [neo4j.notifications] Received notification from DBMS server: {severity: INFORMATION} {code: Neo.ClientNotification.Schema.IndexOrConstraintAlreadyExists} {category: SCHEMA} {title: `CREATE CONSTRAINT EpisodeId IF NOT EXISTS FOR (e:Episode) REQUIRE (e.id) IS UNIQUE` has no effect.} {description: `CONSTRAINT EpisodeId FOR (e:Episode) REQUIRE (e.id) IS UNIQUE` already exists.} {position: None} for query: 'CREATE CONSTRAINT EpisodeId IF NOT EXISTS FOR (e:Episode) REQUIRE e.id IS UNIQUE'[0m
[32m[2025-10-30 23:31:41] [INFO    ] [neo4j.notifications] Received notification from DBMS server: {severity: INFORMATION} {code: Neo.ClientNotification.Schema.IndexOrConstraintAlreadyExists} {category: SCHEMA} {title: `CREATE CONSTRAINT InferenceEpisodeId IF NOT EXISTS FOR (e:InferenceEpisode) REQUIRE (e.id) IS UNIQUE` has no effect.} {description: `CONSTRAINT InferenceEpisodeId FOR (e:InferenceEpisode) REQUIRE (e.id) IS UNIQUE` already exists.} {position: None} for query: 'CREATE CONSTRAINT InferenceEpisodeId IF NOT EXISTS FOR (ie:InferenceEpisode) REQUIRE ie.id IS UNIQUE'[0m
[32m[2025-10-30 23:31:41] [INFO    ] [neo4j.notifications] Received notification from DBMS server: {severity: INFORMATION} {code: Neo.ClientNotification.Schema.IndexOrConstraintAlreadyExists} {category: SCHEMA} {title: `CREATE CONSTRAINT ProofStepId IF NOT EXISTS FOR (e:ProofStep) REQUIRE (e.id) IS UNIQUE` has no effect.} {description: `CONSTRAINT ProofStepId FOR (e:ProofStep) REQUIRE (e.id) IS UNIQUE` already exists.} {position: None} for query: 'CREATE CONSTRAINT ProofStepId IF NOT EXISTS FOR (ps:ProofStep) REQUIRE ps.id IS UNIQUE'[0m
[32m[2025-10-30 23:31:41] [INFO    ] [neo4j.notifications] Received notification from DBMS server: {severity: INFORMATION} {code: Neo.ClientNotification.Schema.IndexOrConstraintAlreadyExists} {category: SCHEMA} {title: `CREATE CONSTRAINT HypothesisId IF NOT EXISTS FOR (e:Hypothesis) REQUIRE (e.id) IS UNIQUE` has no effect.} {description: `CONSTRAINT HypothesisId FOR (e:Hypothesis) REQUIRE (e.id) IS UNIQUE` already exists.} {position: None} for query: 'CREATE CONSTRAINT HypothesisId IF NOT EXISTS FOR (h:Hypothesis) REQUIRE h.id IS UNIQUE'[0m
[32m[2025-10-30 23:31:41] [INFO    ] [component_1_netzwerk_core] Neo4j Constraints erfolgreich konfiguriert[0m
[32m[2025-10-30 23:31:41] [INFO    ] [neo4j.notifications] Received notification from DBMS server: {severity: INFORMATION} {code: Neo.ClientNotification.Schema.IndexOrConstraintAlreadyExists} {category: SCHEMA} {title: `CREATE CONSTRAINT UsageContextId IF NOT EXISTS FOR (e:UsageContext) REQUIRE (e.id) IS UNIQUE` has no effect.} {description: `CONSTRAINT UsageContextId FOR (e:UsageContext) REQUIRE (e.id) IS UNIQUE` already exists.} {position: None} for query: '\n                CREATE CONSTRAINT UsageContextId IF NOT EXISTS\n                FOR (uc:UsageContext) REQUIRE uc.id IS UNIQUE\n                '[0m
[32m[2025-10-30 23:31:41] [INFO    ] [neo4j.notifications] Received notification from DBMS server: {severity: INFORMATION} {code: Neo.ClientNotification.Schema.IndexOrConstraintAlreadyExists} {category: SCHEMA} {title: `CREATE CONSTRAINT TypoFeedbackId IF NOT EXISTS FOR (e:TypoFeedback) REQUIRE (e.id) IS UNIQUE` has no effect.} {description: `CONSTRAINT TypoFeedbackId FOR (e:TypoFeedback) REQUIRE (e.id) IS UNIQUE` already exists.} {position: None} for query: '\n                CREATE CONSTRAINT TypoFeedbackId IF NOT EXISTS\n                FOR (tf:TypoFeedback) REQUIRE tf.id IS UNIQUE\n                '[0m
[32m[2025-10-30 23:31:41] [INFO    ] [component_1_netzwerk_memory] InferenceEpisode erstellt: test_type | episode_id=50a5df5f-f4fa-4142-989b-2e2d96210e75 | query=test_query_0: test_topic[0m
[32m[2025-10-30 23:31:41] [INFO    ] [component_1_netzwerk_memory] InferenceEpisode erstellt: test_type | episode_id=12b86e2d-55e8-460b-a34c-690e91cdbf46 | query=test_query_1: test_topic[0m
[32m[2025-10-30 23:31:41] [INFO    ] [component_1_netzwerk_memory] InferenceEpisode erstellt: test_type | episode_id=6c23f8c0-54a5-4989-baf4-6155b1607010 | query=test_query_2: test_topic[0m
[33m[2025-10-30 23:31:41] [WARNING ] [neo4j.notifications] Received notification from DBMS server: {severity: WARNING} {code: Neo.ClientNotification.Statement.UnknownRelationshipTypeWarning} {category: UNRECOGNIZED} {title: The provided relationship type is not in the database.} {description: One of the relationship types in your query is not available in the database, make sure you didn't misspell it or that the label is available when you run this statement in your application (the missing relationship type is: APPLIED_RULE)} {position: line: 6, column: 43, offset: 300} for query: '\n                    MATCH (ie:InferenceEpisode)\n                    WHERE (ie.query CONTAINS $topic OR ie.metadata CONTAINS $topic)\n                    OPTIONAL MATCH (ie)-[:USED_FACT]->(f:InferenceFact)\n                    WITH ie, count(f) AS facts_count\n                    OPTIONAL MATCH (ie)-[:APPLIED_RULE]->(r:Regel)\n                    WITH ie, facts_count, count(r) AS rules_count\n                    OPTIONAL MATCH (ie)-[:PRODUCED]->(ps:ProofStep)\n                    RETURN ie.id AS episode_id,\n                           ie.inference_type AS inference_type,\n                           ie.query AS query,\n                           ie.timestamp AS timestamp,\n                           ie.metadata AS metadata,\n                           facts_count AS used_facts_count,\n                           rules_count AS applied_rules_count,\n                           collect(ps.id) AS proof_step_ids\n                    ORDER BY ie.timestamp DESC\n                    LIMIT $limit\n                '[0m
PASSED
tests/test_episodic_reasoning.py::TestInferenceTracking::test_explain_inference [32m[2025-10-30 23:31:41] [INFO    ] [component_1_netzwerk_core] Initialisiere Neo4j-Verbindung | uri=bolt://127.0.0.1:7687 | user=neo4j[0m
[32m[2025-10-30 23:31:41] [INFO    ] [component_1_netzwerk_core] Neo4j-Verbindung erfolgreich hergestellt | uri=bolt://127.0.0.1:7687[0m
[32m[2025-10-30 23:31:41] [INFO    ] [neo4j.notifications] Received notification from DBMS server: {severity: INFORMATION} {code: Neo.ClientNotification.Schema.IndexOrConstraintAlreadyExists} {category: SCHEMA} {title: `CREATE CONSTRAINT WortLemma IF NOT EXISTS FOR (e:Wort) REQUIRE (e.lemma) IS UNIQUE` has no effect.} {description: `CONSTRAINT WortLemma FOR (e:Wort) REQUIRE (e.lemma) IS UNIQUE` already exists.} {position: None} for query: 'CREATE CONSTRAINT WortLemma IF NOT EXISTS FOR (w:Wort) REQUIRE w.lemma IS UNIQUE'[0m
[32m[2025-10-30 23:31:41] [INFO    ] [neo4j.notifications] Received notification from DBMS server: {severity: INFORMATION} {code: Neo.ClientNotification.Schema.IndexOrConstraintAlreadyExists} {category: SCHEMA} {title: `CREATE CONSTRAINT KonzeptName IF NOT EXISTS FOR (e:Konzept) REQUIRE (e.name) IS UNIQUE` has no effect.} {description: `CONSTRAINT KonzeptName FOR (e:Konzept) REQUIRE (e.name) IS UNIQUE` already exists.} {position: None} for query: 'CREATE CONSTRAINT KonzeptName IF NOT EXISTS FOR (k:Konzept) REQUIRE k.name IS UNIQUE'[0m
[32m[2025-10-30 23:31:41] [INFO    ] [neo4j.notifications] Received notification from DBMS server: {severity: INFORMATION} {code: Neo.ClientNotification.Schema.IndexOrConstraintAlreadyExists} {category: SCHEMA} {title: `CREATE CONSTRAINT ExtractionRuleType IF NOT EXISTS FOR (e:ExtractionRule) REQUIRE (e.relation_type) IS UNIQUE` has no effect.} {description: `CONSTRAINT ExtractionRuleType FOR (e:ExtractionRule) REQUIRE (e.relation_type) IS UNIQUE` already exists.} {position: None} for query: 'CREATE CONSTRAINT ExtractionRuleType IF NOT EXISTS FOR (r:ExtractionRule) REQUIRE r.relation_type IS UNIQUE'[0m
[32m[2025-10-30 23:31:41] [INFO    ] [neo4j.notifications] Received notification from DBMS server: {severity: INFORMATION} {code: Neo.ClientNotification.Schema.IndexOrConstraintAlreadyExists} {category: SCHEMA} {title: `CREATE CONSTRAINT PatternPrototypeId IF NOT EXISTS FOR (e:PatternPrototype) REQUIRE (e.id) IS UNIQUE` has no effect.} {description: `CONSTRAINT PatternPrototypeId FOR (e:PatternPrototype) REQUIRE (e.id) IS UNIQUE` already exists.} {position: None} for query: 'CREATE CONSTRAINT PatternPrototypeId IF NOT EXISTS FOR (p:PatternPrototype) REQUIRE p.id IS UNIQUE'[0m
[32m[2025-10-30 23:31:41] [INFO    ] [neo4j.notifications] Received notification from DBMS server: {severity: INFORMATION} {code: Neo.ClientNotification.Schema.IndexOrConstraintAlreadyExists} {category: SCHEMA} {title: `CREATE CONSTRAINT LexiconName IF NOT EXISTS FOR (e:Lexicon) REQUIRE (e.name) IS UNIQUE` has no effect.} {description: `CONSTRAINT LexiconName FOR (e:Lexicon) REQUIRE (e.name) IS UNIQUE` already exists.} {position: None} for query: 'CREATE CONSTRAINT LexiconName IF NOT EXISTS FOR (l:Lexicon) REQUIRE l.name IS UNIQUE'[0m
[32m[2025-10-30 23:31:41] [INFO    ] [neo4j.notifications] Received notification from DBMS server: {severity: INFORMATION} {code: Neo.ClientNotification.Schema.IndexOrConstraintAlreadyExists} {category: SCHEMA} {title: `CREATE CONSTRAINT EpisodeId IF NOT EXISTS FOR (e:Episode) REQUIRE (e.id) IS UNIQUE` has no effect.} {description: `CONSTRAINT EpisodeId FOR (e:Episode) REQUIRE (e.id) IS UNIQUE` already exists.} {position: None} for query: 'CREATE CONSTRAINT EpisodeId IF NOT EXISTS FOR (e:Episode) REQUIRE e.id IS UNIQUE'[0m
[32m[2025-10-30 23:31:41] [INFO    ] [neo4j.notifications] Received notification from DBMS server: {severity: INFORMATION} {code: Neo.ClientNotification.Schema.IndexOrConstraintAlreadyExists} {category: SCHEMA} {title: `CREATE CONSTRAINT InferenceEpisodeId IF NOT EXISTS FOR (e:InferenceEpisode) REQUIRE (e.id) IS UNIQUE` has no effect.} {description: `CONSTRAINT InferenceEpisodeId FOR (e:InferenceEpisode) REQUIRE (e.id) IS UNIQUE` already exists.} {position: None} for query: 'CREATE CONSTRAINT InferenceEpisodeId IF NOT EXISTS FOR (ie:InferenceEpisode) REQUIRE ie.id IS UNIQUE'[0m
[32m[2025-10-30 23:31:41] [INFO    ] [neo4j.notifications] Received notification from DBMS server: {severity: INFORMATION} {code: Neo.ClientNotification.Schema.IndexOrConstraintAlreadyExists} {category: SCHEMA} {title: `CREATE CONSTRAINT ProofStepId IF NOT EXISTS FOR (e:ProofStep) REQUIRE (e.id) IS UNIQUE` has no effect.} {description: `CONSTRAINT ProofStepId FOR (e:ProofStep) REQUIRE (e.id) IS UNIQUE` already exists.} {position: None} for query: 'CREATE CONSTRAINT ProofStepId IF NOT EXISTS FOR (ps:ProofStep) REQUIRE ps.id IS UNIQUE'[0m
[32m[2025-10-30 23:31:41] [INFO    ] [neo4j.notifications] Received notification from DBMS server: {severity: INFORMATION} {code: Neo.ClientNotification.Schema.IndexOrConstraintAlreadyExists} {category: SCHEMA} {title: `CREATE CONSTRAINT HypothesisId IF NOT EXISTS FOR (e:Hypothesis) REQUIRE (e.id) IS UNIQUE` has no effect.} {description: `CONSTRAINT HypothesisId FOR (e:Hypothesis) REQUIRE (e.id) IS UNIQUE` already exists.} {position: None} for query: 'CREATE CONSTRAINT HypothesisId IF NOT EXISTS FOR (h:Hypothesis) REQUIRE h.id IS UNIQUE'[0m
[32m[2025-10-30 23:31:41] [INFO    ] [component_1_netzwerk_core] Neo4j Constraints erfolgreich konfiguriert[0m
[32m[2025-10-30 23:31:41] [INFO    ] [neo4j.notifications] Received notification from DBMS server: {severity: INFORMATION} {code: Neo.ClientNotification.Schema.IndexOrConstraintAlreadyExists} {category: SCHEMA} {title: `CREATE CONSTRAINT UsageContextId IF NOT EXISTS FOR (e:UsageContext) REQUIRE (e.id) IS UNIQUE` has no effect.} {description: `CONSTRAINT UsageContextId FOR (e:UsageContext) REQUIRE (e.id) IS UNIQUE` already exists.} {position: None} for query: '\n                CREATE CONSTRAINT UsageContextId IF NOT EXISTS\n                FOR (uc:UsageContext) REQUIRE uc.id IS UNIQUE\n                '[0m
[32m[2025-10-30 23:31:41] [INFO    ] [neo4j.notifications] Received notification from DBMS server: {severity: INFORMATION} {code: Neo.ClientNotification.Schema.IndexOrConstraintAlreadyExists} {category: SCHEMA} {title: `CREATE CONSTRAINT TypoFeedbackId IF NOT EXISTS FOR (e:TypoFeedback) REQUIRE (e.id) IS UNIQUE` has no effect.} {description: `CONSTRAINT TypoFeedbackId FOR (e:TypoFeedback) REQUIRE (e.id) IS UNIQUE` already exists.} {position: None} for query: '\n                CREATE CONSTRAINT TypoFeedbackId IF NOT EXISTS\n                FOR (tf:TypoFeedback) REQUIRE tf.id IS UNIQUE\n                '[0m
[32m[2025-10-30 23:31:41] [INFO    ] [component_1_netzwerk_memory] InferenceEpisode erstellt: test_explanation | episode_id=f7e7fd43-f301-4e8b-8828-7922f9a53e01 | query=test_explain_query[0m
[33m[2025-10-30 23:31:41] [WARNING ] [neo4j.notifications] Received notification from DBMS server: {severity: WARNING} {code: Neo.ClientNotification.Statement.UnknownRelationshipTypeWarning} {category: UNRECOGNIZED} {title: The provided relationship type is not in the database.} {description: One of the relationship types in your query is not available in the database, make sure you didn't misspell it or that the label is available when you run this statement in your application (the missing relationship type is: APPLIED_RULE)} {position: line: 5, column: 43, offset: 241} for query: '\n                    MATCH (ie:InferenceEpisode {id: $episode_id})\n                    OPTIONAL MATCH (ie)-[:USED_FACT]->(f:InferenceFact)\n                    WITH ie, collect(f.fact_id) AS fact_ids\n                    OPTIONAL MATCH (ie)-[:APPLIED_RULE]->(r:Regel)\n                    WITH ie, fact_ids, collect(r.id) AS rule_ids\n                    OPTIONAL MATCH (ie)-[:PRODUCED]->(ps:ProofStep)\n                    RETURN ie.inference_type AS inference_type,\n                           ie.query AS query,\n                           ie.metadata AS metadata,\n                           fact_ids,\n                           rule_ids,\n                           ps.id AS root_step_id,\n                           ps.confidence AS final_confidence\n                    '[0m
PASSED
tests/test_episodic_reasoning.py::TestEdgeCases::test_create_episode_without_metadata [32m[2025-10-30 23:31:41] [INFO    ] [component_1_netzwerk_core] Initialisiere Neo4j-Verbindung | uri=bolt://127.0.0.1:7687 | user=neo4j[0m
[32m[2025-10-30 23:31:41] [INFO    ] [component_1_netzwerk_core] Neo4j-Verbindung erfolgreich hergestellt | uri=bolt://127.0.0.1:7687[0m
[32m[2025-10-30 23:31:41] [INFO    ] [neo4j.notifications] Received notification from DBMS server: {severity: INFORMATION} {code: Neo.ClientNotification.Schema.IndexOrConstraintAlreadyExists} {category: SCHEMA} {title: `CREATE CONSTRAINT WortLemma IF NOT EXISTS FOR (e:Wort) REQUIRE (e.lemma) IS UNIQUE` has no effect.} {description: `CONSTRAINT WortLemma FOR (e:Wort) REQUIRE (e.lemma) IS UNIQUE` already exists.} {position: None} for query: 'CREATE CONSTRAINT WortLemma IF NOT EXISTS FOR (w:Wort) REQUIRE w.lemma IS UNIQUE'[0m
[32m[2025-10-30 23:31:41] [INFO    ] [neo4j.notifications] Received notification from DBMS server: {severity: INFORMATION} {code: Neo.ClientNotification.Schema.IndexOrConstraintAlreadyExists} {category: SCHEMA} {title: `CREATE CONSTRAINT KonzeptName IF NOT EXISTS FOR (e:Konzept) REQUIRE (e.name) IS UNIQUE` has no effect.} {description: `CONSTRAINT KonzeptName FOR (e:Konzept) REQUIRE (e.name) IS UNIQUE` already exists.} {position: None} for query: 'CREATE CONSTRAINT KonzeptName IF NOT EXISTS FOR (k:Konzept) REQUIRE k.name IS UNIQUE'[0m
[32m[2025-10-30 23:31:41] [INFO    ] [neo4j.notifications] Received notification from DBMS server: {severity: INFORMATION} {code: Neo.ClientNotification.Schema.IndexOrConstraintAlreadyExists} {category: SCHEMA} {title: `CREATE CONSTRAINT ExtractionRuleType IF NOT EXISTS FOR (e:ExtractionRule) REQUIRE (e.relation_type) IS UNIQUE` has no effect.} {description: `CONSTRAINT ExtractionRuleType FOR (e:ExtractionRule) REQUIRE (e.relation_type) IS UNIQUE` already exists.} {position: None} for query: 'CREATE CONSTRAINT ExtractionRuleType IF NOT EXISTS FOR (r:ExtractionRule) REQUIRE r.relation_type IS UNIQUE'[0m
[32m[2025-10-30 23:31:41] [INFO    ] [neo4j.notifications] Received notification from DBMS server: {severity: INFORMATION} {code: Neo.ClientNotification.Schema.IndexOrConstraintAlreadyExists} {category: SCHEMA} {title: `CREATE CONSTRAINT PatternPrototypeId IF NOT EXISTS FOR (e:PatternPrototype) REQUIRE (e.id) IS UNIQUE` has no effect.} {description: `CONSTRAINT PatternPrototypeId FOR (e:PatternPrototype) REQUIRE (e.id) IS UNIQUE` already exists.} {position: None} for query: 'CREATE CONSTRAINT PatternPrototypeId IF NOT EXISTS FOR (p:PatternPrototype) REQUIRE p.id IS UNIQUE'[0m
[32m[2025-10-30 23:31:41] [INFO    ] [neo4j.notifications] Received notification from DBMS server: {severity: INFORMATION} {code: Neo.ClientNotification.Schema.IndexOrConstraintAlreadyExists} {category: SCHEMA} {title: `CREATE CONSTRAINT LexiconName IF NOT EXISTS FOR (e:Lexicon) REQUIRE (e.name) IS UNIQUE` has no effect.} {description: `CONSTRAINT LexiconName FOR (e:Lexicon) REQUIRE (e.name) IS UNIQUE` already exists.} {position: None} for query: 'CREATE CONSTRAINT LexiconName IF NOT EXISTS FOR (l:Lexicon) REQUIRE l.name IS UNIQUE'[0m
[32m[2025-10-30 23:31:41] [INFO    ] [neo4j.notifications] Received notification from DBMS server: {severity: INFORMATION} {code: Neo.ClientNotification.Schema.IndexOrConstraintAlreadyExists} {category: SCHEMA} {title: `CREATE CONSTRAINT EpisodeId IF NOT EXISTS FOR (e:Episode) REQUIRE (e.id) IS UNIQUE` has no effect.} {description: `CONSTRAINT EpisodeId FOR (e:Episode) REQUIRE (e.id) IS UNIQUE` already exists.} {position: None} for query: 'CREATE CONSTRAINT EpisodeId IF NOT EXISTS FOR (e:Episode) REQUIRE e.id IS UNIQUE'[0m
[32m[2025-10-30 23:31:41] [INFO    ] [neo4j.notifications] Received notification from DBMS server: {severity: INFORMATION} {code: Neo.ClientNotification.Schema.IndexOrConstraintAlreadyExists} {category: SCHEMA} {title: `CREATE CONSTRAINT InferenceEpisodeId IF NOT EXISTS FOR (e:InferenceEpisode) REQUIRE (e.id) IS UNIQUE` has no effect.} {description: `CONSTRAINT InferenceEpisodeId FOR (e:InferenceEpisode) REQUIRE (e.id) IS UNIQUE` already exists.} {position: None} for query: 'CREATE CONSTRAINT InferenceEpisodeId IF NOT EXISTS FOR (ie:InferenceEpisode) REQUIRE ie.id IS UNIQUE'[0m
[32m[2025-10-30 23:31:41] [INFO    ] [neo4j.notifications] Received notification from DBMS server: {severity: INFORMATION} {code: Neo.ClientNotification.Schema.IndexOrConstraintAlreadyExists} {category: SCHEMA} {title: `CREATE CONSTRAINT ProofStepId IF NOT EXISTS FOR (e:ProofStep) REQUIRE (e.id) IS UNIQUE` has no effect.} {description: `CONSTRAINT ProofStepId FOR (e:ProofStep) REQUIRE (e.id) IS UNIQUE` already exists.} {position: None} for query: 'CREATE CONSTRAINT ProofStepId IF NOT EXISTS FOR (ps:ProofStep) REQUIRE ps.id IS UNIQUE'[0m
[32m[2025-10-30 23:31:41] [INFO    ] [neo4j.notifications] Received notification from DBMS server: {severity: INFORMATION} {code: Neo.ClientNotification.Schema.IndexOrConstraintAlreadyExists} {category: SCHEMA} {title: `CREATE CONSTRAINT HypothesisId IF NOT EXISTS FOR (e:Hypothesis) REQUIRE (e.id) IS UNIQUE` has no effect.} {description: `CONSTRAINT HypothesisId FOR (e:Hypothesis) REQUIRE (e.id) IS UNIQUE` already exists.} {position: None} for query: 'CREATE CONSTRAINT HypothesisId IF NOT EXISTS FOR (h:Hypothesis) REQUIRE h.id IS UNIQUE'[0m
[32m[2025-10-30 23:31:41] [INFO    ] [component_1_netzwerk_core] Neo4j Constraints erfolgreich konfiguriert[0m
[32m[2025-10-30 23:31:41] [INFO    ] [neo4j.notifications] Received notification from DBMS server: {severity: INFORMATION} {code: Neo.ClientNotification.Schema.IndexOrConstraintAlreadyExists} {category: SCHEMA} {title: `CREATE CONSTRAINT UsageContextId IF NOT EXISTS FOR (e:UsageContext) REQUIRE (e.id) IS UNIQUE` has no effect.} {description: `CONSTRAINT UsageContextId FOR (e:UsageContext) REQUIRE (e.id) IS UNIQUE` already exists.} {position: None} for query: '\n                CREATE CONSTRAINT UsageContextId IF NOT EXISTS\n                FOR (uc:UsageContext) REQUIRE uc.id IS UNIQUE\n                '[0m
[32m[2025-10-30 23:31:41] [INFO    ] [neo4j.notifications] Received notification from DBMS server: {severity: INFORMATION} {code: Neo.ClientNotification.Schema.IndexOrConstraintAlreadyExists} {category: SCHEMA} {title: `CREATE CONSTRAINT TypoFeedbackId IF NOT EXISTS FOR (e:TypoFeedback) REQUIRE (e.id) IS UNIQUE` has no effect.} {description: `CONSTRAINT TypoFeedbackId FOR (e:TypoFeedback) REQUIRE (e.id) IS UNIQUE` already exists.} {position: None} for query: '\n                CREATE CONSTRAINT TypoFeedbackId IF NOT EXISTS\n                FOR (tf:TypoFeedback) REQUIRE tf.id IS UNIQUE\n                '[0m
[32m[2025-10-30 23:31:41] [INFO    ] [component_1_netzwerk_memory] InferenceEpisode erstellt: test_no_metadata | episode_id=0b4ec911-872c-4a48-a008-612629b4c36c | query=test_query_no_meta[0m
PASSED
tests/test_episodic_reasoning.py::TestEdgeCases::test_query_nonexistent_episode [32m[2025-10-30 23:31:41] [INFO    ] [component_1_netzwerk_core] Initialisiere Neo4j-Verbindung | uri=bolt://127.0.0.1:7687 | user=neo4j[0m
[32m[2025-10-30 23:31:41] [INFO    ] [component_1_netzwerk_core] Neo4j-Verbindung erfolgreich hergestellt | uri=bolt://127.0.0.1:7687[0m
[32m[2025-10-30 23:31:41] [INFO    ] [neo4j.notifications] Received notification from DBMS server: {severity: INFORMATION} {code: Neo.ClientNotification.Schema.IndexOrConstraintAlreadyExists} {category: SCHEMA} {title: `CREATE CONSTRAINT WortLemma IF NOT EXISTS FOR (e:Wort) REQUIRE (e.lemma) IS UNIQUE` has no effect.} {description: `CONSTRAINT WortLemma FOR (e:Wort) REQUIRE (e.lemma) IS UNIQUE` already exists.} {position: None} for query: 'CREATE CONSTRAINT WortLemma IF NOT EXISTS FOR (w:Wort) REQUIRE w.lemma IS UNIQUE'[0m
[32m[2025-10-30 23:31:41] [INFO    ] [neo4j.notifications] Received notification from DBMS server: {severity: INFORMATION} {code: Neo.ClientNotification.Schema.IndexOrConstraintAlreadyExists} {category: SCHEMA} {title: `CREATE CONSTRAINT KonzeptName IF NOT EXISTS FOR (e:Konzept) REQUIRE (e.name) IS UNIQUE` has no effect.} {description: `CONSTRAINT KonzeptName FOR (e:Konzept) REQUIRE (e.name) IS UNIQUE` already exists.} {position: None} for query: 'CREATE CONSTRAINT KonzeptName IF NOT EXISTS FOR (k:Konzept) REQUIRE k.name IS UNIQUE'[0m
[32m[2025-10-30 23:31:41] [INFO    ] [neo4j.notifications] Received notification from DBMS server: {severity: INFORMATION} {code: Neo.ClientNotification.Schema.IndexOrConstraintAlreadyExists} {category: SCHEMA} {title: `CREATE CONSTRAINT ExtractionRuleType IF NOT EXISTS FOR (e:ExtractionRule) REQUIRE (e.relation_type) IS UNIQUE` has no effect.} {description: `CONSTRAINT ExtractionRuleType FOR (e:ExtractionRule) REQUIRE (e.relation_type) IS UNIQUE` already exists.} {position: None} for query: 'CREATE CONSTRAINT ExtractionRuleType IF NOT EXISTS FOR (r:ExtractionRule) REQUIRE r.relation_type IS UNIQUE'[0m
[32m[2025-10-30 23:31:41] [INFO    ] [neo4j.notifications] Received notification from DBMS server: {severity: INFORMATION} {code: Neo.ClientNotification.Schema.IndexOrConstraintAlreadyExists} {category: SCHEMA} {title: `CREATE CONSTRAINT PatternPrototypeId IF NOT EXISTS FOR (e:PatternPrototype) REQUIRE (e.id) IS UNIQUE` has no effect.} {description: `CONSTRAINT PatternPrototypeId FOR (e:PatternPrototype) REQUIRE (e.id) IS UNIQUE` already exists.} {position: None} for query: 'CREATE CONSTRAINT PatternPrototypeId IF NOT EXISTS FOR (p:PatternPrototype) REQUIRE p.id IS UNIQUE'[0m
[32m[2025-10-30 23:31:41] [INFO    ] [neo4j.notifications] Received notification from DBMS server: {severity: INFORMATION} {code: Neo.ClientNotification.Schema.IndexOrConstraintAlreadyExists} {category: SCHEMA} {title: `CREATE CONSTRAINT LexiconName IF NOT EXISTS FOR (e:Lexicon) REQUIRE (e.name) IS UNIQUE` has no effect.} {description: `CONSTRAINT LexiconName FOR (e:Lexicon) REQUIRE (e.name) IS UNIQUE` already exists.} {position: None} for query: 'CREATE CONSTRAINT LexiconName IF NOT EXISTS FOR (l:Lexicon) REQUIRE l.name IS UNIQUE'[0m
[32m[2025-10-30 23:31:41] [INFO    ] [neo4j.notifications] Received notification from DBMS server: {severity: INFORMATION} {code: Neo.ClientNotification.Schema.IndexOrConstraintAlreadyExists} {category: SCHEMA} {title: `CREATE CONSTRAINT EpisodeId IF NOT EXISTS FOR (e:Episode) REQUIRE (e.id) IS UNIQUE` has no effect.} {description: `CONSTRAINT EpisodeId FOR (e:Episode) REQUIRE (e.id) IS UNIQUE` already exists.} {position: None} for query: 'CREATE CONSTRAINT EpisodeId IF NOT EXISTS FOR (e:Episode) REQUIRE e.id IS UNIQUE'[0m
[32m[2025-10-30 23:31:41] [INFO    ] [neo4j.notifications] Received notification from DBMS server: {severity: INFORMATION} {code: Neo.ClientNotification.Schema.IndexOrConstraintAlreadyExists} {category: SCHEMA} {title: `CREATE CONSTRAINT InferenceEpisodeId IF NOT EXISTS FOR (e:InferenceEpisode) REQUIRE (e.id) IS UNIQUE` has no effect.} {description: `CONSTRAINT InferenceEpisodeId FOR (e:InferenceEpisode) REQUIRE (e.id) IS UNIQUE` already exists.} {position: None} for query: 'CREATE CONSTRAINT InferenceEpisodeId IF NOT EXISTS FOR (ie:InferenceEpisode) REQUIRE ie.id IS UNIQUE'[0m
[32m[2025-10-30 23:31:41] [INFO    ] [neo4j.notifications] Received notification from DBMS server: {severity: INFORMATION} {code: Neo.ClientNotification.Schema.IndexOrConstraintAlreadyExists} {category: SCHEMA} {title: `CREATE CONSTRAINT ProofStepId IF NOT EXISTS FOR (e:ProofStep) REQUIRE (e.id) IS UNIQUE` has no effect.} {description: `CONSTRAINT ProofStepId FOR (e:ProofStep) REQUIRE (e.id) IS UNIQUE` already exists.} {position: None} for query: 'CREATE CONSTRAINT ProofStepId IF NOT EXISTS FOR (ps:ProofStep) REQUIRE ps.id IS UNIQUE'[0m
[32m[2025-10-30 23:31:41] [INFO    ] [neo4j.notifications] Received notification from DBMS server: {severity: INFORMATION} {code: Neo.ClientNotification.Schema.IndexOrConstraintAlreadyExists} {category: SCHEMA} {title: `CREATE CONSTRAINT HypothesisId IF NOT EXISTS FOR (e:Hypothesis) REQUIRE (e.id) IS UNIQUE` has no effect.} {description: `CONSTRAINT HypothesisId FOR (e:Hypothesis) REQUIRE (e.id) IS UNIQUE` already exists.} {position: None} for query: 'CREATE CONSTRAINT HypothesisId IF NOT EXISTS FOR (h:Hypothesis) REQUIRE h.id IS UNIQUE'[0m
[32m[2025-10-30 23:31:41] [INFO    ] [component_1_netzwerk_core] Neo4j Constraints erfolgreich konfiguriert[0m
[32m[2025-10-30 23:31:41] [INFO    ] [neo4j.notifications] Received notification from DBMS server: {severity: INFORMATION} {code: Neo.ClientNotification.Schema.IndexOrConstraintAlreadyExists} {category: SCHEMA} {title: `CREATE CONSTRAINT UsageContextId IF NOT EXISTS FOR (e:UsageContext) REQUIRE (e.id) IS UNIQUE` has no effect.} {description: `CONSTRAINT UsageContextId FOR (e:UsageContext) REQUIRE (e.id) IS UNIQUE` already exists.} {position: None} for query: '\n                CREATE CONSTRAINT UsageContextId IF NOT EXISTS\n                FOR (uc:UsageContext) REQUIRE uc.id IS UNIQUE\n                '[0m
[32m[2025-10-30 23:31:41] [INFO    ] [neo4j.notifications] Received notification from DBMS server: {severity: INFORMATION} {code: Neo.ClientNotification.Schema.IndexOrConstraintAlreadyExists} {category: SCHEMA} {title: `CREATE CONSTRAINT TypoFeedbackId IF NOT EXISTS FOR (e:TypoFeedback) REQUIRE (e.id) IS UNIQUE` has no effect.} {description: `CONSTRAINT TypoFeedbackId FOR (e:TypoFeedback) REQUIRE (e.id) IS UNIQUE` already exists.} {position: None} for query: '\n                CREATE CONSTRAINT TypoFeedbackId IF NOT EXISTS\n                FOR (tf:TypoFeedback) REQUIRE tf.id IS UNIQUE\n                '[0m
[33m[2025-10-30 23:31:41] [WARNING ] [neo4j.notifications] Received notification from DBMS server: {severity: WARNING} {code: Neo.ClientNotification.Statement.UnknownRelationshipTypeWarning} {category: UNRECOGNIZED} {title: The provided relationship type is not in the database.} {description: One of the relationship types in your query is not available in the database, make sure you didn't misspell it or that the label is available when you run this statement in your application (the missing relationship type is: APPLIED_RULE)} {position: line: 5, column: 43, offset: 241} for query: '\n                    MATCH (ie:InferenceEpisode {id: $episode_id})\n                    OPTIONAL MATCH (ie)-[:USED_FACT]->(f:InferenceFact)\n                    WITH ie, collect(f.fact_id) AS fact_ids\n                    OPTIONAL MATCH (ie)-[:APPLIED_RULE]->(r:Regel)\n                    WITH ie, fact_ids, collect(r.id) AS rule_ids\n                    OPTIONAL MATCH (ie)-[:PRODUCED]->(ps:ProofStep)\n                    RETURN ie.inference_type AS inference_type,\n                           ie.query AS query,\n                           ie.metadata AS metadata,\n                           fact_ids,\n                           rule_ids,\n                           ps.id AS root_step_id,\n                           ps.confidence AS final_confidence\n                    '[0m
PASSED
tests/test_episodic_reasoning.py::TestEdgeCases::test_get_proof_tree_nonexistent [32m[2025-10-30 23:31:41] [INFO    ] [component_1_netzwerk_core] Initialisiere Neo4j-Verbindung | uri=bolt://127.0.0.1:7687 | user=neo4j[0m
[32m[2025-10-30 23:31:41] [INFO    ] [component_1_netzwerk_core] Neo4j-Verbindung erfolgreich hergestellt | uri=bolt://127.0.0.1:7687[0m
[32m[2025-10-30 23:31:41] [INFO    ] [neo4j.notifications] Received notification from DBMS server: {severity: INFORMATION} {code: Neo.ClientNotification.Schema.IndexOrConstraintAlreadyExists} {category: SCHEMA} {title: `CREATE CONSTRAINT WortLemma IF NOT EXISTS FOR (e:Wort) REQUIRE (e.lemma) IS UNIQUE` has no effect.} {description: `CONSTRAINT WortLemma FOR (e:Wort) REQUIRE (e.lemma) IS UNIQUE` already exists.} {position: None} for query: 'CREATE CONSTRAINT WortLemma IF NOT EXISTS FOR (w:Wort) REQUIRE w.lemma IS UNIQUE'[0m
[32m[2025-10-30 23:31:41] [INFO    ] [neo4j.notifications] Received notification from DBMS server: {severity: INFORMATION} {code: Neo.ClientNotification.Schema.IndexOrConstraintAlreadyExists} {category: SCHEMA} {title: `CREATE CONSTRAINT KonzeptName IF NOT EXISTS FOR (e:Konzept) REQUIRE (e.name) IS UNIQUE` has no effect.} {description: `CONSTRAINT KonzeptName FOR (e:Konzept) REQUIRE (e.name) IS UNIQUE` already exists.} {position: None} for query: 'CREATE CONSTRAINT KonzeptName IF NOT EXISTS FOR (k:Konzept) REQUIRE k.name IS UNIQUE'[0m
[32m[2025-10-30 23:31:41] [INFO    ] [neo4j.notifications] Received notification from DBMS server: {severity: INFORMATION} {code: Neo.ClientNotification.Schema.IndexOrConstraintAlreadyExists} {category: SCHEMA} {title: `CREATE CONSTRAINT ExtractionRuleType IF NOT EXISTS FOR (e:ExtractionRule) REQUIRE (e.relation_type) IS UNIQUE` has no effect.} {description: `CONSTRAINT ExtractionRuleType FOR (e:ExtractionRule) REQUIRE (e.relation_type) IS UNIQUE` already exists.} {position: None} for query: 'CREATE CONSTRAINT ExtractionRuleType IF NOT EXISTS FOR (r:ExtractionRule) REQUIRE r.relation_type IS UNIQUE'[0m
[32m[2025-10-30 23:31:41] [INFO    ] [neo4j.notifications] Received notification from DBMS server: {severity: INFORMATION} {code: Neo.ClientNotification.Schema.IndexOrConstraintAlreadyExists} {category: SCHEMA} {title: `CREATE CONSTRAINT PatternPrototypeId IF NOT EXISTS FOR (e:PatternPrototype) REQUIRE (e.id) IS UNIQUE` has no effect.} {description: `CONSTRAINT PatternPrototypeId FOR (e:PatternPrototype) REQUIRE (e.id) IS UNIQUE` already exists.} {position: None} for query: 'CREATE CONSTRAINT PatternPrototypeId IF NOT EXISTS FOR (p:PatternPrototype) REQUIRE p.id IS UNIQUE'[0m
[32m[2025-10-30 23:31:41] [INFO    ] [neo4j.notifications] Received notification from DBMS server: {severity: INFORMATION} {code: Neo.ClientNotification.Schema.IndexOrConstraintAlreadyExists} {category: SCHEMA} {title: `CREATE CONSTRAINT LexiconName IF NOT EXISTS FOR (e:Lexicon) REQUIRE (e.name) IS UNIQUE` has no effect.} {description: `CONSTRAINT LexiconName FOR (e:Lexicon) REQUIRE (e.name) IS UNIQUE` already exists.} {position: None} for query: 'CREATE CONSTRAINT LexiconName IF NOT EXISTS FOR (l:Lexicon) REQUIRE l.name IS UNIQUE'[0m
[32m[2025-10-30 23:31:41] [INFO    ] [neo4j.notifications] Received notification from DBMS server: {severity: INFORMATION} {code: Neo.ClientNotification.Schema.IndexOrConstraintAlreadyExists} {category: SCHEMA} {title: `CREATE CONSTRAINT EpisodeId IF NOT EXISTS FOR (e:Episode) REQUIRE (e.id) IS UNIQUE` has no effect.} {description: `CONSTRAINT EpisodeId FOR (e:Episode) REQUIRE (e.id) IS UNIQUE` already exists.} {position: None} for query: 'CREATE CONSTRAINT EpisodeId IF NOT EXISTS FOR (e:Episode) REQUIRE e.id IS UNIQUE'[0m
[32m[2025-10-30 23:31:41] [INFO    ] [neo4j.notifications] Received notification from DBMS server: {severity: INFORMATION} {code: Neo.ClientNotification.Schema.IndexOrConstraintAlreadyExists} {category: SCHEMA} {title: `CREATE CONSTRAINT InferenceEpisodeId IF NOT EXISTS FOR (e:InferenceEpisode) REQUIRE (e.id) IS UNIQUE` has no effect.} {description: `CONSTRAINT InferenceEpisodeId FOR (e:InferenceEpisode) REQUIRE (e.id) IS UNIQUE` already exists.} {position: None} for query: 'CREATE CONSTRAINT InferenceEpisodeId IF NOT EXISTS FOR (ie:InferenceEpisode) REQUIRE ie.id IS UNIQUE'[0m
[32m[2025-10-30 23:31:41] [INFO    ] [neo4j.notifications] Received notification from DBMS server: {severity: INFORMATION} {code: Neo.ClientNotification.Schema.IndexOrConstraintAlreadyExists} {category: SCHEMA} {title: `CREATE CONSTRAINT ProofStepId IF NOT EXISTS FOR (e:ProofStep) REQUIRE (e.id) IS UNIQUE` has no effect.} {description: `CONSTRAINT ProofStepId FOR (e:ProofStep) REQUIRE (e.id) IS UNIQUE` already exists.} {position: None} for query: 'CREATE CONSTRAINT ProofStepId IF NOT EXISTS FOR (ps:ProofStep) REQUIRE ps.id IS UNIQUE'[0m
[32m[2025-10-30 23:31:41] [INFO    ] [neo4j.notifications] Received notification from DBMS server: {severity: INFORMATION} {code: Neo.ClientNotification.Schema.IndexOrConstraintAlreadyExists} {category: SCHEMA} {title: `CREATE CONSTRAINT HypothesisId IF NOT EXISTS FOR (e:Hypothesis) REQUIRE (e.id) IS UNIQUE` has no effect.} {description: `CONSTRAINT HypothesisId FOR (e:Hypothesis) REQUIRE (e.id) IS UNIQUE` already exists.} {position: None} for query: 'CREATE CONSTRAINT HypothesisId IF NOT EXISTS FOR (h:Hypothesis) REQUIRE h.id IS UNIQUE'[0m
[32m[2025-10-30 23:31:41] [INFO    ] [component_1_netzwerk_core] Neo4j Constraints erfolgreich konfiguriert[0m
[32m[2025-10-30 23:31:41] [INFO    ] [neo4j.notifications] Received notification from DBMS server: {severity: INFORMATION} {code: Neo.ClientNotification.Schema.IndexOrConstraintAlreadyExists} {category: SCHEMA} {title: `CREATE CONSTRAINT UsageContextId IF NOT EXISTS FOR (e:UsageContext) REQUIRE (e.id) IS UNIQUE` has no effect.} {description: `CONSTRAINT UsageContextId FOR (e:UsageContext) REQUIRE (e.id) IS UNIQUE` already exists.} {position: None} for query: '\n                CREATE CONSTRAINT UsageContextId IF NOT EXISTS\n                FOR (uc:UsageContext) REQUIRE uc.id IS UNIQUE\n                '[0m
[32m[2025-10-30 23:31:41] [INFO    ] [neo4j.notifications] Received notification from DBMS server: {severity: INFORMATION} {code: Neo.ClientNotification.Schema.IndexOrConstraintAlreadyExists} {category: SCHEMA} {title: `CREATE CONSTRAINT TypoFeedbackId IF NOT EXISTS FOR (e:TypoFeedback) REQUIRE (e.id) IS UNIQUE` has no effect.} {description: `CONSTRAINT TypoFeedbackId FOR (e:TypoFeedback) REQUIRE (e.id) IS UNIQUE` already exists.} {position: None} for query: '\n                CREATE CONSTRAINT TypoFeedbackId IF NOT EXISTS\n                FOR (tf:TypoFeedback) REQUIRE tf.id IS UNIQUE\n                '[0m
[33m[2025-10-30 23:31:41] [WARNING ] [component_1_netzwerk_memory] ProofStep nicht gefunden: nonexistent-step-id[0m
PASSED
tests/test_error_paths_and_resilience.py::test_netzwerk_handles_service_unavailable [32m[2025-10-30 23:31:41] [INFO    ] [component_1_netzwerk_core] Initialisiere Neo4j-Verbindung | uri=bolt://127.0.0.1:7687 | user=neo4j[0m
[32m[2025-10-30 23:31:41] [INFO    ] [component_1_netzwerk_core] Neo4j-Verbindung erfolgreich hergestellt | uri=bolt://127.0.0.1:7687[0m
[32m[2025-10-30 23:31:41] [INFO    ] [neo4j.notifications] Received notification from DBMS server: {severity: INFORMATION} {code: Neo.ClientNotification.Schema.IndexOrConstraintAlreadyExists} {category: SCHEMA} {title: `CREATE CONSTRAINT WortLemma IF NOT EXISTS FOR (e:Wort) REQUIRE (e.lemma) IS UNIQUE` has no effect.} {description: `CONSTRAINT WortLemma FOR (e:Wort) REQUIRE (e.lemma) IS UNIQUE` already exists.} {position: None} for query: 'CREATE CONSTRAINT WortLemma IF NOT EXISTS FOR (w:Wort) REQUIRE w.lemma IS UNIQUE'[0m
[32m[2025-10-30 23:31:41] [INFO    ] [neo4j.notifications] Received notification from DBMS server: {severity: INFORMATION} {code: Neo.ClientNotification.Schema.IndexOrConstraintAlreadyExists} {category: SCHEMA} {title: `CREATE CONSTRAINT KonzeptName IF NOT EXISTS FOR (e:Konzept) REQUIRE (e.name) IS UNIQUE` has no effect.} {description: `CONSTRAINT KonzeptName FOR (e:Konzept) REQUIRE (e.name) IS UNIQUE` already exists.} {position: None} for query: 'CREATE CONSTRAINT KonzeptName IF NOT EXISTS FOR (k:Konzept) REQUIRE k.name IS UNIQUE'[0m
[32m[2025-10-30 23:31:41] [INFO    ] [neo4j.notifications] Received notification from DBMS server: {severity: INFORMATION} {code: Neo.ClientNotification.Schema.IndexOrConstraintAlreadyExists} {category: SCHEMA} {title: `CREATE CONSTRAINT ExtractionRuleType IF NOT EXISTS FOR (e:ExtractionRule) REQUIRE (e.relation_type) IS UNIQUE` has no effect.} {description: `CONSTRAINT ExtractionRuleType FOR (e:ExtractionRule) REQUIRE (e.relation_type) IS UNIQUE` already exists.} {position: None} for query: 'CREATE CONSTRAINT ExtractionRuleType IF NOT EXISTS FOR (r:ExtractionRule) REQUIRE r.relation_type IS UNIQUE'[0m
[32m[2025-10-30 23:31:41] [INFO    ] [neo4j.notifications] Received notification from DBMS server: {severity: INFORMATION} {code: Neo.ClientNotification.Schema.IndexOrConstraintAlreadyExists} {category: SCHEMA} {title: `CREATE CONSTRAINT PatternPrototypeId IF NOT EXISTS FOR (e:PatternPrototype) REQUIRE (e.id) IS UNIQUE` has no effect.} {description: `CONSTRAINT PatternPrototypeId FOR (e:PatternPrototype) REQUIRE (e.id) IS UNIQUE` already exists.} {position: None} for query: 'CREATE CONSTRAINT PatternPrototypeId IF NOT EXISTS FOR (p:PatternPrototype) REQUIRE p.id IS UNIQUE'[0m
[32m[2025-10-30 23:31:41] [INFO    ] [neo4j.notifications] Received notification from DBMS server: {severity: INFORMATION} {code: Neo.ClientNotification.Schema.IndexOrConstraintAlreadyExists} {category: SCHEMA} {title: `CREATE CONSTRAINT LexiconName IF NOT EXISTS FOR (e:Lexicon) REQUIRE (e.name) IS UNIQUE` has no effect.} {description: `CONSTRAINT LexiconName FOR (e:Lexicon) REQUIRE (e.name) IS UNIQUE` already exists.} {position: None} for query: 'CREATE CONSTRAINT LexiconName IF NOT EXISTS FOR (l:Lexicon) REQUIRE l.name IS UNIQUE'[0m
[32m[2025-10-30 23:31:41] [INFO    ] [neo4j.notifications] Received notification from DBMS server: {severity: INFORMATION} {code: Neo.ClientNotification.Schema.IndexOrConstraintAlreadyExists} {category: SCHEMA} {title: `CREATE CONSTRAINT EpisodeId IF NOT EXISTS FOR (e:Episode) REQUIRE (e.id) IS UNIQUE` has no effect.} {description: `CONSTRAINT EpisodeId FOR (e:Episode) REQUIRE (e.id) IS UNIQUE` already exists.} {position: None} for query: 'CREATE CONSTRAINT EpisodeId IF NOT EXISTS FOR (e:Episode) REQUIRE e.id IS UNIQUE'[0m
[32m[2025-10-30 23:31:41] [INFO    ] [neo4j.notifications] Received notification from DBMS server: {severity: INFORMATION} {code: Neo.ClientNotification.Schema.IndexOrConstraintAlreadyExists} {category: SCHEMA} {title: `CREATE CONSTRAINT InferenceEpisodeId IF NOT EXISTS FOR (e:InferenceEpisode) REQUIRE (e.id) IS UNIQUE` has no effect.} {description: `CONSTRAINT InferenceEpisodeId FOR (e:InferenceEpisode) REQUIRE (e.id) IS UNIQUE` already exists.} {position: None} for query: 'CREATE CONSTRAINT InferenceEpisodeId IF NOT EXISTS FOR (ie:InferenceEpisode) REQUIRE ie.id IS UNIQUE'[0m
[32m[2025-10-30 23:31:41] [INFO    ] [neo4j.notifications] Received notification from DBMS server: {severity: INFORMATION} {code: Neo.ClientNotification.Schema.IndexOrConstraintAlreadyExists} {category: SCHEMA} {title: `CREATE CONSTRAINT ProofStepId IF NOT EXISTS FOR (e:ProofStep) REQUIRE (e.id) IS UNIQUE` has no effect.} {description: `CONSTRAINT ProofStepId FOR (e:ProofStep) REQUIRE (e.id) IS UNIQUE` already exists.} {position: None} for query: 'CREATE CONSTRAINT ProofStepId IF NOT EXISTS FOR (ps:ProofStep) REQUIRE ps.id IS UNIQUE'[0m
[32m[2025-10-30 23:31:41] [INFO    ] [neo4j.notifications] Received notification from DBMS server: {severity: INFORMATION} {code: Neo.ClientNotification.Schema.IndexOrConstraintAlreadyExists} {category: SCHEMA} {title: `CREATE CONSTRAINT HypothesisId IF NOT EXISTS FOR (e:Hypothesis) REQUIRE (e.id) IS UNIQUE` has no effect.} {description: `CONSTRAINT HypothesisId FOR (e:Hypothesis) REQUIRE (e.id) IS UNIQUE` already exists.} {position: None} for query: 'CREATE CONSTRAINT HypothesisId IF NOT EXISTS FOR (h:Hypothesis) REQUIRE h.id IS UNIQUE'[0m
[32m[2025-10-30 23:31:41] [INFO    ] [component_1_netzwerk_core] Neo4j Constraints erfolgreich konfiguriert[0m
[32m[2025-10-30 23:31:41] [INFO    ] [neo4j.notifications] Received notification from DBMS server: {severity: INFORMATION} {code: Neo.ClientNotification.Schema.IndexOrConstraintAlreadyExists} {category: SCHEMA} {title: `CREATE CONSTRAINT UsageContextId IF NOT EXISTS FOR (e:UsageContext) REQUIRE (e.id) IS UNIQUE` has no effect.} {description: `CONSTRAINT UsageContextId FOR (e:UsageContext) REQUIRE (e.id) IS UNIQUE` already exists.} {position: None} for query: '\n                CREATE CONSTRAINT UsageContextId IF NOT EXISTS\n                FOR (uc:UsageContext) REQUIRE uc.id IS UNIQUE\n                '[0m
[32m[2025-10-30 23:31:41] [INFO    ] [neo4j.notifications] Received notification from DBMS server: {severity: INFORMATION} {code: Neo.ClientNotification.Schema.IndexOrConstraintAlreadyExists} {category: SCHEMA} {title: `CREATE CONSTRAINT TypoFeedbackId IF NOT EXISTS FOR (e:TypoFeedback) REQUIRE (e.id) IS UNIQUE` has no effect.} {description: `CONSTRAINT TypoFeedbackId FOR (e:TypoFeedback) REQUIRE (e.id) IS UNIQUE` already exists.} {position: None} for query: '\n                CREATE CONSTRAINT TypoFeedbackId IF NOT EXISTS\n                FOR (tf:TypoFeedback) REQUIRE tf.id IS UNIQUE\n                '[0m
[31m[2025-10-30 23:31:41] [ERROR   ] [component_1_netzwerk_core] FAILED: query_graph_for_facts (duration: 0.05ms) | topic=test | duration_ms=0.053 | error=Neo4j connection lost[0m
[31m[2025-10-30 23:31:41] [ERROR   ] [component_1_netzwerk_core] Fehler in query_graph_for_facts: ServiceUnavailable: Neo4j connection lost
Traceback (most recent call last):
  File "C:\Users\gehri\desktop\kai-claude\component_1_netzwerk_core.py", line 382, in query_graph_for_facts
    with self.driver.session(database="neo4j") as session:
         ~~~~~~~~~~~~~~~~~~~^^^^^^^^^^^^^^^^^^
  File "C:\Users\gehri\AppData\Local\Programs\Python\Python313\Lib\unittest\mock.py", line 1167, in __call__
    return self._mock_call(*args, **kwargs)
           ~~~~~~~~~~~~~~~^^^^^^^^^^^^^^^^^
  File "C:\Users\gehri\AppData\Local\Programs\Python\Python313\Lib\unittest\mock.py", line 1171, in _mock_call
    return self._execute_mock_call(*args, **kwargs)
           ~~~~~~~~~~~~~~~~~~~~~~~^^^^^^^^^^^^^^^^^
  File "C:\Users\gehri\AppData\Local\Programs\Python\Python313\Lib\unittest\mock.py", line 1226, in _execute_mock_call
    raise effect
neo4j.exceptions.ServiceUnavailable: Neo4j connection lost
 | topic=test[0m
PASSED
tests/test_error_paths_and_resilience.py::test_netzwerk_handles_session_expired [32m[2025-10-30 23:31:41] [INFO    ] [component_1_netzwerk_core] Initialisiere Neo4j-Verbindung | uri=bolt://127.0.0.1:7687 | user=neo4j[0m
[32m[2025-10-30 23:31:41] [INFO    ] [component_1_netzwerk_core] Neo4j-Verbindung erfolgreich hergestellt | uri=bolt://127.0.0.1:7687[0m
[32m[2025-10-30 23:31:41] [INFO    ] [neo4j.notifications] Received notification from DBMS server: {severity: INFORMATION} {code: Neo.ClientNotification.Schema.IndexOrConstraintAlreadyExists} {category: SCHEMA} {title: `CREATE CONSTRAINT WortLemma IF NOT EXISTS FOR (e:Wort) REQUIRE (e.lemma) IS UNIQUE` has no effect.} {description: `CONSTRAINT WortLemma FOR (e:Wort) REQUIRE (e.lemma) IS UNIQUE` already exists.} {position: None} for query: 'CREATE CONSTRAINT WortLemma IF NOT EXISTS FOR (w:Wort) REQUIRE w.lemma IS UNIQUE'[0m
[32m[2025-10-30 23:31:41] [INFO    ] [neo4j.notifications] Received notification from DBMS server: {severity: INFORMATION} {code: Neo.ClientNotification.Schema.IndexOrConstraintAlreadyExists} {category: SCHEMA} {title: `CREATE CONSTRAINT KonzeptName IF NOT EXISTS FOR (e:Konzept) REQUIRE (e.name) IS UNIQUE` has no effect.} {description: `CONSTRAINT KonzeptName FOR (e:Konzept) REQUIRE (e.name) IS UNIQUE` already exists.} {position: None} for query: 'CREATE CONSTRAINT KonzeptName IF NOT EXISTS FOR (k:Konzept) REQUIRE k.name IS UNIQUE'[0m
[32m[2025-10-30 23:31:41] [INFO    ] [neo4j.notifications] Received notification from DBMS server: {severity: INFORMATION} {code: Neo.ClientNotification.Schema.IndexOrConstraintAlreadyExists} {category: SCHEMA} {title: `CREATE CONSTRAINT ExtractionRuleType IF NOT EXISTS FOR (e:ExtractionRule) REQUIRE (e.relation_type) IS UNIQUE` has no effect.} {description: `CONSTRAINT ExtractionRuleType FOR (e:ExtractionRule) REQUIRE (e.relation_type) IS UNIQUE` already exists.} {position: None} for query: 'CREATE CONSTRAINT ExtractionRuleType IF NOT EXISTS FOR (r:ExtractionRule) REQUIRE r.relation_type IS UNIQUE'[0m
[32m[2025-10-30 23:31:41] [INFO    ] [neo4j.notifications] Received notification from DBMS server: {severity: INFORMATION} {code: Neo.ClientNotification.Schema.IndexOrConstraintAlreadyExists} {category: SCHEMA} {title: `CREATE CONSTRAINT PatternPrototypeId IF NOT EXISTS FOR (e:PatternPrototype) REQUIRE (e.id) IS UNIQUE` has no effect.} {description: `CONSTRAINT PatternPrototypeId FOR (e:PatternPrototype) REQUIRE (e.id) IS UNIQUE` already exists.} {position: None} for query: 'CREATE CONSTRAINT PatternPrototypeId IF NOT EXISTS FOR (p:PatternPrototype) REQUIRE p.id IS UNIQUE'[0m
[32m[2025-10-30 23:31:41] [INFO    ] [neo4j.notifications] Received notification from DBMS server: {severity: INFORMATION} {code: Neo.ClientNotification.Schema.IndexOrConstraintAlreadyExists} {category: SCHEMA} {title: `CREATE CONSTRAINT LexiconName IF NOT EXISTS FOR (e:Lexicon) REQUIRE (e.name) IS UNIQUE` has no effect.} {description: `CONSTRAINT LexiconName FOR (e:Lexicon) REQUIRE (e.name) IS UNIQUE` already exists.} {position: None} for query: 'CREATE CONSTRAINT LexiconName IF NOT EXISTS FOR (l:Lexicon) REQUIRE l.name IS UNIQUE'[0m
[32m[2025-10-30 23:31:41] [INFO    ] [neo4j.notifications] Received notification from DBMS server: {severity: INFORMATION} {code: Neo.ClientNotification.Schema.IndexOrConstraintAlreadyExists} {category: SCHEMA} {title: `CREATE CONSTRAINT EpisodeId IF NOT EXISTS FOR (e:Episode) REQUIRE (e.id) IS UNIQUE` has no effect.} {description: `CONSTRAINT EpisodeId FOR (e:Episode) REQUIRE (e.id) IS UNIQUE` already exists.} {position: None} for query: 'CREATE CONSTRAINT EpisodeId IF NOT EXISTS FOR (e:Episode) REQUIRE e.id IS UNIQUE'[0m
[32m[2025-10-30 23:31:41] [INFO    ] [neo4j.notifications] Received notification from DBMS server: {severity: INFORMATION} {code: Neo.ClientNotification.Schema.IndexOrConstraintAlreadyExists} {category: SCHEMA} {title: `CREATE CONSTRAINT InferenceEpisodeId IF NOT EXISTS FOR (e:InferenceEpisode) REQUIRE (e.id) IS UNIQUE` has no effect.} {description: `CONSTRAINT InferenceEpisodeId FOR (e:InferenceEpisode) REQUIRE (e.id) IS UNIQUE` already exists.} {position: None} for query: 'CREATE CONSTRAINT InferenceEpisodeId IF NOT EXISTS FOR (ie:InferenceEpisode) REQUIRE ie.id IS UNIQUE'[0m
[32m[2025-10-30 23:31:41] [INFO    ] [neo4j.notifications] Received notification from DBMS server: {severity: INFORMATION} {code: Neo.ClientNotification.Schema.IndexOrConstraintAlreadyExists} {category: SCHEMA} {title: `CREATE CONSTRAINT ProofStepId IF NOT EXISTS FOR (e:ProofStep) REQUIRE (e.id) IS UNIQUE` has no effect.} {description: `CONSTRAINT ProofStepId FOR (e:ProofStep) REQUIRE (e.id) IS UNIQUE` already exists.} {position: None} for query: 'CREATE CONSTRAINT ProofStepId IF NOT EXISTS FOR (ps:ProofStep) REQUIRE ps.id IS UNIQUE'[0m
[32m[2025-10-30 23:31:41] [INFO    ] [neo4j.notifications] Received notification from DBMS server: {severity: INFORMATION} {code: Neo.ClientNotification.Schema.IndexOrConstraintAlreadyExists} {category: SCHEMA} {title: `CREATE CONSTRAINT HypothesisId IF NOT EXISTS FOR (e:Hypothesis) REQUIRE (e.id) IS UNIQUE` has no effect.} {description: `CONSTRAINT HypothesisId FOR (e:Hypothesis) REQUIRE (e.id) IS UNIQUE` already exists.} {position: None} for query: 'CREATE CONSTRAINT HypothesisId IF NOT EXISTS FOR (h:Hypothesis) REQUIRE h.id IS UNIQUE'[0m
[32m[2025-10-30 23:31:41] [INFO    ] [component_1_netzwerk_core] Neo4j Constraints erfolgreich konfiguriert[0m
[32m[2025-10-30 23:31:41] [INFO    ] [neo4j.notifications] Received notification from DBMS server: {severity: INFORMATION} {code: Neo.ClientNotification.Schema.IndexOrConstraintAlreadyExists} {category: SCHEMA} {title: `CREATE CONSTRAINT UsageContextId IF NOT EXISTS FOR (e:UsageContext) REQUIRE (e.id) IS UNIQUE` has no effect.} {description: `CONSTRAINT UsageContextId FOR (e:UsageContext) REQUIRE (e.id) IS UNIQUE` already exists.} {position: None} for query: '\n                CREATE CONSTRAINT UsageContextId IF NOT EXISTS\n                FOR (uc:UsageContext) REQUIRE uc.id IS UNIQUE\n                '[0m
[32m[2025-10-30 23:31:41] [INFO    ] [neo4j.notifications] Received notification from DBMS server: {severity: INFORMATION} {code: Neo.ClientNotification.Schema.IndexOrConstraintAlreadyExists} {category: SCHEMA} {title: `CREATE CONSTRAINT TypoFeedbackId IF NOT EXISTS FOR (e:TypoFeedback) REQUIRE (e.id) IS UNIQUE` has no effect.} {description: `CONSTRAINT TypoFeedbackId FOR (e:TypoFeedback) REQUIRE (e.id) IS UNIQUE` already exists.} {position: None} for query: '\n                CREATE CONSTRAINT TypoFeedbackId IF NOT EXISTS\n                FOR (tf:TypoFeedback) REQUIRE tf.id IS UNIQUE\n                '[0m
FAILED
tests/test_error_paths_and_resilience.py::test_netzwerk_handles_transient_error [32m[2025-10-30 23:31:41] [INFO    ] [component_1_netzwerk_core] Initialisiere Neo4j-Verbindung | uri=bolt://127.0.0.1:7687 | user=neo4j[0m
[32m[2025-10-30 23:31:41] [INFO    ] [component_1_netzwerk_core] Neo4j-Verbindung erfolgreich hergestellt | uri=bolt://127.0.0.1:7687[0m
[32m[2025-10-30 23:31:41] [INFO    ] [neo4j.notifications] Received notification from DBMS server: {severity: INFORMATION} {code: Neo.ClientNotification.Schema.IndexOrConstraintAlreadyExists} {category: SCHEMA} {title: `CREATE CONSTRAINT WortLemma IF NOT EXISTS FOR (e:Wort) REQUIRE (e.lemma) IS UNIQUE` has no effect.} {description: `CONSTRAINT WortLemma FOR (e:Wort) REQUIRE (e.lemma) IS UNIQUE` already exists.} {position: None} for query: 'CREATE CONSTRAINT WortLemma IF NOT EXISTS FOR (w:Wort) REQUIRE w.lemma IS UNIQUE'[0m
[32m[2025-10-30 23:31:41] [INFO    ] [neo4j.notifications] Received notification from DBMS server: {severity: INFORMATION} {code: Neo.ClientNotification.Schema.IndexOrConstraintAlreadyExists} {category: SCHEMA} {title: `CREATE CONSTRAINT KonzeptName IF NOT EXISTS FOR (e:Konzept) REQUIRE (e.name) IS UNIQUE` has no effect.} {description: `CONSTRAINT KonzeptName FOR (e:Konzept) REQUIRE (e.name) IS UNIQUE` already exists.} {position: None} for query: 'CREATE CONSTRAINT KonzeptName IF NOT EXISTS FOR (k:Konzept) REQUIRE k.name IS UNIQUE'[0m
[32m[2025-10-30 23:31:41] [INFO    ] [neo4j.notifications] Received notification from DBMS server: {severity: INFORMATION} {code: Neo.ClientNotification.Schema.IndexOrConstraintAlreadyExists} {category: SCHEMA} {title: `CREATE CONSTRAINT ExtractionRuleType IF NOT EXISTS FOR (e:ExtractionRule) REQUIRE (e.relation_type) IS UNIQUE` has no effect.} {description: `CONSTRAINT ExtractionRuleType FOR (e:ExtractionRule) REQUIRE (e.relation_type) IS UNIQUE` already exists.} {position: None} for query: 'CREATE CONSTRAINT ExtractionRuleType IF NOT EXISTS FOR (r:ExtractionRule) REQUIRE r.relation_type IS UNIQUE'[0m
[32m[2025-10-30 23:31:41] [INFO    ] [neo4j.notifications] Received notification from DBMS server: {severity: INFORMATION} {code: Neo.ClientNotification.Schema.IndexOrConstraintAlreadyExists} {category: SCHEMA} {title: `CREATE CONSTRAINT PatternPrototypeId IF NOT EXISTS FOR (e:PatternPrototype) REQUIRE (e.id) IS UNIQUE` has no effect.} {description: `CONSTRAINT PatternPrototypeId FOR (e:PatternPrototype) REQUIRE (e.id) IS UNIQUE` already exists.} {position: None} for query: 'CREATE CONSTRAINT PatternPrototypeId IF NOT EXISTS FOR (p:PatternPrototype) REQUIRE p.id IS UNIQUE'[0m
[32m[2025-10-30 23:31:41] [INFO    ] [neo4j.notifications] Received notification from DBMS server: {severity: INFORMATION} {code: Neo.ClientNotification.Schema.IndexOrConstraintAlreadyExists} {category: SCHEMA} {title: `CREATE CONSTRAINT LexiconName IF NOT EXISTS FOR (e:Lexicon) REQUIRE (e.name) IS UNIQUE` has no effect.} {description: `CONSTRAINT LexiconName FOR (e:Lexicon) REQUIRE (e.name) IS UNIQUE` already exists.} {position: None} for query: 'CREATE CONSTRAINT LexiconName IF NOT EXISTS FOR (l:Lexicon) REQUIRE l.name IS UNIQUE'[0m
[32m[2025-10-30 23:31:41] [INFO    ] [neo4j.notifications] Received notification from DBMS server: {severity: INFORMATION} {code: Neo.ClientNotification.Schema.IndexOrConstraintAlreadyExists} {category: SCHEMA} {title: `CREATE CONSTRAINT EpisodeId IF NOT EXISTS FOR (e:Episode) REQUIRE (e.id) IS UNIQUE` has no effect.} {description: `CONSTRAINT EpisodeId FOR (e:Episode) REQUIRE (e.id) IS UNIQUE` already exists.} {position: None} for query: 'CREATE CONSTRAINT EpisodeId IF NOT EXISTS FOR (e:Episode) REQUIRE e.id IS UNIQUE'[0m
[32m[2025-10-30 23:31:41] [INFO    ] [neo4j.notifications] Received notification from DBMS server: {severity: INFORMATION} {code: Neo.ClientNotification.Schema.IndexOrConstraintAlreadyExists} {category: SCHEMA} {title: `CREATE CONSTRAINT InferenceEpisodeId IF NOT EXISTS FOR (e:InferenceEpisode) REQUIRE (e.id) IS UNIQUE` has no effect.} {description: `CONSTRAINT InferenceEpisodeId FOR (e:InferenceEpisode) REQUIRE (e.id) IS UNIQUE` already exists.} {position: None} for query: 'CREATE CONSTRAINT InferenceEpisodeId IF NOT EXISTS FOR (ie:InferenceEpisode) REQUIRE ie.id IS UNIQUE'[0m
[32m[2025-10-30 23:31:41] [INFO    ] [neo4j.notifications] Received notification from DBMS server: {severity: INFORMATION} {code: Neo.ClientNotification.Schema.IndexOrConstraintAlreadyExists} {category: SCHEMA} {title: `CREATE CONSTRAINT ProofStepId IF NOT EXISTS FOR (e:ProofStep) REQUIRE (e.id) IS UNIQUE` has no effect.} {description: `CONSTRAINT ProofStepId FOR (e:ProofStep) REQUIRE (e.id) IS UNIQUE` already exists.} {position: None} for query: 'CREATE CONSTRAINT ProofStepId IF NOT EXISTS FOR (ps:ProofStep) REQUIRE ps.id IS UNIQUE'[0m
[32m[2025-10-30 23:31:41] [INFO    ] [neo4j.notifications] Received notification from DBMS server: {severity: INFORMATION} {code: Neo.ClientNotification.Schema.IndexOrConstraintAlreadyExists} {category: SCHEMA} {title: `CREATE CONSTRAINT HypothesisId IF NOT EXISTS FOR (e:Hypothesis) REQUIRE (e.id) IS UNIQUE` has no effect.} {description: `CONSTRAINT HypothesisId FOR (e:Hypothesis) REQUIRE (e.id) IS UNIQUE` already exists.} {position: None} for query: 'CREATE CONSTRAINT HypothesisId IF NOT EXISTS FOR (h:Hypothesis) REQUIRE h.id IS UNIQUE'[0m
[32m[2025-10-30 23:31:41] [INFO    ] [component_1_netzwerk_core] Neo4j Constraints erfolgreich konfiguriert[0m
[32m[2025-10-30 23:31:41] [INFO    ] [neo4j.notifications] Received notification from DBMS server: {severity: INFORMATION} {code: Neo.ClientNotification.Schema.IndexOrConstraintAlreadyExists} {category: SCHEMA} {title: `CREATE CONSTRAINT UsageContextId IF NOT EXISTS FOR (e:UsageContext) REQUIRE (e.id) IS UNIQUE` has no effect.} {description: `CONSTRAINT UsageContextId FOR (e:UsageContext) REQUIRE (e.id) IS UNIQUE` already exists.} {position: None} for query: '\n                CREATE CONSTRAINT UsageContextId IF NOT EXISTS\n                FOR (uc:UsageContext) REQUIRE uc.id IS UNIQUE\n                '[0m
[32m[2025-10-30 23:31:41] [INFO    ] [neo4j.notifications] Received notification from DBMS server: {severity: INFORMATION} {code: Neo.ClientNotification.Schema.IndexOrConstraintAlreadyExists} {category: SCHEMA} {title: `CREATE CONSTRAINT TypoFeedbackId IF NOT EXISTS FOR (e:TypoFeedback) REQUIRE (e.id) IS UNIQUE` has no effect.} {description: `CONSTRAINT TypoFeedbackId FOR (e:TypoFeedback) REQUIRE (e.id) IS UNIQUE` already exists.} {position: None} for query: '\n                CREATE CONSTRAINT TypoFeedbackId IF NOT EXISTS\n                FOR (tf:TypoFeedback) REQUIRE tf.id IS UNIQUE\n                '[0m
[31m[2025-10-30 23:31:41] [ERROR   ] [component_1_netzwerk_core] ensure_wort_und_konzept: Verifikation fehlgeschlagen | lemma=test[0m
[31m[2025-10-30 23:31:41] [ERROR   ] [component_1_netzwerk_core] FAILED: query_graph_for_facts (duration: 0.85ms) | topic=test | duration_ms=0.853 | error=Transient error[0m
[31m[2025-10-30 23:31:41] [ERROR   ] [component_1_netzwerk_core] Fehler in query_graph_for_facts: TransientError: Transient error
Traceback (most recent call last):
  File "C:\Users\gehri\desktop\kai-claude\component_1_netzwerk_core.py", line 386, in query_graph_for_facts
    result = session.run(
        """
    ...<3 lines>...
        topic=topic.lower(),
    )
  File "C:\Users\gehri\AppData\Local\Programs\Python\Python313\Lib\unittest\mock.py", line 1167, in __call__
    return self._mock_call(*args, **kwargs)
           ~~~~~~~~~~~~~~~^^^^^^^^^^^^^^^^^
  File "C:\Users\gehri\AppData\Local\Programs\Python\Python313\Lib\unittest\mock.py", line 1171, in _mock_call
    return self._execute_mock_call(*args, **kwargs)
           ~~~~~~~~~~~~~~~~~~~~~~~^^^^^^^^^^^^^^^^^
  File "C:\Users\gehri\AppData\Local\Programs\Python\Python313\Lib\unittest\mock.py", line 1226, in _execute_mock_call
    raise effect
neo4j.exceptions.TransientError: Transient error
 | topic=test[0m
PASSED
tests/test_error_paths_and_resilience.py::test_netzwerk_handles_none_driver [32m[2025-10-30 23:31:41] [INFO    ] [component_1_netzwerk_core] Initialisiere Neo4j-Verbindung | uri=bolt://127.0.0.1:7687 | user=neo4j[0m
[32m[2025-10-30 23:31:41] [INFO    ] [component_1_netzwerk_core] Neo4j-Verbindung erfolgreich hergestellt | uri=bolt://127.0.0.1:7687[0m
[32m[2025-10-30 23:31:41] [INFO    ] [neo4j.notifications] Received notification from DBMS server: {severity: INFORMATION} {code: Neo.ClientNotification.Schema.IndexOrConstraintAlreadyExists} {category: SCHEMA} {title: `CREATE CONSTRAINT WortLemma IF NOT EXISTS FOR (e:Wort) REQUIRE (e.lemma) IS UNIQUE` has no effect.} {description: `CONSTRAINT WortLemma FOR (e:Wort) REQUIRE (e.lemma) IS UNIQUE` already exists.} {position: None} for query: 'CREATE CONSTRAINT WortLemma IF NOT EXISTS FOR (w:Wort) REQUIRE w.lemma IS UNIQUE'[0m
[32m[2025-10-30 23:31:41] [INFO    ] [neo4j.notifications] Received notification from DBMS server: {severity: INFORMATION} {code: Neo.ClientNotification.Schema.IndexOrConstraintAlreadyExists} {category: SCHEMA} {title: `CREATE CONSTRAINT KonzeptName IF NOT EXISTS FOR (e:Konzept) REQUIRE (e.name) IS UNIQUE` has no effect.} {description: `CONSTRAINT KonzeptName FOR (e:Konzept) REQUIRE (e.name) IS UNIQUE` already exists.} {position: None} for query: 'CREATE CONSTRAINT KonzeptName IF NOT EXISTS FOR (k:Konzept) REQUIRE k.name IS UNIQUE'[0m
[32m[2025-10-30 23:31:41] [INFO    ] [neo4j.notifications] Received notification from DBMS server: {severity: INFORMATION} {code: Neo.ClientNotification.Schema.IndexOrConstraintAlreadyExists} {category: SCHEMA} {title: `CREATE CONSTRAINT ExtractionRuleType IF NOT EXISTS FOR (e:ExtractionRule) REQUIRE (e.relation_type) IS UNIQUE` has no effect.} {description: `CONSTRAINT ExtractionRuleType FOR (e:ExtractionRule) REQUIRE (e.relation_type) IS UNIQUE` already exists.} {position: None} for query: 'CREATE CONSTRAINT ExtractionRuleType IF NOT EXISTS FOR (r:ExtractionRule) REQUIRE r.relation_type IS UNIQUE'[0m
[32m[2025-10-30 23:31:41] [INFO    ] [neo4j.notifications] Received notification from DBMS server: {severity: INFORMATION} {code: Neo.ClientNotification.Schema.IndexOrConstraintAlreadyExists} {category: SCHEMA} {title: `CREATE CONSTRAINT PatternPrototypeId IF NOT EXISTS FOR (e:PatternPrototype) REQUIRE (e.id) IS UNIQUE` has no effect.} {description: `CONSTRAINT PatternPrototypeId FOR (e:PatternPrototype) REQUIRE (e.id) IS UNIQUE` already exists.} {position: None} for query: 'CREATE CONSTRAINT PatternPrototypeId IF NOT EXISTS FOR (p:PatternPrototype) REQUIRE p.id IS UNIQUE'[0m
[32m[2025-10-30 23:31:41] [INFO    ] [neo4j.notifications] Received notification from DBMS server: {severity: INFORMATION} {code: Neo.ClientNotification.Schema.IndexOrConstraintAlreadyExists} {category: SCHEMA} {title: `CREATE CONSTRAINT LexiconName IF NOT EXISTS FOR (e:Lexicon) REQUIRE (e.name) IS UNIQUE` has no effect.} {description: `CONSTRAINT LexiconName FOR (e:Lexicon) REQUIRE (e.name) IS UNIQUE` already exists.} {position: None} for query: 'CREATE CONSTRAINT LexiconName IF NOT EXISTS FOR (l:Lexicon) REQUIRE l.name IS UNIQUE'[0m
[32m[2025-10-30 23:31:41] [INFO    ] [neo4j.notifications] Received notification from DBMS server: {severity: INFORMATION} {code: Neo.ClientNotification.Schema.IndexOrConstraintAlreadyExists} {category: SCHEMA} {title: `CREATE CONSTRAINT EpisodeId IF NOT EXISTS FOR (e:Episode) REQUIRE (e.id) IS UNIQUE` has no effect.} {description: `CONSTRAINT EpisodeId FOR (e:Episode) REQUIRE (e.id) IS UNIQUE` already exists.} {position: None} for query: 'CREATE CONSTRAINT EpisodeId IF NOT EXISTS FOR (e:Episode) REQUIRE e.id IS UNIQUE'[0m
[32m[2025-10-30 23:31:41] [INFO    ] [neo4j.notifications] Received notification from DBMS server: {severity: INFORMATION} {code: Neo.ClientNotification.Schema.IndexOrConstraintAlreadyExists} {category: SCHEMA} {title: `CREATE CONSTRAINT InferenceEpisodeId IF NOT EXISTS FOR (e:InferenceEpisode) REQUIRE (e.id) IS UNIQUE` has no effect.} {description: `CONSTRAINT InferenceEpisodeId FOR (e:InferenceEpisode) REQUIRE (e.id) IS UNIQUE` already exists.} {position: None} for query: 'CREATE CONSTRAINT InferenceEpisodeId IF NOT EXISTS FOR (ie:InferenceEpisode) REQUIRE ie.id IS UNIQUE'[0m
[32m[2025-10-30 23:31:41] [INFO    ] [neo4j.notifications] Received notification from DBMS server: {severity: INFORMATION} {code: Neo.ClientNotification.Schema.IndexOrConstraintAlreadyExists} {category: SCHEMA} {title: `CREATE CONSTRAINT ProofStepId IF NOT EXISTS FOR (e:ProofStep) REQUIRE (e.id) IS UNIQUE` has no effect.} {description: `CONSTRAINT ProofStepId FOR (e:ProofStep) REQUIRE (e.id) IS UNIQUE` already exists.} {position: None} for query: 'CREATE CONSTRAINT ProofStepId IF NOT EXISTS FOR (ps:ProofStep) REQUIRE ps.id IS UNIQUE'[0m
[32m[2025-10-30 23:31:41] [INFO    ] [neo4j.notifications] Received notification from DBMS server: {severity: INFORMATION} {code: Neo.ClientNotification.Schema.IndexOrConstraintAlreadyExists} {category: SCHEMA} {title: `CREATE CONSTRAINT HypothesisId IF NOT EXISTS FOR (e:Hypothesis) REQUIRE (e.id) IS UNIQUE` has no effect.} {description: `CONSTRAINT HypothesisId FOR (e:Hypothesis) REQUIRE (e.id) IS UNIQUE` already exists.} {position: None} for query: 'CREATE CONSTRAINT HypothesisId IF NOT EXISTS FOR (h:Hypothesis) REQUIRE h.id IS UNIQUE'[0m
[32m[2025-10-30 23:31:41] [INFO    ] [component_1_netzwerk_core] Neo4j Constraints erfolgreich konfiguriert[0m
[32m[2025-10-30 23:31:41] [INFO    ] [neo4j.notifications] Received notification from DBMS server: {severity: INFORMATION} {code: Neo.ClientNotification.Schema.IndexOrConstraintAlreadyExists} {category: SCHEMA} {title: `CREATE CONSTRAINT UsageContextId IF NOT EXISTS FOR (e:UsageContext) REQUIRE (e.id) IS UNIQUE` has no effect.} {description: `CONSTRAINT UsageContextId FOR (e:UsageContext) REQUIRE (e.id) IS UNIQUE` already exists.} {position: None} for query: '\n                CREATE CONSTRAINT UsageContextId IF NOT EXISTS\n                FOR (uc:UsageContext) REQUIRE uc.id IS UNIQUE\n                '[0m
[32m[2025-10-30 23:31:41] [INFO    ] [neo4j.notifications] Received notification from DBMS server: {severity: INFORMATION} {code: Neo.ClientNotification.Schema.IndexOrConstraintAlreadyExists} {category: SCHEMA} {title: `CREATE CONSTRAINT TypoFeedbackId IF NOT EXISTS FOR (e:TypoFeedback) REQUIRE (e.id) IS UNIQUE` has no effect.} {description: `CONSTRAINT TypoFeedbackId FOR (e:TypoFeedback) REQUIRE (e.id) IS UNIQUE` already exists.} {position: None} for query: '\n                CREATE CONSTRAINT TypoFeedbackId IF NOT EXISTS\n                FOR (tf:TypoFeedback) REQUIRE tf.id IS UNIQUE\n                '[0m
[31m[2025-10-30 23:31:41] [ERROR   ] [component_1_netzwerk_core] query_graph_for_facts: Kein DB-Driver verf�gbar | topic=test[0m
PASSED
tests/test_error_paths_and_resilience.py::test_abductive_engine_handles_connection_loss PASSED
tests/test_error_paths_and_resilience.py::test_abductive_engine_empty_knowledge_base PASSED
tests/test_error_paths_and_resilience.py::test_abductive_engine_malformed_fact PASSED
tests/test_error_paths_and_resilience.py::test_text_normalizer_malformed_input FAILED
tests/test_error_paths_and_resilience.py::test_text_normalizer_extremely_long_input PASSED
tests/test_error_paths_and_resilience.py::test_abductive_engine_infinite_recursion_protection PASSED
tests/test_error_paths_and_resilience.py::test_text_normalizer_thread_safety PASSED
tests/test_error_paths_and_resilience.py::test_netzwerk_concurrent_queries [32m[2025-10-30 23:31:41] [INFO    ] [component_1_netzwerk_core] Initialisiere Neo4j-Verbindung | uri=bolt://127.0.0.1:7687 | user=neo4j[0m
[32m[2025-10-30 23:31:41] [INFO    ] [component_1_netzwerk_core] Neo4j-Verbindung erfolgreich hergestellt | uri=bolt://127.0.0.1:7687[0m
[32m[2025-10-30 23:31:41] [INFO    ] [neo4j.notifications] Received notification from DBMS server: {severity: INFORMATION} {code: Neo.ClientNotification.Schema.IndexOrConstraintAlreadyExists} {category: SCHEMA} {title: `CREATE CONSTRAINT WortLemma IF NOT EXISTS FOR (e:Wort) REQUIRE (e.lemma) IS UNIQUE` has no effect.} {description: `CONSTRAINT WortLemma FOR (e:Wort) REQUIRE (e.lemma) IS UNIQUE` already exists.} {position: None} for query: 'CREATE CONSTRAINT WortLemma IF NOT EXISTS FOR (w:Wort) REQUIRE w.lemma IS UNIQUE'[0m
[32m[2025-10-30 23:31:41] [INFO    ] [neo4j.notifications] Received notification from DBMS server: {severity: INFORMATION} {code: Neo.ClientNotification.Schema.IndexOrConstraintAlreadyExists} {category: SCHEMA} {title: `CREATE CONSTRAINT KonzeptName IF NOT EXISTS FOR (e:Konzept) REQUIRE (e.name) IS UNIQUE` has no effect.} {description: `CONSTRAINT KonzeptName FOR (e:Konzept) REQUIRE (e.name) IS UNIQUE` already exists.} {position: None} for query: 'CREATE CONSTRAINT KonzeptName IF NOT EXISTS FOR (k:Konzept) REQUIRE k.name IS UNIQUE'[0m
[32m[2025-10-30 23:31:41] [INFO    ] [neo4j.notifications] Received notification from DBMS server: {severity: INFORMATION} {code: Neo.ClientNotification.Schema.IndexOrConstraintAlreadyExists} {category: SCHEMA} {title: `CREATE CONSTRAINT ExtractionRuleType IF NOT EXISTS FOR (e:ExtractionRule) REQUIRE (e.relation_type) IS UNIQUE` has no effect.} {description: `CONSTRAINT ExtractionRuleType FOR (e:ExtractionRule) REQUIRE (e.relation_type) IS UNIQUE` already exists.} {position: None} for query: 'CREATE CONSTRAINT ExtractionRuleType IF NOT EXISTS FOR (r:ExtractionRule) REQUIRE r.relation_type IS UNIQUE'[0m
[32m[2025-10-30 23:31:41] [INFO    ] [neo4j.notifications] Received notification from DBMS server: {severity: INFORMATION} {code: Neo.ClientNotification.Schema.IndexOrConstraintAlreadyExists} {category: SCHEMA} {title: `CREATE CONSTRAINT PatternPrototypeId IF NOT EXISTS FOR (e:PatternPrototype) REQUIRE (e.id) IS UNIQUE` has no effect.} {description: `CONSTRAINT PatternPrototypeId FOR (e:PatternPrototype) REQUIRE (e.id) IS UNIQUE` already exists.} {position: None} for query: 'CREATE CONSTRAINT PatternPrototypeId IF NOT EXISTS FOR (p:PatternPrototype) REQUIRE p.id IS UNIQUE'[0m
[32m[2025-10-30 23:31:41] [INFO    ] [neo4j.notifications] Received notification from DBMS server: {severity: INFORMATION} {code: Neo.ClientNotification.Schema.IndexOrConstraintAlreadyExists} {category: SCHEMA} {title: `CREATE CONSTRAINT LexiconName IF NOT EXISTS FOR (e:Lexicon) REQUIRE (e.name) IS UNIQUE` has no effect.} {description: `CONSTRAINT LexiconName FOR (e:Lexicon) REQUIRE (e.name) IS UNIQUE` already exists.} {position: None} for query: 'CREATE CONSTRAINT LexiconName IF NOT EXISTS FOR (l:Lexicon) REQUIRE l.name IS UNIQUE'[0m
[32m[2025-10-30 23:31:41] [INFO    ] [neo4j.notifications] Received notification from DBMS server: {severity: INFORMATION} {code: Neo.ClientNotification.Schema.IndexOrConstraintAlreadyExists} {category: SCHEMA} {title: `CREATE CONSTRAINT EpisodeId IF NOT EXISTS FOR (e:Episode) REQUIRE (e.id) IS UNIQUE` has no effect.} {description: `CONSTRAINT EpisodeId FOR (e:Episode) REQUIRE (e.id) IS UNIQUE` already exists.} {position: None} for query: 'CREATE CONSTRAINT EpisodeId IF NOT EXISTS FOR (e:Episode) REQUIRE e.id IS UNIQUE'[0m
[32m[2025-10-30 23:31:41] [INFO    ] [neo4j.notifications] Received notification from DBMS server: {severity: INFORMATION} {code: Neo.ClientNotification.Schema.IndexOrConstraintAlreadyExists} {category: SCHEMA} {title: `CREATE CONSTRAINT InferenceEpisodeId IF NOT EXISTS FOR (e:InferenceEpisode) REQUIRE (e.id) IS UNIQUE` has no effect.} {description: `CONSTRAINT InferenceEpisodeId FOR (e:InferenceEpisode) REQUIRE (e.id) IS UNIQUE` already exists.} {position: None} for query: 'CREATE CONSTRAINT InferenceEpisodeId IF NOT EXISTS FOR (ie:InferenceEpisode) REQUIRE ie.id IS UNIQUE'[0m
[32m[2025-10-30 23:31:41] [INFO    ] [neo4j.notifications] Received notification from DBMS server: {severity: INFORMATION} {code: Neo.ClientNotification.Schema.IndexOrConstraintAlreadyExists} {category: SCHEMA} {title: `CREATE CONSTRAINT ProofStepId IF NOT EXISTS FOR (e:ProofStep) REQUIRE (e.id) IS UNIQUE` has no effect.} {description: `CONSTRAINT ProofStepId FOR (e:ProofStep) REQUIRE (e.id) IS UNIQUE` already exists.} {position: None} for query: 'CREATE CONSTRAINT ProofStepId IF NOT EXISTS FOR (ps:ProofStep) REQUIRE ps.id IS UNIQUE'[0m
[32m[2025-10-30 23:31:41] [INFO    ] [neo4j.notifications] Received notification from DBMS server: {severity: INFORMATION} {code: Neo.ClientNotification.Schema.IndexOrConstraintAlreadyExists} {category: SCHEMA} {title: `CREATE CONSTRAINT HypothesisId IF NOT EXISTS FOR (e:Hypothesis) REQUIRE (e.id) IS UNIQUE` has no effect.} {description: `CONSTRAINT HypothesisId FOR (e:Hypothesis) REQUIRE (e.id) IS UNIQUE` already exists.} {position: None} for query: 'CREATE CONSTRAINT HypothesisId IF NOT EXISTS FOR (h:Hypothesis) REQUIRE h.id IS UNIQUE'[0m
[32m[2025-10-30 23:31:41] [INFO    ] [component_1_netzwerk_core] Neo4j Constraints erfolgreich konfiguriert[0m
[32m[2025-10-30 23:31:41] [INFO    ] [neo4j.notifications] Received notification from DBMS server: {severity: INFORMATION} {code: Neo.ClientNotification.Schema.IndexOrConstraintAlreadyExists} {category: SCHEMA} {title: `CREATE CONSTRAINT UsageContextId IF NOT EXISTS FOR (e:UsageContext) REQUIRE (e.id) IS UNIQUE` has no effect.} {description: `CONSTRAINT UsageContextId FOR (e:UsageContext) REQUIRE (e.id) IS UNIQUE` already exists.} {position: None} for query: '\n                CREATE CONSTRAINT UsageContextId IF NOT EXISTS\n                FOR (uc:UsageContext) REQUIRE uc.id IS UNIQUE\n                '[0m
[32m[2025-10-30 23:31:41] [INFO    ] [neo4j.notifications] Received notification from DBMS server: {severity: INFORMATION} {code: Neo.ClientNotification.Schema.IndexOrConstraintAlreadyExists} {category: SCHEMA} {title: `CREATE CONSTRAINT TypoFeedbackId IF NOT EXISTS FOR (e:TypoFeedback) REQUIRE (e.id) IS UNIQUE` has no effect.} {description: `CONSTRAINT TypoFeedbackId FOR (e:TypoFeedback) REQUIRE (e.id) IS UNIQUE` already exists.} {position: None} for query: '\n                CREATE CONSTRAINT TypoFeedbackId IF NOT EXISTS\n                FOR (tf:TypoFeedback) REQUIRE tf.id IS UNIQUE\n                '[0m
PASSED
tests/test_error_paths_and_resilience.py::test_netzwerk_recovers_after_transient_error [32m[2025-10-30 23:31:41] [INFO    ] [component_1_netzwerk_core] Initialisiere Neo4j-Verbindung | uri=bolt://127.0.0.1:7687 | user=neo4j[0m
[32m[2025-10-30 23:31:41] [INFO    ] [component_1_netzwerk_core] Neo4j-Verbindung erfolgreich hergestellt | uri=bolt://127.0.0.1:7687[0m
[32m[2025-10-30 23:31:41] [INFO    ] [neo4j.notifications] Received notification from DBMS server: {severity: INFORMATION} {code: Neo.ClientNotification.Schema.IndexOrConstraintAlreadyExists} {category: SCHEMA} {title: `CREATE CONSTRAINT WortLemma IF NOT EXISTS FOR (e:Wort) REQUIRE (e.lemma) IS UNIQUE` has no effect.} {description: `CONSTRAINT WortLemma FOR (e:Wort) REQUIRE (e.lemma) IS UNIQUE` already exists.} {position: None} for query: 'CREATE CONSTRAINT WortLemma IF NOT EXISTS FOR (w:Wort) REQUIRE w.lemma IS UNIQUE'[0m
[32m[2025-10-30 23:31:41] [INFO    ] [neo4j.notifications] Received notification from DBMS server: {severity: INFORMATION} {code: Neo.ClientNotification.Schema.IndexOrConstraintAlreadyExists} {category: SCHEMA} {title: `CREATE CONSTRAINT KonzeptName IF NOT EXISTS FOR (e:Konzept) REQUIRE (e.name) IS UNIQUE` has no effect.} {description: `CONSTRAINT KonzeptName FOR (e:Konzept) REQUIRE (e.name) IS UNIQUE` already exists.} {position: None} for query: 'CREATE CONSTRAINT KonzeptName IF NOT EXISTS FOR (k:Konzept) REQUIRE k.name IS UNIQUE'[0m
[32m[2025-10-30 23:31:41] [INFO    ] [neo4j.notifications] Received notification from DBMS server: {severity: INFORMATION} {code: Neo.ClientNotification.Schema.IndexOrConstraintAlreadyExists} {category: SCHEMA} {title: `CREATE CONSTRAINT ExtractionRuleType IF NOT EXISTS FOR (e:ExtractionRule) REQUIRE (e.relation_type) IS UNIQUE` has no effect.} {description: `CONSTRAINT ExtractionRuleType FOR (e:ExtractionRule) REQUIRE (e.relation_type) IS UNIQUE` already exists.} {position: None} for query: 'CREATE CONSTRAINT ExtractionRuleType IF NOT EXISTS FOR (r:ExtractionRule) REQUIRE r.relation_type IS UNIQUE'[0m
[32m[2025-10-30 23:31:41] [INFO    ] [neo4j.notifications] Received notification from DBMS server: {severity: INFORMATION} {code: Neo.ClientNotification.Schema.IndexOrConstraintAlreadyExists} {category: SCHEMA} {title: `CREATE CONSTRAINT PatternPrototypeId IF NOT EXISTS FOR (e:PatternPrototype) REQUIRE (e.id) IS UNIQUE` has no effect.} {description: `CONSTRAINT PatternPrototypeId FOR (e:PatternPrototype) REQUIRE (e.id) IS UNIQUE` already exists.} {position: None} for query: 'CREATE CONSTRAINT PatternPrototypeId IF NOT EXISTS FOR (p:PatternPrototype) REQUIRE p.id IS UNIQUE'[0m
[32m[2025-10-30 23:31:41] [INFO    ] [neo4j.notifications] Received notification from DBMS server: {severity: INFORMATION} {code: Neo.ClientNotification.Schema.IndexOrConstraintAlreadyExists} {category: SCHEMA} {title: `CREATE CONSTRAINT LexiconName IF NOT EXISTS FOR (e:Lexicon) REQUIRE (e.name) IS UNIQUE` has no effect.} {description: `CONSTRAINT LexiconName FOR (e:Lexicon) REQUIRE (e.name) IS UNIQUE` already exists.} {position: None} for query: 'CREATE CONSTRAINT LexiconName IF NOT EXISTS FOR (l:Lexicon) REQUIRE l.name IS UNIQUE'[0m
[32m[2025-10-30 23:31:41] [INFO    ] [neo4j.notifications] Received notification from DBMS server: {severity: INFORMATION} {code: Neo.ClientNotification.Schema.IndexOrConstraintAlreadyExists} {category: SCHEMA} {title: `CREATE CONSTRAINT EpisodeId IF NOT EXISTS FOR (e:Episode) REQUIRE (e.id) IS UNIQUE` has no effect.} {description: `CONSTRAINT EpisodeId FOR (e:Episode) REQUIRE (e.id) IS UNIQUE` already exists.} {position: None} for query: 'CREATE CONSTRAINT EpisodeId IF NOT EXISTS FOR (e:Episode) REQUIRE e.id IS UNIQUE'[0m
[32m[2025-10-30 23:31:41] [INFO    ] [neo4j.notifications] Received notification from DBMS server: {severity: INFORMATION} {code: Neo.ClientNotification.Schema.IndexOrConstraintAlreadyExists} {category: SCHEMA} {title: `CREATE CONSTRAINT InferenceEpisodeId IF NOT EXISTS FOR (e:InferenceEpisode) REQUIRE (e.id) IS UNIQUE` has no effect.} {description: `CONSTRAINT InferenceEpisodeId FOR (e:InferenceEpisode) REQUIRE (e.id) IS UNIQUE` already exists.} {position: None} for query: 'CREATE CONSTRAINT InferenceEpisodeId IF NOT EXISTS FOR (ie:InferenceEpisode) REQUIRE ie.id IS UNIQUE'[0m
[32m[2025-10-30 23:31:41] [INFO    ] [neo4j.notifications] Received notification from DBMS server: {severity: INFORMATION} {code: Neo.ClientNotification.Schema.IndexOrConstraintAlreadyExists} {category: SCHEMA} {title: `CREATE CONSTRAINT ProofStepId IF NOT EXISTS FOR (e:ProofStep) REQUIRE (e.id) IS UNIQUE` has no effect.} {description: `CONSTRAINT ProofStepId FOR (e:ProofStep) REQUIRE (e.id) IS UNIQUE` already exists.} {position: None} for query: 'CREATE CONSTRAINT ProofStepId IF NOT EXISTS FOR (ps:ProofStep) REQUIRE ps.id IS UNIQUE'[0m
[32m[2025-10-30 23:31:41] [INFO    ] [neo4j.notifications] Received notification from DBMS server: {severity: INFORMATION} {code: Neo.ClientNotification.Schema.IndexOrConstraintAlreadyExists} {category: SCHEMA} {title: `CREATE CONSTRAINT HypothesisId IF NOT EXISTS FOR (e:Hypothesis) REQUIRE (e.id) IS UNIQUE` has no effect.} {description: `CONSTRAINT HypothesisId FOR (e:Hypothesis) REQUIRE (e.id) IS UNIQUE` already exists.} {position: None} for query: 'CREATE CONSTRAINT HypothesisId IF NOT EXISTS FOR (h:Hypothesis) REQUIRE h.id IS UNIQUE'[0m
[32m[2025-10-30 23:31:41] [INFO    ] [component_1_netzwerk_core] Neo4j Constraints erfolgreich konfiguriert[0m
[32m[2025-10-30 23:31:41] [INFO    ] [neo4j.notifications] Received notification from DBMS server: {severity: INFORMATION} {code: Neo.ClientNotification.Schema.IndexOrConstraintAlreadyExists} {category: SCHEMA} {title: `CREATE CONSTRAINT UsageContextId IF NOT EXISTS FOR (e:UsageContext) REQUIRE (e.id) IS UNIQUE` has no effect.} {description: `CONSTRAINT UsageContextId FOR (e:UsageContext) REQUIRE (e.id) IS UNIQUE` already exists.} {position: None} for query: '\n                CREATE CONSTRAINT UsageContextId IF NOT EXISTS\n                FOR (uc:UsageContext) REQUIRE uc.id IS UNIQUE\n                '[0m
[32m[2025-10-30 23:31:41] [INFO    ] [neo4j.notifications] Received notification from DBMS server: {severity: INFORMATION} {code: Neo.ClientNotification.Schema.IndexOrConstraintAlreadyExists} {category: SCHEMA} {title: `CREATE CONSTRAINT TypoFeedbackId IF NOT EXISTS FOR (e:TypoFeedback) REQUIRE (e.id) IS UNIQUE` has no effect.} {description: `CONSTRAINT TypoFeedbackId FOR (e:TypoFeedback) REQUIRE (e.id) IS UNIQUE` already exists.} {position: None} for query: '\n                CREATE CONSTRAINT TypoFeedbackId IF NOT EXISTS\n                FOR (tf:TypoFeedback) REQUIRE tf.id IS UNIQUE\n                '[0m
FAILED
tests/test_error_paths_and_resilience.py::test_abductive_engine_many_hypotheses FAILED
tests/test_error_paths_and_resilience.py::test_full_pipeline_with_connection_loss FAILED
tests/test_exception_handling.py::TestExceptionHierarchy::test_base_exception PASSED
tests/test_exception_handling.py::TestExceptionHierarchy::test_neo4j_connection_error PASSED
tests/test_exception_handling.py::TestExceptionHierarchy::test_neo4j_query_error_with_query_context PASSED
tests/test_exception_handling.py::TestExceptionHierarchy::test_concept_not_found_error PASSED
tests/test_exception_handling.py::TestExceptionHierarchy::test_graph_traversal_error PASSED
tests/test_exception_handling.py::TestExceptionHierarchy::test_probabilistic_reasoning_error PASSED
tests/test_exception_handling.py::TestWrapException::test_wrap_generic_exception PASSED
tests/test_exception_handling.py::TestUserFriendlyMessages::test_neo4j_connection_error_message PASSED
tests/test_exception_handling.py::TestUserFriendlyMessages::test_concept_not_found_error_message PASSED
tests/test_exception_handling.py::TestUserFriendlyMessages::test_graph_traversal_error_message PASSED
tests/test_exception_handling.py::TestUserFriendlyMessages::test_probabilistic_reasoning_error_message PASSED
tests/test_exception_handling.py::TestUserFriendlyMessages::test_embedding_error_message PASSED
tests/test_exception_handling.py::TestUserFriendlyMessages::test_inference_error_message PASSED
tests/test_exception_handling.py::TestUserFriendlyMessages::test_working_memory_error_message PASSED
tests/test_exception_handling.py::TestUserFriendlyMessages::test_unknown_exception_fallback PASSED
tests/test_exception_handling.py::TestUserFriendlyMessages::test_user_friendly_message_with_details PASSED
tests/test_exception_handling.py::TestExceptionInheritance::test_all_exceptions_inherit_from_kai_exception PASSED
tests/test_exception_handling.py::TestExceptionInheritance::test_exception_catching PASSED
tests/test_file_ingestion_e2e.py::TestDocumentParser::test_docx_parser_supported_extensions PASSED
tests/test_file_ingestion_e2e.py::TestDocumentParser::test_pdf_parser_supported_extensions PASSED
tests/test_file_ingestion_e2e.py::TestDocumentParser::test_unsupported_format_detection FAILED
tests/test_file_ingestion_e2e.py::TestDocumentParser::test_extract_text_from_docx [32m[2025-10-30 23:31:41] [INFO    ] [component_28_document_parser] Extrahiere Text aus DOCX: C:\Users\gehri\desktop\kai-claude\tests\fixtures\sample_document.docx[0m
[32m[2025-10-30 23:31:41] [INFO    ] [component_28_document_parser] DOCX erfolgreich geparst: 1 Abs�tze, 24 Zeichen[0m
FAILED
tests/test_file_ingestion_e2e.py::TestDocumentParser::test_extract_text_from_pdf [32m[2025-10-30 23:31:41] [INFO    ] [component_28_document_parser] Extrahiere Text aus PDF: C:\Users\gehri\desktop\kai-claude\tests\fixtures\sample_document.pdf[0m
[32m[2025-10-30 23:31:41] [INFO    ] [component_28_document_parser] PDF erfolgreich geparst: 1 Seiten, 28 Zeichen[0m
FAILED
tests/test_file_ingestion_e2e.py::TestDocumentParser::test_empty_document [32m[2025-10-30 23:31:41] [INFO    ] [component_28_document_parser] Extrahiere Text aus DOCX: C:\Users\gehri\desktop\kai-claude\tests\fixtures\empty_document.docx[0m
[32m[2025-10-30 23:31:41] [INFO    ] [component_28_document_parser] DOCX erfolgreich geparst: 1 Abs�tze, 24 Zeichen[0m
FAILED
tests/test_file_ingestion_e2e.py::TestFileIngestionErrorCases::test_nonexistent_file [32m[2025-10-30 23:31:41] [INFO    ] [component_1_netzwerk_core] Initialisiere Neo4j-Verbindung | uri=bolt://127.0.0.1:7687 | user=neo4j[0m
[32m[2025-10-30 23:31:41] [INFO    ] [component_1_netzwerk_core] Neo4j-Verbindung erfolgreich hergestellt | uri=bolt://127.0.0.1:7687[0m
[32m[2025-10-30 23:31:41] [INFO    ] [neo4j.notifications] Received notification from DBMS server: {severity: INFORMATION} {code: Neo.ClientNotification.Schema.IndexOrConstraintAlreadyExists} {category: SCHEMA} {title: `CREATE CONSTRAINT WortLemma IF NOT EXISTS FOR (e:Wort) REQUIRE (e.lemma) IS UNIQUE` has no effect.} {description: `CONSTRAINT WortLemma FOR (e:Wort) REQUIRE (e.lemma) IS UNIQUE` already exists.} {position: None} for query: 'CREATE CONSTRAINT WortLemma IF NOT EXISTS FOR (w:Wort) REQUIRE w.lemma IS UNIQUE'[0m
[32m[2025-10-30 23:31:41] [INFO    ] [neo4j.notifications] Received notification from DBMS server: {severity: INFORMATION} {code: Neo.ClientNotification.Schema.IndexOrConstraintAlreadyExists} {category: SCHEMA} {title: `CREATE CONSTRAINT KonzeptName IF NOT EXISTS FOR (e:Konzept) REQUIRE (e.name) IS UNIQUE` has no effect.} {description: `CONSTRAINT KonzeptName FOR (e:Konzept) REQUIRE (e.name) IS UNIQUE` already exists.} {position: None} for query: 'CREATE CONSTRAINT KonzeptName IF NOT EXISTS FOR (k:Konzept) REQUIRE k.name IS UNIQUE'[0m
[32m[2025-10-30 23:31:41] [INFO    ] [neo4j.notifications] Received notification from DBMS server: {severity: INFORMATION} {code: Neo.ClientNotification.Schema.IndexOrConstraintAlreadyExists} {category: SCHEMA} {title: `CREATE CONSTRAINT ExtractionRuleType IF NOT EXISTS FOR (e:ExtractionRule) REQUIRE (e.relation_type) IS UNIQUE` has no effect.} {description: `CONSTRAINT ExtractionRuleType FOR (e:ExtractionRule) REQUIRE (e.relation_type) IS UNIQUE` already exists.} {position: None} for query: 'CREATE CONSTRAINT ExtractionRuleType IF NOT EXISTS FOR (r:ExtractionRule) REQUIRE r.relation_type IS UNIQUE'[0m
[32m[2025-10-30 23:31:41] [INFO    ] [neo4j.notifications] Received notification from DBMS server: {severity: INFORMATION} {code: Neo.ClientNotification.Schema.IndexOrConstraintAlreadyExists} {category: SCHEMA} {title: `CREATE CONSTRAINT PatternPrototypeId IF NOT EXISTS FOR (e:PatternPrototype) REQUIRE (e.id) IS UNIQUE` has no effect.} {description: `CONSTRAINT PatternPrototypeId FOR (e:PatternPrototype) REQUIRE (e.id) IS UNIQUE` already exists.} {position: None} for query: 'CREATE CONSTRAINT PatternPrototypeId IF NOT EXISTS FOR (p:PatternPrototype) REQUIRE p.id IS UNIQUE'[0m
[32m[2025-10-30 23:31:41] [INFO    ] [neo4j.notifications] Received notification from DBMS server: {severity: INFORMATION} {code: Neo.ClientNotification.Schema.IndexOrConstraintAlreadyExists} {category: SCHEMA} {title: `CREATE CONSTRAINT LexiconName IF NOT EXISTS FOR (e:Lexicon) REQUIRE (e.name) IS UNIQUE` has no effect.} {description: `CONSTRAINT LexiconName FOR (e:Lexicon) REQUIRE (e.name) IS UNIQUE` already exists.} {position: None} for query: 'CREATE CONSTRAINT LexiconName IF NOT EXISTS FOR (l:Lexicon) REQUIRE l.name IS UNIQUE'[0m
[32m[2025-10-30 23:31:41] [INFO    ] [neo4j.notifications] Received notification from DBMS server: {severity: INFORMATION} {code: Neo.ClientNotification.Schema.IndexOrConstraintAlreadyExists} {category: SCHEMA} {title: `CREATE CONSTRAINT EpisodeId IF NOT EXISTS FOR (e:Episode) REQUIRE (e.id) IS UNIQUE` has no effect.} {description: `CONSTRAINT EpisodeId FOR (e:Episode) REQUIRE (e.id) IS UNIQUE` already exists.} {position: None} for query: 'CREATE CONSTRAINT EpisodeId IF NOT EXISTS FOR (e:Episode) REQUIRE e.id IS UNIQUE'[0m
[32m[2025-10-30 23:31:41] [INFO    ] [neo4j.notifications] Received notification from DBMS server: {severity: INFORMATION} {code: Neo.ClientNotification.Schema.IndexOrConstraintAlreadyExists} {category: SCHEMA} {title: `CREATE CONSTRAINT InferenceEpisodeId IF NOT EXISTS FOR (e:InferenceEpisode) REQUIRE (e.id) IS UNIQUE` has no effect.} {description: `CONSTRAINT InferenceEpisodeId FOR (e:InferenceEpisode) REQUIRE (e.id) IS UNIQUE` already exists.} {position: None} for query: 'CREATE CONSTRAINT InferenceEpisodeId IF NOT EXISTS FOR (ie:InferenceEpisode) REQUIRE ie.id IS UNIQUE'[0m
[32m[2025-10-30 23:31:41] [INFO    ] [neo4j.notifications] Received notification from DBMS server: {severity: INFORMATION} {code: Neo.ClientNotification.Schema.IndexOrConstraintAlreadyExists} {category: SCHEMA} {title: `CREATE CONSTRAINT ProofStepId IF NOT EXISTS FOR (e:ProofStep) REQUIRE (e.id) IS UNIQUE` has no effect.} {description: `CONSTRAINT ProofStepId FOR (e:ProofStep) REQUIRE (e.id) IS UNIQUE` already exists.} {position: None} for query: 'CREATE CONSTRAINT ProofStepId IF NOT EXISTS FOR (ps:ProofStep) REQUIRE ps.id IS UNIQUE'[0m
[32m[2025-10-30 23:31:41] [INFO    ] [neo4j.notifications] Received notification from DBMS server: {severity: INFORMATION} {code: Neo.ClientNotification.Schema.IndexOrConstraintAlreadyExists} {category: SCHEMA} {title: `CREATE CONSTRAINT HypothesisId IF NOT EXISTS FOR (e:Hypothesis) REQUIRE (e.id) IS UNIQUE` has no effect.} {description: `CONSTRAINT HypothesisId FOR (e:Hypothesis) REQUIRE (e.id) IS UNIQUE` already exists.} {position: None} for query: 'CREATE CONSTRAINT HypothesisId IF NOT EXISTS FOR (h:Hypothesis) REQUIRE h.id IS UNIQUE'[0m
[32m[2025-10-30 23:31:41] [INFO    ] [component_1_netzwerk_core] Neo4j Constraints erfolgreich konfiguriert[0m
[32m[2025-10-30 23:31:41] [INFO    ] [neo4j.notifications] Received notification from DBMS server: {severity: INFORMATION} {code: Neo.ClientNotification.Schema.IndexOrConstraintAlreadyExists} {category: SCHEMA} {title: `CREATE CONSTRAINT UsageContextId IF NOT EXISTS FOR (e:UsageContext) REQUIRE (e.id) IS UNIQUE` has no effect.} {description: `CONSTRAINT UsageContextId FOR (e:UsageContext) REQUIRE (e.id) IS UNIQUE` already exists.} {position: None} for query: '\n                CREATE CONSTRAINT UsageContextId IF NOT EXISTS\n                FOR (uc:UsageContext) REQUIRE uc.id IS UNIQUE\n                '[0m
[32m[2025-10-30 23:31:41] [INFO    ] [neo4j.notifications] Received notification from DBMS server: {severity: INFORMATION} {code: Neo.ClientNotification.Schema.IndexOrConstraintAlreadyExists} {category: SCHEMA} {title: `CREATE CONSTRAINT TypoFeedbackId IF NOT EXISTS FOR (e:TypoFeedback) REQUIRE (e.id) IS UNIQUE` has no effect.} {description: `CONSTRAINT TypoFeedbackId FOR (e:TypoFeedback) REQUIRE (e.id) IS UNIQUE` already exists.} {position: None} for query: '\n                CREATE CONSTRAINT TypoFeedbackId IF NOT EXISTS\n                FOR (tf:TypoFeedback) REQUIRE tf.id IS UNIQUE\n                '[0m
[32m[2025-10-30 23:31:41] [INFO    ] [component_11_embedding_service] Lade Embedding-Modell | model_name=paraphrase-multilingual-MiniLM-L12-v2[0m
[32m[2025-10-30 23:31:41] [INFO    ] [sentence_transformers.SentenceTransformer] Use pytorch device_name: cpu[0m
[32m[2025-10-30 23:31:41] [INFO    ] [sentence_transformers.SentenceTransformer] Load pretrained SentenceTransformer: paraphrase-multilingual-MiniLM-L12-v2[0m
[32m[2025-10-30 23:31:44] [INFO    ] [component_11_embedding_service] Embedding-Modell geladen | model_name=paraphrase-multilingual-MiniLM-L12-v2 | vector_dimension=384[0m
[32m[2025-10-30 23:31:44] [INFO    ] [component_6_linguistik_engine] [LinguisticPreprocessor] spaCy-Modell 'de_core_news_sm' erfolgreich geladen.[0m
[32m[2025-10-30 23:31:44] [INFO    ] [component_16_probabilistic_engine] ProbabilisticEngine initialisiert.[0m
[32m[2025-10-30 23:31:44] [INFO    ] [component_9_logik_engine] Logik-Engine initialisiert mit probabilistischer Unterst�tzung.[0m
[32m[2025-10-30 23:31:44] [INFO    ] [component_9_logik_engine] Logik-Engine initialisiert mit SAT-Solver f�r Boolean Reasoning.[0m
[32m[2025-10-30 23:31:44] [INFO    ] [component_9_logik_engine] Lade Regeln aus dem Wissensgraphen...[0m
[32m[2025-10-30 23:31:44] [INFO    ] [component_9_logik_engine] 0 Regeln aus dem Graphen geladen und sortiert.[0m
[32m[2025-10-30 23:31:44] [INFO    ] [component_7_meaning_extractor] MeaningPointExtractor initialisiert mit zweiphasiger Erkennung[0m
[32m[2025-10-30 23:31:44] [INFO    ] [kai_response_formatter] KaiResponseFormatter initialisiert mit ConfidenceManager[0m
[32m[2025-10-30 23:31:44] [INFO    ] [kai_response_formatter] KaiResponseFormatter initialisiert mit ConfidenceManager[0m
[32m[2025-10-30 23:31:44] [INFO    ] [kai_inference_handler] InferenceHandler initialisiert mit ConfidenceManager[0m
[32m[2025-10-30 23:31:44] [INFO    ] [kai_reasoning_orchestrator] ReasoningOrchestrator initialisiert: aggregation=noisy_or, parallel=False, caching=True[0m
[32m[2025-10-30 23:31:44] [INFO    ] [kai_inference_handler] [OK] Hybrid Reasoning Orchestrator aktiviert[0m
[32m[2025-10-30 23:31:44] [INFO    ] [kai_response_formatter] KaiResponseFormatter initialisiert mit ConfidenceManager[0m
[32m[2025-10-30 23:31:44] [INFO    ] [component_24_pattern_orchestrator] PatternOrchestrator initialisiert mit adaptiven Thresholds | phase=warming | vocab_size=558 | typo_threshold=10 | seq_threshold=5 | auto_correct_gate=0.85 | ask_user_gate=0.6[0m
[32m[2025-10-30 23:31:44] [INFO    ] [kai_worker] Pattern Recognition Orchestrator aktiviert[0m
[32m[2025-10-30 23:31:44] [INFO    ] [kai_worker] Command Suggester aktiviert[0m
[32m[2025-10-30 23:31:44] [INFO    ] [kai_worker] KAI Worker & alle Subsysteme erfolgreich initialisiert.[0m
[32m[2025-10-30 23:31:44] [INFO    ] [component_26_command_suggestions] Fuzzy-Match gefunden | original=ingestiere dokument: | suggestion=definiere: | similarity=0.631578947368421[0m
[32m[2025-10-30 23:31:44] [INFO    ] [component_7_meaning_extractor] Expliziter Befehl erkannt | cue=ingestiere dokument: | category=COMMAND[0m
[32m[2025-10-30 23:31:44] [INFO    ] [component_4_goal_planner] High confidence (0.95, threshold=0.8) -> Direct Execution[0m
[32m[2025-10-30 23:31:44] [INFO    ] [kai_worker] F�hre Plan aus: Lese und verarbeite Datei: '/nonexistent/path/to/file.docx'[0m
[31m[2025-10-30 23:31:44] [ERROR   ] [kai_worker]   -> FAILED: Validiere Dateipfad und Lesbarkeit. | Grund: Datei nicht gefunden: /nonexistent/path/to/file.docx[0m
PASSED
tests/test_file_ingestion_e2e.py::TestFileIngestionErrorCases::test_unsupported_format [32m[2025-10-30 23:31:44] [INFO    ] [component_1_netzwerk_core] Initialisiere Neo4j-Verbindung | uri=bolt://127.0.0.1:7687 | user=neo4j[0m
[32m[2025-10-30 23:31:44] [INFO    ] [component_1_netzwerk_core] Neo4j-Verbindung erfolgreich hergestellt | uri=bolt://127.0.0.1:7687[0m
[32m[2025-10-30 23:31:44] [INFO    ] [neo4j.notifications] Received notification from DBMS server: {severity: INFORMATION} {code: Neo.ClientNotification.Schema.IndexOrConstraintAlreadyExists} {category: SCHEMA} {title: `CREATE CONSTRAINT WortLemma IF NOT EXISTS FOR (e:Wort) REQUIRE (e.lemma) IS UNIQUE` has no effect.} {description: `CONSTRAINT WortLemma FOR (e:Wort) REQUIRE (e.lemma) IS UNIQUE` already exists.} {position: None} for query: 'CREATE CONSTRAINT WortLemma IF NOT EXISTS FOR (w:Wort) REQUIRE w.lemma IS UNIQUE'[0m
[32m[2025-10-30 23:31:44] [INFO    ] [neo4j.notifications] Received notification from DBMS server: {severity: INFORMATION} {code: Neo.ClientNotification.Schema.IndexOrConstraintAlreadyExists} {category: SCHEMA} {title: `CREATE CONSTRAINT KonzeptName IF NOT EXISTS FOR (e:Konzept) REQUIRE (e.name) IS UNIQUE` has no effect.} {description: `CONSTRAINT KonzeptName FOR (e:Konzept) REQUIRE (e.name) IS UNIQUE` already exists.} {position: None} for query: 'CREATE CONSTRAINT KonzeptName IF NOT EXISTS FOR (k:Konzept) REQUIRE k.name IS UNIQUE'[0m
[32m[2025-10-30 23:31:44] [INFO    ] [neo4j.notifications] Received notification from DBMS server: {severity: INFORMATION} {code: Neo.ClientNotification.Schema.IndexOrConstraintAlreadyExists} {category: SCHEMA} {title: `CREATE CONSTRAINT ExtractionRuleType IF NOT EXISTS FOR (e:ExtractionRule) REQUIRE (e.relation_type) IS UNIQUE` has no effect.} {description: `CONSTRAINT ExtractionRuleType FOR (e:ExtractionRule) REQUIRE (e.relation_type) IS UNIQUE` already exists.} {position: None} for query: 'CREATE CONSTRAINT ExtractionRuleType IF NOT EXISTS FOR (r:ExtractionRule) REQUIRE r.relation_type IS UNIQUE'[0m
[32m[2025-10-30 23:31:44] [INFO    ] [neo4j.notifications] Received notification from DBMS server: {severity: INFORMATION} {code: Neo.ClientNotification.Schema.IndexOrConstraintAlreadyExists} {category: SCHEMA} {title: `CREATE CONSTRAINT PatternPrototypeId IF NOT EXISTS FOR (e:PatternPrototype) REQUIRE (e.id) IS UNIQUE` has no effect.} {description: `CONSTRAINT PatternPrototypeId FOR (e:PatternPrototype) REQUIRE (e.id) IS UNIQUE` already exists.} {position: None} for query: 'CREATE CONSTRAINT PatternPrototypeId IF NOT EXISTS FOR (p:PatternPrototype) REQUIRE p.id IS UNIQUE'[0m
[32m[2025-10-30 23:31:44] [INFO    ] [neo4j.notifications] Received notification from DBMS server: {severity: INFORMATION} {code: Neo.ClientNotification.Schema.IndexOrConstraintAlreadyExists} {category: SCHEMA} {title: `CREATE CONSTRAINT LexiconName IF NOT EXISTS FOR (e:Lexicon) REQUIRE (e.name) IS UNIQUE` has no effect.} {description: `CONSTRAINT LexiconName FOR (e:Lexicon) REQUIRE (e.name) IS UNIQUE` already exists.} {position: None} for query: 'CREATE CONSTRAINT LexiconName IF NOT EXISTS FOR (l:Lexicon) REQUIRE l.name IS UNIQUE'[0m
[32m[2025-10-30 23:31:44] [INFO    ] [neo4j.notifications] Received notification from DBMS server: {severity: INFORMATION} {code: Neo.ClientNotification.Schema.IndexOrConstraintAlreadyExists} {category: SCHEMA} {title: `CREATE CONSTRAINT EpisodeId IF NOT EXISTS FOR (e:Episode) REQUIRE (e.id) IS UNIQUE` has no effect.} {description: `CONSTRAINT EpisodeId FOR (e:Episode) REQUIRE (e.id) IS UNIQUE` already exists.} {position: None} for query: 'CREATE CONSTRAINT EpisodeId IF NOT EXISTS FOR (e:Episode) REQUIRE e.id IS UNIQUE'[0m
[32m[2025-10-30 23:31:44] [INFO    ] [neo4j.notifications] Received notification from DBMS server: {severity: INFORMATION} {code: Neo.ClientNotification.Schema.IndexOrConstraintAlreadyExists} {category: SCHEMA} {title: `CREATE CONSTRAINT InferenceEpisodeId IF NOT EXISTS FOR (e:InferenceEpisode) REQUIRE (e.id) IS UNIQUE` has no effect.} {description: `CONSTRAINT InferenceEpisodeId FOR (e:InferenceEpisode) REQUIRE (e.id) IS UNIQUE` already exists.} {position: None} for query: 'CREATE CONSTRAINT InferenceEpisodeId IF NOT EXISTS FOR (ie:InferenceEpisode) REQUIRE ie.id IS UNIQUE'[0m
[32m[2025-10-30 23:31:44] [INFO    ] [neo4j.notifications] Received notification from DBMS server: {severity: INFORMATION} {code: Neo.ClientNotification.Schema.IndexOrConstraintAlreadyExists} {category: SCHEMA} {title: `CREATE CONSTRAINT ProofStepId IF NOT EXISTS FOR (e:ProofStep) REQUIRE (e.id) IS UNIQUE` has no effect.} {description: `CONSTRAINT ProofStepId FOR (e:ProofStep) REQUIRE (e.id) IS UNIQUE` already exists.} {position: None} for query: 'CREATE CONSTRAINT ProofStepId IF NOT EXISTS FOR (ps:ProofStep) REQUIRE ps.id IS UNIQUE'[0m
[32m[2025-10-30 23:31:44] [INFO    ] [neo4j.notifications] Received notification from DBMS server: {severity: INFORMATION} {code: Neo.ClientNotification.Schema.IndexOrConstraintAlreadyExists} {category: SCHEMA} {title: `CREATE CONSTRAINT HypothesisId IF NOT EXISTS FOR (e:Hypothesis) REQUIRE (e.id) IS UNIQUE` has no effect.} {description: `CONSTRAINT HypothesisId FOR (e:Hypothesis) REQUIRE (e.id) IS UNIQUE` already exists.} {position: None} for query: 'CREATE CONSTRAINT HypothesisId IF NOT EXISTS FOR (h:Hypothesis) REQUIRE h.id IS UNIQUE'[0m
[32m[2025-10-30 23:31:44] [INFO    ] [component_1_netzwerk_core] Neo4j Constraints erfolgreich konfiguriert[0m
[32m[2025-10-30 23:31:44] [INFO    ] [neo4j.notifications] Received notification from DBMS server: {severity: INFORMATION} {code: Neo.ClientNotification.Schema.IndexOrConstraintAlreadyExists} {category: SCHEMA} {title: `CREATE CONSTRAINT UsageContextId IF NOT EXISTS FOR (e:UsageContext) REQUIRE (e.id) IS UNIQUE` has no effect.} {description: `CONSTRAINT UsageContextId FOR (e:UsageContext) REQUIRE (e.id) IS UNIQUE` already exists.} {position: None} for query: '\n                CREATE CONSTRAINT UsageContextId IF NOT EXISTS\n                FOR (uc:UsageContext) REQUIRE uc.id IS UNIQUE\n                '[0m
[32m[2025-10-30 23:31:44] [INFO    ] [neo4j.notifications] Received notification from DBMS server: {severity: INFORMATION} {code: Neo.ClientNotification.Schema.IndexOrConstraintAlreadyExists} {category: SCHEMA} {title: `CREATE CONSTRAINT TypoFeedbackId IF NOT EXISTS FOR (e:TypoFeedback) REQUIRE (e.id) IS UNIQUE` has no effect.} {description: `CONSTRAINT TypoFeedbackId FOR (e:TypoFeedback) REQUIRE (e.id) IS UNIQUE` already exists.} {position: None} for query: '\n                CREATE CONSTRAINT TypoFeedbackId IF NOT EXISTS\n                FOR (tf:TypoFeedback) REQUIRE tf.id IS UNIQUE\n                '[0m
[32m[2025-10-30 23:31:44] [INFO    ] [component_11_embedding_service] Lade Embedding-Modell | model_name=paraphrase-multilingual-MiniLM-L12-v2[0m
[32m[2025-10-30 23:31:44] [INFO    ] [sentence_transformers.SentenceTransformer] Use pytorch device_name: cpu[0m
[32m[2025-10-30 23:31:44] [INFO    ] [sentence_transformers.SentenceTransformer] Load pretrained SentenceTransformer: paraphrase-multilingual-MiniLM-L12-v2[0m
[32m[2025-10-30 23:31:47] [INFO    ] [component_11_embedding_service] Embedding-Modell geladen | model_name=paraphrase-multilingual-MiniLM-L12-v2 | vector_dimension=384[0m
[32m[2025-10-30 23:31:47] [INFO    ] [component_6_linguistik_engine] [LinguisticPreprocessor] spaCy-Modell 'de_core_news_sm' erfolgreich geladen.[0m
[32m[2025-10-30 23:31:47] [INFO    ] [component_16_probabilistic_engine] ProbabilisticEngine initialisiert.[0m
[32m[2025-10-30 23:31:47] [INFO    ] [component_9_logik_engine] Logik-Engine initialisiert mit probabilistischer Unterst�tzung.[0m
[32m[2025-10-30 23:31:47] [INFO    ] [component_9_logik_engine] Logik-Engine initialisiert mit SAT-Solver f�r Boolean Reasoning.[0m
[32m[2025-10-30 23:31:47] [INFO    ] [component_9_logik_engine] Lade Regeln aus dem Wissensgraphen...[0m
[32m[2025-10-30 23:31:47] [INFO    ] [component_9_logik_engine] 0 Regeln aus dem Graphen geladen und sortiert.[0m
[32m[2025-10-30 23:31:47] [INFO    ] [component_7_meaning_extractor] MeaningPointExtractor initialisiert mit zweiphasiger Erkennung[0m
[32m[2025-10-30 23:31:47] [INFO    ] [kai_response_formatter] KaiResponseFormatter initialisiert mit ConfidenceManager[0m
[32m[2025-10-30 23:31:47] [INFO    ] [kai_response_formatter] KaiResponseFormatter initialisiert mit ConfidenceManager[0m
[32m[2025-10-30 23:31:47] [INFO    ] [kai_inference_handler] InferenceHandler initialisiert mit ConfidenceManager[0m
[32m[2025-10-30 23:31:47] [INFO    ] [kai_reasoning_orchestrator] ReasoningOrchestrator initialisiert: aggregation=noisy_or, parallel=False, caching=True[0m
[32m[2025-10-30 23:31:47] [INFO    ] [kai_inference_handler] [OK] Hybrid Reasoning Orchestrator aktiviert[0m
[32m[2025-10-30 23:31:47] [INFO    ] [kai_response_formatter] KaiResponseFormatter initialisiert mit ConfidenceManager[0m
[32m[2025-10-30 23:31:47] [INFO    ] [component_24_pattern_orchestrator] PatternOrchestrator initialisiert mit adaptiven Thresholds | phase=warming | vocab_size=558 | typo_threshold=10 | seq_threshold=5 | auto_correct_gate=0.85 | ask_user_gate=0.6[0m
[32m[2025-10-30 23:31:47] [INFO    ] [kai_worker] Pattern Recognition Orchestrator aktiviert[0m
[32m[2025-10-30 23:31:47] [INFO    ] [kai_worker] Command Suggester aktiviert[0m
[32m[2025-10-30 23:31:47] [INFO    ] [kai_worker] KAI Worker & alle Subsysteme erfolgreich initialisiert.[0m
[32m[2025-10-30 23:31:47] [INFO    ] [component_26_command_suggestions] Fuzzy-Match gefunden | original=ingestiere dokument: | suggestion=definiere: | similarity=0.631578947368421[0m
[32m[2025-10-30 23:31:48] [INFO    ] [component_7_meaning_extractor] Expliziter Befehl erkannt | cue=ingestiere dokument: | category=COMMAND[0m
[32m[2025-10-30 23:31:48] [INFO    ] [component_4_goal_planner] High confidence (0.95, threshold=0.8) -> Direct Execution[0m
[32m[2025-10-30 23:31:48] [INFO    ] [kai_worker] F�hre Plan aus: Lese und verarbeite Datei: 'C:\Users\gehri\desktop\kai-claude\tests\fixtures\unsupported_format.txt'[0m
[32m[2025-10-30 23:31:48] [INFO    ] [kai_sub_goal_executor] Datei-Validierung erfolgreich: C:\Users\gehri\desktop\kai-claude\tests\fixtures\unsupported_format.txt (Format: .txt)[0m
[32m[2025-10-30 23:31:48] [INFO    ] [kai_worker]   -> SUCCESS: Validiere Dateipfad und Lesbarkeit.[0m
[32m[2025-10-30 23:31:48] [INFO    ] [kai_sub_goal_executor] Starte Text-Extraktion aus: unsupported_format.txt[0m
[32m[2025-10-30 23:31:48] [INFO    ] [component_28_document_parser] Extrahiere Text aus TXT: C:\Users\gehri\desktop\kai-claude\tests\fixtures\unsupported_format.txt (Encoding: utf-8)[0m
[32m[2025-10-30 23:31:48] [INFO    ] [component_28_document_parser] TXT erfolgreich geparst: 36 Zeichen (Encoding: utf-8)[0m
[32m[2025-10-30 23:31:48] [INFO    ] [kai_sub_goal_executor] Text erfolgreich extrahiert: 36 Zeichen aus unsupported_format.txt[0m
[32m[2025-10-30 23:31:48] [INFO    ] [kai_worker]   -> SUCCESS: Extrahiere Text aus der Datei.[0m
[32m[2025-10-30 23:31:48] [INFO    ] [kai_sub_goal_executor] Zeige Preview f�r unsupported_format.txt (36 Zeichen)[0m
[32m[2025-10-30 23:31:48] [INFO    ] [kai_worker] Warte auf Preview-Best�tigung f�r: unsupported_format.txt[0m
[33m[2025-10-30 23:32:48] [WARNING ] [kai_worker] Preview-Best�tigung Timeout - Abbruch[0m
[32m[2025-10-30 23:32:48] [INFO    ] [kai_sub_goal_executor] User hat Ingestion von unsupported_format.txt abgebrochen[0m
[31m[2025-10-30 23:32:48] [ERROR   ] [kai_worker]   -> FAILED: Verarbeite extrahierten Text durch Ingestion-Pipeline. | Grund: Ingestion von 'unsupported_format.txt' wurde vom Benutzer abgebrochen.[0m
PASSED
tests/test_file_ingestion_e2e.py::TestFileIngestionErrorCases::test_empty_document_warning [32m[2025-10-30 23:32:48] [INFO    ] [component_1_netzwerk_core] Initialisiere Neo4j-Verbindung | uri=bolt://127.0.0.1:7687 | user=neo4j[0m
[32m[2025-10-30 23:32:48] [INFO    ] [component_1_netzwerk_core] Neo4j-Verbindung erfolgreich hergestellt | uri=bolt://127.0.0.1:7687[0m
[32m[2025-10-30 23:32:48] [INFO    ] [neo4j.notifications] Received notification from DBMS server: {severity: INFORMATION} {code: Neo.ClientNotification.Schema.IndexOrConstraintAlreadyExists} {category: SCHEMA} {title: `CREATE CONSTRAINT WortLemma IF NOT EXISTS FOR (e:Wort) REQUIRE (e.lemma) IS UNIQUE` has no effect.} {description: `CONSTRAINT WortLemma FOR (e:Wort) REQUIRE (e.lemma) IS UNIQUE` already exists.} {position: None} for query: 'CREATE CONSTRAINT WortLemma IF NOT EXISTS FOR (w:Wort) REQUIRE w.lemma IS UNIQUE'[0m
[32m[2025-10-30 23:32:48] [INFO    ] [neo4j.notifications] Received notification from DBMS server: {severity: INFORMATION} {code: Neo.ClientNotification.Schema.IndexOrConstraintAlreadyExists} {category: SCHEMA} {title: `CREATE CONSTRAINT KonzeptName IF NOT EXISTS FOR (e:Konzept) REQUIRE (e.name) IS UNIQUE` has no effect.} {description: `CONSTRAINT KonzeptName FOR (e:Konzept) REQUIRE (e.name) IS UNIQUE` already exists.} {position: None} for query: 'CREATE CONSTRAINT KonzeptName IF NOT EXISTS FOR (k:Konzept) REQUIRE k.name IS UNIQUE'[0m
[32m[2025-10-30 23:32:48] [INFO    ] [neo4j.notifications] Received notification from DBMS server: {severity: INFORMATION} {code: Neo.ClientNotification.Schema.IndexOrConstraintAlreadyExists} {category: SCHEMA} {title: `CREATE CONSTRAINT ExtractionRuleType IF NOT EXISTS FOR (e:ExtractionRule) REQUIRE (e.relation_type) IS UNIQUE` has no effect.} {description: `CONSTRAINT ExtractionRuleType FOR (e:ExtractionRule) REQUIRE (e.relation_type) IS UNIQUE` already exists.} {position: None} for query: 'CREATE CONSTRAINT ExtractionRuleType IF NOT EXISTS FOR (r:ExtractionRule) REQUIRE r.relation_type IS UNIQUE'[0m
[32m[2025-10-30 23:32:48] [INFO    ] [neo4j.notifications] Received notification from DBMS server: {severity: INFORMATION} {code: Neo.ClientNotification.Schema.IndexOrConstraintAlreadyExists} {category: SCHEMA} {title: `CREATE CONSTRAINT PatternPrototypeId IF NOT EXISTS FOR (e:PatternPrototype) REQUIRE (e.id) IS UNIQUE` has no effect.} {description: `CONSTRAINT PatternPrototypeId FOR (e:PatternPrototype) REQUIRE (e.id) IS UNIQUE` already exists.} {position: None} for query: 'CREATE CONSTRAINT PatternPrototypeId IF NOT EXISTS FOR (p:PatternPrototype) REQUIRE p.id IS UNIQUE'[0m
[32m[2025-10-30 23:32:48] [INFO    ] [neo4j.notifications] Received notification from DBMS server: {severity: INFORMATION} {code: Neo.ClientNotification.Schema.IndexOrConstraintAlreadyExists} {category: SCHEMA} {title: `CREATE CONSTRAINT LexiconName IF NOT EXISTS FOR (e:Lexicon) REQUIRE (e.name) IS UNIQUE` has no effect.} {description: `CONSTRAINT LexiconName FOR (e:Lexicon) REQUIRE (e.name) IS UNIQUE` already exists.} {position: None} for query: 'CREATE CONSTRAINT LexiconName IF NOT EXISTS FOR (l:Lexicon) REQUIRE l.name IS UNIQUE'[0m
[32m[2025-10-30 23:32:48] [INFO    ] [neo4j.notifications] Received notification from DBMS server: {severity: INFORMATION} {code: Neo.ClientNotification.Schema.IndexOrConstraintAlreadyExists} {category: SCHEMA} {title: `CREATE CONSTRAINT EpisodeId IF NOT EXISTS FOR (e:Episode) REQUIRE (e.id) IS UNIQUE` has no effect.} {description: `CONSTRAINT EpisodeId FOR (e:Episode) REQUIRE (e.id) IS UNIQUE` already exists.} {position: None} for query: 'CREATE CONSTRAINT EpisodeId IF NOT EXISTS FOR (e:Episode) REQUIRE e.id IS UNIQUE'[0m
[32m[2025-10-30 23:32:48] [INFO    ] [neo4j.notifications] Received notification from DBMS server: {severity: INFORMATION} {code: Neo.ClientNotification.Schema.IndexOrConstraintAlreadyExists} {category: SCHEMA} {title: `CREATE CONSTRAINT InferenceEpisodeId IF NOT EXISTS FOR (e:InferenceEpisode) REQUIRE (e.id) IS UNIQUE` has no effect.} {description: `CONSTRAINT InferenceEpisodeId FOR (e:InferenceEpisode) REQUIRE (e.id) IS UNIQUE` already exists.} {position: None} for query: 'CREATE CONSTRAINT InferenceEpisodeId IF NOT EXISTS FOR (ie:InferenceEpisode) REQUIRE ie.id IS UNIQUE'[0m
[32m[2025-10-30 23:32:48] [INFO    ] [neo4j.notifications] Received notification from DBMS server: {severity: INFORMATION} {code: Neo.ClientNotification.Schema.IndexOrConstraintAlreadyExists} {category: SCHEMA} {title: `CREATE CONSTRAINT ProofStepId IF NOT EXISTS FOR (e:ProofStep) REQUIRE (e.id) IS UNIQUE` has no effect.} {description: `CONSTRAINT ProofStepId FOR (e:ProofStep) REQUIRE (e.id) IS UNIQUE` already exists.} {position: None} for query: 'CREATE CONSTRAINT ProofStepId IF NOT EXISTS FOR (ps:ProofStep) REQUIRE ps.id IS UNIQUE'[0m
[32m[2025-10-30 23:32:48] [INFO    ] [neo4j.notifications] Received notification from DBMS server: {severity: INFORMATION} {code: Neo.ClientNotification.Schema.IndexOrConstraintAlreadyExists} {category: SCHEMA} {title: `CREATE CONSTRAINT HypothesisId IF NOT EXISTS FOR (e:Hypothesis) REQUIRE (e.id) IS UNIQUE` has no effect.} {description: `CONSTRAINT HypothesisId FOR (e:Hypothesis) REQUIRE (e.id) IS UNIQUE` already exists.} {position: None} for query: 'CREATE CONSTRAINT HypothesisId IF NOT EXISTS FOR (h:Hypothesis) REQUIRE h.id IS UNIQUE'[0m
[32m[2025-10-30 23:32:48] [INFO    ] [component_1_netzwerk_core] Neo4j Constraints erfolgreich konfiguriert[0m
[32m[2025-10-30 23:32:48] [INFO    ] [neo4j.notifications] Received notification from DBMS server: {severity: INFORMATION} {code: Neo.ClientNotification.Schema.IndexOrConstraintAlreadyExists} {category: SCHEMA} {title: `CREATE CONSTRAINT UsageContextId IF NOT EXISTS FOR (e:UsageContext) REQUIRE (e.id) IS UNIQUE` has no effect.} {description: `CONSTRAINT UsageContextId FOR (e:UsageContext) REQUIRE (e.id) IS UNIQUE` already exists.} {position: None} for query: '\n                CREATE CONSTRAINT UsageContextId IF NOT EXISTS\n                FOR (uc:UsageContext) REQUIRE uc.id IS UNIQUE\n                '[0m
[32m[2025-10-30 23:32:48] [INFO    ] [neo4j.notifications] Received notification from DBMS server: {severity: INFORMATION} {code: Neo.ClientNotification.Schema.IndexOrConstraintAlreadyExists} {category: SCHEMA} {title: `CREATE CONSTRAINT TypoFeedbackId IF NOT EXISTS FOR (e:TypoFeedback) REQUIRE (e.id) IS UNIQUE` has no effect.} {description: `CONSTRAINT TypoFeedbackId FOR (e:TypoFeedback) REQUIRE (e.id) IS UNIQUE` already exists.} {position: None} for query: '\n                CREATE CONSTRAINT TypoFeedbackId IF NOT EXISTS\n                FOR (tf:TypoFeedback) REQUIRE tf.id IS UNIQUE\n                '[0m
[32m[2025-10-30 23:32:48] [INFO    ] [component_11_embedding_service] Lade Embedding-Modell | model_name=paraphrase-multilingual-MiniLM-L12-v2[0m
[32m[2025-10-30 23:32:48] [INFO    ] [sentence_transformers.SentenceTransformer] Use pytorch device_name: cpu[0m
[32m[2025-10-30 23:32:48] [INFO    ] [sentence_transformers.SentenceTransformer] Load pretrained SentenceTransformer: paraphrase-multilingual-MiniLM-L12-v2[0m
[32m[2025-10-30 23:32:50] [INFO    ] [component_11_embedding_service] Embedding-Modell geladen | model_name=paraphrase-multilingual-MiniLM-L12-v2 | vector_dimension=384[0m
[32m[2025-10-30 23:32:51] [INFO    ] [component_6_linguistik_engine] [LinguisticPreprocessor] spaCy-Modell 'de_core_news_sm' erfolgreich geladen.[0m
[32m[2025-10-30 23:32:51] [INFO    ] [component_16_probabilistic_engine] ProbabilisticEngine initialisiert.[0m
[32m[2025-10-30 23:32:51] [INFO    ] [component_9_logik_engine] Logik-Engine initialisiert mit probabilistischer Unterst�tzung.[0m
[32m[2025-10-30 23:32:51] [INFO    ] [component_9_logik_engine] Logik-Engine initialisiert mit SAT-Solver f�r Boolean Reasoning.[0m
[32m[2025-10-30 23:32:51] [INFO    ] [component_9_logik_engine] Lade Regeln aus dem Wissensgraphen...[0m
[32m[2025-10-30 23:32:51] [INFO    ] [component_9_logik_engine] 0 Regeln aus dem Graphen geladen und sortiert.[0m
[32m[2025-10-30 23:32:51] [INFO    ] [component_7_meaning_extractor] MeaningPointExtractor initialisiert mit zweiphasiger Erkennung[0m
[32m[2025-10-30 23:32:51] [INFO    ] [kai_response_formatter] KaiResponseFormatter initialisiert mit ConfidenceManager[0m
[32m[2025-10-30 23:32:51] [INFO    ] [kai_response_formatter] KaiResponseFormatter initialisiert mit ConfidenceManager[0m
[32m[2025-10-30 23:32:51] [INFO    ] [kai_inference_handler] InferenceHandler initialisiert mit ConfidenceManager[0m
[32m[2025-10-30 23:32:51] [INFO    ] [kai_reasoning_orchestrator] ReasoningOrchestrator initialisiert: aggregation=noisy_or, parallel=False, caching=True[0m
[32m[2025-10-30 23:32:51] [INFO    ] [kai_inference_handler] [OK] Hybrid Reasoning Orchestrator aktiviert[0m
[32m[2025-10-30 23:32:51] [INFO    ] [kai_response_formatter] KaiResponseFormatter initialisiert mit ConfidenceManager[0m
[32m[2025-10-30 23:32:51] [INFO    ] [component_24_pattern_orchestrator] PatternOrchestrator initialisiert mit adaptiven Thresholds | phase=warming | vocab_size=558 | typo_threshold=10 | seq_threshold=5 | auto_correct_gate=0.85 | ask_user_gate=0.6[0m
[32m[2025-10-30 23:32:51] [INFO    ] [kai_worker] Pattern Recognition Orchestrator aktiviert[0m
[32m[2025-10-30 23:32:51] [INFO    ] [kai_worker] Command Suggester aktiviert[0m
[32m[2025-10-30 23:32:51] [INFO    ] [kai_worker] KAI Worker & alle Subsysteme erfolgreich initialisiert.[0m
[32m[2025-10-30 23:32:51] [INFO    ] [component_26_command_suggestions] Fuzzy-Match gefunden | original=ingestiere dokument: | suggestion=definiere: | similarity=0.631578947368421[0m
[32m[2025-10-30 23:32:51] [INFO    ] [component_7_meaning_extractor] Expliziter Befehl erkannt | cue=ingestiere dokument: | category=COMMAND[0m
[32m[2025-10-30 23:32:51] [INFO    ] [component_4_goal_planner] High confidence (0.95, threshold=0.8) -> Direct Execution[0m
[32m[2025-10-30 23:32:51] [INFO    ] [kai_worker] F�hre Plan aus: Lese und verarbeite Datei: 'C:\Users\gehri\desktop\kai-claude\tests\fixtures\empty_document.docx'[0m
[32m[2025-10-30 23:32:51] [INFO    ] [kai_sub_goal_executor] Datei-Validierung erfolgreich: C:\Users\gehri\desktop\kai-claude\tests\fixtures\empty_document.docx (Format: .docx)[0m
[32m[2025-10-30 23:32:51] [INFO    ] [kai_worker]   -> SUCCESS: Validiere Dateipfad und Lesbarkeit.[0m
[32m[2025-10-30 23:32:51] [INFO    ] [kai_sub_goal_executor] Starte Text-Extraktion aus: empty_document.docx[0m
[32m[2025-10-30 23:32:51] [INFO    ] [component_28_document_parser] Extrahiere Text aus DOCX: C:\Users\gehri\desktop\kai-claude\tests\fixtures\empty_document.docx[0m
[32m[2025-10-30 23:32:51] [INFO    ] [component_28_document_parser] DOCX erfolgreich geparst: 1 Abs�tze, 24 Zeichen[0m
[32m[2025-10-30 23:32:51] [INFO    ] [kai_sub_goal_executor] Text erfolgreich extrahiert: 24 Zeichen aus empty_document.docx[0m
[32m[2025-10-30 23:32:51] [INFO    ] [kai_worker]   -> SUCCESS: Extrahiere Text aus der Datei.[0m
[32m[2025-10-30 23:32:51] [INFO    ] [kai_sub_goal_executor] Zeige Preview f�r empty_document.docx (24 Zeichen)[0m
[32m[2025-10-30 23:32:51] [INFO    ] [kai_worker] Warte auf Preview-Best�tigung f�r: empty_document.docx[0m
[33m[2025-10-30 23:33:51] [WARNING ] [kai_worker] Preview-Best�tigung Timeout - Abbruch[0m
[32m[2025-10-30 23:33:51] [INFO    ] [kai_sub_goal_executor] User hat Ingestion von empty_document.docx abgebrochen[0m
[31m[2025-10-30 23:33:51] [ERROR   ] [kai_worker]   -> FAILED: Verarbeite extrahierten Text durch Ingestion-Pipeline. | Grund: Ingestion von 'empty_document.docx' wurde vom Benutzer abgebrochen.[0m
PASSED
tests/test_file_ingestion_e2e.py::TestFileIngestionErrorCases::test_corrupted_pdf [32m[2025-10-30 23:33:51] [INFO    ] [component_1_netzwerk_core] Initialisiere Neo4j-Verbindung | uri=bolt://127.0.0.1:7687 | user=neo4j[0m
[32m[2025-10-30 23:33:51] [INFO    ] [component_1_netzwerk_core] Neo4j-Verbindung erfolgreich hergestellt | uri=bolt://127.0.0.1:7687[0m
[32m[2025-10-30 23:33:51] [INFO    ] [neo4j.notifications] Received notification from DBMS server: {severity: INFORMATION} {code: Neo.ClientNotification.Schema.IndexOrConstraintAlreadyExists} {category: SCHEMA} {title: `CREATE CONSTRAINT WortLemma IF NOT EXISTS FOR (e:Wort) REQUIRE (e.lemma) IS UNIQUE` has no effect.} {description: `CONSTRAINT WortLemma FOR (e:Wort) REQUIRE (e.lemma) IS UNIQUE` already exists.} {position: None} for query: 'CREATE CONSTRAINT WortLemma IF NOT EXISTS FOR (w:Wort) REQUIRE w.lemma IS UNIQUE'[0m
[32m[2025-10-30 23:33:51] [INFO    ] [neo4j.notifications] Received notification from DBMS server: {severity: INFORMATION} {code: Neo.ClientNotification.Schema.IndexOrConstraintAlreadyExists} {category: SCHEMA} {title: `CREATE CONSTRAINT KonzeptName IF NOT EXISTS FOR (e:Konzept) REQUIRE (e.name) IS UNIQUE` has no effect.} {description: `CONSTRAINT KonzeptName FOR (e:Konzept) REQUIRE (e.name) IS UNIQUE` already exists.} {position: None} for query: 'CREATE CONSTRAINT KonzeptName IF NOT EXISTS FOR (k:Konzept) REQUIRE k.name IS UNIQUE'[0m
[32m[2025-10-30 23:33:51] [INFO    ] [neo4j.notifications] Received notification from DBMS server: {severity: INFORMATION} {code: Neo.ClientNotification.Schema.IndexOrConstraintAlreadyExists} {category: SCHEMA} {title: `CREATE CONSTRAINT ExtractionRuleType IF NOT EXISTS FOR (e:ExtractionRule) REQUIRE (e.relation_type) IS UNIQUE` has no effect.} {description: `CONSTRAINT ExtractionRuleType FOR (e:ExtractionRule) REQUIRE (e.relation_type) IS UNIQUE` already exists.} {position: None} for query: 'CREATE CONSTRAINT ExtractionRuleType IF NOT EXISTS FOR (r:ExtractionRule) REQUIRE r.relation_type IS UNIQUE'[0m
[32m[2025-10-30 23:33:51] [INFO    ] [neo4j.notifications] Received notification from DBMS server: {severity: INFORMATION} {code: Neo.ClientNotification.Schema.IndexOrConstraintAlreadyExists} {category: SCHEMA} {title: `CREATE CONSTRAINT PatternPrototypeId IF NOT EXISTS FOR (e:PatternPrototype) REQUIRE (e.id) IS UNIQUE` has no effect.} {description: `CONSTRAINT PatternPrototypeId FOR (e:PatternPrototype) REQUIRE (e.id) IS UNIQUE` already exists.} {position: None} for query: 'CREATE CONSTRAINT PatternPrototypeId IF NOT EXISTS FOR (p:PatternPrototype) REQUIRE p.id IS UNIQUE'[0m
[32m[2025-10-30 23:33:51] [INFO    ] [neo4j.notifications] Received notification from DBMS server: {severity: INFORMATION} {code: Neo.ClientNotification.Schema.IndexOrConstraintAlreadyExists} {category: SCHEMA} {title: `CREATE CONSTRAINT LexiconName IF NOT EXISTS FOR (e:Lexicon) REQUIRE (e.name) IS UNIQUE` has no effect.} {description: `CONSTRAINT LexiconName FOR (e:Lexicon) REQUIRE (e.name) IS UNIQUE` already exists.} {position: None} for query: 'CREATE CONSTRAINT LexiconName IF NOT EXISTS FOR (l:Lexicon) REQUIRE l.name IS UNIQUE'[0m
[32m[2025-10-30 23:33:51] [INFO    ] [neo4j.notifications] Received notification from DBMS server: {severity: INFORMATION} {code: Neo.ClientNotification.Schema.IndexOrConstraintAlreadyExists} {category: SCHEMA} {title: `CREATE CONSTRAINT EpisodeId IF NOT EXISTS FOR (e:Episode) REQUIRE (e.id) IS UNIQUE` has no effect.} {description: `CONSTRAINT EpisodeId FOR (e:Episode) REQUIRE (e.id) IS UNIQUE` already exists.} {position: None} for query: 'CREATE CONSTRAINT EpisodeId IF NOT EXISTS FOR (e:Episode) REQUIRE e.id IS UNIQUE'[0m
[32m[2025-10-30 23:33:51] [INFO    ] [neo4j.notifications] Received notification from DBMS server: {severity: INFORMATION} {code: Neo.ClientNotification.Schema.IndexOrConstraintAlreadyExists} {category: SCHEMA} {title: `CREATE CONSTRAINT InferenceEpisodeId IF NOT EXISTS FOR (e:InferenceEpisode) REQUIRE (e.id) IS UNIQUE` has no effect.} {description: `CONSTRAINT InferenceEpisodeId FOR (e:InferenceEpisode) REQUIRE (e.id) IS UNIQUE` already exists.} {position: None} for query: 'CREATE CONSTRAINT InferenceEpisodeId IF NOT EXISTS FOR (ie:InferenceEpisode) REQUIRE ie.id IS UNIQUE'[0m
[32m[2025-10-30 23:33:51] [INFO    ] [neo4j.notifications] Received notification from DBMS server: {severity: INFORMATION} {code: Neo.ClientNotification.Schema.IndexOrConstraintAlreadyExists} {category: SCHEMA} {title: `CREATE CONSTRAINT ProofStepId IF NOT EXISTS FOR (e:ProofStep) REQUIRE (e.id) IS UNIQUE` has no effect.} {description: `CONSTRAINT ProofStepId FOR (e:ProofStep) REQUIRE (e.id) IS UNIQUE` already exists.} {position: None} for query: 'CREATE CONSTRAINT ProofStepId IF NOT EXISTS FOR (ps:ProofStep) REQUIRE ps.id IS UNIQUE'[0m
[32m[2025-10-30 23:33:51] [INFO    ] [neo4j.notifications] Received notification from DBMS server: {severity: INFORMATION} {code: Neo.ClientNotification.Schema.IndexOrConstraintAlreadyExists} {category: SCHEMA} {title: `CREATE CONSTRAINT HypothesisId IF NOT EXISTS FOR (e:Hypothesis) REQUIRE (e.id) IS UNIQUE` has no effect.} {description: `CONSTRAINT HypothesisId FOR (e:Hypothesis) REQUIRE (e.id) IS UNIQUE` already exists.} {position: None} for query: 'CREATE CONSTRAINT HypothesisId IF NOT EXISTS FOR (h:Hypothesis) REQUIRE h.id IS UNIQUE'[0m
[32m[2025-10-30 23:33:51] [INFO    ] [component_1_netzwerk_core] Neo4j Constraints erfolgreich konfiguriert[0m
[32m[2025-10-30 23:33:51] [INFO    ] [neo4j.notifications] Received notification from DBMS server: {severity: INFORMATION} {code: Neo.ClientNotification.Schema.IndexOrConstraintAlreadyExists} {category: SCHEMA} {title: `CREATE CONSTRAINT UsageContextId IF NOT EXISTS FOR (e:UsageContext) REQUIRE (e.id) IS UNIQUE` has no effect.} {description: `CONSTRAINT UsageContextId FOR (e:UsageContext) REQUIRE (e.id) IS UNIQUE` already exists.} {position: None} for query: '\n                CREATE CONSTRAINT UsageContextId IF NOT EXISTS\n                FOR (uc:UsageContext) REQUIRE uc.id IS UNIQUE\n                '[0m
[32m[2025-10-30 23:33:51] [INFO    ] [neo4j.notifications] Received notification from DBMS server: {severity: INFORMATION} {code: Neo.ClientNotification.Schema.IndexOrConstraintAlreadyExists} {category: SCHEMA} {title: `CREATE CONSTRAINT TypoFeedbackId IF NOT EXISTS FOR (e:TypoFeedback) REQUIRE (e.id) IS UNIQUE` has no effect.} {description: `CONSTRAINT TypoFeedbackId FOR (e:TypoFeedback) REQUIRE (e.id) IS UNIQUE` already exists.} {position: None} for query: '\n                CREATE CONSTRAINT TypoFeedbackId IF NOT EXISTS\n                FOR (tf:TypoFeedback) REQUIRE tf.id IS UNIQUE\n                '[0m
[32m[2025-10-30 23:33:51] [INFO    ] [component_11_embedding_service] Lade Embedding-Modell | model_name=paraphrase-multilingual-MiniLM-L12-v2[0m
[32m[2025-10-30 23:33:51] [INFO    ] [sentence_transformers.SentenceTransformer] Use pytorch device_name: cpu[0m
[32m[2025-10-30 23:33:51] [INFO    ] [sentence_transformers.SentenceTransformer] Load pretrained SentenceTransformer: paraphrase-multilingual-MiniLM-L12-v2[0m
[32m[2025-10-30 23:33:53] [INFO    ] [component_11_embedding_service] Embedding-Modell geladen | model_name=paraphrase-multilingual-MiniLM-L12-v2 | vector_dimension=384[0m
[32m[2025-10-30 23:33:54] [INFO    ] [component_6_linguistik_engine] [LinguisticPreprocessor] spaCy-Modell 'de_core_news_sm' erfolgreich geladen.[0m
[32m[2025-10-30 23:33:54] [INFO    ] [component_16_probabilistic_engine] ProbabilisticEngine initialisiert.[0m
[32m[2025-10-30 23:33:54] [INFO    ] [component_9_logik_engine] Logik-Engine initialisiert mit probabilistischer Unterst�tzung.[0m
[32m[2025-10-30 23:33:54] [INFO    ] [component_9_logik_engine] Logik-Engine initialisiert mit SAT-Solver f�r Boolean Reasoning.[0m
[32m[2025-10-30 23:33:54] [INFO    ] [component_9_logik_engine] Lade Regeln aus dem Wissensgraphen...[0m
[32m[2025-10-30 23:33:54] [INFO    ] [component_9_logik_engine] 0 Regeln aus dem Graphen geladen und sortiert.[0m
[32m[2025-10-30 23:33:54] [INFO    ] [component_7_meaning_extractor] MeaningPointExtractor initialisiert mit zweiphasiger Erkennung[0m
[32m[2025-10-30 23:33:54] [INFO    ] [kai_response_formatter] KaiResponseFormatter initialisiert mit ConfidenceManager[0m
[32m[2025-10-30 23:33:54] [INFO    ] [kai_response_formatter] KaiResponseFormatter initialisiert mit ConfidenceManager[0m
[32m[2025-10-30 23:33:54] [INFO    ] [kai_inference_handler] InferenceHandler initialisiert mit ConfidenceManager[0m
[32m[2025-10-30 23:33:54] [INFO    ] [kai_reasoning_orchestrator] ReasoningOrchestrator initialisiert: aggregation=noisy_or, parallel=False, caching=True[0m
[32m[2025-10-30 23:33:54] [INFO    ] [kai_inference_handler] [OK] Hybrid Reasoning Orchestrator aktiviert[0m
[32m[2025-10-30 23:33:54] [INFO    ] [kai_response_formatter] KaiResponseFormatter initialisiert mit ConfidenceManager[0m
[32m[2025-10-30 23:33:54] [INFO    ] [component_24_pattern_orchestrator] PatternOrchestrator initialisiert mit adaptiven Thresholds | phase=warming | vocab_size=558 | typo_threshold=10 | seq_threshold=5 | auto_correct_gate=0.85 | ask_user_gate=0.6[0m
[32m[2025-10-30 23:33:54] [INFO    ] [kai_worker] Pattern Recognition Orchestrator aktiviert[0m
[32m[2025-10-30 23:33:54] [INFO    ] [kai_worker] Command Suggester aktiviert[0m
[32m[2025-10-30 23:33:54] [INFO    ] [kai_worker] KAI Worker & alle Subsysteme erfolgreich initialisiert.[0m
[32m[2025-10-30 23:33:54] [INFO    ] [component_26_command_suggestions] Fuzzy-Match gefunden | original=ingestiere dokument: | suggestion=definiere: | similarity=0.631578947368421[0m
[32m[2025-10-30 23:33:54] [INFO    ] [component_7_meaning_extractor] Expliziter Befehl erkannt | cue=ingestiere dokument: | category=COMMAND[0m
[32m[2025-10-30 23:33:54] [INFO    ] [component_4_goal_planner] High confidence (0.95, threshold=0.8) -> Direct Execution[0m
[32m[2025-10-30 23:33:54] [INFO    ] [kai_worker] F�hre Plan aus: Lese und verarbeite Datei: 'C:\Users\gehri\desktop\kai-claude\tests\fixtures\corrupted.pdf'[0m
[32m[2025-10-30 23:33:54] [INFO    ] [kai_sub_goal_executor] Datei-Validierung erfolgreich: C:\Users\gehri\desktop\kai-claude\tests\fixtures\corrupted.pdf (Format: .pdf)[0m
[32m[2025-10-30 23:33:54] [INFO    ] [kai_worker]   -> SUCCESS: Validiere Dateipfad und Lesbarkeit.[0m
[32m[2025-10-30 23:33:54] [INFO    ] [kai_sub_goal_executor] Starte Text-Extraktion aus: corrupted.pdf[0m
[32m[2025-10-30 23:33:54] [INFO    ] [component_28_document_parser] Extrahiere Text aus PDF: C:\Users\gehri\desktop\kai-claude\tests\fixtures\corrupted.pdf[0m
[32m[2025-10-30 23:33:54] [INFO    ] [component_28_document_parser] PDF erfolgreich geparst: 1 Seiten, 28 Zeichen[0m
[32m[2025-10-30 23:33:54] [INFO    ] [kai_sub_goal_executor] Text erfolgreich extrahiert: 28 Zeichen aus corrupted.pdf[0m
[32m[2025-10-30 23:33:54] [INFO    ] [kai_worker]   -> SUCCESS: Extrahiere Text aus der Datei.[0m
[32m[2025-10-30 23:33:54] [INFO    ] [kai_sub_goal_executor] Zeige Preview f�r corrupted.pdf (28 Zeichen)[0m
[32m[2025-10-30 23:33:54] [INFO    ] [kai_worker] Warte auf Preview-Best�tigung f�r: corrupted.pdf[0m
[33m[2025-10-30 23:34:54] [WARNING ] [kai_worker] Preview-Best�tigung Timeout - Abbruch[0m
[32m[2025-10-30 23:34:54] [INFO    ] [kai_sub_goal_executor] User hat Ingestion von corrupted.pdf abgebrochen[0m
[31m[2025-10-30 23:34:54] [ERROR   ] [kai_worker]   -> FAILED: Verarbeite extrahierten Text durch Ingestion-Pipeline. | Grund: Ingestion von 'corrupted.pdf' wurde vom Benutzer abgebrochen.[0m
PASSED
tests/test_file_ingestion_e2e.py::TestFileIngestionE2E::test_docx_ingestion_full_workflow [32m[2025-10-30 23:34:54] [INFO    ] [component_1_netzwerk_core] Initialisiere Neo4j-Verbindung | uri=bolt://127.0.0.1:7687 | user=neo4j[0m
[32m[2025-10-30 23:34:54] [INFO    ] [component_1_netzwerk_core] Neo4j-Verbindung erfolgreich hergestellt | uri=bolt://127.0.0.1:7687[0m
[32m[2025-10-30 23:34:54] [INFO    ] [neo4j.notifications] Received notification from DBMS server: {severity: INFORMATION} {code: Neo.ClientNotification.Schema.IndexOrConstraintAlreadyExists} {category: SCHEMA} {title: `CREATE CONSTRAINT WortLemma IF NOT EXISTS FOR (e:Wort) REQUIRE (e.lemma) IS UNIQUE` has no effect.} {description: `CONSTRAINT WortLemma FOR (e:Wort) REQUIRE (e.lemma) IS UNIQUE` already exists.} {position: None} for query: 'CREATE CONSTRAINT WortLemma IF NOT EXISTS FOR (w:Wort) REQUIRE w.lemma IS UNIQUE'[0m
[32m[2025-10-30 23:34:54] [INFO    ] [neo4j.notifications] Received notification from DBMS server: {severity: INFORMATION} {code: Neo.ClientNotification.Schema.IndexOrConstraintAlreadyExists} {category: SCHEMA} {title: `CREATE CONSTRAINT KonzeptName IF NOT EXISTS FOR (e:Konzept) REQUIRE (e.name) IS UNIQUE` has no effect.} {description: `CONSTRAINT KonzeptName FOR (e:Konzept) REQUIRE (e.name) IS UNIQUE` already exists.} {position: None} for query: 'CREATE CONSTRAINT KonzeptName IF NOT EXISTS FOR (k:Konzept) REQUIRE k.name IS UNIQUE'[0m
[32m[2025-10-30 23:34:54] [INFO    ] [neo4j.notifications] Received notification from DBMS server: {severity: INFORMATION} {code: Neo.ClientNotification.Schema.IndexOrConstraintAlreadyExists} {category: SCHEMA} {title: `CREATE CONSTRAINT ExtractionRuleType IF NOT EXISTS FOR (e:ExtractionRule) REQUIRE (e.relation_type) IS UNIQUE` has no effect.} {description: `CONSTRAINT ExtractionRuleType FOR (e:ExtractionRule) REQUIRE (e.relation_type) IS UNIQUE` already exists.} {position: None} for query: 'CREATE CONSTRAINT ExtractionRuleType IF NOT EXISTS FOR (r:ExtractionRule) REQUIRE r.relation_type IS UNIQUE'[0m
[32m[2025-10-30 23:34:54] [INFO    ] [neo4j.notifications] Received notification from DBMS server: {severity: INFORMATION} {code: Neo.ClientNotification.Schema.IndexOrConstraintAlreadyExists} {category: SCHEMA} {title: `CREATE CONSTRAINT PatternPrototypeId IF NOT EXISTS FOR (e:PatternPrototype) REQUIRE (e.id) IS UNIQUE` has no effect.} {description: `CONSTRAINT PatternPrototypeId FOR (e:PatternPrototype) REQUIRE (e.id) IS UNIQUE` already exists.} {position: None} for query: 'CREATE CONSTRAINT PatternPrototypeId IF NOT EXISTS FOR (p:PatternPrototype) REQUIRE p.id IS UNIQUE'[0m
[32m[2025-10-30 23:34:54] [INFO    ] [neo4j.notifications] Received notification from DBMS server: {severity: INFORMATION} {code: Neo.ClientNotification.Schema.IndexOrConstraintAlreadyExists} {category: SCHEMA} {title: `CREATE CONSTRAINT LexiconName IF NOT EXISTS FOR (e:Lexicon) REQUIRE (e.name) IS UNIQUE` has no effect.} {description: `CONSTRAINT LexiconName FOR (e:Lexicon) REQUIRE (e.name) IS UNIQUE` already exists.} {position: None} for query: 'CREATE CONSTRAINT LexiconName IF NOT EXISTS FOR (l:Lexicon) REQUIRE l.name IS UNIQUE'[0m
[32m[2025-10-30 23:34:54] [INFO    ] [neo4j.notifications] Received notification from DBMS server: {severity: INFORMATION} {code: Neo.ClientNotification.Schema.IndexOrConstraintAlreadyExists} {category: SCHEMA} {title: `CREATE CONSTRAINT EpisodeId IF NOT EXISTS FOR (e:Episode) REQUIRE (e.id) IS UNIQUE` has no effect.} {description: `CONSTRAINT EpisodeId FOR (e:Episode) REQUIRE (e.id) IS UNIQUE` already exists.} {position: None} for query: 'CREATE CONSTRAINT EpisodeId IF NOT EXISTS FOR (e:Episode) REQUIRE e.id IS UNIQUE'[0m
[32m[2025-10-30 23:34:54] [INFO    ] [neo4j.notifications] Received notification from DBMS server: {severity: INFORMATION} {code: Neo.ClientNotification.Schema.IndexOrConstraintAlreadyExists} {category: SCHEMA} {title: `CREATE CONSTRAINT InferenceEpisodeId IF NOT EXISTS FOR (e:InferenceEpisode) REQUIRE (e.id) IS UNIQUE` has no effect.} {description: `CONSTRAINT InferenceEpisodeId FOR (e:InferenceEpisode) REQUIRE (e.id) IS UNIQUE` already exists.} {position: None} for query: 'CREATE CONSTRAINT InferenceEpisodeId IF NOT EXISTS FOR (ie:InferenceEpisode) REQUIRE ie.id IS UNIQUE'[0m
[32m[2025-10-30 23:34:54] [INFO    ] [neo4j.notifications] Received notification from DBMS server: {severity: INFORMATION} {code: Neo.ClientNotification.Schema.IndexOrConstraintAlreadyExists} {category: SCHEMA} {title: `CREATE CONSTRAINT ProofStepId IF NOT EXISTS FOR (e:ProofStep) REQUIRE (e.id) IS UNIQUE` has no effect.} {description: `CONSTRAINT ProofStepId FOR (e:ProofStep) REQUIRE (e.id) IS UNIQUE` already exists.} {position: None} for query: 'CREATE CONSTRAINT ProofStepId IF NOT EXISTS FOR (ps:ProofStep) REQUIRE ps.id IS UNIQUE'[0m
[32m[2025-10-30 23:34:54] [INFO    ] [neo4j.notifications] Received notification from DBMS server: {severity: INFORMATION} {code: Neo.ClientNotification.Schema.IndexOrConstraintAlreadyExists} {category: SCHEMA} {title: `CREATE CONSTRAINT HypothesisId IF NOT EXISTS FOR (e:Hypothesis) REQUIRE (e.id) IS UNIQUE` has no effect.} {description: `CONSTRAINT HypothesisId FOR (e:Hypothesis) REQUIRE (e.id) IS UNIQUE` already exists.} {position: None} for query: 'CREATE CONSTRAINT HypothesisId IF NOT EXISTS FOR (h:Hypothesis) REQUIRE h.id IS UNIQUE'[0m
[32m[2025-10-30 23:34:54] [INFO    ] [component_1_netzwerk_core] Neo4j Constraints erfolgreich konfiguriert[0m
[32m[2025-10-30 23:34:54] [INFO    ] [neo4j.notifications] Received notification from DBMS server: {severity: INFORMATION} {code: Neo.ClientNotification.Schema.IndexOrConstraintAlreadyExists} {category: SCHEMA} {title: `CREATE CONSTRAINT UsageContextId IF NOT EXISTS FOR (e:UsageContext) REQUIRE (e.id) IS UNIQUE` has no effect.} {description: `CONSTRAINT UsageContextId FOR (e:UsageContext) REQUIRE (e.id) IS UNIQUE` already exists.} {position: None} for query: '\n                CREATE CONSTRAINT UsageContextId IF NOT EXISTS\n                FOR (uc:UsageContext) REQUIRE uc.id IS UNIQUE\n                '[0m
[32m[2025-10-30 23:34:54] [INFO    ] [neo4j.notifications] Received notification from DBMS server: {severity: INFORMATION} {code: Neo.ClientNotification.Schema.IndexOrConstraintAlreadyExists} {category: SCHEMA} {title: `CREATE CONSTRAINT TypoFeedbackId IF NOT EXISTS FOR (e:TypoFeedback) REQUIRE (e.id) IS UNIQUE` has no effect.} {description: `CONSTRAINT TypoFeedbackId FOR (e:TypoFeedback) REQUIRE (e.id) IS UNIQUE` already exists.} {position: None} for query: '\n                CREATE CONSTRAINT TypoFeedbackId IF NOT EXISTS\n                FOR (tf:TypoFeedback) REQUIRE tf.id IS UNIQUE\n                '[0m
[32m[2025-10-30 23:34:54] [INFO    ] [component_11_embedding_service] Lade Embedding-Modell | model_name=paraphrase-multilingual-MiniLM-L12-v2[0m
[32m[2025-10-30 23:34:54] [INFO    ] [sentence_transformers.SentenceTransformer] Use pytorch device_name: cpu[0m
[32m[2025-10-30 23:34:54] [INFO    ] [sentence_transformers.SentenceTransformer] Load pretrained SentenceTransformer: paraphrase-multilingual-MiniLM-L12-v2[0m
[32m[2025-10-30 23:34:57] [INFO    ] [component_11_embedding_service] Embedding-Modell geladen | model_name=paraphrase-multilingual-MiniLM-L12-v2 | vector_dimension=384[0m
[32m[2025-10-30 23:34:57] [INFO    ] [component_6_linguistik_engine] [LinguisticPreprocessor] spaCy-Modell 'de_core_news_sm' erfolgreich geladen.[0m
[32m[2025-10-30 23:34:57] [INFO    ] [component_16_probabilistic_engine] ProbabilisticEngine initialisiert.[0m
[32m[2025-10-30 23:34:57] [INFO    ] [component_9_logik_engine] Logik-Engine initialisiert mit probabilistischer Unterst�tzung.[0m
[32m[2025-10-30 23:34:57] [INFO    ] [component_9_logik_engine] Logik-Engine initialisiert mit SAT-Solver f�r Boolean Reasoning.[0m
[32m[2025-10-30 23:34:57] [INFO    ] [component_9_logik_engine] Lade Regeln aus dem Wissensgraphen...[0m
[32m[2025-10-30 23:34:57] [INFO    ] [component_9_logik_engine] 0 Regeln aus dem Graphen geladen und sortiert.[0m
[32m[2025-10-30 23:34:57] [INFO    ] [component_7_meaning_extractor] MeaningPointExtractor initialisiert mit zweiphasiger Erkennung[0m
[32m[2025-10-30 23:34:57] [INFO    ] [kai_response_formatter] KaiResponseFormatter initialisiert mit ConfidenceManager[0m
[32m[2025-10-30 23:34:57] [INFO    ] [kai_response_formatter] KaiResponseFormatter initialisiert mit ConfidenceManager[0m
[32m[2025-10-30 23:34:57] [INFO    ] [kai_inference_handler] InferenceHandler initialisiert mit ConfidenceManager[0m
[32m[2025-10-30 23:34:57] [INFO    ] [kai_reasoning_orchestrator] ReasoningOrchestrator initialisiert: aggregation=noisy_or, parallel=False, caching=True[0m
[32m[2025-10-30 23:34:57] [INFO    ] [kai_inference_handler] [OK] Hybrid Reasoning Orchestrator aktiviert[0m
[32m[2025-10-30 23:34:57] [INFO    ] [kai_response_formatter] KaiResponseFormatter initialisiert mit ConfidenceManager[0m
[32m[2025-10-30 23:34:57] [INFO    ] [component_24_pattern_orchestrator] PatternOrchestrator initialisiert mit adaptiven Thresholds | phase=warming | vocab_size=558 | typo_threshold=10 | seq_threshold=5 | auto_correct_gate=0.85 | ask_user_gate=0.6[0m
[32m[2025-10-30 23:34:57] [INFO    ] [kai_worker] Pattern Recognition Orchestrator aktiviert[0m
[32m[2025-10-30 23:34:57] [INFO    ] [kai_worker] Command Suggester aktiviert[0m
[32m[2025-10-30 23:34:57] [INFO    ] [kai_worker] KAI Worker & alle Subsysteme erfolgreich initialisiert.[0m
[32m[2025-10-30 23:34:57] [INFO    ] [component_26_command_suggestions] Fuzzy-Match gefunden | original=ingestiere dokument: | suggestion=definiere: | similarity=0.631578947368421[0m
[32m[2025-10-30 23:34:57] [INFO    ] [component_7_meaning_extractor] Expliziter Befehl erkannt | cue=ingestiere dokument: | category=COMMAND[0m
[32m[2025-10-30 23:34:57] [INFO    ] [component_4_goal_planner] High confidence (0.95, threshold=0.8) -> Direct Execution[0m
[32m[2025-10-30 23:34:57] [INFO    ] [kai_worker] F�hre Plan aus: Lese und verarbeite Datei: 'C:\Users\gehri\desktop\kai-claude\tests\fixtures\sample_document.docx'[0m
[32m[2025-10-30 23:34:57] [INFO    ] [kai_sub_goal_executor] Datei-Validierung erfolgreich: C:\Users\gehri\desktop\kai-claude\tests\fixtures\sample_document.docx (Format: .docx)[0m
[32m[2025-10-30 23:34:57] [INFO    ] [kai_worker]   -> SUCCESS: Validiere Dateipfad und Lesbarkeit.[0m
[32m[2025-10-30 23:34:57] [INFO    ] [kai_sub_goal_executor] Starte Text-Extraktion aus: sample_document.docx[0m
[32m[2025-10-30 23:34:57] [INFO    ] [component_28_document_parser] Extrahiere Text aus DOCX: C:\Users\gehri\desktop\kai-claude\tests\fixtures\sample_document.docx[0m
[32m[2025-10-30 23:34:57] [INFO    ] [component_28_document_parser] DOCX erfolgreich geparst: 1 Abs�tze, 24 Zeichen[0m
[32m[2025-10-30 23:34:57] [INFO    ] [kai_sub_goal_executor] Text erfolgreich extrahiert: 24 Zeichen aus sample_document.docx[0m
[32m[2025-10-30 23:34:57] [INFO    ] [kai_worker]   -> SUCCESS: Extrahiere Text aus der Datei.[0m
[32m[2025-10-30 23:34:57] [INFO    ] [kai_sub_goal_executor] Zeige Preview f�r sample_document.docx (24 Zeichen)[0m
[32m[2025-10-30 23:34:57] [INFO    ] [kai_worker] Warte auf Preview-Best�tigung f�r: sample_document.docx[0m
